ASxxxx Linker V03.00 + NoICE + sdld,  page 1.
Hexadecimal  [32-Bits]

Area                                    Addr        Size        Decimal Bytes (Attributes)
--------------------------------        ----        ----        ------- ----- ------------
CABS                                00000000    00000000 =           0. bytes (ABS,CON,CODE)

      Value  Global                              Global Defined In Module
      -----  --------------------------------   ------------------------
C:   00000000  l_BIT_BANK                      
C:   00000000  l_CABS                          
C:   00000000  l_GSINIT1                       
C:   00000000  l_GSINIT5                       
C:   00000000  l_IABS                          
C:   00000000  l_PSEG                          
C:   00000000  l_REG_BANK_1                    
C:   00000000  l_REG_BANK_2                    
C:   00000000  l_REG_BANK_3                    
C:   00000000  l_RSEG                          
C:   00000000  l_RSEG0                         
C:   00000000  l_RSEG1                         
C:   00000000  l_XABS                          
C:   00000000  l_XINIT                         
C:   00000000  l_XISEG                         
C:   00000000  l_XSEG                          
C:   00000000  l__CODE                         
C:   00000000  s_BSEG                          
C:   00000000  s_CABS                          
C:   00000000  s_DSEG                          
C:   00000000  s_HOME                          
C:   00000000  s_IABS                          
C:   00000000  s_REG_BANK_0                    
C:   00000000  s_RSEG                          
C:   00000000  s_RSEG0                         
C:   00000000  s_RSEG1                         
C:   00000000  s_XABS                          
C:   00000001  s_PSEG                          
C:   00000001  s_XISEG                         
C:   00000001  s_XSEG                          
C:   00000002  l_BSEG_BYTES                    
C:   00000003  l_GSFINAL                       
C:   00000003  l_GSINIT0                       
C:   00000006  l_ISEG                          
C:   00000006  l_OSEG                          
C:   00000008  l_REG_BANK_0                    
C:   00000008  s_REG_BANK_1                    
C:   0000000A  l_BSEG                          
C:   0000000A  l_GSINIT2                       
C:   00000010  s_REG_BANK_2                    
C:   00000011  l_HOME                          
C:   00000011  s_GSINIT0                       
C:   00000014  s_GSINIT1                       
C:   00000014  s_GSINIT2                       
C:   00000018  s_BIT_BANK                      
C:   00000018  s_REG_BANK_3                    
C:   0000001A  s_OSEG                          
C:   0000001E  s_GSINIT3                       
C:   00000020  s_BSEG_BYTES                    
C:   00000020  s__CODE                         
ASxxxx Linker V03.00 + NoICE + sdld,  page 2.
Hexadecimal  [32-Bits]

Area                                    Addr        Size        Decimal Bytes (Attributes)
--------------------------------        ----        ----        ------- ----- ------------
CABS                                00000000    00000000 =           0. bytes (ABS,CON,CODE)

      Value  Global                              Global Defined In Module
      -----  --------------------------------   ------------------------
C:   00000022  l_GSINIT3                       
C:   00000028  l_GSINIT                        
C:   0000002A  l_GSINIT4                       
C:   0000003C  s_ISEG                          
C:   00000040  s_GSINIT4                       
C:   00000042  s_SSEG                          
C:   00000056  l_CONST                         
C:   0000006A  s_GSINIT                        
C:   0000006A  s_GSINIT5                       
C:   00000080  l_DSEG                          
C:   00000092  s_GSFINAL                       
C:   00000095  s_CSEG                          
C:   000000BE  l_SSEG                          
C:   00000100  l_IRAM                          
C:   00000AAD  l_CSEG                          
C:   00000B42  s_CONST                         
C:   00000B98  s_XINIT                         

ASxxxx Linker V03.00 + NoICE + sdld,  page 3.
Hexadecimal  [32-Bits]

Area                                    Addr        Size        Decimal Bytes (Attributes)
--------------------------------        ----        ----        ------- ----- ------------
.  .ABS.                            00000000    00000000 =           0. bytes (ABS,CON)

      Value  Global                              Global Defined In Module
      -----  --------------------------------   ------------------------
     00000000  .__.ABS.                           _bp
     00000080  G$P0$0$0                           lab1_2_COOL
     00000080  G$P0_0$0$0                         lab1_2_COOL
     00000080  _P0                                lab1_2_COOL
     00000080  _P0_0                              lab1_2_COOL
     00000081  G$P0_1$0$0                         lab1_2_COOL
     00000081  G$SP$0$0                           lab1_2_COOL
     00000081  _P0_1                              lab1_2_COOL
     00000081  _SP                                lab1_2_COOL
     00000082  G$DPL$0$0                          lab1_2_COOL
     00000082  G$P0_2$0$0                         lab1_2_COOL
     00000082  _DPL                               lab1_2_COOL
     00000082  _P0_2                              lab1_2_COOL
     00000083  G$DPH$0$0                          lab1_2_COOL
     00000083  G$P0_3$0$0                         lab1_2_COOL
     00000083  _DPH                               lab1_2_COOL
     00000083  _P0_3                              lab1_2_COOL
     00000084  G$P0_4$0$0                         lab1_2_COOL
     00000084  G$P4$0$0                           lab1_2_COOL
     00000084  _P0_4                              lab1_2_COOL
     00000084  _P4                                lab1_2_COOL
     00000085  G$P0_5$0$0                         lab1_2_COOL
     00000085  G$P5$0$0                           lab1_2_COOL
     00000085  _P0_5                              lab1_2_COOL
     00000085  _P5                                lab1_2_COOL
     00000086  G$P0_6$0$0                         lab1_2_COOL
     00000086  G$P6$0$0                           lab1_2_COOL
     00000086  _P0_6                              lab1_2_COOL
     00000086  _P6                                lab1_2_COOL
     00000087  G$P0_7$0$0                         lab1_2_COOL
     00000087  G$PCON$0$0                         lab1_2_COOL
     00000087  _P0_7                              lab1_2_COOL
     00000087  _PCON                              lab1_2_COOL
     00000088  G$IT0$0$0                          lab1_2_COOL
     00000088  G$TCON$0$0                         lab1_2_COOL
     00000088  _IT0                               lab1_2_COOL
     00000088  _TCON                              lab1_2_COOL
     00000089  G$IE0$0$0                          lab1_2_COOL
     00000089  G$TMOD$0$0                         lab1_2_COOL
     00000089  _IE0                               lab1_2_COOL
     00000089  _TMOD                              lab1_2_COOL
     0000008A  G$IT1$0$0                          lab1_2_COOL
     0000008A  G$TL0$0$0                          lab1_2_COOL
     0000008A  _IT1                               lab1_2_COOL
     0000008A  _TL0                               lab1_2_COOL
     0000008B  G$IE1$0$0                          lab1_2_COOL
     0000008B  G$TL1$0$0                          lab1_2_COOL
     0000008B  _IE1                               lab1_2_COOL
     0000008B  _TL1                               lab1_2_COOL
     0000008C  G$TH0$0$0                          lab1_2_COOL
ASxxxx Linker V03.00 + NoICE + sdld,  page 4.
Hexadecimal  [32-Bits]

Area                                    Addr        Size        Decimal Bytes (Attributes)
--------------------------------        ----        ----        ------- ----- ------------
.  .ABS.                            00000000    00000000 =           0. bytes (ABS,CON)

      Value  Global                              Global Defined In Module
      -----  --------------------------------   ------------------------
     0000008C  G$TR0$0$0                          lab1_2_COOL
     0000008C  _TH0                               lab1_2_COOL
     0000008C  _TR0                               lab1_2_COOL
     0000008D  G$TF0$0$0                          lab1_2_COOL
     0000008D  G$TH1$0$0                          lab1_2_COOL
     0000008D  _TF0                               lab1_2_COOL
     0000008D  _TH1                               lab1_2_COOL
     0000008E  G$CKCON$0$0                        lab1_2_COOL
     0000008E  G$TR1$0$0                          lab1_2_COOL
     0000008E  _CKCON                             lab1_2_COOL
     0000008E  _TR1                               lab1_2_COOL
     0000008F  G$PSCTL$0$0                        lab1_2_COOL
     0000008F  G$TF1$0$0                          lab1_2_COOL
     0000008F  _PSCTL                             lab1_2_COOL
     0000008F  _TF1                               lab1_2_COOL
     00000090  G$P1$0$0                           lab1_2_COOL
     00000090  G$P1_0$0$0                         lab1_2_COOL
     00000090  _P1                                lab1_2_COOL
     00000090  _P1_0                              lab1_2_COOL
     00000091  G$P1_1$0$0                         lab1_2_COOL
     00000091  G$TMR3CN$0$0                       lab1_2_COOL
     00000091  _P1_1                              lab1_2_COOL
     00000091  _TMR3CN                            lab1_2_COOL
     00000092  G$P1_2$0$0                         lab1_2_COOL
     00000092  G$TMR3RLL$0$0                      lab1_2_COOL
     00000092  _P1_2                              lab1_2_COOL
     00000092  _TMR3RLL                           lab1_2_COOL
     00000093  G$P1_3$0$0                         lab1_2_COOL
     00000093  G$TMR3RLH$0$0                      lab1_2_COOL
     00000093  _P1_3                              lab1_2_COOL
     00000093  _TMR3RLH                           lab1_2_COOL
     00000094  G$P1_4$0$0                         lab1_2_COOL
     00000094  G$TMR3L$0$0                        lab1_2_COOL
     00000094  _P1_4                              lab1_2_COOL
     00000094  _TMR3L                             lab1_2_COOL
     00000095  G$P1_5$0$0                         lab1_2_COOL
     00000095  G$TMR3H$0$0                        lab1_2_COOL
     00000095  _P1_5                              lab1_2_COOL
     00000095  _TMR3H                             lab1_2_COOL
     00000096  G$P1_6$0$0                         lab1_2_COOL
     00000096  G$P7$0$0                           lab1_2_COOL
     00000096  _P1_6                              lab1_2_COOL
     00000096  _P7                                lab1_2_COOL
     00000097  G$P1_7$0$0                         lab1_2_COOL
     00000097  _P1_7                              lab1_2_COOL
     00000098  G$RI$0$0                           lab1_2_COOL
     00000098  G$RI0$0$0                          lab1_2_COOL
     00000098  G$SCON$0$0                         lab1_2_COOL
     00000098  G$SCON0$0$0                        lab1_2_COOL
     00000098  _RI                                lab1_2_COOL
     00000098  _RI0                               lab1_2_COOL
ASxxxx Linker V03.00 + NoICE + sdld,  page 5.
Hexadecimal  [32-Bits]

Area                                    Addr        Size        Decimal Bytes (Attributes)
--------------------------------        ----        ----        ------- ----- ------------
.  .ABS.                            00000000    00000000 =           0. bytes (ABS,CON)

      Value  Global                              Global Defined In Module
      -----  --------------------------------   ------------------------
     00000098  _SCON                              lab1_2_COOL
     00000098  _SCON0                             lab1_2_COOL
     00000099  G$SBUF$0$0                         lab1_2_COOL
     00000099  G$SBUF0$0$0                        lab1_2_COOL
     00000099  G$TI$0$0                           lab1_2_COOL
     00000099  G$TI0$0$0                          lab1_2_COOL
     00000099  _SBUF                              lab1_2_COOL
     00000099  _SBUF0                             lab1_2_COOL
     00000099  _TI                                lab1_2_COOL
     00000099  _TI0                               lab1_2_COOL
     0000009A  G$RB8$0$0                          lab1_2_COOL
     0000009A  G$RB80$0$0                         lab1_2_COOL
     0000009A  G$SPI0CFG$0$0                      lab1_2_COOL
     0000009A  _RB8                               lab1_2_COOL
     0000009A  _RB80                              lab1_2_COOL
     0000009A  _SPI0CFG                           lab1_2_COOL
     0000009B  G$SPI0DAT$0$0                      lab1_2_COOL
     0000009B  G$TB8$0$0                          lab1_2_COOL
     0000009B  G$TB80$0$0                         lab1_2_COOL
     0000009B  _SPI0DAT                           lab1_2_COOL
     0000009B  _TB8                               lab1_2_COOL
     0000009B  _TB80                              lab1_2_COOL
     0000009C  G$ADC1$0$0                         lab1_2_COOL
     0000009C  G$REN$0$0                          lab1_2_COOL
     0000009C  G$REN0$0$0                         lab1_2_COOL
     0000009C  _ADC1                              lab1_2_COOL
     0000009C  _REN                               lab1_2_COOL
     0000009C  _REN0                              lab1_2_COOL
     0000009D  G$MCE0$0$0                         lab1_2_COOL
     0000009D  G$SM2$0$0                          lab1_2_COOL
     0000009D  G$SM20$0$0                         lab1_2_COOL
     0000009D  G$SPI0CKR$0$0                      lab1_2_COOL
     0000009D  _MCE0                              lab1_2_COOL
     0000009D  _SM2                               lab1_2_COOL
     0000009D  _SM20                              lab1_2_COOL
     0000009D  _SPI0CKR                           lab1_2_COOL
     0000009E  G$CPT0CN$0$0                       lab1_2_COOL
     0000009E  G$SM1$0$0                          lab1_2_COOL
     0000009E  G$SM10$0$0                         lab1_2_COOL
     0000009E  _CPT0CN                            lab1_2_COOL
     0000009E  _SM1                               lab1_2_COOL
     0000009E  _SM10                              lab1_2_COOL
     0000009F  G$CPT1CN$0$0                       lab1_2_COOL
     0000009F  G$S0MODE$0$0                       lab1_2_COOL
     0000009F  G$SM0$0$0                          lab1_2_COOL
     0000009F  G$SM00$0$0                         lab1_2_COOL
     0000009F  _CPT1CN                            lab1_2_COOL
     0000009F  _S0MODE                            lab1_2_COOL
     0000009F  _SM0                               lab1_2_COOL
     0000009F  _SM00                              lab1_2_COOL
     000000A0  G$P2$0$0                           lab1_2_COOL
ASxxxx Linker V03.00 + NoICE + sdld,  page 6.
Hexadecimal  [32-Bits]

Area                                    Addr        Size        Decimal Bytes (Attributes)
--------------------------------        ----        ----        ------- ----- ------------
.  .ABS.                            00000000    00000000 =           0. bytes (ABS,CON)

      Value  Global                              Global Defined In Module
      -----  --------------------------------   ------------------------
     000000A0  G$P2_0$0$0                         lab1_2_COOL
     000000A0  G$SS$0$0                           lab1_2_COOL
     000000A0  _P2                                lab1_2_COOL
     000000A0  _P2_0                              lab1_2_COOL
     000000A0  _SS                                lab1_2_COOL
     000000A1  G$EMI0TC$0$0                       lab1_2_COOL
     000000A1  G$P2_1$0$0                         lab1_2_COOL
     000000A1  _EMI0TC                            lab1_2_COOL
     000000A1  _P2_1                              lab1_2_COOL
     000000A2  G$P2_2$0$0                         lab1_2_COOL
     000000A2  _P2_2                              lab1_2_COOL
     000000A3  G$EMI0CF$0$0                       lab1_2_COOL
     000000A3  G$P2_3$0$0                         lab1_2_COOL
     000000A3  _EMI0CF                            lab1_2_COOL
     000000A3  _P2_3                              lab1_2_COOL
     000000A4  G$P0MDOUT$0$0                      lab1_2_COOL
     000000A4  G$P2_4$0$0                         lab1_2_COOL
     000000A4  G$PRT0CF$0$0                       lab1_2_COOL
     000000A4  _P0MDOUT                           lab1_2_COOL
     000000A4  _P2_4                              lab1_2_COOL
     000000A4  _PRT0CF                            lab1_2_COOL
     000000A5  G$P1MDOUT$0$0                      lab1_2_COOL
     000000A5  G$P2_5$0$0                         lab1_2_COOL
     000000A5  G$PRT1CF$0$0                       lab1_2_COOL
     000000A5  _P1MDOUT                           lab1_2_COOL
     000000A5  _P2_5                              lab1_2_COOL
     000000A5  _PRT1CF                            lab1_2_COOL
     000000A6  G$P2MDOUT$0$0                      lab1_2_COOL
     000000A6  G$P2_6$0$0                         lab1_2_COOL
     000000A6  G$PRT2CF$0$0                       lab1_2_COOL
     000000A6  _P2MDOUT                           lab1_2_COOL
     000000A6  _P2_6                              lab1_2_COOL
     000000A6  _PRT2CF                            lab1_2_COOL
     000000A7  G$P2_7$0$0                         lab1_2_COOL
     000000A7  G$P3MDOUT$0$0                      lab1_2_COOL
     000000A7  G$PRT3CF$0$0                       lab1_2_COOL
     000000A7  _P2_7                              lab1_2_COOL
     000000A7  _P3MDOUT                           lab1_2_COOL
     000000A7  _PRT3CF                            lab1_2_COOL
     000000A8  G$EX0$0$0                          lab1_2_COOL
     000000A8  G$IE$0$0                           lab1_2_COOL
     000000A8  _EX0                               lab1_2_COOL
     000000A8  _IE                                lab1_2_COOL
     000000A9  G$ET0$0$0                          lab1_2_COOL
     000000A9  G$SADDR0$0$0                       lab1_2_COOL
     000000A9  _ET0                               lab1_2_COOL
     000000A9  _SADDR0                            lab1_2_COOL
     000000AA  G$ADC1CN$0$0                       lab1_2_COOL
     000000AA  G$EX1$0$0                          lab1_2_COOL
     000000AA  _ADC1CN                            lab1_2_COOL
     000000AA  _EX1                               lab1_2_COOL
ASxxxx Linker V03.00 + NoICE + sdld,  page 7.
Hexadecimal  [32-Bits]

Area                                    Addr        Size        Decimal Bytes (Attributes)
--------------------------------        ----        ----        ------- ----- ------------
.  .ABS.                            00000000    00000000 =           0. bytes (ABS,CON)

      Value  Global                              Global Defined In Module
      -----  --------------------------------   ------------------------
     000000AB  G$ADC1CF$0$0                       lab1_2_COOL
     000000AB  G$ET1$0$0                          lab1_2_COOL
     000000AB  _ADC1CF                            lab1_2_COOL
     000000AB  _ET1                               lab1_2_COOL
     000000AC  G$AMX1SL$0$0                       lab1_2_COOL
     000000AC  G$ES$0$0                           lab1_2_COOL
     000000AC  G$ES0$0$0                          lab1_2_COOL
     000000AC  _AMX1SL                            lab1_2_COOL
     000000AC  _ES                                lab1_2_COOL
     000000AC  _ES0                               lab1_2_COOL
     000000AD  G$ET2$0$0                          lab1_2_COOL
     000000AD  G$P3IF$0$0                         lab1_2_COOL
     000000AD  _ET2                               lab1_2_COOL
     000000AD  _P3IF                              lab1_2_COOL
     000000AE  G$SADEN1$0$0                       lab1_2_COOL
     000000AE  _SADEN1                            lab1_2_COOL
     000000AF  G$EA$0$0                           lab1_2_COOL
     000000AF  G$EMI0CN$0$0                       lab1_2_COOL
     000000AF  G$_XPAGE$0$0                       lab1_2_COOL
     000000AF  _EA                                lab1_2_COOL
     000000AF  _EMI0CN                            lab1_2_COOL
     000000AF  __XPAGE                            lab1_2_COOL
     000000B0  G$P3$0$0                           lab1_2_COOL
     000000B0  G$P3_0$0$0                         lab1_2_COOL
     000000B0  G$PB0$0$0                          lab1_2_COOL
     000000B0  _P3                                lab1_2_COOL
     000000B0  _P3_0                              lab1_2_COOL
     000000B0  _PB0                               lab1_2_COOL
     000000B1  G$OSCXCN$0$0                       lab1_2_COOL
     000000B1  G$P3_1$0$0                         lab1_2_COOL
     000000B1  G$PB1$0$0                          lab1_2_COOL
     000000B1  _OSCXCN                            lab1_2_COOL
     000000B1  _P3_1                              lab1_2_COOL
     000000B1  _PB1                               lab1_2_COOL
     000000B2  G$OSCICN$0$0                       lab1_2_COOL
     000000B2  G$P3_2$0$0                         lab1_2_COOL
     000000B2  _OSCICN                            lab1_2_COOL
     000000B2  _P3_2                              lab1_2_COOL
     000000B3  G$BILED0$0$0                       lab1_2_COOL
     000000B3  G$P3_3$0$0                         lab1_2_COOL
     000000B3  _BILED0                            lab1_2_COOL
     000000B3  _P3_3                              lab1_2_COOL
     000000B4  G$BILED1$0$0                       lab1_2_COOL
     000000B4  G$P3_4$0$0                         lab1_2_COOL
     000000B4  _BILED1                            lab1_2_COOL
     000000B4  _P3_4                              lab1_2_COOL
     000000B5  G$LED1$0$0                         lab1_2_COOL
     000000B5  G$P3_5$0$0                         lab1_2_COOL
     000000B5  G$P74OUT$0$0                       lab1_2_COOL
     000000B5  _LED1                              lab1_2_COOL
     000000B5  _P3_5                              lab1_2_COOL
ASxxxx Linker V03.00 + NoICE + sdld,  page 8.
Hexadecimal  [32-Bits]

Area                                    Addr        Size        Decimal Bytes (Attributes)
--------------------------------        ----        ----        ------- ----- ------------
.  .ABS.                            00000000    00000000 =           0. bytes (ABS,CON)

      Value  Global                              Global Defined In Module
      -----  --------------------------------   ------------------------
     000000B5  _P74OUT                            lab1_2_COOL
     000000B6  G$FLSCL$0$0                        lab1_2_COOL
     000000B6  G$LED0$0$0                         lab1_2_COOL
     000000B6  G$P3_6$0$0                         lab1_2_COOL
     000000B6  _FLSCL                             lab1_2_COOL
     000000B6  _LED0                              lab1_2_COOL
     000000B6  _P3_6                              lab1_2_COOL
     000000B7  G$Buzzer$0$0                       lab1_2_COOL
     000000B7  G$FLACL$0$0                        lab1_2_COOL
     000000B7  G$P3_7$0$0                         lab1_2_COOL
     000000B7  _Buzzer                            lab1_2_COOL
     000000B7  _FLACL                             lab1_2_COOL
     000000B7  _P3_7                              lab1_2_COOL
     000000B8  G$IP$0$0                           lab1_2_COOL
     000000B8  G$PX0$0$0                          lab1_2_COOL
     000000B8  _IP                                lab1_2_COOL
     000000B8  _PX0                               lab1_2_COOL
     000000B9  G$PT0$0$0                          lab1_2_COOL
     000000B9  G$SADEN0$0$0                       lab1_2_COOL
     000000B9  _PT0                               lab1_2_COOL
     000000B9  _SADEN0                            lab1_2_COOL
     000000BA  G$AMX0CF$0$0                       lab1_2_COOL
     000000BA  G$PX1$0$0                          lab1_2_COOL
     000000BA  _AMX0CF                            lab1_2_COOL
     000000BA  _PX1                               lab1_2_COOL
     000000BB  G$AMX0SL$0$0                       lab1_2_COOL
     000000BB  G$PT1$0$0                          lab1_2_COOL
     000000BB  _AMX0SL                            lab1_2_COOL
     000000BB  _PT1                               lab1_2_COOL
     000000BC  G$ADC0CF$0$0                       lab1_2_COOL
     000000BC  G$PS$0$0                           lab1_2_COOL
     000000BC  G$PS0$0$0                          lab1_2_COOL
     000000BC  _ADC0CF                            lab1_2_COOL
     000000BC  _PS                                lab1_2_COOL
     000000BC  _PS0                               lab1_2_COOL
     000000BD  G$P1MDIN$0$0                       lab1_2_COOL
     000000BD  G$PT2$0$0                          lab1_2_COOL
     000000BD  _P1MDIN                            lab1_2_COOL
     000000BD  _PT2                               lab1_2_COOL
     000000BE  G$ADC0L$0$0                        lab1_2_COOL
     000000BE  _ADC0L                             lab1_2_COOL
     000000BF  G$ADC0H$0$0                        lab1_2_COOL
     000000BF  _ADC0H                             lab1_2_COOL
     000000C0  G$SMB0CN$0$0                       lab1_2_COOL
     000000C0  G$SMBTOE$0$0                       lab1_2_COOL
     000000C0  _SMB0CN                            lab1_2_COOL
     000000C0  _SMBTOE                            lab1_2_COOL
     000000C1  G$SMB0STA$0$0                      lab1_2_COOL
     000000C1  G$SMBFTE$0$0                       lab1_2_COOL
     000000C1  _SMB0STA                           lab1_2_COOL
     000000C1  _SMBFTE                            lab1_2_COOL
ASxxxx Linker V03.00 + NoICE + sdld,  page 9.
Hexadecimal  [32-Bits]

Area                                    Addr        Size        Decimal Bytes (Attributes)
--------------------------------        ----        ----        ------- ----- ------------
.  .ABS.                            00000000    00000000 =           0. bytes (ABS,CON)

      Value  Global                              Global Defined In Module
      -----  --------------------------------   ------------------------
     000000C2  G$AA$0$0                           lab1_2_COOL
     000000C2  G$SMB0DAT$0$0                      lab1_2_COOL
     000000C2  _AA                                lab1_2_COOL
     000000C2  _SMB0DAT                           lab1_2_COOL
     000000C3  G$SI$0$0                           lab1_2_COOL
     000000C3  G$SMB0ADR$0$0                      lab1_2_COOL
     000000C3  _SI                                lab1_2_COOL
     000000C3  _SMB0ADR                           lab1_2_COOL
     000000C4  G$ADC0GTL$0$0                      lab1_2_COOL
     000000C4  G$STO$0$0                          lab1_2_COOL
     000000C4  _ADC0GTL                           lab1_2_COOL
     000000C4  _STO                               lab1_2_COOL
     000000C5  G$ADC0GTH$0$0                      lab1_2_COOL
     000000C5  G$STA$0$0                          lab1_2_COOL
     000000C5  _ADC0GTH                           lab1_2_COOL
     000000C5  _STA                               lab1_2_COOL
     000000C6  G$ADC0LTL$0$0                      lab1_2_COOL
     000000C6  G$ENSMB$0$0                        lab1_2_COOL
     000000C6  _ADC0LTL                           lab1_2_COOL
     000000C6  _ENSMB                             lab1_2_COOL
     000000C7  G$ADC0LTH$0$0                      lab1_2_COOL
     000000C7  G$BUSY$0$0                         lab1_2_COOL
     000000C7  _ADC0LTH                           lab1_2_COOL
     000000C7  _BUSY                              lab1_2_COOL
     000000C8  G$CPRL2$0$0                        lab1_2_COOL
     000000C8  G$T2CON$0$0                        lab1_2_COOL
     000000C8  _CPRL2                             lab1_2_COOL
     000000C8  _T2CON                             lab1_2_COOL
     000000C9  G$CT2$0$0                          lab1_2_COOL
     000000C9  G$T4CON$0$0                        lab1_2_COOL
     000000C9  _CT2                               lab1_2_COOL
     000000C9  _T4CON                             lab1_2_COOL
     000000CA  G$RCAP2L$0$0                       lab1_2_COOL
     000000CA  G$TR2$0$0                          lab1_2_COOL
     000000CA  _RCAP2L                            lab1_2_COOL
     000000CA  _TR2                               lab1_2_COOL
     000000CB  G$EXEN2$0$0                        lab1_2_COOL
     000000CB  G$RCAP2H$0$0                       lab1_2_COOL
     000000CB  _EXEN2                             lab1_2_COOL
     000000CB  _RCAP2H                            lab1_2_COOL
     000000CC  G$TCLK$0$0                         lab1_2_COOL
     000000CC  G$TL2$0$0                          lab1_2_COOL
     000000CC  _TCLK                              lab1_2_COOL
     000000CC  _TL2                               lab1_2_COOL
     000000CD  G$RCLK$0$0                         lab1_2_COOL
     000000CD  G$TH2$0$0                          lab1_2_COOL
     000000CD  _RCLK                              lab1_2_COOL
     000000CD  _TH2                               lab1_2_COOL
     000000CE  G$EXF2$0$0                         lab1_2_COOL
     000000CE  _EXF2                              lab1_2_COOL
     000000CF  G$SMB0CR$0$0                       lab1_2_COOL
ASxxxx Linker V03.00 + NoICE + sdld,  page 10.
Hexadecimal  [32-Bits]

Area                                    Addr        Size        Decimal Bytes (Attributes)
--------------------------------        ----        ----        ------- ----- ------------
.  .ABS.                            00000000    00000000 =           0. bytes (ABS,CON)

      Value  Global                              Global Defined In Module
      -----  --------------------------------   ------------------------
     000000CF  G$TF2$0$0                          lab1_2_COOL
     000000CF  _SMB0CR                            lab1_2_COOL
     000000CF  _TF2                               lab1_2_COOL
     000000D0  G$P$0$0                            lab1_2_COOL
     000000D0  G$PSW$0$0                          lab1_2_COOL
     000000D0  _P                                 lab1_2_COOL
     000000D0  _PSW                               lab1_2_COOL
     000000D1  G$F1$0$0                           lab1_2_COOL
     000000D1  G$REF0CN$0$0                       lab1_2_COOL
     000000D1  _F1                                lab1_2_COOL
     000000D1  _REF0CN                            lab1_2_COOL
     000000D2  G$DAC0L$0$0                        lab1_2_COOL
     000000D2  G$OV$0$0                           lab1_2_COOL
     000000D2  _DAC0L                             lab1_2_COOL
     000000D2  _OV                                lab1_2_COOL
     000000D3  G$DAC0H$0$0                        lab1_2_COOL
     000000D3  G$RS0$0$0                          lab1_2_COOL
     000000D3  _DAC0H                             lab1_2_COOL
     000000D3  _RS0                               lab1_2_COOL
     000000D4  G$DAC0CN$0$0                       lab1_2_COOL
     000000D4  G$RS1$0$0                          lab1_2_COOL
     000000D4  _DAC0CN                            lab1_2_COOL
     000000D4  _RS1                               lab1_2_COOL
     000000D5  G$DAC1L$0$0                        lab1_2_COOL
     000000D5  G$F0$0$0                           lab1_2_COOL
     000000D5  _DAC1L                             lab1_2_COOL
     000000D5  _F0                                lab1_2_COOL
     000000D6  G$AC$0$0                           lab1_2_COOL
     000000D6  G$DAC1H$0$0                        lab1_2_COOL
     000000D6  _AC                                lab1_2_COOL
     000000D6  _DAC1H                             lab1_2_COOL
     000000D7  G$CY$0$0                           lab1_2_COOL
     000000D7  G$DAC1CN$0$0                       lab1_2_COOL
     000000D7  _CY                                lab1_2_COOL
     000000D7  _DAC1CN                            lab1_2_COOL
     000000D8  G$CCF0$0$0                         lab1_2_COOL
     000000D8  G$PCA0CN$0$0                       lab1_2_COOL
     000000D8  _CCF0                              lab1_2_COOL
     000000D8  _PCA0CN                            lab1_2_COOL
     000000D9  G$CCF1$0$0                         lab1_2_COOL
     000000D9  G$PCA0MD$0$0                       lab1_2_COOL
     000000D9  _CCF1                              lab1_2_COOL
     000000D9  _PCA0MD                            lab1_2_COOL
     000000DA  G$CCF2$0$0                         lab1_2_COOL
     000000DA  G$PCA0CPM0$0$0                     lab1_2_COOL
     000000DA  _CCF2                              lab1_2_COOL
     000000DA  _PCA0CPM0                          lab1_2_COOL
     000000DB  G$CCF3$0$0                         lab1_2_COOL
     000000DB  G$PCA0CPM1$0$0                     lab1_2_COOL
     000000DB  _CCF3                              lab1_2_COOL
     000000DB  _PCA0CPM1                          lab1_2_COOL
ASxxxx Linker V03.00 + NoICE + sdld,  page 11.
Hexadecimal  [32-Bits]

Area                                    Addr        Size        Decimal Bytes (Attributes)
--------------------------------        ----        ----        ------- ----- ------------
.  .ABS.                            00000000    00000000 =           0. bytes (ABS,CON)

      Value  Global                              Global Defined In Module
      -----  --------------------------------   ------------------------
     000000DC  G$CCF4$0$0                         lab1_2_COOL
     000000DC  G$PCA0CPM2$0$0                     lab1_2_COOL
     000000DC  _CCF4                              lab1_2_COOL
     000000DC  _PCA0CPM2                          lab1_2_COOL
     000000DD  G$PCA0CPM3$0$0                     lab1_2_COOL
     000000DD  _PCA0CPM3                          lab1_2_COOL
     000000DE  G$CR$0$0                           lab1_2_COOL
     000000DE  G$PCA0CPM4$0$0                     lab1_2_COOL
     000000DE  _CR                                lab1_2_COOL
     000000DE  _PCA0CPM4                          lab1_2_COOL
     000000DF  G$CF$0$0                           lab1_2_COOL
     000000DF  _CF                                lab1_2_COOL
     000000E0  G$ACC$0$0                          lab1_2_COOL
     000000E0  _ACC                               lab1_2_COOL
     000000E1  G$XBR0$0$0                         lab1_2_COOL
     000000E1  _XBR0                              lab1_2_COOL
     000000E2  G$XBR1$0$0                         lab1_2_COOL
     000000E2  _XBR1                              lab1_2_COOL
     000000E3  G$XBR2$0$0                         lab1_2_COOL
     000000E3  _XBR2                              lab1_2_COOL
     000000E4  G$RCAP4L$0$0                       lab1_2_COOL
     000000E4  _RCAP4L                            lab1_2_COOL
     000000E5  G$RCAP4H$0$0                       lab1_2_COOL
     000000E5  _RCAP4H                            lab1_2_COOL
     000000E6  G$EIE1$0$0                         lab1_2_COOL
     000000E6  _EIE1                              lab1_2_COOL
     000000E7  G$EIE2$0$0                         lab1_2_COOL
     000000E7  _EIE2                              lab1_2_COOL
     000000E8  G$AD0LJST$0$0                      lab1_2_COOL
     000000E8  G$ADC0CN$0$0                       lab1_2_COOL
     000000E8  G$ADLJST$0$0                       lab1_2_COOL
     000000E8  _AD0LJST                           lab1_2_COOL
     000000E8  _ADC0CN                            lab1_2_COOL
     000000E8  _ADLJST                            lab1_2_COOL
     000000E9  G$AD0WINT$0$0                      lab1_2_COOL
     000000E9  G$ADWINT$0$0                       lab1_2_COOL
     000000E9  G$PCA0L$0$0                        lab1_2_COOL
     000000E9  _AD0WINT                           lab1_2_COOL
     000000E9  _ADWINT                            lab1_2_COOL
     000000E9  _PCA0L                             lab1_2_COOL
     000000EA  G$AD0CM0$0$0                       lab1_2_COOL
     000000EA  G$ADSTM0$0$0                       lab1_2_COOL
     000000EA  G$PCA0CPL0$0$0                     lab1_2_COOL
     000000EA  _AD0CM0                            lab1_2_COOL
     000000EA  _ADSTM0                            lab1_2_COOL
     000000EA  _PCA0CPL0                          lab1_2_COOL
     000000EB  G$AD0CM1$0$0                       lab1_2_COOL
     000000EB  G$ADSTM1$0$0                       lab1_2_COOL
     000000EB  G$PCA0CPL1$0$0                     lab1_2_COOL
     000000EB  _AD0CM1                            lab1_2_COOL
     000000EB  _ADSTM1                            lab1_2_COOL
ASxxxx Linker V03.00 + NoICE + sdld,  page 12.
Hexadecimal  [32-Bits]

Area                                    Addr        Size        Decimal Bytes (Attributes)
--------------------------------        ----        ----        ------- ----- ------------
.  .ABS.                            00000000    00000000 =           0. bytes (ABS,CON)

      Value  Global                              Global Defined In Module
      -----  --------------------------------   ------------------------
     000000EB  _PCA0CPL1                          lab1_2_COOL
     000000EC  G$AD0BUSY$0$0                      lab1_2_COOL
     000000EC  G$ADBUSY$0$0                       lab1_2_COOL
     000000EC  G$PCA0CPL2$0$0                     lab1_2_COOL
     000000EC  _AD0BUSY                           lab1_2_COOL
     000000EC  _ADBUSY                            lab1_2_COOL
     000000EC  _PCA0CPL2                          lab1_2_COOL
     000000ED  G$AD0INT$0$0                       lab1_2_COOL
     000000ED  G$ADCINT$0$0                       lab1_2_COOL
     000000ED  G$PCA0CPL3$0$0                     lab1_2_COOL
     000000ED  _AD0INT                            lab1_2_COOL
     000000ED  _ADCINT                            lab1_2_COOL
     000000ED  _PCA0CPL3                          lab1_2_COOL
     000000EE  G$AD0TM$0$0                        lab1_2_COOL
     000000EE  G$ADCTM$0$0                        lab1_2_COOL
     000000EE  G$PCA0CPL4$0$0                     lab1_2_COOL
     000000EE  _AD0TM                             lab1_2_COOL
     000000EE  _ADCTM                             lab1_2_COOL
     000000EE  _PCA0CPL4                          lab1_2_COOL
     000000EF  G$AD0EN$0$0                        lab1_2_COOL
     000000EF  G$ADCEN$0$0                        lab1_2_COOL
     000000EF  G$RSTSRC$0$0                       lab1_2_COOL
     000000EF  _AD0EN                             lab1_2_COOL
     000000EF  _ADCEN                             lab1_2_COOL
     000000EF  _RSTSRC                            lab1_2_COOL
     000000F0  G$B$0$0                            lab1_2_COOL
     000000F0  _B                                 lab1_2_COOL
     000000F1  G$SCON1$0$0                        lab1_2_COOL
     000000F1  _SCON1                             lab1_2_COOL
     000000F2  G$SBUF1$0$0                        lab1_2_COOL
     000000F2  _SBUF1                             lab1_2_COOL
     000000F3  G$SADDR1$0$0                       lab1_2_COOL
     000000F3  _SADDR1                            lab1_2_COOL
     000000F4  G$TL4$0$0                          lab1_2_COOL
     000000F4  _TL4                               lab1_2_COOL
     000000F5  G$TH4$0$0                          lab1_2_COOL
     000000F5  _B_5                               _gptrget
     000000F5  _TH4                               lab1_2_COOL
     000000F6  G$EIP1$0$0                         lab1_2_COOL
     000000F6  _B_6                               _gptrget
     000000F6  _EIP1                              lab1_2_COOL
     000000F7  G$EIP2$0$0                         lab1_2_COOL
     000000F7  _B_7                               _gptrget
     000000F7  _EIP2                              lab1_2_COOL
     000000F8  G$SPI0CN$0$0                       lab1_2_COOL
     000000F8  G$SPIEN$0$0                        lab1_2_COOL
     000000F8  _SPI0CN                            lab1_2_COOL
     000000F8  _SPIEN                             lab1_2_COOL
     000000F9  G$MSTEN$0$0                        lab1_2_COOL
     000000F9  G$PCA0H$0$0                        lab1_2_COOL
     000000F9  _MSTEN                             lab1_2_COOL
ASxxxx Linker V03.00 + NoICE + sdld,  page 13.
Hexadecimal  [32-Bits]

Area                                    Addr        Size        Decimal Bytes (Attributes)
--------------------------------        ----        ----        ------- ----- ------------
.  .ABS.                            00000000    00000000 =           0. bytes (ABS,CON)

      Value  Global                              Global Defined In Module
      -----  --------------------------------   ------------------------
     000000F9  _PCA0H                             lab1_2_COOL
     000000FA  G$PCA0CPH0$0$0                     lab1_2_COOL
     000000FA  G$SLVSEL$0$0                       lab1_2_COOL
     000000FA  _PCA0CPH0                          lab1_2_COOL
     000000FA  _SLVSEL                            lab1_2_COOL
     000000FB  G$PCA0CPH1$0$0                     lab1_2_COOL
     000000FB  G$TXBSY$0$0                        lab1_2_COOL
     000000FB  _PCA0CPH1                          lab1_2_COOL
     000000FB  _TXBSY                             lab1_2_COOL
     000000FC  G$PCA0CPH2$0$0                     lab1_2_COOL
     000000FC  G$RXOVRN$0$0                       lab1_2_COOL
     000000FC  _PCA0CPH2                          lab1_2_COOL
     000000FC  _RXOVRN                            lab1_2_COOL
     000000FD  G$MODF$0$0                         lab1_2_COOL
     000000FD  G$PCA0CPH3$0$0                     lab1_2_COOL
     000000FD  _MODF                              lab1_2_COOL
     000000FD  _PCA0CPH3                          lab1_2_COOL
     000000FE  G$PCA0CPH4$0$0                     lab1_2_COOL
     000000FE  G$WCOL$0$0                         lab1_2_COOL
     000000FE  _PCA0CPH4                          lab1_2_COOL
     000000FE  _WCOL                              lab1_2_COOL
     000000FF  G$SPIF$0$0                         lab1_2_COOL
     000000FF  G$WDTCN$0$0                        lab1_2_COOL
     000000FF  _SPIF                              lab1_2_COOL
     000000FF  _WDTCN                             lab1_2_COOL
     00008C8A  G$TMR0$0$0                         lab1_2_COOL
     00008C8A  _TMR0                              lab1_2_COOL
     00008D8B  G$TMR1$0$0                         lab1_2_COOL
     00008D8B  _TMR1                              lab1_2_COOL
     00009392  G$TMR3RL$0$0                       lab1_2_COOL
     00009392  _TMR3RL                            lab1_2_COOL
     00009594  G$TMR3$0$0                         lab1_2_COOL
     00009594  _TMR3                              lab1_2_COOL
     0000BFBE  G$ADC0$0$0                         lab1_2_COOL
     0000BFBE  _ADC0                              lab1_2_COOL
     0000C5C4  G$ADC0GT$0$0                       lab1_2_COOL
     0000C5C4  _ADC0GT                            lab1_2_COOL
     0000C7C6  G$ADC0LT$0$0                       lab1_2_COOL
     0000C7C6  _ADC0LT                            lab1_2_COOL
     0000CBCA  G$RCAP2$0$0                        lab1_2_COOL
     0000CBCA  _RCAP2                             lab1_2_COOL
     0000CDCC  G$TMR2$0$0                         lab1_2_COOL
     0000CDCC  _TMR2                              lab1_2_COOL
     0000D3D2  G$DAC0$0$0                         lab1_2_COOL
     0000D3D2  _DAC0                              lab1_2_COOL
     0000D6D5  G$DAC1$0$0                         lab1_2_COOL
     0000D6D5  _DAC1                              lab1_2_COOL
     0000E5E4  G$RCAP4$0$0                        lab1_2_COOL
     0000E5E4  _RCAP4                             lab1_2_COOL
     0000F5F4  G$TMR4$0$0                         lab1_2_COOL
     0000F5F4  _TMR4                              lab1_2_COOL
ASxxxx Linker V03.00 + NoICE + sdld,  page 14.
Hexadecimal  [32-Bits]

Area                                    Addr        Size        Decimal Bytes (Attributes)
--------------------------------        ----        ----        ------- ----- ------------
.  .ABS.                            00000000    00000000 =           0. bytes (ABS,CON)

      Value  Global                              Global Defined In Module
      -----  --------------------------------   ------------------------
     0000F9E9  G$PCA0$0$0                         lab1_2_COOL
     0000F9E9  _PCA0                              lab1_2_COOL
     0000FAEA  G$PCA0CP0$0$0                      lab1_2_COOL
     0000FAEA  _PCA0CP0                           lab1_2_COOL
     0000FBEB  G$PCA0CP1$0$0                      lab1_2_COOL
     0000FBEB  _PCA0CP1                           lab1_2_COOL
     0000FCEC  G$PCA0CP2$0$0                      lab1_2_COOL
     0000FCEC  _PCA0CP2                           lab1_2_COOL
     0000FDED  G$PCA0CP3$0$0                      lab1_2_COOL
     0000FDED  _PCA0CP3                           lab1_2_COOL
     0000FEEE  G$PCA0CP4$0$0                      lab1_2_COOL
     0000FEEE  _PCA0CP4                           lab1_2_COOL

ASxxxx Linker V03.00 + NoICE + sdld,  page 15.
Hexadecimal  [32-Bits]

Area                                    Addr        Size        Decimal Bytes (Attributes)
--------------------------------        ----        ----        ------- ----- ------------
BSEG_BYTES                          00000020    00000002 =           2. bytes (REL,CON)

      Value  Global                              Global Defined In Module
      -----  --------------------------------   ------------------------
ASxxxx Linker V03.00 + NoICE + sdld,  page 16.
Hexadecimal  [32-Bits]

Area                                    Addr        Size        Decimal Bytes (Attributes)
--------------------------------        ----        ----        ------- ----- ------------
REG_BANK_0                          00000000    00000008 =           8. bytes (REL,OVR)

      Value  Global                              Global Defined In Module
      -----  --------------------------------   ------------------------
ASxxxx Linker V03.00 + NoICE + sdld,  page 17.
Hexadecimal  [32-Bits]

Area                                    Addr        Size        Decimal Bytes (Attributes)
--------------------------------        ----        ----        ------- ----- ------------
DSEG                                00000000    00000080 =         128. bytes (REL,CON)

      Value  Global                              Global Defined In Module
      -----  --------------------------------   ------------------------
     00000008  G$Counts$0$0                       lab1_2_COOL
     00000008  _Counts                            lab1_2_COOL
     0000000A  G$Seconds$0$0                      lab1_2_COOL
     0000000A  _Seconds                           lab1_2_COOL
     0000000B  G$previousRNG$0$0                  lab1_2_COOL
     0000000B  _previousRNG                       lab1_2_COOL
     0000000C  G$RNG$0$0                          lab1_2_COOL
     0000000C  _RNG                               lab1_2_COOL
     0000000D  G$turns$0$0                        lab1_2_COOL
     0000000D  _turns                             lab1_2_COOL
     0000000E  G$correctAnswerCount$0$0           lab1_2_COOL
     0000000E  _correctAnswerCount                lab1_2_COOL
     0000000F  G$flag$0$0                         lab1_2_COOL
     0000000F  _flag                              lab1_2_COOL
     00000010  G$programflag$0$0                  lab1_2_COOL
     00000010  _programflag                       lab1_2_COOL
     00000011  G$countvariable$0$0                lab1_2_COOL
     00000011  _countvariable                     lab1_2_COOL
     00000012  G$secondvariable$0$0               lab1_2_COOL
     00000012  _secondvariable                    lab1_2_COOL
     00000013  G$doublecountvariable$0$0          lab1_2_COOL
     00000013  _doublecountvariable               lab1_2_COOL
     00000018  _vprintf_PARM_2                    vprintf
     00000019  _bp                                _bp
     0000002E  __print_format_PARM_2              printf_large
     00000031  __print_format_PARM_3              printf_large
     00000034  __print_format_PARM_4              printf_large
ASxxxx Linker V03.00 + NoICE + sdld,  page 18.
Hexadecimal  [32-Bits]

Area                                    Addr        Size        Decimal Bytes (Attributes)
--------------------------------        ----        ----        ------- ----- ------------
OSEG                                0000001A    00000006 =           6. bytes (REL,OVR)

      Value  Global                              Global Defined In Module
      -----  --------------------------------   ------------------------
     0000001A  __modsint_PARM_2                   _moduint
     0000001A  __moduint_PARM_2                   _moduint
     0000001A  __mullong_PARM_2                   _mullong
ASxxxx Linker V03.00 + NoICE + sdld,  page 19.
Hexadecimal  [32-Bits]

Area                                    Addr        Size        Decimal Bytes (Attributes)
--------------------------------        ----        ----        ------- ----- ------------
ISEG                                0000003C    00000006 =           6. bytes (REL,CON)

      Value  Global                              Global Defined In Module
      -----  --------------------------------   ------------------------
ASxxxx Linker V03.00 + NoICE + sdld,  page 20.
Hexadecimal  [32-Bits]

Area                                    Addr        Size        Decimal Bytes (Attributes)
--------------------------------        ----        ----        ------- ----- ------------
SSEG                                00000042    000000BE =         190. bytes (REL,OVR)

      Value  Global                              Global Defined In Module
      -----  --------------------------------   ------------------------
     00000042  __start__stack                     lab1_2_COOL

ASxxxx Linker V03.00 + NoICE + sdld,  page 21.
Hexadecimal  [32-Bits]

Area                                    Addr        Size        Decimal Bytes (Attributes)
--------------------------------        ----        ----        ------- ----- ------------
HOME                                00000000    00000011 =          17. bytes (REL,CON,CODE)

      Value  Global                              Global Defined In Module
      -----  --------------------------------   ------------------------
C:   00000000  A$lab1-2-COOL$998                  lab1_2_COOL
C:   00000003  A$lab1-2-COOL$999                  lab1_2_COOL
C:   0000000B  A$lab1-2-COOL$1001                 lab1_2_COOL
C:   0000000E  A$lab1-2-COOL$1063                 lab1_2_COOL
C:   0000000E  __sdcc_program_startup             lab1_2_COOL

ASxxxx Linker V03.00 + NoICE + sdld,  page 22.
Hexadecimal  [32-Bits]

Area                                    Addr        Size        Decimal Bytes (Attributes)
--------------------------------        ----        ----        ------- ----- ------------
GSINIT0                             00000011    00000003 =           3. bytes (REL,CON,CODE)

      Value  Global                              Global Defined In Module
      -----  --------------------------------   ------------------------
C:   00000011  __sdcc_gsinit_startup              

ASxxxx Linker V03.00 + NoICE + sdld,  page 23.
Hexadecimal  [32-Bits]

Area                                    Addr        Size        Decimal Bytes (Attributes)
--------------------------------        ----        ----        ------- ----- ------------
GSINIT2                             00000014    0000000A =          10. bytes (REL,CON,CODE)

      Value  Global                              Global Defined In Module
      -----  --------------------------------   ------------------------
ASxxxx Linker V03.00 + NoICE + sdld,  page 24.
Hexadecimal  [32-Bits]

Area                                    Addr        Size        Decimal Bytes (Attributes)
--------------------------------        ----        ----        ------- ----- ------------
GSINIT3                             0000001E    00000022 =          34. bytes (REL,CON,CODE)

      Value  Global                              Global Defined In Module
      -----  --------------------------------   ------------------------
C:   0000001E  __mcs51_genXINIT                   

ASxxxx Linker V03.00 + NoICE + sdld,  page 25.
Hexadecimal  [32-Bits]

Area                                    Addr        Size        Decimal Bytes (Attributes)
--------------------------------        ----        ----        ------- ----- ------------
GSINIT4                             00000040    0000002A =          42. bytes (REL,CON,CODE)

      Value  Global                              Global Defined In Module
      -----  --------------------------------   ------------------------
C:   00000040  __mcs51_genRAMCLEAR                
C:   00000046  __mcs51_genXRAMCLEAR               

ASxxxx Linker V03.00 + NoICE + sdld,  page 26.
Hexadecimal  [32-Bits]

Area                                    Addr        Size        Decimal Bytes (Attributes)
--------------------------------        ----        ----        ------- ----- ------------
GSINIT                              0000006A    00000028 =          40. bytes (REL,CON,CODE)

      Value  Global                              Global Defined In Module
      -----  --------------------------------   ------------------------
C:   0000006A  A$lab1-2-COOL$1017                 lab1_2_COOL
C:   0000006A  C$lab1_2_COOL.c$41$1$92            lab1_2_COOL
C:   0000006B  A$lab1-2-COOL$1018                 lab1_2_COOL
C:   0000006D  A$lab1-2-COOL$1019                 lab1_2_COOL
C:   0000006F  A$lab1-2-COOL$1023                 lab1_2_COOL
C:   0000006F  C$lab1_2_COOL.c$42$1$92            lab1_2_COOL
C:   00000071  A$lab1-2-COOL$1026                 lab1_2_COOL
C:   00000071  C$lab1_2_COOL.c$43$1$92            lab1_2_COOL
C:   00000074  A$lab1-2-COOL$1030                 lab1_2_COOL
C:   00000074  C$lab1_2_COOL.c$44$1$92            lab1_2_COOL
C:   00000076  A$lab1-2-COOL$1033                 lab1_2_COOL
C:   00000076  C$lab1_2_COOL.c$45$1$92            lab1_2_COOL
C:   00000079  A$lab1-2-COOL$1037                 lab1_2_COOL
C:   00000079  C$lab1_2_COOL.c$46$1$92            lab1_2_COOL
C:   0000007B  A$lab1-2-COOL$1041                 lab1_2_COOL
C:   0000007B  C$lab1_2_COOL.c$47$1$92            lab1_2_COOL
C:   0000007D  A$lab1-2-COOL$1045                 lab1_2_COOL
C:   0000007D  C$lab1_2_COOL.c$48$1$92            lab1_2_COOL
C:   0000007F  A$lab1-2-COOL$1048                 lab1_2_COOL
C:   0000007F  C$lab1_2_COOL.c$49$1$92            lab1_2_COOL
C:   00000082  A$lab1-2-COOL$1051                 lab1_2_COOL
C:   00000082  C$lab1_2_COOL.c$50$1$92            lab1_2_COOL
C:   00000085  A$lab1-2-COOL$1054                 lab1_2_COOL
C:   00000085  C$lab1_2_COOL.c$51$1$92            lab1_2_COOL
ASxxxx Linker V03.00 + NoICE + sdld,  page 27.
Hexadecimal  [32-Bits]

Area                                    Addr        Size        Decimal Bytes (Attributes)
--------------------------------        ----        ----        ------- ----- ------------
GSFINAL                             00000092    00000003 =           3. bytes (REL,CON,CODE)

      Value  Global                              Global Defined In Module
      -----  --------------------------------   ------------------------
C:   00000092  A$lab1-2-COOL$1056                 lab1_2_COOL

ASxxxx Linker V03.00 + NoICE + sdld,  page 28.
Hexadecimal  [32-Bits]

Area                                    Addr        Size        Decimal Bytes (Attributes)
--------------------------------        ----        ----        ------- ----- ------------
CSEG                                00000095    00000AAD =        2733. bytes (REL,CON,CODE)

      Value  Global                              Global Defined In Module
      -----  --------------------------------   ------------------------
C:   00000095  A$lab1-2-COOL$1091                 lab1_2_COOL
C:   00000095  C$c8051_SDCC.h$42$0$0              lab1_2_COOL
C:   00000095  C$c8051_SDCC.h$46$1$2              lab1_2_COOL
C:   00000095  G$SYSCLK_Init$0$0                  lab1_2_COOL
C:   00000095  _SYSCLK_Init                       lab1_2_COOL
C:   00000098  A$lab1-2-COOL$1094                 lab1_2_COOL
C:   00000098  C$c8051_SDCC.h$49$1$2              lab1_2_COOL
C:   0000009A  A$lab1-2-COOL$1095                 lab1_2_COOL
C:   0000009C  A$lab1-2-COOL$1097                 lab1_2_COOL
C:   0000009D  A$lab1-2-COOL$1098                 lab1_2_COOL
C:   000000A0  A$lab1-2-COOL$1099                 lab1_2_COOL
C:   000000A1  A$lab1-2-COOL$1101                 lab1_2_COOL
C:   000000A2  A$lab1-2-COOL$1102                 lab1_2_COOL
C:   000000A3  A$lab1-2-COOL$1103                 lab1_2_COOL
C:   000000A5  A$lab1-2-COOL$1107                 lab1_2_COOL
C:   000000A5  C$c8051_SDCC.h$51$1$2              lab1_2_COOL
C:   000000A7  A$lab1-2-COOL$1108                 lab1_2_COOL
C:   000000AA  A$lab1-2-COOL$1111                 lab1_2_COOL
C:   000000AA  C$c8051_SDCC.h$53$1$2              lab1_2_COOL
C:   000000AD  A$lab1-2-COOL$1114                 lab1_2_COOL
C:   000000AD  C$c8051_SDCC.h$56$1$2              lab1_2_COOL
C:   000000AD  XG$SYSCLK_Init$0$0                 lab1_2_COOL
C:   000000AE  A$lab1-2-COOL$1127                 lab1_2_COOL
C:   000000AE  C$c8051_SDCC.h$64$1$2              lab1_2_COOL
C:   000000AE  C$c8051_SDCC.h$66$1$4              lab1_2_COOL
C:   000000AE  G$UART0_Init$0$0                   lab1_2_COOL
C:   000000AE  _UART0_Init                        lab1_2_COOL
C:   000000B1  A$lab1-2-COOL$1130                 lab1_2_COOL
C:   000000B1  C$c8051_SDCC.h$67$1$4              lab1_2_COOL
C:   000000B4  A$lab1-2-COOL$1133                 lab1_2_COOL
C:   000000B4  C$c8051_SDCC.h$68$1$4              lab1_2_COOL
C:   000000B7  A$lab1-2-COOL$1136                 lab1_2_COOL
C:   000000B7  C$c8051_SDCC.h$69$1$4              lab1_2_COOL
C:   000000B9  A$lab1-2-COOL$1139                 lab1_2_COOL
C:   000000B9  C$c8051_SDCC.h$70$1$4              lab1_2_COOL
C:   000000BC  A$lab1-2-COOL$1142                 lab1_2_COOL
C:   000000BC  C$c8051_SDCC.h$71$1$4              lab1_2_COOL
C:   000000BF  A$lab1-2-COOL$1145                 lab1_2_COOL
C:   000000BF  C$c8051_SDCC.h$73$1$4              lab1_2_COOL
C:   000000C1  A$lab1-2-COOL$1148                 lab1_2_COOL
C:   000000C1  C$c8051_SDCC.h$74$1$4              lab1_2_COOL
C:   000000C4  A$lab1-2-COOL$1151                 lab1_2_COOL
C:   000000C4  C$c8051_SDCC.h$75$1$4              lab1_2_COOL
C:   000000C4  XG$UART0_Init$0$0                  lab1_2_COOL
C:   000000C5  A$lab1-2-COOL$1164                 lab1_2_COOL
C:   000000C5  C$c8051_SDCC.h$83$1$4              lab1_2_COOL
C:   000000C5  C$c8051_SDCC.h$85$1$6              lab1_2_COOL
C:   000000C5  G$Sys_Init$0$0                     lab1_2_COOL
C:   000000C5  _Sys_Init                          lab1_2_COOL
C:   000000C8  A$lab1-2-COOL$1167                 lab1_2_COOL
ASxxxx Linker V03.00 + NoICE + sdld,  page 29.
Hexadecimal  [32-Bits]

Area                                    Addr        Size        Decimal Bytes (Attributes)
--------------------------------        ----        ----        ------- ----- ------------
CSEG                                00000095    00000AAD =        2733. bytes (REL,CON,CODE)

      Value  Global                              Global Defined In Module
      -----  --------------------------------   ------------------------
C:   000000C8  C$c8051_SDCC.h$86$1$6              lab1_2_COOL
C:   000000CB  A$lab1-2-COOL$1170                 lab1_2_COOL
C:   000000CB  C$c8051_SDCC.h$88$1$6              lab1_2_COOL
C:   000000CE  A$lab1-2-COOL$1173                 lab1_2_COOL
C:   000000CE  C$c8051_SDCC.h$89$1$6              lab1_2_COOL
C:   000000D1  A$lab1-2-COOL$1176                 lab1_2_COOL
C:   000000D1  C$c8051_SDCC.h$91$1$6              lab1_2_COOL
C:   000000D4  A$lab1-2-COOL$1179                 lab1_2_COOL
C:   000000D4  C$c8051_SDCC.h$92$1$6              lab1_2_COOL
C:   000000D7  A$lab1-2-COOL$1182                 lab1_2_COOL
C:   000000D7  C$c8051_SDCC.h$93$1$6              lab1_2_COOL
C:   000000D7  XG$Sys_Init$0$0                    lab1_2_COOL
C:   000000D8  A$lab1-2-COOL$1195                 lab1_2_COOL
C:   000000D8  C$c8051_SDCC.h$98$1$6              lab1_2_COOL
C:   000000D8  G$putchar$0$0                      lab1_2_COOL
C:   000000D8  _putchar                           lab1_2_COOL
C:   000000DA  A$lab1-2-COOL$1201                 lab1_2_COOL
C:   000000DA  C$c8051_SDCC.h$100$1$8             lab1_2_COOL
C:   000000DA  C$c8051_SDCC.h$101$1$8             lab1_2_COOL
C:   000000DD  A$lab1-2-COOL$1202                 lab1_2_COOL
C:   000000DF  A$lab1-2-COOL$1206                 lab1_2_COOL
C:   000000DF  C$c8051_SDCC.h$102$1$8             lab1_2_COOL
C:   000000E1  A$lab1-2-COOL$1209                 lab1_2_COOL
C:   000000E1  C$c8051_SDCC.h$103$1$8             lab1_2_COOL
C:   000000E1  XG$putchar$0$0                     lab1_2_COOL
C:   000000E2  A$lab1-2-COOL$1227                 lab1_2_COOL
C:   000000E2  C$c8051_SDCC.h$108$1$8             lab1_2_COOL
C:   000000E2  C$c8051_SDCC.h$111$1$10            lab1_2_COOL
C:   000000E2  C$c8051_SDCC.h$112$1$10            lab1_2_COOL
C:   000000E2  G$getchar$0$0                      lab1_2_COOL
C:   000000E5  A$lab1-2-COOL$1228                 lab1_2_COOL
C:   000000E7  A$lab1-2-COOL$1232                 lab1_2_COOL
C:   000000E7  C$c8051_SDCC.h$113$1$10            lab1_2_COOL
C:   000000EA  A$lab1-2-COOL$1235                 lab1_2_COOL
C:   000000EA  C$c8051_SDCC.h$114$1$10            lab1_2_COOL
C:   000000ED  A$lab1-2-COOL$1238                 lab1_2_COOL
C:   000000ED  C$c8051_SDCC.h$115$1$10            lab1_2_COOL
C:   000000F0  A$lab1-2-COOL$1241                 lab1_2_COOL
C:   000000F0  C$c8051_SDCC.h$116$1$10            lab1_2_COOL
C:   000000F0  XG$getchar$0$0                     lab1_2_COOL
C:   000000F1  A$lab1-2-COOL$1254                 lab1_2_COOL
C:   000000F1  C$lab1_2_COOL.c$54$1$10            lab1_2_COOL
C:   000000F1  C$lab1_2_COOL.c$56$1$49            lab1_2_COOL
C:   000000F1  G$main$0$0                         lab1_2_COOL
C:   000000F1  _main                              lab1_2_COOL
C:   000000F4  A$lab1-2-COOL$1257                 lab1_2_COOL
C:   000000F4  C$lab1_2_COOL.c$57$1$49            lab1_2_COOL
C:   000000F7  A$lab1-2-COOL$1260                 lab1_2_COOL
C:   000000F7  C$lab1_2_COOL.c$58$1$49            lab1_2_COOL
C:   000000FA  A$lab1-2-COOL$1263                 lab1_2_COOL
C:   000000FA  C$lab1_2_COOL.c$59$1$49            lab1_2_COOL
ASxxxx Linker V03.00 + NoICE + sdld,  page 30.
Hexadecimal  [32-Bits]

Area                                    Addr        Size        Decimal Bytes (Attributes)
--------------------------------        ----        ----        ------- ----- ------------
CSEG                                00000095    00000AAD =        2733. bytes (REL,CON,CODE)

      Value  Global                              Global Defined In Module
      -----  --------------------------------   ------------------------
C:   000000FD  A$lab1-2-COOL$1266                 lab1_2_COOL
C:   000000FD  C$lab1_2_COOL.c$61$1$49            lab1_2_COOL
C:   00000100  A$lab1-2-COOL$1267                 lab1_2_COOL
C:   00000103  A$lab1-2-COOL$1270                 lab1_2_COOL
C:   00000103  C$lab1_2_COOL.c$62$1$49            lab1_2_COOL
C:   00000105  A$lab1-2-COOL$1271                 lab1_2_COOL
C:   00000107  A$lab1-2-COOL$1272                 lab1_2_COOL
C:   00000109  A$lab1-2-COOL$1273                 lab1_2_COOL
C:   0000010B  A$lab1-2-COOL$1274                 lab1_2_COOL
C:   0000010D  A$lab1-2-COOL$1275                 lab1_2_COOL
C:   0000010F  A$lab1-2-COOL$1276                 lab1_2_COOL
C:   00000112  A$lab1-2-COOL$1277                 lab1_2_COOL
C:   00000114  A$lab1-2-COOL$1278                 lab1_2_COOL
C:   00000116  A$lab1-2-COOL$1279                 lab1_2_COOL
C:   00000118  A$lab1-2-COOL$1285                 lab1_2_COOL
C:   00000118  C$lab1_2_COOL.c$64$1$49            lab1_2_COOL
C:   00000118  C$lab1_2_COOL.c$68$2$50            lab1_2_COOL
C:   0000011A  A$lab1-2-COOL$1286                 lab1_2_COOL
C:   0000011C  A$lab1-2-COOL$1287                 lab1_2_COOL
C:   0000011F  A$lab1-2-COOL$1292                 lab1_2_COOL
C:   0000011F  C$lab1_2_COOL.c$70$3$51            lab1_2_COOL
C:   00000122  A$lab1-2-COOL$1293                 lab1_2_COOL
C:   00000124  A$lab1-2-COOL$1294                 lab1_2_COOL
C:   00000127  A$lab1-2-COOL$1295                 lab1_2_COOL
C:   00000129  A$lab1-2-COOL$1296                 lab1_2_COOL
C:   0000012B  A$lab1-2-COOL$1299                 lab1_2_COOL
C:   0000012B  C$lab1_2_COOL.c$71$3$51            lab1_2_COOL
C:   0000012D  A$lab1-2-COOL$1303                 lab1_2_COOL
C:   0000012D  C$lab1_2_COOL.c$72$9$71            lab1_2_COOL
C:   0000012F  A$lab1-2-COOL$1304                 lab1_2_COOL
C:   00000131  A$lab1-2-COOL$1305                 lab1_2_COOL
C:   00000133  A$lab1-2-COOL$1306                 lab1_2_COOL
C:   00000136  A$lab1-2-COOL$1310                 lab1_2_COOL
C:   00000136  C$lab1_2_COOL.c$74$4$52            lab1_2_COOL
C:   00000139  A$lab1-2-COOL$1311                 lab1_2_COOL
C:   0000013C  A$lab1-2-COOL$1314                 lab1_2_COOL
C:   0000013C  C$lab1_2_COOL.c$75$4$52            lab1_2_COOL
C:   0000013E  A$lab1-2-COOL$1315                 lab1_2_COOL
C:   00000141  A$lab1-2-COOL$1316                 lab1_2_COOL
C:   00000143  A$lab1-2-COOL$1320                 lab1_2_COOL
C:   00000143  C$lab1_2_COOL.c$77$5$53            lab1_2_COOL
C:   00000145  A$lab1-2-COOL$1321                 lab1_2_COOL
C:   00000147  A$lab1-2-COOL$1322                 lab1_2_COOL
C:   0000014A  A$lab1-2-COOL$1326                 lab1_2_COOL
C:   0000014A  C$lab1_2_COOL.c$79$6$54            lab1_2_COOL
C:   0000014C  A$lab1-2-COOL$1329                 lab1_2_COOL
C:   0000014C  C$lab1_2_COOL.c$80$6$54            lab1_2_COOL
C:   0000014E  A$lab1-2-COOL$1332                 lab1_2_COOL
C:   0000014E  C$lab1_2_COOL.c$81$6$54            lab1_2_COOL
C:   00000151  A$lab1-2-COOL$1336                 lab1_2_COOL
C:   00000151  C$lab1_2_COOL.c$82$6$54            lab1_2_COOL
ASxxxx Linker V03.00 + NoICE + sdld,  page 31.
Hexadecimal  [32-Bits]

Area                                    Addr        Size        Decimal Bytes (Attributes)
--------------------------------        ----        ----        ------- ----- ------------
CSEG                                00000095    00000AAD =        2733. bytes (REL,CON,CODE)

      Value  Global                              Global Defined In Module
      -----  --------------------------------   ------------------------
C:   00000152  A$lab1-2-COOL$1337                 lab1_2_COOL
C:   00000154  A$lab1-2-COOL$1338                 lab1_2_COOL
C:   00000156  A$lab1-2-COOL$1339                 lab1_2_COOL
C:   00000158  A$lab1-2-COOL$1340                 lab1_2_COOL
C:   0000015B  A$lab1-2-COOL$1344                 lab1_2_COOL
C:   0000015B  C$lab1_2_COOL.c$84$7$55            lab1_2_COOL
C:   0000015D  A$lab1-2-COOL$1345                 lab1_2_COOL
C:   0000015F  A$lab1-2-COOL$1348                 lab1_2_COOL
C:   0000015F  C$lab1_2_COOL.c$86$8$56            lab1_2_COOL
C:   00000162  A$lab1-2-COOL$1349                 lab1_2_COOL
C:   00000164  A$lab1-2-COOL$1350                 lab1_2_COOL
C:   00000167  A$lab1-2-COOL$1351                 lab1_2_COOL
C:   00000169  A$lab1-2-COOL$1352                 lab1_2_COOL
C:   0000016B  A$lab1-2-COOL$1355                 lab1_2_COOL
C:   0000016B  C$lab1_2_COOL.c$88$9$57            lab1_2_COOL
C:   0000016C  A$lab1-2-COOL$1356                 lab1_2_COOL
C:   0000016E  A$lab1-2-COOL$1357                 lab1_2_COOL
C:   00000170  A$lab1-2-COOL$1361                 lab1_2_COOL
C:   00000170  C$lab1_2_COOL.c$89$9$57            lab1_2_COOL
C:   00000172  A$lab1-2-COOL$1362                 lab1_2_COOL
C:   00000174  A$lab1-2-COOL$1363                 lab1_2_COOL
C:   00000175  A$lab1-2-COOL$1364                 lab1_2_COOL
C:   00000176  A$lab1-2-COOL$1365                 lab1_2_COOL
C:   00000178  A$lab1-2-COOL$1366                 lab1_2_COOL
C:   00000179  A$lab1-2-COOL$1367                 lab1_2_COOL
C:   0000017B  A$lab1-2-COOL$1368                 lab1_2_COOL
C:   0000017D  A$lab1-2-COOL$1371                 lab1_2_COOL
C:   0000017D  C$lab1_2_COOL.c$90$9$57            lab1_2_COOL
C:   0000017F  A$lab1-2-COOL$1374                 lab1_2_COOL
C:   0000017F  C$lab1_2_COOL.c$91$9$57            lab1_2_COOL
C:   00000181  A$lab1-2-COOL$1377                 lab1_2_COOL
C:   00000181  C$lab1_2_COOL.c$92$9$57            lab1_2_COOL
C:   00000183  A$lab1-2-COOL$1380                 lab1_2_COOL
C:   00000183  C$lab1_2_COOL.c$93$9$57            lab1_2_COOL
C:   00000186  A$lab1-2-COOL$1381                 lab1_2_COOL
C:   00000188  A$lab1-2-COOL$1385                 lab1_2_COOL
C:   00000188  C$lab1_2_COOL.c$95$8$56            lab1_2_COOL
C:   0000018B  A$lab1-2-COOL$1386                 lab1_2_COOL
C:   0000018D  A$lab1-2-COOL$1387                 lab1_2_COOL
C:   00000190  A$lab1-2-COOL$1388                 lab1_2_COOL
C:   00000192  A$lab1-2-COOL$1389                 lab1_2_COOL
C:   00000194  A$lab1-2-COOL$1392                 lab1_2_COOL
C:   00000194  C$lab1_2_COOL.c$97$9$58            lab1_2_COOL
C:   00000195  A$lab1-2-COOL$1393                 lab1_2_COOL
C:   00000197  A$lab1-2-COOL$1394                 lab1_2_COOL
C:   00000199  A$lab1-2-COOL$1398                 lab1_2_COOL
C:   00000199  C$lab1_2_COOL.c$98$9$58            lab1_2_COOL
C:   0000019B  A$lab1-2-COOL$1399                 lab1_2_COOL
C:   0000019D  A$lab1-2-COOL$1400                 lab1_2_COOL
C:   0000019E  A$lab1-2-COOL$1401                 lab1_2_COOL
C:   0000019F  A$lab1-2-COOL$1402                 lab1_2_COOL
ASxxxx Linker V03.00 + NoICE + sdld,  page 32.
Hexadecimal  [32-Bits]

Area                                    Addr        Size        Decimal Bytes (Attributes)
--------------------------------        ----        ----        ------- ----- ------------
CSEG                                00000095    00000AAD =        2733. bytes (REL,CON,CODE)

      Value  Global                              Global Defined In Module
      -----  --------------------------------   ------------------------
C:   000001A1  A$lab1-2-COOL$1403                 lab1_2_COOL
C:   000001A2  A$lab1-2-COOL$1404                 lab1_2_COOL
C:   000001A4  A$lab1-2-COOL$1405                 lab1_2_COOL
C:   000001A6  A$lab1-2-COOL$1408                 lab1_2_COOL
C:   000001A6  C$lab1_2_COOL.c$99$9$58            lab1_2_COOL
C:   000001A9  A$lab1-2-COOL$1411                 lab1_2_COOL
C:   000001A9  C$lab1_2_COOL.c$100$9$58           lab1_2_COOL
C:   000001AB  A$lab1-2-COOL$1414                 lab1_2_COOL
C:   000001AB  C$lab1_2_COOL.c$101$9$58           lab1_2_COOL
C:   000001AD  A$lab1-2-COOL$1415                 lab1_2_COOL
C:   000001AF  A$lab1-2-COOL$1419                 lab1_2_COOL
C:   000001AF  C$lab1_2_COOL.c$103$8$56           lab1_2_COOL
C:   000001B2  A$lab1-2-COOL$1420                 lab1_2_COOL
C:   000001B4  A$lab1-2-COOL$1421                 lab1_2_COOL
C:   000001B7  A$lab1-2-COOL$1422                 lab1_2_COOL
C:   000001B9  A$lab1-2-COOL$1423                 lab1_2_COOL
C:   000001BB  A$lab1-2-COOL$1424                 lab1_2_COOL
C:   000001BE  A$lab1-2-COOL$1425                 lab1_2_COOL
C:   000001C0  A$lab1-2-COOL$1426                 lab1_2_COOL
C:   000001C3  A$lab1-2-COOL$1427                 lab1_2_COOL
C:   000001C5  A$lab1-2-COOL$1428                 lab1_2_COOL
C:   000001C7  A$lab1-2-COOL$1431                 lab1_2_COOL
C:   000001C7  C$lab1_2_COOL.c$105$9$59           lab1_2_COOL
C:   000001C8  A$lab1-2-COOL$1432                 lab1_2_COOL
C:   000001CA  A$lab1-2-COOL$1433                 lab1_2_COOL
C:   000001CC  A$lab1-2-COOL$1437                 lab1_2_COOL
C:   000001CC  C$lab1_2_COOL.c$106$9$59           lab1_2_COOL
C:   000001CE  A$lab1-2-COOL$1438                 lab1_2_COOL
C:   000001D0  A$lab1-2-COOL$1439                 lab1_2_COOL
C:   000001D1  A$lab1-2-COOL$1440                 lab1_2_COOL
C:   000001D2  A$lab1-2-COOL$1441                 lab1_2_COOL
C:   000001D4  A$lab1-2-COOL$1442                 lab1_2_COOL
C:   000001D5  A$lab1-2-COOL$1443                 lab1_2_COOL
C:   000001D7  A$lab1-2-COOL$1444                 lab1_2_COOL
C:   000001D9  A$lab1-2-COOL$1447                 lab1_2_COOL
C:   000001D9  C$lab1_2_COOL.c$107$9$59           lab1_2_COOL
C:   000001DC  A$lab1-2-COOL$1450                 lab1_2_COOL
C:   000001DC  C$lab1_2_COOL.c$108$9$59           lab1_2_COOL
C:   000001DE  A$lab1-2-COOL$1453                 lab1_2_COOL
C:   000001DE  C$lab1_2_COOL.c$109$9$59           lab1_2_COOL
C:   000001E0  A$lab1-2-COOL$1454                 lab1_2_COOL
C:   000001E3  A$lab1-2-COOL$1458                 lab1_2_COOL
C:   000001E3  C$lab1_2_COOL.c$113$9$60           lab1_2_COOL
C:   000001E5  A$lab1-2-COOL$1461                 lab1_2_COOL
C:   000001E5  C$lab1_2_COOL.c$114$9$60           lab1_2_COOL
C:   000001E7  A$lab1-2-COOL$1462                 lab1_2_COOL
C:   000001EA  A$lab1-2-COOL$1466                 lab1_2_COOL
C:   000001EA  C$lab1_2_COOL.c$119$5$53           lab1_2_COOL
C:   000001EC  A$lab1-2-COOL$1467                 lab1_2_COOL
C:   000001EF  A$lab1-2-COOL$1468                 lab1_2_COOL
C:   000001F1  A$lab1-2-COOL$1470                 lab1_2_COOL
ASxxxx Linker V03.00 + NoICE + sdld,  page 33.
Hexadecimal  [32-Bits]

Area                                    Addr        Size        Decimal Bytes (Attributes)
--------------------------------        ----        ----        ------- ----- ------------
CSEG                                00000095    00000AAD =        2733. bytes (REL,CON,CODE)

      Value  Global                              Global Defined In Module
      -----  --------------------------------   ------------------------
C:   000001F4  A$lab1-2-COOL$1474                 lab1_2_COOL
C:   000001F4  C$lab1_2_COOL.c$121$6$61           lab1_2_COOL
C:   000001F6  A$lab1-2-COOL$1477                 lab1_2_COOL
C:   000001F6  C$lab1_2_COOL.c$122$6$61           lab1_2_COOL
C:   000001F8  A$lab1-2-COOL$1480                 lab1_2_COOL
C:   000001F8  C$lab1_2_COOL.c$123$6$61           lab1_2_COOL
C:   000001FB  A$lab1-2-COOL$1484                 lab1_2_COOL
C:   000001FB  C$lab1_2_COOL.c$124$6$61           lab1_2_COOL
C:   000001FC  A$lab1-2-COOL$1485                 lab1_2_COOL
C:   000001FE  A$lab1-2-COOL$1486                 lab1_2_COOL
C:   00000200  A$lab1-2-COOL$1487                 lab1_2_COOL
C:   00000202  A$lab1-2-COOL$1488                 lab1_2_COOL
C:   00000205  A$lab1-2-COOL$1492                 lab1_2_COOL
C:   00000205  C$lab1_2_COOL.c$126$7$62           lab1_2_COOL
C:   00000207  A$lab1-2-COOL$1493                 lab1_2_COOL
C:   00000209  A$lab1-2-COOL$1496                 lab1_2_COOL
C:   00000209  C$lab1_2_COOL.c$128$8$63           lab1_2_COOL
C:   0000020C  A$lab1-2-COOL$1497                 lab1_2_COOL
C:   0000020E  A$lab1-2-COOL$1498                 lab1_2_COOL
C:   00000211  A$lab1-2-COOL$1499                 lab1_2_COOL
C:   00000213  A$lab1-2-COOL$1500                 lab1_2_COOL
C:   00000215  A$lab1-2-COOL$1503                 lab1_2_COOL
C:   00000215  C$lab1_2_COOL.c$130$9$64           lab1_2_COOL
C:   00000216  A$lab1-2-COOL$1504                 lab1_2_COOL
C:   00000218  A$lab1-2-COOL$1505                 lab1_2_COOL
C:   0000021A  A$lab1-2-COOL$1509                 lab1_2_COOL
C:   0000021A  C$lab1_2_COOL.c$131$9$64           lab1_2_COOL
C:   0000021C  A$lab1-2-COOL$1510                 lab1_2_COOL
C:   0000021E  A$lab1-2-COOL$1511                 lab1_2_COOL
C:   0000021F  A$lab1-2-COOL$1512                 lab1_2_COOL
C:   00000220  A$lab1-2-COOL$1513                 lab1_2_COOL
C:   00000222  A$lab1-2-COOL$1514                 lab1_2_COOL
C:   00000223  A$lab1-2-COOL$1515                 lab1_2_COOL
C:   00000225  A$lab1-2-COOL$1516                 lab1_2_COOL
C:   00000227  A$lab1-2-COOL$1519                 lab1_2_COOL
C:   00000227  C$lab1_2_COOL.c$132$9$64           lab1_2_COOL
C:   00000229  A$lab1-2-COOL$1522                 lab1_2_COOL
C:   00000229  C$lab1_2_COOL.c$133$9$64           lab1_2_COOL
C:   0000022B  A$lab1-2-COOL$1525                 lab1_2_COOL
C:   0000022B  C$lab1_2_COOL.c$134$9$64           lab1_2_COOL
C:   0000022D  A$lab1-2-COOL$1528                 lab1_2_COOL
C:   0000022D  C$lab1_2_COOL.c$135$9$64           lab1_2_COOL
C:   00000230  A$lab1-2-COOL$1529                 lab1_2_COOL
C:   00000232  A$lab1-2-COOL$1533                 lab1_2_COOL
C:   00000232  C$lab1_2_COOL.c$137$8$63           lab1_2_COOL
C:   00000235  A$lab1-2-COOL$1534                 lab1_2_COOL
C:   00000237  A$lab1-2-COOL$1535                 lab1_2_COOL
C:   0000023A  A$lab1-2-COOL$1536                 lab1_2_COOL
C:   0000023C  A$lab1-2-COOL$1537                 lab1_2_COOL
C:   0000023E  A$lab1-2-COOL$1540                 lab1_2_COOL
C:   0000023E  C$lab1_2_COOL.c$139$9$65           lab1_2_COOL
ASxxxx Linker V03.00 + NoICE + sdld,  page 34.
Hexadecimal  [32-Bits]

Area                                    Addr        Size        Decimal Bytes (Attributes)
--------------------------------        ----        ----        ------- ----- ------------
CSEG                                00000095    00000AAD =        2733. bytes (REL,CON,CODE)

      Value  Global                              Global Defined In Module
      -----  --------------------------------   ------------------------
C:   0000023F  A$lab1-2-COOL$1541                 lab1_2_COOL
C:   00000241  A$lab1-2-COOL$1542                 lab1_2_COOL
C:   00000243  A$lab1-2-COOL$1546                 lab1_2_COOL
C:   00000243  C$lab1_2_COOL.c$140$9$65           lab1_2_COOL
C:   00000245  A$lab1-2-COOL$1547                 lab1_2_COOL
C:   00000247  A$lab1-2-COOL$1548                 lab1_2_COOL
C:   00000248  A$lab1-2-COOL$1549                 lab1_2_COOL
C:   00000249  A$lab1-2-COOL$1550                 lab1_2_COOL
C:   0000024B  A$lab1-2-COOL$1551                 lab1_2_COOL
C:   0000024C  A$lab1-2-COOL$1552                 lab1_2_COOL
C:   0000024E  A$lab1-2-COOL$1553                 lab1_2_COOL
C:   00000250  A$lab1-2-COOL$1556                 lab1_2_COOL
C:   00000250  C$lab1_2_COOL.c$141$9$65           lab1_2_COOL
C:   00000253  A$lab1-2-COOL$1559                 lab1_2_COOL
C:   00000253  C$lab1_2_COOL.c$142$9$65           lab1_2_COOL
C:   00000255  A$lab1-2-COOL$1562                 lab1_2_COOL
C:   00000255  C$lab1_2_COOL.c$143$9$65           lab1_2_COOL
C:   00000257  A$lab1-2-COOL$1563                 lab1_2_COOL
C:   00000259  A$lab1-2-COOL$1567                 lab1_2_COOL
C:   00000259  C$lab1_2_COOL.c$145$8$63           lab1_2_COOL
C:   0000025C  A$lab1-2-COOL$1568                 lab1_2_COOL
C:   0000025E  A$lab1-2-COOL$1569                 lab1_2_COOL
C:   00000261  A$lab1-2-COOL$1570                 lab1_2_COOL
C:   00000263  A$lab1-2-COOL$1571                 lab1_2_COOL
C:   00000265  A$lab1-2-COOL$1572                 lab1_2_COOL
C:   00000268  A$lab1-2-COOL$1573                 lab1_2_COOL
C:   0000026A  A$lab1-2-COOL$1574                 lab1_2_COOL
[...]
C:   0000029B  C$lab1_2_COOL.c$164$6$68           lab1_2_COOL
C:   0000029D  A$lab1-2-COOL$1624                 lab1_2_COOL
C:   0000029D  C$lab1_2_COOL.c$165$6$68           lab1_2_COOL
C:   000002A0  A$lab1-2-COOL$1628                 lab1_2_COOL
C:   000002A0  C$lab1_2_COOL.c$166$6$68           lab1_2_COOL
C:   000002A1  A$lab1-2-COOL$1629                 lab1_2_COOL
C:   000002A3  A$lab1-2-COOL$1630                 lab1_2_COOL
C:   000002A5  A$lab1-2-COOL$1631                 lab1_2_COOL
C:   000002A7  A$lab1-2-COOL$1634                 lab1_2_COOL
C:   000002A7  C$lab1_2_COOL.c$168$7$69           lab1_2_COOL
C:   000002A9  A$lab1-2-COOL$1635                 lab1_2_COOL
C:   000002AB  A$lab1-2-COOL$1638                 lab1_2_COOL
C:   000002AB  C$lab1_2_COOL.c$170$8$70           lab1_2_COOL
C:   000002AE  A$lab1-2-COOL$1639                 lab1_2_COOL
C:   000002B0  A$lab1-2-COOL$1640                 lab1_2_COOL
C:   000002B3  A$lab1-2-COOL$1641                 lab1_2_COOL
C:   000002B5  A$lab1-2-COOL$1642                 lab1_2_COOL
C:   000002B7  A$lab1-2-COOL$1643                 lab1_2_COOL
C:   000002BA  A$lab1-2-COOL$1644                 lab1_2_COOL
C:   000002BC  A$lab1-2-COOL$1645                 lab1_2_COOL
C:   000002BF  A$lab1-2-COOL$1646                 lab1_2_COOL
C:   000002C1  A$lab1-2-COOL$1647                 lab1_2_COOL
C:   000002C3  A$lab1-2-COOL$1650                 lab1_2_COOL
C:   000002C3  C$lab1_2_COOL.c$172$9$71           lab1_2_COOL
C:   000002C4  A$lab1-2-COOL$1651                 lab1_2_COOL
C:   000002C6  A$lab1-2-COOL$1652                 lab1_2_COOL
C:   000002C8  A$lab1-2-COOL$1656                 lab1_2_COOL
C:   000002C8  C$lab1_2_COOL.c$173$9$71           lab1_2_COOL
C:   000002CA  A$lab1-2-COOL$1657                 lab1_2_COOL
C:   000002CC  A$lab1-2-COOL$1658                 lab1_2_COOL
C:   000002CD  A$lab1-2-COOL$1659                 lab1_2_COOL
C:   000002CE  A$lab1-2-COOL$1660                 lab1_2_COOL
C:   000002D0  A$lab1-2-COOL$1661                 lab1_2_COOL
C:   000002D1  A$lab1-2-COOL$1662                 lab1_2_COOL
C:   000002D3  A$lab1-2-COOL$1663                 lab1_2_COOL
C:   000002D5  A$lab1-2-COOL$1666                 lab1_2_COOL
C:   000002D5  C$lab1_2_COOL.c$174$9$71           lab1_2_COOL
C:   000002D7  A$lab1-2-COOL$1667                 lab1_2_COOL
C:   000002D9  A$lab1-2-COOL$1668                 lab1_2_COOL
C:   000002DB  A$lab1-2-COOL$1669                 lab1_2_COOL
C:   000002DD  A$lab1-2-COOL$1670                 lab1_2_COOL
C:   000002DF  A$lab1-2-COOL$1671                 lab1_2_COOL
ASxxxx Linker V03.00 + NoICE + sdld,  page 36.
Hexadecimal  [32-Bits]

Area                                    Addr        Size        Decimal Bytes (Attributes)
--------------------------------        ----        ----        ------- ----- ------------
CSEG                                00000095    00000AAD =        2733. bytes (REL,CON,CODE)

      Value  Global                              Global Defined In Module
      -----  --------------------------------   ------------------------
C:   000002E1  A$lab1-2-COOL$1672                 lab1_2_COOL
C:   000002E4  A$lab1-2-COOL$1673                 lab1_2_COOL
C:   000002E6  A$lab1-2-COOL$1674                 lab1_2_COOL
C:   000002E8  A$lab1-2-COOL$1675                 lab1_2_COOL
C:   000002EA  A$lab1-2-COOL$1678                 lab1_2_COOL
C:   000002EA  C$lab1_2_COOL.c$175$9$71           lab1_2_COOL
C:   000002EC  A$lab1-2-COOL$1681                 lab1_2_COOL
C:   000002EC  C$lab1_2_COOL.c$176$9$71           lab1_2_COOL
C:   000002EE  A$lab1-2-COOL$1684                 lab1_2_COOL
C:   000002EE  C$lab1_2_COOL.c$177$9$71           lab1_2_COOL
C:   000002F0  A$lab1-2-COOL$1687                 lab1_2_COOL
C:   000002F0  C$lab1_2_COOL.c$178$9$71           lab1_2_COOL
C:   000002F3  A$lab1-2-COOL$1688                 lab1_2_COOL
C:   000002F5  A$lab1-2-COOL$1692                 lab1_2_COOL
C:   000002F5  C$lab1_2_COOL.c$182$9$72           lab1_2_COOL
C:   000002F7  A$lab1-2-COOL$1695                 lab1_2_COOL
C:   000002F7  C$lab1_2_COOL.c$183$9$72           lab1_2_COOL
C:   000002F9  A$lab1-2-COOL$1696                 lab1_2_COOL
C:   000002FB  A$lab1-2-COOL$1700                 lab1_2_COOL
C:   000002FB  C$lab1_2_COOL.c$188$5$53           lab1_2_COOL
C:   000002FD  A$lab1-2-COOL$1703                 lab1_2_COOL
C:   000002FD  C$lab1_2_COOL.c$189$5$53           lab1_2_COOL
C:   00000300  A$lab1-2-COOL$1706                 lab1_2_COOL
C:   00000300  C$lab1_2_COOL.c$190$5$53           lab1_2_COOL
C:   00000303  A$lab1-2-COOL$1707                 lab1_2_COOL
C:   00000306  A$lab1-2-COOL$1711                 lab1_2_COOL
C:   00000306  C$lab1_2_COOL.c$194$3$51           lab1_2_COOL
C:   00000309  A$lab1-2-COOL$1715                 lab1_2_COOL
C:   00000309  C$lab1_2_COOL.c$195$3$51           lab1_2_COOL
C:   0000030B  A$lab1-2-COOL$1716                 lab1_2_COOL
C:   0000030D  A$lab1-2-COOL$1719                 lab1_2_COOL
C:   0000030D  C$lab1_2_COOL.c$197$4$73           lab1_2_COOL
C:   0000030F  A$lab1-2-COOL$1720                 lab1_2_COOL
C:   00000311  A$lab1-2-COOL$1724                 lab1_2_COOL
C:   00000311  C$lab1_2_COOL.c$199$3$51           lab1_2_COOL
C:   00000313  A$lab1-2-COOL$1725                 lab1_2_COOL
C:   00000315  A$lab1-2-COOL$1726                 lab1_2_COOL
C:   00000317  A$lab1-2-COOL$1727                 lab1_2_COOL
C:   00000319  A$lab1-2-COOL$1728                 lab1_2_COOL
C:   0000031B  A$lab1-2-COOL$1729                 lab1_2_COOL
C:   0000031D  A$lab1-2-COOL$1730                 lab1_2_COOL
C:   0000031F  A$lab1-2-COOL$1731                 lab1_2_COOL
C:   00000321  A$lab1-2-COOL$1732                 lab1_2_COOL
C:   00000323  A$lab1-2-COOL$1733                 lab1_2_COOL
C:   00000325  A$lab1-2-COOL$1734                 lab1_2_COOL
C:   00000328  A$lab1-2-COOL$1735                 lab1_2_COOL
C:   0000032A  A$lab1-2-COOL$1736                 lab1_2_COOL
C:   0000032C  A$lab1-2-COOL$1737                 lab1_2_COOL
C:   0000032E  A$lab1-2-COOL$1740                 lab1_2_COOL
C:   0000032E  C$lab1_2_COOL.c$200$3$51           lab1_2_COOL
C:   00000330  A$lab1-2-COOL$1741                 lab1_2_COOL
ASxxxx Linker V03.00 + NoICE + sdld,  page 37.
Hexadecimal  [32-Bits]

Area                                    Addr        Size        Decimal Bytes (Attributes)
--------------------------------        ----        ----        ------- ----- ------------
CSEG                                00000095    00000AAD =        2733. bytes (REL,CON,CODE)

      Value  Global                              Global Defined In Module
      -----  --------------------------------   ------------------------
C:   00000332  A$lab1-2-COOL$1742                 lab1_2_COOL
C:   00000334  A$lab1-2-COOL$1743                 lab1_2_COOL
C:   00000336  A$lab1-2-COOL$1744                 lab1_2_COOL
C:   00000338  A$lab1-2-COOL$1745                 lab1_2_COOL
C:   0000033A  A$lab1-2-COOL$1746                 lab1_2_COOL
C:   0000033D  A$lab1-2-COOL$1747                 lab1_2_COOL
C:   0000033F  A$lab1-2-COOL$1748                 lab1_2_COOL
C:   00000341  A$lab1-2-COOL$1749                 lab1_2_COOL
C:   00000343  A$lab1-2-COOL$1752                 lab1_2_COOL
C:   00000343  C$lab1_2_COOL.c$201$3$51           lab1_2_COOL
C:   00000346  A$lab1-2-COOL$1756                 lab1_2_COOL
C:   00000346  C$lab1_2_COOL.c$203$2$50           lab1_2_COOL
C:   00000348  A$lab1-2-COOL$1757                 lab1_2_COOL
C:   0000034B  A$lab1-2-COOL$1760                 lab1_2_COOL
C:   0000034B  C$lab1_2_COOL.c$221$1$49           lab1_2_COOL
C:   0000034B  XG$main$0$0                        lab1_2_COOL
C:   0000034C  A$lab1-2-COOL$1773                 lab1_2_COOL
C:   0000034C  C$lab1_2_COOL.c$224$1$49           lab1_2_COOL
C:   0000034C  C$lab1_2_COOL.c$227$1$75           lab1_2_COOL
C:   0000034C  G$Port_Init$0$0                    lab1_2_COOL
C:   0000034C  _Port_Init                         lab1_2_COOL
C:   0000034F  A$lab1-2-COOL$1776                 lab1_2_COOL
C:   0000034F  C$lab1_2_COOL.c$228$1$75           lab1_2_COOL
C:   00000352  A$lab1-2-COOL$1779                 lab1_2_COOL
C:   00000352  C$lab1_2_COOL.c$229$1$75           lab1_2_COOL
C:   00000354  A$lab1-2-COOL$1780                 lab1_2_COOL
C:   00000356  A$lab1-2-COOL$1781                 lab1_2_COOL
C:   00000357  A$lab1-2-COOL$1782                 lab1_2_COOL
C:   00000359  A$lab1-2-COOL$1785                 lab1_2_COOL
C:   00000359  C$lab1_2_COOL.c$231$1$75           lab1_2_COOL
C:   0000035C  A$lab1-2-COOL$1788                 lab1_2_COOL
C:   0000035C  C$lab1_2_COOL.c$232$1$75           lab1_2_COOL
C:   0000035E  A$lab1-2-COOL$1789                 lab1_2_COOL
C:   00000360  A$lab1-2-COOL$1790                 lab1_2_COOL
C:   00000361  A$lab1-2-COOL$1791                 lab1_2_COOL
C:   00000363  A$lab1-2-COOL$1794                 lab1_2_COOL
C:   00000363  C$lab1_2_COOL.c$234$1$75           lab1_2_COOL
C:   00000363  XG$Port_Init$0$0                   lab1_2_COOL
C:   00000364  A$lab1-2-COOL$1807                 lab1_2_COOL
C:   00000364  C$lab1_2_COOL.c$236$1$75           lab1_2_COOL
C:   00000364  C$lab1_2_COOL.c$238$1$77           lab1_2_COOL
C:   00000364  G$Interrupt_Init$0$0               lab1_2_COOL
C:   00000364  _Interrupt_Init                    lab1_2_COOL
C:   00000366  A$lab1-2-COOL$1810                 lab1_2_COOL
C:   00000366  C$lab1_2_COOL.c$239$1$77           lab1_2_COOL
C:   00000368  A$lab1-2-COOL$1813                 lab1_2_COOL
C:   00000368  C$lab1_2_COOL.c$240$1$77           lab1_2_COOL
C:   00000368  XG$Interrupt_Init$0$0              lab1_2_COOL
C:   00000369  A$lab1-2-COOL$1826                 lab1_2_COOL
C:   00000369  C$lab1_2_COOL.c$242$1$77           lab1_2_COOL
C:   00000369  C$lab1_2_COOL.c$245$1$79           lab1_2_COOL
ASxxxx Linker V03.00 + NoICE + sdld,  page 38.
Hexadecimal  [32-Bits]

Area                                    Addr        Size        Decimal Bytes (Attributes)
--------------------------------        ----        ----        ------- ----- ------------
CSEG                                00000095    00000AAD =        2733. bytes (REL,CON,CODE)

      Value  Global                              Global Defined In Module
      -----  --------------------------------   ------------------------
C:   00000369  G$Timer_Init$0$0                   lab1_2_COOL
C:   00000369  _Timer_Init                        lab1_2_COOL
C:   0000036C  A$lab1-2-COOL$1829                 lab1_2_COOL
C:   0000036C  C$lab1_2_COOL.c$246$1$79           lab1_2_COOL
C:   0000036F  A$lab1-2-COOL$1832                 lab1_2_COOL
C:   0000036F  C$lab1_2_COOL.c$247$1$79           lab1_2_COOL
C:   00000372  A$lab1-2-COOL$1835                 lab1_2_COOL
C:   00000372  C$lab1_2_COOL.c$248$1$79           lab1_2_COOL
C:   00000374  A$lab1-2-COOL$1838                 lab1_2_COOL
C:   00000374  C$lab1_2_COOL.c$249$1$79           lab1_2_COOL
C:   00000377  A$lab1-2-COOL$1841                 lab1_2_COOL
C:   00000377  C$lab1_2_COOL.c$250$1$79           lab1_2_COOL
C:   0000037A  A$lab1-2-COOL$1844                 lab1_2_COOL
C:   0000037A  C$lab1_2_COOL.c$252$1$79           lab1_2_COOL
C:   0000037A  XG$Timer_Init$0$0                  lab1_2_COOL
C:   0000037B  A$lab1-2-COOL$1855                 lab1_2_COOL
C:   0000037B  C$lab1_2_COOL.c$256$1$79           lab1_2_COOL
C:   0000037B  G$Timer0_ISR$0$0                   lab1_2_COOL
C:   0000037B  _Timer0_ISR                        lab1_2_COOL
C:   0000037D  A$lab1-2-COOL$1856                 lab1_2_COOL
C:   0000037F  A$lab1-2-COOL$1859                 lab1_2_COOL
C:   0000037F  C$lab1_2_COOL.c$258$1$81           lab1_2_COOL
C:   00000381  A$lab1-2-COOL$1860                 lab1_2_COOL
C:   00000382  A$lab1-2-COOL$1861                 lab1_2_COOL
C:   00000385  A$lab1-2-COOL$1862                 lab1_2_COOL
C:   00000387  A$lab1-2-COOL$1866                 lab1_2_COOL
C:   00000387  C$lab1_2_COOL.c$259$1$81           lab1_2_COOL
C:   00000389  A$lab1-2-COOL$1867                 lab1_2_COOL
C:   0000038C  A$lab1-2-COOL$1868                 lab1_2_COOL
C:   0000038E  A$lab1-2-COOL$1869                 lab1_2_COOL
C:   00000391  A$lab1-2-COOL$1872                 lab1_2_COOL
C:   00000391  C$lab1_2_COOL.c$261$2$82           lab1_2_COOL
C:   00000393  A$lab1-2-COOL$1875                 lab1_2_COOL
C:   00000393  C$lab1_2_COOL.c$262$2$82           lab1_2_COOL
C:   00000394  A$lab1-2-COOL$1876                 lab1_2_COOL
C:   00000396  A$lab1-2-COOL$1877                 lab1_2_COOL
C:   00000398  A$lab1-2-COOL$1879                 lab1_2_COOL
C:   0000039A  A$lab1-2-COOL$1880                 lab1_2_COOL
C:   0000039C  A$lab1-2-COOL$1883                 lab1_2_COOL
C:   0000039C  C$lab1_2_COOL.c$264$1$81           lab1_2_COOL
C:   0000039C  XG$Timer0_ISR$0$0                  lab1_2_COOL
C:   0000039D  A$lab1-2-COOL$1900                 lab1_2_COOL
C:   0000039D  C$lab1_2_COOL.c$273$1$81           lab1_2_COOL
C:   0000039D  C$lab1_2_COOL.c$275$1$84           lab1_2_COOL
C:   0000039D  G$random$0$0                       lab1_2_COOL
C:   0000039D  _random                            lab1_2_COOL
C:   000003A0  A$lab1-2-COOL$1901                 lab1_2_COOL
C:   000003A3  A$lab1-2-COOL$1902                 lab1_2_COOL
C:   000003A6  A$lab1-2-COOL$1903                 lab1_2_COOL
C:   000003A9  A$lab1-2-COOL$1906                 lab1_2_COOL
C:   000003A9  C$lab1_2_COOL.c$279$1$84           lab1_2_COOL
ASxxxx Linker V03.00 + NoICE + sdld,  page 39.
Hexadecimal  [32-Bits]

Area                                    Addr        Size        Decimal Bytes (Attributes)
--------------------------------        ----        ----        ------- ----- ------------
CSEG                                00000095    00000AAD =        2733. bytes (REL,CON,CODE)

      Value  Global                              Global Defined In Module
      -----  --------------------------------   ------------------------
C:   000003A9  XG$random$0$0                      lab1_2_COOL
C:   000003AA  A$lab1-2-COOL$1919                 lab1_2_COOL
C:   000003AA  C$lab1_2_COOL.c$286$1$84           lab1_2_COOL
C:   000003AA  C$lab1_2_COOL.c$288$1$86           lab1_2_COOL
C:   000003AA  G$Button0$0$0                      lab1_2_COOL
C:   000003AA  _Button0                           lab1_2_COOL
C:   000003AD  A$lab1-2-COOL$1922                 lab1_2_COOL
C:   000003AD  C$lab1_2_COOL.c$290$2$87           lab1_2_COOL
C:   000003B0  A$lab1-2-COOL$1923                 lab1_2_COOL
C:   000003B2  A$lab1-2-COOL$1927                 lab1_2_COOL
C:   000003B2  C$lab1_2_COOL.c$292$1$86           lab1_2_COOL
C:   000003B5  A$lab1-2-COOL$1931                 lab1_2_COOL
C:   000003B5  C$lab1_2_COOL.c$293$1$86           lab1_2_COOL
C:   000003B5  XG$Button0$0$0                     lab1_2_COOL
C:   000003B6  A$lab1-2-COOL$1944                 lab1_2_COOL
C:   000003B6  C$lab1_2_COOL.c$295$1$86           lab1_2_COOL
C:   000003B6  C$lab1_2_COOL.c$297$1$89           lab1_2_COOL
C:   000003B6  G$Button1$0$0                      lab1_2_COOL
C:   000003B6  _Button1                           lab1_2_COOL
C:   000003B9  A$lab1-2-COOL$1947                 lab1_2_COOL
C:   000003B9  C$lab1_2_COOL.c$299$2$90           lab1_2_COOL
C:   000003BC  A$lab1-2-COOL$1948                 lab1_2_COOL
C:   000003BE  A$lab1-2-COOL$1952                 lab1_2_COOL
C:   000003BE  C$lab1_2_COOL.c$301$1$89           lab1_2_COOL
C:   000003C1  A$lab1-2-COOL$1956                 lab1_2_COOL
C:   000003C1  C$lab1_2_COOL.c$302$1$89           lab1_2_COOL
C:   000003C1  XG$Button1$0$0                     lab1_2_COOL
C:   000003C2  A$lab1-2-COOL$1969                 lab1_2_COOL
C:   000003C2  C$lab1_2_COOL.c$307$1$89           lab1_2_COOL
C:   000003C2  C$lab1_2_COOL.c$309$1$92           lab1_2_COOL
C:   000003C2  G$Switch$0$0                       lab1_2_COOL
C:   000003C2  _Switch                            lab1_2_COOL
C:   000003C5  A$lab1-2-COOL$1970                 lab1_2_COOL
C:   000003C8  A$lab1-2-COOL$1971                 lab1_2_COOL
C:   000003CA  A$lab1-2-COOL$1975                 lab1_2_COOL
C:   000003CA  C$lab1_2_COOL.c$310$1$92           lab1_2_COOL
C:   000003CD  A$lab1-2-COOL$1979                 lab1_2_COOL
C:   000003CD  C$lab1_2_COOL.c$311$1$92           lab1_2_COOL
C:   000003CD  XG$Switch$0$0                      lab1_2_COOL
C:   000003CE  _rand                              rand
C:   0000040A  _srand                             rand
C:   00000419  __mullong                          _mullong
C:   00000419  __mullong_dummy                    _mullong
C:   00000487  __moduint                          _moduint
C:   000004DF  _vprintf                           vprintf
C:   000004F8  _printf                            vprintf
C:   000005CA  __print_format                     printf_large
C:   00000AD4  _strlen                            _strlen
C:   00000AEC  __gptrget                          _gptrget
C:   00000B08  __modsint                          _modsint
C:   00000B3E  __sdcc_external_startup            _startup

ASxxxx Linker V03.00 + NoICE + sdld,  page 40.
Hexadecimal  [32-Bits]

Area                                    Addr        Size        Decimal Bytes (Attributes)
--------------------------------        ----        ----        ------- ----- ------------
CONST                               00000B42    00000056 =          86. bytes (REL,CON,CODE)

      Value  Global                              Global Defined In Module
      -----  --------------------------------   ------------------------
C:   00000B42  Flab1_2_COOL$__str_0$0$0           lab1_2_COOL
C:   00000B4A  Flab1_2_COOL$__str_1$0$0           lab1_2_COOL
C:   00000B6E  Flab1_2_COOL$__str_2$0$0           lab1_2_COOL
C:   00000B81  Flab1_2_COOL$__str_3$0$0           lab1_2_COOL

ASxxxx Linker V03.00 + NoICE + sdld,  page 41.

Files Linked                              [ module(s) ]

C:\Users\Kathryn\Desktop\LITEC\Lab 1\Lab 1_2\lab1-2-COOL.rel
                                          [  ]


Libraries Linked                          [ object file ]

C:\Program Files (x86)\SDCC\bin\..\lib\small/libsdcc.lib
                                          [ rand.rel ]
C:\Program Files (x86)\SDCC\bin\..\lib\small/mcs51.lib
                                          [ crtclear.rel ]
C:\Program Files (x86)\SDCC\bin\..\lib\small/mcs51.lib
                                          [ crtxinit.rel ]
C:\Program Files (x86)\SDCC\bin\..\lib\small/liblong.lib
                                          [ _mullong.rel ]
C:\Program Files (x86)\SDCC\bin\..\lib\small/libint.lib
                                          [ _moduint.rel ]
C:\Program Files (x86)\SDCC\bin\..\lib\small/mcs51.lib
                                          [ crtxclear.rel ]
C:\Program Files (x86)\SDCC\bin\..\lib\small/libsdcc.lib
                                          [ vprintf.rel ]
C:\Program Files (x86)\SDCC\bin\..\lib\small/libsdcc.lib
                                          [ printf_large.rel ]
C:\Program Files (x86)\SDCC\bin\..\lib\small/libsdcc.lib
                                          [ _strlen.rel ]
C:\Program Files (x86)\SDCC\bin\..\lib\small/mcs51.lib
                                          [ crtstart.rel ]
C:\Program Files (x86)\SDCC\bin\..\lib\small/libsdcc.lib
                                          [ _gptrget.rel ]
C:\Program Files (x86)\SDCC\bin\..\lib\small/libint.lib
                                          [ _modsint.rel ]
C:\Program Files (x86)\SDCC\bin\..\lib\small/libsdcc.lib
                                          [ _startup.rel ]
C:\Program Files (x86)\SDCC\bin\..\lib\small/libsdcc.lib
                                          [ _bp.rel ]

ASxxxx Linker V03.00 + NoICE + sdld,  page 42.

User Base Address Definitions

HOME = 0x0000
XSEG = 0x0001
PSEG = 0x0001
ISEG = 0x0000
BSEG = 0x0000

