ASxxxx Linker V03.00 + NoICE + sdld,  page 1.
Hexadecimal  [32-Bits]

Area                                    Addr        Size        Decimal Bytes (Attributes)
--------------------------------        ----        ----        ------- ----- ------------
CABS                                00000000    00000000 =           0. bytes (ABS,CON,CODE)

      Value  Global                              Global Defined In Module
      -----  --------------------------------   ------------------------
C:   00000000  l_BIT_BANK                      
C:   00000000  l_CABS                          
C:   00000000  l_GSINIT1                       
C:   00000000  l_GSINIT5                       
C:   00000000  l_IABS                          
C:   00000000  l_PSEG                          
C:   00000000  l_REG_BANK_1                    
C:   00000000  l_REG_BANK_2                    
C:   00000000  l_REG_BANK_3                    
C:   00000000  l_RSEG                          
C:   00000000  l_RSEG0                         
C:   00000000  l_RSEG1                         
C:   00000000  l_XABS                          
C:   00000000  l_XINIT                         
C:   00000000  l_XISEG                         
C:   00000000  l__CODE                         
C:   00000000  s_BSEG                          
C:   00000000  s_CABS                          
C:   00000000  s_DSEG                          
C:   00000000  s_HOME                          
C:   00000000  s_IABS                          
C:   00000000  s_REG_BANK_0                    
C:   00000000  s_RSEG                          
C:   00000000  s_RSEG0                         
C:   00000000  s_RSEG1                         
C:   00000000  s_XABS                          
C:   00000001  s_PSEG                          
C:   00000001  s_XSEG                          
C:   00000002  l_BSEG_BYTES                    
C:   00000003  l_GSFINAL                       
C:   00000003  l_GSINIT0                       
C:   00000006  l_ISEG                          
C:   00000006  l_OSEG                          
C:   00000008  l_REG_BANK_0                    
C:   00000008  s_REG_BANK_1                    
C:   0000000A  l_BSEG                          
C:   0000000A  l_GSINIT2                       
C:   00000010  s_REG_BANK_2                    
C:   00000011  s_OSEG                          
C:   00000017  s_ISEG                          
C:   00000018  s_BIT_BANK                      
C:   00000018  s_REG_BANK_3                    
C:   00000020  s_BSEG_BYTES                    
C:   00000020  s__CODE                         
C:   00000022  l_GSINIT3                       
C:   00000027  l_GSINIT                        
C:   0000002A  l_GSINIT4                       
C:   00000050  l_XSEG                          
C:   00000051  l_HOME                          
C:   00000051  s_GSINIT0                       
ASxxxx Linker V03.00 + NoICE + sdld,  page 2.
Hexadecimal  [32-Bits]

Area                                    Addr        Size        Decimal Bytes (Attributes)
--------------------------------        ----        ----        ------- ----- ------------
CABS                                00000000    00000000 =           0. bytes (ABS,CON,CODE)

      Value  Global                              Global Defined In Module
      -----  --------------------------------   ------------------------
C:   00000051  s_XISEG                         
C:   00000054  s_GSINIT1                       
C:   00000054  s_GSINIT2                       
C:   0000005E  s_GSINIT3                       
C:   0000005F  s_SSEG                          
C:   00000073  l_CONST                         
C:   0000007D  l_DSEG                          
C:   00000080  s_GSINIT4                       
C:   000000A1  l_SSEG                          
C:   000000AA  s_GSINIT                        
C:   000000AA  s_GSINIT5                       
C:   000000D1  s_GSFINAL                       
C:   000000D4  s_CSEG                          
C:   00000100  l_IRAM                          
C:   00000D48  l_CSEG                          
C:   00000E1C  s_CONST                         
C:   00000E8F  s_XINIT                         

ASxxxx Linker V03.00 + NoICE + sdld,  page 3.
Hexadecimal  [32-Bits]

Area                                    Addr        Size        Decimal Bytes (Attributes)
--------------------------------        ----        ----        ------- ----- ------------
.  .ABS.                            00000000    00000000 =           0. bytes (ABS,CON)

      Value  Global                              Global Defined In Module
      -----  --------------------------------   ------------------------
     00000000  .__.ABS.                           _startup
     00000080  G$P0$0$0                           Lab3_2_Steering
     00000080  G$P0_0$0$0                         Lab3_2_Steering
     00000080  _P0                                Lab3_2_Steering
     00000080  _P0_0                              Lab3_2_Steering
     00000081  G$P0_1$0$0                         Lab3_2_Steering
     00000081  G$SP$0$0                           Lab3_2_Steering
     00000081  _P0_1                              Lab3_2_Steering
     00000081  _SP                                Lab3_2_Steering
     00000082  G$DPL$0$0                          Lab3_2_Steering
     00000082  G$P0_2$0$0                         Lab3_2_Steering
     00000082  _DPL                               Lab3_2_Steering
     00000082  _P0_2                              Lab3_2_Steering
     00000083  G$BUS_SCL$0$0                      Lab3_2_Steering
     00000083  G$DPH$0$0                          Lab3_2_Steering
     00000083  G$P0_3$0$0                         Lab3_2_Steering
     00000083  _BUS_SCL                           Lab3_2_Steering
     00000083  _DPH                               Lab3_2_Steering
     00000083  _P0_3                              Lab3_2_Steering
     00000084  G$P0_4$0$0                         Lab3_2_Steering
     00000084  G$P4$0$0                           Lab3_2_Steering
     00000084  _P0_4                              Lab3_2_Steering
     00000084  _P4                                Lab3_2_Steering
     00000085  G$P0_5$0$0                         Lab3_2_Steering
     00000085  G$P5$0$0                           Lab3_2_Steering
     00000085  _P0_5                              Lab3_2_Steering
     00000085  _P5                                Lab3_2_Steering
     00000086  G$P0_6$0$0                         Lab3_2_Steering
     00000086  G$P6$0$0                           Lab3_2_Steering
     00000086  _P0_6                              Lab3_2_Steering
     00000086  _P6                                Lab3_2_Steering
     00000087  G$P0_7$0$0                         Lab3_2_Steering
     00000087  G$PCON$0$0                         Lab3_2_Steering
     00000087  _P0_7                              Lab3_2_Steering
     00000087  _PCON                              Lab3_2_Steering
     00000088  G$IT0$0$0                          Lab3_2_Steering
     00000088  G$TCON$0$0                         Lab3_2_Steering
     00000088  _IT0                               Lab3_2_Steering
     00000088  _TCON                              Lab3_2_Steering
     00000089  G$IE0$0$0                          Lab3_2_Steering
     00000089  G$TMOD$0$0                         Lab3_2_Steering
     00000089  _IE0                               Lab3_2_Steering
     00000089  _TMOD                              Lab3_2_Steering
     0000008A  G$IT1$0$0                          Lab3_2_Steering
     0000008A  G$TL0$0$0                          Lab3_2_Steering
     0000008A  _IT1                               Lab3_2_Steering
     0000008A  _TL0                               Lab3_2_Steering
     0000008B  G$IE1$0$0                          Lab3_2_Steering
     0000008B  G$TL1$0$0                          Lab3_2_Steering
     0000008B  _IE1                               Lab3_2_Steering
ASxxxx Linker V03.00 + NoICE + sdld,  page 4.
Hexadecimal  [32-Bits]

Area                                    Addr        Size        Decimal Bytes (Attributes)
--------------------------------        ----        ----        ------- ----- ------------
.  .ABS.                            00000000    00000000 =           0. bytes (ABS,CON)

      Value  Global                              Global Defined In Module
      -----  --------------------------------   ------------------------
     0000008B  _TL1                               Lab3_2_Steering
     0000008C  G$TH0$0$0                          Lab3_2_Steering
     0000008C  G$TR0$0$0                          Lab3_2_Steering
     0000008C  _TH0                               Lab3_2_Steering
     0000008C  _TR0                               Lab3_2_Steering
     0000008D  G$TF0$0$0                          Lab3_2_Steering
     0000008D  G$TH1$0$0                          Lab3_2_Steering
     0000008D  _TF0                               Lab3_2_Steering
     0000008D  _TH1                               Lab3_2_Steering
     0000008E  G$CKCON$0$0                        Lab3_2_Steering
     0000008E  G$TR1$0$0                          Lab3_2_Steering
     0000008E  _CKCON                             Lab3_2_Steering
     0000008E  _TR1                               Lab3_2_Steering
     0000008F  G$PSCTL$0$0                        Lab3_2_Steering
     0000008F  G$TF1$0$0                          Lab3_2_Steering
     0000008F  _PSCTL                             Lab3_2_Steering
     0000008F  _TF1                               Lab3_2_Steering
     00000090  G$P1$0$0                           Lab3_2_Steering
     00000090  G$P1_0$0$0                         Lab3_2_Steering
     00000090  _P1                                Lab3_2_Steering
     00000090  _P1_0                              Lab3_2_Steering
     00000091  G$P1_1$0$0                         Lab3_2_Steering
     00000091  G$TMR3CN$0$0                       Lab3_2_Steering
     00000091  _P1_1                              Lab3_2_Steering
     00000091  _TMR3CN                            Lab3_2_Steering
     00000092  G$P1_2$0$0                         Lab3_2_Steering
     00000092  G$TMR3RLL$0$0                      Lab3_2_Steering
     00000092  _P1_2                              Lab3_2_Steering
     00000092  _TMR3RLL                           Lab3_2_Steering
     00000093  G$P1_3$0$0                         Lab3_2_Steering
     00000093  G$TMR3RLH$0$0                      Lab3_2_Steering
     00000093  _P1_3                              Lab3_2_Steering
     00000093  _TMR3RLH                           Lab3_2_Steering
     00000094  G$P1_4$0$0                         Lab3_2_Steering
     00000094  G$TMR3L$0$0                        Lab3_2_Steering
     00000094  _P1_4                              Lab3_2_Steering
     00000094  _TMR3L                             Lab3_2_Steering
     00000095  G$P1_5$0$0                         Lab3_2_Steering
     00000095  G$TMR3H$0$0                        Lab3_2_Steering
     00000095  _P1_5                              Lab3_2_Steering
     00000095  _TMR3H                             Lab3_2_Steering
     00000096  G$P1_6$0$0                         Lab3_2_Steering
     00000096  G$P7$0$0                           Lab3_2_Steering
     00000096  _P1_6                              Lab3_2_Steering
     00000096  _P7                                Lab3_2_Steering
     00000097  G$P1_7$0$0                         Lab3_2_Steering
     00000097  _P1_7                              Lab3_2_Steering
     00000098  G$RI$0$0                           Lab3_2_Steering
     00000098  G$RI0$0$0                          Lab3_2_Steering
     00000098  G$SCON$0$0                         Lab3_2_Steering
     00000098  G$SCON0$0$0                        Lab3_2_Steering
ASxxxx Linker V03.00 + NoICE + sdld,  page 5.
Hexadecimal  [32-Bits]

Area                                    Addr        Size        Decimal Bytes (Attributes)
--------------------------------        ----        ----        ------- ----- ------------
.  .ABS.                            00000000    00000000 =           0. bytes (ABS,CON)

      Value  Global                              Global Defined In Module
      -----  --------------------------------   ------------------------
     00000098  _RI                                Lab3_2_Steering
     00000098  _RI0                               Lab3_2_Steering
     00000098  _SCON                              Lab3_2_Steering
     00000098  _SCON0                             Lab3_2_Steering
     00000099  G$SBUF$0$0                         Lab3_2_Steering
     00000099  G$SBUF0$0$0                        Lab3_2_Steering
     00000099  G$TI$0$0                           Lab3_2_Steering
     00000099  G$TI0$0$0                          Lab3_2_Steering
     00000099  _SBUF                              Lab3_2_Steering
     00000099  _SBUF0                             Lab3_2_Steering
     00000099  _TI                                Lab3_2_Steering
     00000099  _TI0                               Lab3_2_Steering
     0000009A  G$RB8$0$0                          Lab3_2_Steering
     0000009A  G$RB80$0$0                         Lab3_2_Steering
     0000009A  G$SPI0CFG$0$0                      Lab3_2_Steering
     0000009A  _RB8                               Lab3_2_Steering
     0000009A  _RB80                              Lab3_2_Steering
     0000009A  _SPI0CFG                           Lab3_2_Steering
     0000009B  G$SPI0DAT$0$0                      Lab3_2_Steering
     0000009B  G$TB8$0$0                          Lab3_2_Steering
     0000009B  G$TB80$0$0                         Lab3_2_Steering
     0000009B  _SPI0DAT                           Lab3_2_Steering
     0000009B  _TB8                               Lab3_2_Steering
     0000009B  _TB80                              Lab3_2_Steering
     0000009C  G$ADC1$0$0                         Lab3_2_Steering
     0000009C  G$REN$0$0                          Lab3_2_Steering
     0000009C  G$REN0$0$0                         Lab3_2_Steering
     0000009C  _ADC1                              Lab3_2_Steering
     0000009C  _REN                               Lab3_2_Steering
     0000009C  _REN0                              Lab3_2_Steering
     0000009D  G$MCE0$0$0                         Lab3_2_Steering
     0000009D  G$SM2$0$0                          Lab3_2_Steering
     0000009D  G$SM20$0$0                         Lab3_2_Steering
     0000009D  G$SPI0CKR$0$0                      Lab3_2_Steering
     0000009D  _MCE0                              Lab3_2_Steering
     0000009D  _SM2                               Lab3_2_Steering
     0000009D  _SM20                              Lab3_2_Steering
     0000009D  _SPI0CKR                           Lab3_2_Steering
     0000009E  G$CPT0CN$0$0                       Lab3_2_Steering
     0000009E  G$SM1$0$0                          Lab3_2_Steering
     0000009E  G$SM10$0$0                         Lab3_2_Steering
     0000009E  _CPT0CN                            Lab3_2_Steering
     0000009E  _SM1                               Lab3_2_Steering
     0000009E  _SM10                              Lab3_2_Steering
     0000009F  G$CPT1CN$0$0                       Lab3_2_Steering
     0000009F  G$S0MODE$0$0                       Lab3_2_Steering
     0000009F  G$SM0$0$0                          Lab3_2_Steering
     0000009F  G$SM00$0$0                         Lab3_2_Steering
     0000009F  _CPT1CN                            Lab3_2_Steering
     0000009F  _S0MODE                            Lab3_2_Steering
     0000009F  _SM0                               Lab3_2_Steering
ASxxxx Linker V03.00 + NoICE + sdld,  page 6.
Hexadecimal  [32-Bits]

Area                                    Addr        Size        Decimal Bytes (Attributes)
--------------------------------        ----        ----        ------- ----- ------------
.  .ABS.                            00000000    00000000 =           0. bytes (ABS,CON)

      Value  Global                              Global Defined In Module
      -----  --------------------------------   ------------------------
     0000009F  _SM00                              Lab3_2_Steering
     000000A0  G$P2$0$0                           Lab3_2_Steering
     000000A0  G$P2_0$0$0                         Lab3_2_Steering
     000000A0  _P2                                Lab3_2_Steering
     000000A0  _P2_0                              Lab3_2_Steering
     000000A1  G$EMI0TC$0$0                       Lab3_2_Steering
     000000A1  G$P2_1$0$0                         Lab3_2_Steering
     000000A1  _EMI0TC                            Lab3_2_Steering
     000000A1  _P2_1                              Lab3_2_Steering
     000000A2  G$P2_2$0$0                         Lab3_2_Steering
     000000A2  _P2_2                              Lab3_2_Steering
     000000A3  G$EMI0CF$0$0                       Lab3_2_Steering
     000000A3  G$P2_3$0$0                         Lab3_2_Steering
     000000A3  _EMI0CF                            Lab3_2_Steering
     000000A3  _P2_3                              Lab3_2_Steering
     000000A4  G$P0MDOUT$0$0                      Lab3_2_Steering
     000000A4  G$P2_4$0$0                         Lab3_2_Steering
     000000A4  G$PRT0CF$0$0                       Lab3_2_Steering
     000000A4  _P0MDOUT                           Lab3_2_Steering
     000000A4  _P2_4                              Lab3_2_Steering
     000000A4  _PRT0CF                            Lab3_2_Steering
     000000A5  G$P1MDOUT$0$0                      Lab3_2_Steering
     000000A5  G$P2_5$0$0                         Lab3_2_Steering
     000000A5  G$PRT1CF$0$0                       Lab3_2_Steering
     000000A5  _P1MDOUT                           Lab3_2_Steering
     000000A5  _P2_5                              Lab3_2_Steering
     000000A5  _PRT1CF                            Lab3_2_Steering
     000000A6  G$P2MDOUT$0$0                      Lab3_2_Steering
     000000A6  G$P2_6$0$0                         Lab3_2_Steering
     000000A6  G$PRT2CF$0$0                       Lab3_2_Steering
     000000A6  _P2MDOUT                           Lab3_2_Steering
     000000A6  _P2_6                              Lab3_2_Steering
     000000A6  _PRT2CF                            Lab3_2_Steering
     000000A7  G$P2_7$0$0                         Lab3_2_Steering
     000000A7  G$P3MDOUT$0$0                      Lab3_2_Steering
     000000A7  G$PRT3CF$0$0                       Lab3_2_Steering
     000000A7  _P2_7                              Lab3_2_Steering
     000000A7  _P3MDOUT                           Lab3_2_Steering
     000000A7  _PRT3CF                            Lab3_2_Steering
     000000A8  G$EX0$0$0                          Lab3_2_Steering
     000000A8  G$IE$0$0                           Lab3_2_Steering
     000000A8  _EX0                               Lab3_2_Steering
     000000A8  _IE                                Lab3_2_Steering
     000000A9  G$ET0$0$0                          Lab3_2_Steering
     000000A9  G$SADDR0$0$0                       Lab3_2_Steering
     000000A9  _ET0                               Lab3_2_Steering
     000000A9  _SADDR0                            Lab3_2_Steering
     000000AA  G$ADC1CN$0$0                       Lab3_2_Steering
     000000AA  G$EX1$0$0                          Lab3_2_Steering
     000000AA  _ADC1CN                            Lab3_2_Steering
     000000AA  _EX1                               Lab3_2_Steering
ASxxxx Linker V03.00 + NoICE + sdld,  page 7.
Hexadecimal  [32-Bits]

Area                                    Addr        Size        Decimal Bytes (Attributes)
--------------------------------        ----        ----        ------- ----- ------------
.  .ABS.                            00000000    00000000 =           0. bytes (ABS,CON)

      Value  Global                              Global Defined In Module
      -----  --------------------------------   ------------------------
     000000AB  G$ADC1CF$0$0                       Lab3_2_Steering
     000000AB  G$ET1$0$0                          Lab3_2_Steering
     000000AB  _ADC1CF                            Lab3_2_Steering
     000000AB  _ET1                               Lab3_2_Steering
     000000AC  G$AMX1SL$0$0                       Lab3_2_Steering
     000000AC  G$ES$0$0                           Lab3_2_Steering
     000000AC  G$ES0$0$0                          Lab3_2_Steering
     000000AC  _AMX1SL                            Lab3_2_Steering
     000000AC  _ES                                Lab3_2_Steering
     000000AC  _ES0                               Lab3_2_Steering
     000000AD  G$ET2$0$0                          Lab3_2_Steering
     000000AD  G$P3IF$0$0                         Lab3_2_Steering
     000000AD  _ET2                               Lab3_2_Steering
     000000AD  _P3IF                              Lab3_2_Steering
     000000AE  G$SADEN1$0$0                       Lab3_2_Steering
     000000AE  _SADEN1                            Lab3_2_Steering
     000000AF  G$EA$0$0                           Lab3_2_Steering
     000000AF  G$EMI0CN$0$0                       Lab3_2_Steering
     000000AF  G$_XPAGE$0$0                       Lab3_2_Steering
     000000AF  _EA                                Lab3_2_Steering
     000000AF  _EMI0CN                            Lab3_2_Steering
     000000AF  __XPAGE                            Lab3_2_Steering
     000000B0  G$P3$0$0                           Lab3_2_Steering
     000000B0  G$P3_0$0$0                         Lab3_2_Steering
     000000B0  _P3                                Lab3_2_Steering
     000000B0  _P3_0                              Lab3_2_Steering
     000000B1  G$OSCXCN$0$0                       Lab3_2_Steering
     000000B1  G$P3_1$0$0                         Lab3_2_Steering
     000000B1  _OSCXCN                            Lab3_2_Steering
     000000B1  _P3_1                              Lab3_2_Steering
     000000B2  G$OSCICN$0$0                       Lab3_2_Steering
     000000B2  G$P3_2$0$0                         Lab3_2_Steering
     000000B2  _OSCICN                            Lab3_2_Steering
     000000B2  _P3_2                              Lab3_2_Steering
     000000B3  G$P3_3$0$0                         Lab3_2_Steering
     000000B3  _P3_3                              Lab3_2_Steering
     000000B4  G$P3_4$0$0                         Lab3_2_Steering
     000000B4  _P3_4                              Lab3_2_Steering
     000000B5  G$P3_5$0$0                         Lab3_2_Steering
     000000B5  G$P74OUT$0$0                       Lab3_2_Steering
     000000B5  _P3_5                              Lab3_2_Steering
     000000B5  _P74OUT                            Lab3_2_Steering
     000000B6  G$FLSCL$0$0                        Lab3_2_Steering
     000000B6  G$P3_6$0$0                         Lab3_2_Steering
     000000B6  _FLSCL                             Lab3_2_Steering
     000000B6  _P3_6                              Lab3_2_Steering
     000000B7  G$FLACL$0$0                        Lab3_2_Steering
     000000B7  G$P3_7$0$0                         Lab3_2_Steering
     000000B7  _FLACL                             Lab3_2_Steering
     000000B7  _P3_7                              Lab3_2_Steering
     000000B8  G$IP$0$0                           Lab3_2_Steering
ASxxxx Linker V03.00 + NoICE + sdld,  page 8.
Hexadecimal  [32-Bits]

Area                                    Addr        Size        Decimal Bytes (Attributes)
--------------------------------        ----        ----        ------- ----- ------------
.  .ABS.                            00000000    00000000 =           0. bytes (ABS,CON)

      Value  Global                              Global Defined In Module
      -----  --------------------------------   ------------------------
     000000B8  G$PX0$0$0                          Lab3_2_Steering
     000000B8  _IP                                Lab3_2_Steering
     000000B8  _PX0                               Lab3_2_Steering
     000000B9  G$PT0$0$0                          Lab3_2_Steering
     000000B9  G$SADEN0$0$0                       Lab3_2_Steering
     000000B9  _PT0                               Lab3_2_Steering
     000000B9  _SADEN0                            Lab3_2_Steering
     000000BA  G$AMX0CF$0$0                       Lab3_2_Steering
     000000BA  G$PX1$0$0                          Lab3_2_Steering
     000000BA  _AMX0CF                            Lab3_2_Steering
     000000BA  _PX1                               Lab3_2_Steering
     000000BB  G$AMX0SL$0$0                       Lab3_2_Steering
     000000BB  G$PT1$0$0                          Lab3_2_Steering
     000000BB  _AMX0SL                            Lab3_2_Steering
     000000BB  _PT1                               Lab3_2_Steering
     000000BC  G$ADC0CF$0$0                       Lab3_2_Steering
     000000BC  G$PS$0$0                           Lab3_2_Steering
     000000BC  G$PS0$0$0                          Lab3_2_Steering
     000000BC  _ADC0CF                            Lab3_2_Steering
     000000BC  _PS                                Lab3_2_Steering
     000000BC  _PS0                               Lab3_2_Steering
     000000BD  G$P1MDIN$0$0                       Lab3_2_Steering
     000000BD  G$PT2$0$0                          Lab3_2_Steering
     000000BD  _P1MDIN                            Lab3_2_Steering
     000000BD  _PT2                               Lab3_2_Steering
     000000BE  G$ADC0L$0$0                        Lab3_2_Steering
     000000BE  _ADC0L                             Lab3_2_Steering
     000000BF  G$ADC0H$0$0                        Lab3_2_Steering
     000000BF  _ADC0H                             Lab3_2_Steering
     000000C0  G$BUS_TOE$0$0                      Lab3_2_Steering
     000000C0  G$SMB0CN$0$0                       Lab3_2_Steering
     000000C0  G$SMBTOE$0$0                       Lab3_2_Steering
     000000C0  _BUS_TOE                           Lab3_2_Steering
     000000C0  _SMB0CN                            Lab3_2_Steering
     000000C0  _SMBTOE                            Lab3_2_Steering
     000000C1  G$BUS_FTE$0$0                      Lab3_2_Steering
     000000C1  G$SMB0STA$0$0                      Lab3_2_Steering
     000000C1  G$SMBFTE$0$0                       Lab3_2_Steering
     000000C1  _BUS_FTE                           Lab3_2_Steering
     000000C1  _SMB0STA                           Lab3_2_Steering
     000000C1  _SMBFTE                            Lab3_2_Steering
     000000C2  G$AA$0$0                           Lab3_2_Steering
     000000C2  G$BUS_AA$0$0                       Lab3_2_Steering
     000000C2  G$SMB0DAT$0$0                      Lab3_2_Steering
     000000C2  _AA                                Lab3_2_Steering
     000000C2  _BUS_AA                            Lab3_2_Steering
     000000C2  _SMB0DAT                           Lab3_2_Steering
     000000C3  G$BUS_INT$0$0                      Lab3_2_Steering
     000000C3  G$SI$0$0                           Lab3_2_Steering
     000000C3  G$SMB0ADR$0$0                      Lab3_2_Steering
     000000C3  _BUS_INT                           Lab3_2_Steering
ASxxxx Linker V03.00 + NoICE + sdld,  page 9.
Hexadecimal  [32-Bits]

Area                                    Addr        Size        Decimal Bytes (Attributes)
--------------------------------        ----        ----        ------- ----- ------------
.  .ABS.                            00000000    00000000 =           0. bytes (ABS,CON)

      Value  Global                              Global Defined In Module
      -----  --------------------------------   ------------------------
     000000C3  _SI                                Lab3_2_Steering
     000000C3  _SMB0ADR                           Lab3_2_Steering
     000000C4  G$ADC0GTL$0$0                      Lab3_2_Steering
     000000C4  G$BUS_STOP$0$0                     Lab3_2_Steering
     000000C4  G$STO$0$0                          Lab3_2_Steering
     000000C4  _ADC0GTL                           Lab3_2_Steering
     000000C4  _BUS_STOP                          Lab3_2_Steering
     000000C4  _STO                               Lab3_2_Steering
     000000C5  G$ADC0GTH$0$0                      Lab3_2_Steering
     000000C5  G$BUS_START$0$0                    Lab3_2_Steering
     000000C5  G$STA$0$0                          Lab3_2_Steering
     000000C5  _ADC0GTH                           Lab3_2_Steering
     000000C5  _BUS_START                         Lab3_2_Steering
     000000C5  _STA                               Lab3_2_Steering
     000000C6  G$ADC0LTL$0$0                      Lab3_2_Steering
     000000C6  G$BUS_EN$0$0                       Lab3_2_Steering
     000000C6  G$ENSMB$0$0                        Lab3_2_Steering
     000000C6  _ADC0LTL                           Lab3_2_Steering
     000000C6  _BUS_EN                            Lab3_2_Steering
     000000C6  _ENSMB                             Lab3_2_Steering
     000000C7  G$ADC0LTH$0$0                      Lab3_2_Steering
     000000C7  G$BUSY$0$0                         Lab3_2_Steering
     000000C7  G$BUS_BUSY$0$0                     Lab3_2_Steering
     000000C7  _ADC0LTH                           Lab3_2_Steering
     000000C7  _BUSY                              Lab3_2_Steering
     000000C7  _BUS_BUSY                          Lab3_2_Steering
     000000C8  G$CPRL2$0$0                        Lab3_2_Steering
     000000C8  G$T2CON$0$0                        Lab3_2_Steering
     000000C8  _CPRL2                             Lab3_2_Steering
     000000C8  _T2CON                             Lab3_2_Steering
     000000C9  G$CT2$0$0                          Lab3_2_Steering
     000000C9  G$T4CON$0$0                        Lab3_2_Steering
     000000C9  _CT2                               Lab3_2_Steering
     000000C9  _T4CON                             Lab3_2_Steering
     000000CA  G$RCAP2L$0$0                       Lab3_2_Steering
     000000CA  G$TR2$0$0                          Lab3_2_Steering
     000000CA  _RCAP2L                            Lab3_2_Steering
     000000CA  _TR2                               Lab3_2_Steering
     000000CB  G$EXEN2$0$0                        Lab3_2_Steering
     000000CB  G$RCAP2H$0$0                       Lab3_2_Steering
     000000CB  _EXEN2                             Lab3_2_Steering
     000000CB  _RCAP2H                            Lab3_2_Steering
     000000CC  G$TCLK$0$0                         Lab3_2_Steering
     000000CC  G$TL2$0$0                          Lab3_2_Steering
     000000CC  _TCLK                              Lab3_2_Steering
     000000CC  _TL2                               Lab3_2_Steering
     000000CD  G$RCLK$0$0                         Lab3_2_Steering
     000000CD  G$TH2$0$0                          Lab3_2_Steering
     000000CD  _RCLK                              Lab3_2_Steering
     000000CD  _TH2                               Lab3_2_Steering
     000000CE  G$EXF2$0$0                         Lab3_2_Steering
ASxxxx Linker V03.00 + NoICE + sdld,  page 10.
Hexadecimal  [32-Bits]

Area                                    Addr        Size        Decimal Bytes (Attributes)
--------------------------------        ----        ----        ------- ----- ------------
.  .ABS.                            00000000    00000000 =           0. bytes (ABS,CON)

      Value  Global                              Global Defined In Module
      -----  --------------------------------   ------------------------
     000000CE  _EXF2                              Lab3_2_Steering
     000000CF  G$SMB0CR$0$0                       Lab3_2_Steering
     000000CF  G$TF2$0$0                          Lab3_2_Steering
     000000CF  _SMB0CR                            Lab3_2_Steering
     000000CF  _TF2                               Lab3_2_Steering
     000000D0  G$P$0$0                            Lab3_2_Steering
     000000D0  G$PSW$0$0                          Lab3_2_Steering
     000000D0  _P                                 Lab3_2_Steering
     000000D0  _PSW                               Lab3_2_Steering
     000000D1  G$F1$0$0                           Lab3_2_Steering
     000000D1  G$REF0CN$0$0                       Lab3_2_Steering
     000000D1  _F1                                Lab3_2_Steering
     000000D1  _REF0CN                            Lab3_2_Steering
     000000D2  G$DAC0L$0$0                        Lab3_2_Steering
     000000D2  G$OV$0$0                           Lab3_2_Steering
     000000D2  _DAC0L                             Lab3_2_Steering
     000000D2  _OV                                Lab3_2_Steering
     000000D3  G$DAC0H$0$0                        Lab3_2_Steering
     000000D3  G$RS0$0$0                          Lab3_2_Steering
     000000D3  _DAC0H                             Lab3_2_Steering
     000000D3  _RS0                               Lab3_2_Steering
     000000D4  G$DAC0CN$0$0                       Lab3_2_Steering
     000000D4  G$RS1$0$0                          Lab3_2_Steering
     000000D4  _DAC0CN                            Lab3_2_Steering
     000000D4  _RS1                               Lab3_2_Steering
     000000D5  G$DAC1L$0$0                        Lab3_2_Steering
     000000D5  G$F0$0$0                           Lab3_2_Steering
     000000D5  _DAC1L                             Lab3_2_Steering
     000000D5  _F0                                Lab3_2_Steering
     000000D6  G$AC$0$0                           Lab3_2_Steering
     000000D6  G$DAC1H$0$0                        Lab3_2_Steering
     000000D6  _AC                                Lab3_2_Steering
     000000D6  _DAC1H                             Lab3_2_Steering
     000000D7  G$CY$0$0                           Lab3_2_Steering
     000000D7  G$DAC1CN$0$0                       Lab3_2_Steering
     000000D7  _CY                                Lab3_2_Steering
     000000D7  _DAC1CN                            Lab3_2_Steering
     000000D8  G$CCF0$0$0                         Lab3_2_Steering
     000000D8  G$PCA0CN$0$0                       Lab3_2_Steering
     000000D8  _CCF0                              Lab3_2_Steering
     000000D8  _PCA0CN                            Lab3_2_Steering
     000000D9  G$CCF1$0$0                         Lab3_2_Steering
     000000D9  G$PCA0MD$0$0                       Lab3_2_Steering
     000000D9  _CCF1                              Lab3_2_Steering
     000000D9  _PCA0MD                            Lab3_2_Steering
     000000DA  G$CCF2$0$0                         Lab3_2_Steering
     000000DA  G$PCA0CPM0$0$0                     Lab3_2_Steering
     000000DA  _CCF2                              Lab3_2_Steering
     000000DA  _PCA0CPM0                          Lab3_2_Steering
     000000DB  G$CCF3$0$0                         Lab3_2_Steering
     000000DB  G$PCA0CPM1$0$0                     Lab3_2_Steering
ASxxxx Linker V03.00 + NoICE + sdld,  page 11.
Hexadecimal  [32-Bits]

Area                                    Addr        Size        Decimal Bytes (Attributes)
--------------------------------        ----        ----        ------- ----- ------------
.  .ABS.                            00000000    00000000 =           0. bytes (ABS,CON)

      Value  Global                              Global Defined In Module
      -----  --------------------------------   ------------------------
     000000DB  _CCF3                              Lab3_2_Steering
     000000DB  _PCA0CPM1                          Lab3_2_Steering
     000000DC  G$CCF4$0$0                         Lab3_2_Steering
     000000DC  G$PCA0CPM2$0$0                     Lab3_2_Steering
     000000DC  _CCF4                              Lab3_2_Steering
     000000DC  _PCA0CPM2                          Lab3_2_Steering
     000000DD  G$PCA0CPM3$0$0                     Lab3_2_Steering
     000000DD  _PCA0CPM3                          Lab3_2_Steering
     000000DE  G$CR$0$0                           Lab3_2_Steering
     000000DE  G$PCA0CPM4$0$0                     Lab3_2_Steering
     000000DE  _CR                                Lab3_2_Steering
     000000DE  _PCA0CPM4                          Lab3_2_Steering
     000000DF  G$CF$0$0                           Lab3_2_Steering
     000000DF  _CF                                Lab3_2_Steering
     000000E0  G$ACC$0$0                          Lab3_2_Steering
     000000E0  _ACC                               Lab3_2_Steering
     000000E1  G$XBR0$0$0                         Lab3_2_Steering
     000000E1  _XBR0                              Lab3_2_Steering
     000000E2  G$XBR1$0$0                         Lab3_2_Steering
     000000E2  _XBR1                              Lab3_2_Steering
     000000E3  G$XBR2$0$0                         Lab3_2_Steering
     000000E3  _XBR2                              Lab3_2_Steering
     000000E4  G$RCAP4L$0$0                       Lab3_2_Steering
     000000E4  _RCAP4L                            Lab3_2_Steering
     000000E5  G$RCAP4H$0$0                       Lab3_2_Steering
     000000E5  _RCAP4H                            Lab3_2_Steering
     000000E6  G$EIE1$0$0                         Lab3_2_Steering
     000000E6  _EIE1                              Lab3_2_Steering
     000000E7  G$EIE2$0$0                         Lab3_2_Steering
     000000E7  _EIE2                              Lab3_2_Steering
     000000E8  G$AD0LJST$0$0                      Lab3_2_Steering
     000000E8  G$ADC0CN$0$0                       Lab3_2_Steering
     000000E8  G$ADLJST$0$0                       Lab3_2_Steering
     000000E8  _AD0LJST                           Lab3_2_Steering
     000000E8  _ADC0CN                            Lab3_2_Steering
     000000E8  _ADLJST                            Lab3_2_Steering
     000000E9  G$AD0WINT$0$0                      Lab3_2_Steering
     000000E9  G$ADWINT$0$0                       Lab3_2_Steering
     000000E9  G$PCA0L$0$0                        Lab3_2_Steering
     000000E9  _AD0WINT                           Lab3_2_Steering
     000000E9  _ADWINT                            Lab3_2_Steering
     000000E9  _PCA0L                             Lab3_2_Steering
     000000EA  G$AD0CM0$0$0                       Lab3_2_Steering
     000000EA  G$ADSTM0$0$0                       Lab3_2_Steering
     000000EA  G$PCA0CPL0$0$0                     Lab3_2_Steering
     000000EA  _AD0CM0                            Lab3_2_Steering
     000000EA  _ADSTM0                            Lab3_2_Steering
     000000EA  _PCA0CPL0                          Lab3_2_Steering
     000000EB  G$AD0CM1$0$0                       Lab3_2_Steering
     000000EB  G$ADSTM1$0$0                       Lab3_2_Steering
     000000EB  G$PCA0CPL1$0$0                     Lab3_2_Steering
ASxxxx Linker V03.00 + NoICE + sdld,  page 12.
Hexadecimal  [32-Bits]

Area                                    Addr        Size        Decimal Bytes (Attributes)
--------------------------------        ----        ----        ------- ----- ------------
.  .ABS.                            00000000    00000000 =           0. bytes (ABS,CON)

      Value  Global                              Global Defined In Module
      -----  --------------------------------   ------------------------
     000000EB  _AD0CM1                            Lab3_2_Steering
     000000EB  _ADSTM1                            Lab3_2_Steering
     000000EB  _PCA0CPL1                          Lab3_2_Steering
     000000EC  G$AD0BUSY$0$0                      Lab3_2_Steering
     000000EC  G$ADBUSY$0$0                       Lab3_2_Steering
     000000EC  G$PCA0CPL2$0$0                     Lab3_2_Steering
     000000EC  _AD0BUSY                           Lab3_2_Steering
     000000EC  _ADBUSY                            Lab3_2_Steering
     000000EC  _PCA0CPL2                          Lab3_2_Steering
     000000ED  G$AD0INT$0$0                       Lab3_2_Steering
     000000ED  G$ADCINT$0$0                       Lab3_2_Steering
     000000ED  G$PCA0CPL3$0$0                     Lab3_2_Steering
     000000ED  _AD0INT                            Lab3_2_Steering
     000000ED  _ADCINT                            Lab3_2_Steering
     000000ED  _PCA0CPL3                          Lab3_2_Steering
     000000EE  G$AD0TM$0$0                        Lab3_2_Steering
     000000EE  G$ADCTM$0$0                        Lab3_2_Steering
     000000EE  G$PCA0CPL4$0$0                     Lab3_2_Steering
     000000EE  _AD0TM                             Lab3_2_Steering
     000000EE  _ADCTM                             Lab3_2_Steering
     000000EE  _PCA0CPL4                          Lab3_2_Steering
     000000EF  G$AD0EN$0$0                        Lab3_2_Steering
     000000EF  G$ADCEN$0$0                        Lab3_2_Steering
     000000EF  G$RSTSRC$0$0                       Lab3_2_Steering
     000000EF  _AD0EN                             Lab3_2_Steering
     000000EF  _ADCEN                             Lab3_2_Steering
     000000EF  _RSTSRC                            Lab3_2_Steering
     000000F0  G$B$0$0                            Lab3_2_Steering
     000000F0  _B                                 Lab3_2_Steering
     000000F1  G$SCON1$0$0                        Lab3_2_Steering
     000000F1  _SCON1                             Lab3_2_Steering
     000000F2  G$SBUF1$0$0                        Lab3_2_Steering
     000000F2  _SBUF1                             Lab3_2_Steering
     000000F3  G$SADDR1$0$0                       Lab3_2_Steering
     000000F3  _SADDR1                            Lab3_2_Steering
     000000F4  G$TL4$0$0                          Lab3_2_Steering
     000000F4  _TL4                               Lab3_2_Steering
     000000F5  G$TH4$0$0                          Lab3_2_Steering
     000000F5  _B_5                               _gptrget
     000000F5  _TH4                               Lab3_2_Steering
     000000F6  G$EIP1$0$0                         Lab3_2_Steering
     000000F6  _B_6                               _gptrget
     000000F6  _EIP1                              Lab3_2_Steering
     000000F7  G$EIP2$0$0                         Lab3_2_Steering
     000000F7  _B_7                               _gptrget
     000000F7  _EIP2                              Lab3_2_Steering
     000000F8  G$SPI0CN$0$0                       Lab3_2_Steering
     000000F8  G$SPIEN$0$0                        Lab3_2_Steering
     000000F8  _SPI0CN                            Lab3_2_Steering
     000000F8  _SPIEN                             Lab3_2_Steering
     000000F9  G$MSTEN$0$0                        Lab3_2_Steering
ASxxxx Linker V03.00 + NoICE + sdld,  page 13.
Hexadecimal  [32-Bits]

Area                                    Addr        Size        Decimal Bytes (Attributes)
--------------------------------        ----        ----        ------- ----- ------------
.  .ABS.                            00000000    00000000 =           0. bytes (ABS,CON)

      Value  Global                              Global Defined In Module
      -----  --------------------------------   ------------------------
     000000F9  G$PCA0H$0$0                        Lab3_2_Steering
     000000F9  _MSTEN                             Lab3_2_Steering
     000000F9  _PCA0H                             Lab3_2_Steering
     000000FA  G$PCA0CPH0$0$0                     Lab3_2_Steering
     000000FA  G$SLVSEL$0$0                       Lab3_2_Steering
     000000FA  _PCA0CPH0                          Lab3_2_Steering
     000000FA  _SLVSEL                            Lab3_2_Steering
     000000FB  G$PCA0CPH1$0$0                     Lab3_2_Steering
     000000FB  G$TXBSY$0$0                        Lab3_2_Steering
     000000FB  _PCA0CPH1                          Lab3_2_Steering
     000000FB  _TXBSY                             Lab3_2_Steering
     000000FC  G$PCA0CPH2$0$0                     Lab3_2_Steering
     000000FC  G$RXOVRN$0$0                       Lab3_2_Steering
     000000FC  _PCA0CPH2                          Lab3_2_Steering
     000000FC  _RXOVRN                            Lab3_2_Steering
     000000FD  G$MODF$0$0                         Lab3_2_Steering
     000000FD  G$PCA0CPH3$0$0                     Lab3_2_Steering
     000000FD  _MODF                              Lab3_2_Steering
     000000FD  _PCA0CPH3                          Lab3_2_Steering
     000000FE  G$PCA0CPH4$0$0                     Lab3_2_Steering
     000000FE  G$WCOL$0$0                         Lab3_2_Steering
     000000FE  _PCA0CPH4                          Lab3_2_Steering
     000000FE  _WCOL                              Lab3_2_Steering
     000000FF  G$SPIF$0$0                         Lab3_2_Steering
     000000FF  G$WDTCN$0$0                        Lab3_2_Steering
     000000FF  _SPIF                              Lab3_2_Steering
     000000FF  _WDTCN                             Lab3_2_Steering
     00008C8A  G$TMR0$0$0                         Lab3_2_Steering
     00008C8A  _TMR0                              Lab3_2_Steering
     00008D8B  G$TMR1$0$0                         Lab3_2_Steering
     00008D8B  _TMR1                              Lab3_2_Steering
     00009392  G$TMR3RL$0$0                       Lab3_2_Steering
     00009392  _TMR3RL                            Lab3_2_Steering
     00009594  G$TMR3$0$0                         Lab3_2_Steering
     00009594  _TMR3                              Lab3_2_Steering
     0000BFBE  G$ADC0$0$0                         Lab3_2_Steering
     0000BFBE  _ADC0                              Lab3_2_Steering
     0000C5C4  G$ADC0GT$0$0                       Lab3_2_Steering
     0000C5C4  _ADC0GT                            Lab3_2_Steering
     0000C7C6  G$ADC0LT$0$0                       Lab3_2_Steering
     0000C7C6  _ADC0LT                            Lab3_2_Steering
     0000CBCA  G$RCAP2$0$0                        Lab3_2_Steering
     0000CBCA  _RCAP2                             Lab3_2_Steering
     0000CDCC  G$TMR2$0$0                         Lab3_2_Steering
     0000CDCC  _TMR2                              Lab3_2_Steering
     0000D3D2  G$DAC0$0$0                         Lab3_2_Steering
     0000D3D2  _DAC0                              Lab3_2_Steering
     0000D6D5  G$DAC1$0$0                         Lab3_2_Steering
     0000D6D5  _DAC1                              Lab3_2_Steering
     0000E5E4  G$RCAP4$0$0                        Lab3_2_Steering
     0000E5E4  _RCAP4                             Lab3_2_Steering
ASxxxx Linker V03.00 + NoICE + sdld,  page 14.
Hexadecimal  [32-Bits]

Area                                    Addr        Size        Decimal Bytes (Attributes)
--------------------------------        ----        ----        ------- ----- ------------
.  .ABS.                            00000000    00000000 =           0. bytes (ABS,CON)

      Value  Global                              Global Defined In Module
      -----  --------------------------------   ------------------------
     0000F5F4  G$TMR4$0$0                         Lab3_2_Steering
     0000F5F4  _TMR4                              Lab3_2_Steering
     0000F9E9  G$PCA0$0$0                         Lab3_2_Steering
     0000F9E9  _PCA0                              Lab3_2_Steering
     0000FAEA  G$PCA0CP0$0$0                      Lab3_2_Steering
     0000FAEA  _PCA0CP0                           Lab3_2_Steering
     0000FBEB  G$PCA0CP1$0$0                      Lab3_2_Steering
     0000FBEB  _PCA0CP1                           Lab3_2_Steering
     0000FCEC  G$PCA0CP2$0$0                      Lab3_2_Steering
     0000FCEC  _PCA0CP2                           Lab3_2_Steering
     0000FDED  G$PCA0CP3$0$0                      Lab3_2_Steering
     0000FDED  _PCA0CP3                           Lab3_2_Steering
     0000FEEE  G$PCA0CP4$0$0                      Lab3_2_Steering
     0000FEEE  _PCA0CP4                           Lab3_2_Steering

ASxxxx Linker V03.00 + NoICE + sdld,  page 15.
Hexadecimal  [32-Bits]

Area                                    Addr        Size        Decimal Bytes (Attributes)
--------------------------------        ----        ----        ------- ----- ------------
BSEG_BYTES                          00000020    00000002 =           2. bytes (REL,CON)

      Value  Global                              Global Defined In Module
      -----  --------------------------------   ------------------------
ASxxxx Linker V03.00 + NoICE + sdld,  page 16.
Hexadecimal  [32-Bits]

Area                                    Addr        Size        Decimal Bytes (Attributes)
--------------------------------        ----        ----        ------- ----- ------------
REG_BANK_0                          00000000    00000008 =           8. bytes (REL,OVR)

      Value  Global                              Global Defined In Module
      -----  --------------------------------   ------------------------
ASxxxx Linker V03.00 + NoICE + sdld,  page 17.
Hexadecimal  [32-Bits]

Area                                    Addr        Size        Decimal Bytes (Attributes)
--------------------------------        ----        ----        ------- ----- ------------
DSEG                                00000000    0000007D =         125. bytes (REL,CON)

      Value  Global                              Global Defined In Module
      -----  --------------------------------   ------------------------
     00000008  _vsprintf_PARM_2                   sprintf
     0000000B  _vsprintf_PARM_3                   sprintf
     0000000F  _bp                                _bp
     00000010  _vprintf_PARM_2                    vprintf
     00000022  LLab3_2_Steering.lcd_clear$NumBy   Lab3_2_Steering
     00000023  LLab3_2_Steering.lcd_clear$Cmd$1   Lab3_2_Steering
     00000025  LLab3_2_Steering.read_keypad$Dat   Lab3_2_Steering
     00000027  LLab3_2_Steering.i2c_write_data$   Lab3_2_Steering
     00000027  _i2c_write_data_PARM_2             Lab3_2_Steering
     00000028  LLab3_2_Steering.i2c_write_data$   Lab3_2_Steering
     00000028  _i2c_write_data_PARM_3             Lab3_2_Steering
     0000002B  LLab3_2_Steering.i2c_write_data$   Lab3_2_Steering
     0000002B  _i2c_write_data_PARM_4             Lab3_2_Steering
     0000002C  LLab3_2_Steering.i2c_read_data$s   Lab3_2_Steering
     0000002C  _i2c_read_data_PARM_2              Lab3_2_Steering
     0000002D  LLab3_2_Steering.i2c_read_data$b   Lab3_2_Steering
     0000002D  _i2c_read_data_PARM_3              Lab3_2_Steering
     00000030  LLab3_2_Steering.i2c_read_data$n   Lab3_2_Steering
     00000030  _i2c_read_data_PARM_4              Lab3_2_Steering
     00000031  LLab3_2_Steering.Accel_Init$Data   Lab3_2_Steering
     00000032  G$PCA_START$0$0                    Lab3_2_Steering
     00000032  _PCA_START                         Lab3_2_Steering
     00000034  G$PW_CENTER$0$0                    Lab3_2_Steering
     00000034  _PW_CENTER                         Lab3_2_Steering
     00000036  G$PW_MIN$0$0                       Lab3_2_Steering
     00000036  _PW_MIN                            Lab3_2_Steering
     00000038  G$PW_MAX$0$0                       Lab3_2_Steering
     00000038  _PW_MAX                            Lab3_2_Steering
     0000003A  G$PW$0$0                           Lab3_2_Steering
     0000003A  _PW                                Lab3_2_Steering
     0000003C  G$counts$0$0                       Lab3_2_Steering
     0000003C  _counts                            Lab3_2_Steering
     0000003E  G$new_heading$0$0                  Lab3_2_Steering
     0000003E  _new_heading                       Lab3_2_Steering
     0000003F  G$h_count$0$0                      Lab3_2_Steering
     0000003F  _h_count                           Lab3_2_Steering
     00000040  G$heading$0$0                      Lab3_2_Steering
     00000040  _heading                           Lab3_2_Steering
     00000042  G$heading_delay$0$0                Lab3_2_Steering
     00000042  _heading_delay                     Lab3_2_Steering
     00000043  LLab3_2_Steering.ReadCompass$Dat   Lab3_2_Steering
     00000051  __print_format_PARM_2              printf_large
     00000054  __print_format_PARM_3              printf_large
     00000057  __print_format_PARM_4              printf_large

ASxxxx Linker V03.00 + NoICE + sdld,  page 18.
Hexadecimal  [32-Bits]

Area                                    Addr        Size        Decimal Bytes (Attributes)
--------------------------------        ----        ----        ------- ----- ------------
OSEG                                00000011    00000006 =           6. bytes (REL,OVR)

      Value  Global                              Global Defined In Module
      -----  --------------------------------   ------------------------
     00000011  __divsint_PARM_2                   _divuint
     00000011  __divuint_PARM_2                   _divuint
     00000011  __gptrput_PARM_2                   _gptrput
     00000011  __mulint_PARM_2                    _mulint

ASxxxx Linker V03.00 + NoICE + sdld,  page 19.
Hexadecimal  [32-Bits]

Area                                    Addr        Size        Decimal Bytes (Attributes)
--------------------------------        ----        ----        ------- ----- ------------
ISEG                                00000017    00000006 =           6. bytes (REL,CON)

      Value  Global                              Global Defined In Module
      -----  --------------------------------   ------------------------
ASxxxx Linker V03.00 + NoICE + sdld,  page 20.
Hexadecimal  [32-Bits]

Area                                    Addr        Size        Decimal Bytes (Attributes)
--------------------------------        ----        ----        ------- ----- ------------
SSEG                                0000005F    000000A1 =         161. bytes (REL,OVR)

      Value  Global                              Global Defined In Module
      -----  --------------------------------   ------------------------
     0000005F  __start__stack                     Lab3_2_Steering

ASxxxx Linker V03.00 + NoICE + sdld,  page 21.
Hexadecimal  [32-Bits]

Area                                    Addr        Size        Decimal Bytes (Attributes)
--------------------------------        ----        ----        ------- ----- ------------
XSEG                                00000001    00000050 =          80. bytes (REL,CON,XDATA)

      Value  Global                              Global Defined In Module
      -----  --------------------------------   ------------------------
D:   00000001  LLab3_2_Steering.lcd_print$text$   Lab3_2_Steering

ASxxxx Linker V03.00 + NoICE + sdld,  page 22.
Hexadecimal  [32-Bits]

Area                                    Addr        Size        Decimal Bytes (Attributes)
--------------------------------        ----        ----        ------- ----- ------------
HOME                                00000000    00000051 =          81. bytes (REL,CON,CODE)

      Value  Global                              Global Defined In Module
      -----  --------------------------------   ------------------------
C:   00000000  A$Lab3_2_Steering$1056             Lab3_2_Steering
C:   00000003  A$Lab3_2_Steering$1057             Lab3_2_Steering
C:   0000000B  A$Lab3_2_Steering$1059             Lab3_2_Steering
C:   00000013  A$Lab3_2_Steering$1061             Lab3_2_Steering
C:   0000001B  A$Lab3_2_Steering$1063             Lab3_2_Steering
C:   00000023  A$Lab3_2_Steering$1065             Lab3_2_Steering
C:   0000002B  A$Lab3_2_Steering$1067             Lab3_2_Steering
C:   00000033  A$Lab3_2_Steering$1069             Lab3_2_Steering
C:   0000003B  A$Lab3_2_Steering$1071             Lab3_2_Steering
C:   00000043  A$Lab3_2_Steering$1073             Lab3_2_Steering
C:   0000004B  A$Lab3_2_Steering$1075             Lab3_2_Steering
C:   0000004E  A$Lab3_2_Steering$1134             Lab3_2_Steering
C:   0000004E  __sdcc_program_startup             Lab3_2_Steering

ASxxxx Linker V03.00 + NoICE + sdld,  page 23.
Hexadecimal  [32-Bits]

Area                                    Addr        Size        Decimal Bytes (Attributes)
--------------------------------        ----        ----        ------- ----- ------------
GSINIT0                             00000051    00000003 =           3. bytes (REL,CON,CODE)

      Value  Global                              Global Defined In Module
      -----  --------------------------------   ------------------------
C:   00000051  __sdcc_gsinit_startup              

ASxxxx Linker V03.00 + NoICE + sdld,  page 24.
Hexadecimal  [32-Bits]

Area                                    Addr        Size        Decimal Bytes (Attributes)
--------------------------------        ----        ----        ------- ----- ------------
GSINIT2                             00000054    0000000A =          10. bytes (REL,CON,CODE)

      Value  Global                              Global Defined In Module
      -----  --------------------------------   ------------------------
ASxxxx Linker V03.00 + NoICE + sdld,  page 25.
Hexadecimal  [32-Bits]

Area                                    Addr        Size        Decimal Bytes (Attributes)
--------------------------------        ----        ----        ------- ----- ------------
GSINIT3                             0000005E    00000022 =          34. bytes (REL,CON,CODE)

      Value  Global                              Global Defined In Module
      -----  --------------------------------   ------------------------
C:   0000005E  __mcs51_genXINIT                   

ASxxxx Linker V03.00 + NoICE + sdld,  page 26.
Hexadecimal  [32-Bits]

Area                                    Addr        Size        Decimal Bytes (Attributes)
--------------------------------        ----        ----        ------- ----- ------------
GSINIT4                             00000080    0000002A =          42. bytes (REL,CON,CODE)

      Value  Global                              Global Defined In Module
      -----  --------------------------------   ------------------------
C:   00000080  __mcs51_genRAMCLEAR                
C:   00000086  __mcs51_genXRAMCLEAR               

ASxxxx Linker V03.00 + NoICE + sdld,  page 27.
Hexadecimal  [32-Bits]

Area                                    Addr        Size        Decimal Bytes (Attributes)
--------------------------------        ----        ----        ------- ----- ------------
GSINIT                              000000AA    00000027 =          39. bytes (REL,CON,CODE)

      Value  Global                              Global Defined In Module
      -----  --------------------------------   ------------------------
C:   000000AA  A$Lab3_2_Steering$1091             Lab3_2_Steering
C:   000000AA  C$Lab3_2_Steering.c$29$1$126       Lab3_2_Steering
C:   000000AD  A$Lab3_2_Steering$1092             Lab3_2_Steering
C:   000000B0  A$Lab3_2_Steering$1095             Lab3_2_Steering
C:   000000B0  C$Lab3_2_Steering.c$30$1$126       Lab3_2_Steering
C:   000000B3  A$Lab3_2_Steering$1096             Lab3_2_Steering
C:   000000B6  A$Lab3_2_Steering$1099             Lab3_2_Steering
C:   000000B6  C$Lab3_2_Steering.c$31$1$126       Lab3_2_Steering
C:   000000B9  A$Lab3_2_Steering$1100             Lab3_2_Steering
C:   000000BC  A$Lab3_2_Steering$1103             Lab3_2_Steering
C:   000000BC  C$Lab3_2_Steering.c$32$1$126       Lab3_2_Steering
C:   000000BF  A$Lab3_2_Steering$1104             Lab3_2_Steering
C:   000000C2  A$Lab3_2_Steering$1107             Lab3_2_Steering
C:   000000C2  C$Lab3_2_Steering.c$33$1$126       Lab3_2_Steering
C:   000000C3  A$Lab3_2_Steering$1108             Lab3_2_Steering
C:   000000C5  A$Lab3_2_Steering$1109             Lab3_2_Steering
C:   000000C7  A$Lab3_2_Steering$1112             Lab3_2_Steering
C:   000000C7  C$Lab3_2_Steering.c$34$1$126       Lab3_2_Steering
C:   000000C9  A$Lab3_2_Steering$1113             Lab3_2_Steering
C:   000000CB  A$Lab3_2_Steering$1117             Lab3_2_Steering
C:   000000CB  C$Lab3_2_Steering.c$35$1$126       Lab3_2_Steering
C:   000000CD  A$Lab3_2_Steering$1121             Lab3_2_Steering
C:   000000CD  C$Lab3_2_Steering.c$36$1$126       Lab3_2_Steering
C:   000000CF  A$Lab3_2_Steering$1125             Lab3_2_Steering
C:   000000CF  C$Lab3_2_Steering.c$38$1$126       Lab3_2_Steering

ASxxxx Linker V03.00 + NoICE + sdld,  page 28.
Hexadecimal  [32-Bits]

Area                                    Addr        Size        Decimal Bytes (Attributes)
--------------------------------        ----        ----        ------- ----- ------------
GSFINAL                             000000D1    00000003 =           3. bytes (REL,CON,CODE)

      Value  Global                              Global Defined In Module
      -----  --------------------------------   ------------------------
C:   000000D1  A$Lab3_2_Steering$1127             Lab3_2_Steering

ASxxxx Linker V03.00 + NoICE + sdld,  page 29.
Hexadecimal  [32-Bits]

Area                                    Addr        Size        Decimal Bytes (Attributes)
--------------------------------        ----        ----        ------- ----- ------------
CSEG                                000000D4    00000D48 =        3400. bytes (REL,CON,CODE)

      Value  Global                              Global Defined In Module
      -----  --------------------------------   ------------------------
C:   000000D4  A$Lab3_2_Steering$1162             Lab3_2_Steering
C:   000000D4  C$c8051_SDCC.h$42$0$0              Lab3_2_Steering
C:   000000D4  C$c8051_SDCC.h$46$1$2              Lab3_2_Steering
C:   000000D4  G$SYSCLK_Init$0$0                  Lab3_2_Steering
C:   000000D4  _SYSCLK_Init                       Lab3_2_Steering
C:   000000D7  A$Lab3_2_Steering$1165             Lab3_2_Steering
C:   000000D7  C$c8051_SDCC.h$49$1$2              Lab3_2_Steering
C:   000000D9  A$Lab3_2_Steering$1166             Lab3_2_Steering
C:   000000DB  A$Lab3_2_Steering$1168             Lab3_2_Steering
C:   000000DC  A$Lab3_2_Steering$1169             Lab3_2_Steering
C:   000000DF  A$Lab3_2_Steering$1170             Lab3_2_Steering
C:   000000E0  A$Lab3_2_Steering$1172             Lab3_2_Steering
C:   000000E1  A$Lab3_2_Steering$1173             Lab3_2_Steering
C:   000000E2  A$Lab3_2_Steering$1174             Lab3_2_Steering
C:   000000E4  A$Lab3_2_Steering$1178             Lab3_2_Steering
C:   000000E4  C$c8051_SDCC.h$51$1$2              Lab3_2_Steering
C:   000000E6  A$Lab3_2_Steering$1179             Lab3_2_Steering
C:   000000E9  A$Lab3_2_Steering$1182             Lab3_2_Steering
C:   000000E9  C$c8051_SDCC.h$53$1$2              Lab3_2_Steering
C:   000000EC  A$Lab3_2_Steering$1185             Lab3_2_Steering
C:   000000EC  C$c8051_SDCC.h$56$1$2              Lab3_2_Steering
C:   000000EC  XG$SYSCLK_Init$0$0                 Lab3_2_Steering
C:   000000ED  A$Lab3_2_Steering$1198             Lab3_2_Steering
C:   000000ED  C$c8051_SDCC.h$64$1$2              Lab3_2_Steering
C:   000000ED  C$c8051_SDCC.h$66$1$4              Lab3_2_Steering
C:   000000ED  G$UART0_Init$0$0                   Lab3_2_Steering
C:   000000ED  _UART0_Init                        Lab3_2_Steering
C:   000000F0  A$Lab3_2_Steering$1201             Lab3_2_Steering
C:   000000F0  C$c8051_SDCC.h$67$1$4              Lab3_2_Steering
C:   000000F3  A$Lab3_2_Steering$1204             Lab3_2_Steering
C:   000000F3  C$c8051_SDCC.h$68$1$4              Lab3_2_Steering
C:   000000F6  A$Lab3_2_Steering$1207             Lab3_2_Steering
C:   000000F6  C$c8051_SDCC.h$69$1$4              Lab3_2_Steering
C:   000000F8  A$Lab3_2_Steering$1210             Lab3_2_Steering
C:   000000F8  C$c8051_SDCC.h$70$1$4              Lab3_2_Steering
C:   000000FB  A$Lab3_2_Steering$1213             Lab3_2_Steering
C:   000000FB  C$c8051_SDCC.h$71$1$4              Lab3_2_Steering
C:   000000FE  A$Lab3_2_Steering$1216             Lab3_2_Steering
C:   000000FE  C$c8051_SDCC.h$73$1$4              Lab3_2_Steering
C:   00000100  A$Lab3_2_Steering$1219             Lab3_2_Steering
C:   00000100  C$c8051_SDCC.h$74$1$4              Lab3_2_Steering
C:   00000103  A$Lab3_2_Steering$1222             Lab3_2_Steering
C:   00000103  C$c8051_SDCC.h$75$1$4              Lab3_2_Steering
C:   00000103  XG$UART0_Init$0$0                  Lab3_2_Steering
C:   00000104  A$Lab3_2_Steering$1235             Lab3_2_Steering
C:   00000104  C$c8051_SDCC.h$83$1$4              Lab3_2_Steering
C:   00000104  C$c8051_SDCC.h$85$1$6              Lab3_2_Steering
C:   00000104  G$Sys_Init$0$0                     Lab3_2_Steering
C:   00000104  _Sys_Init                          Lab3_2_Steering
C:   00000107  A$Lab3_2_Steering$1238             Lab3_2_Steering
ASxxxx Linker V03.00 + NoICE + sdld,  page 30.
Hexadecimal  [32-Bits]

Area                                    Addr        Size        Decimal Bytes (Attributes)
--------------------------------        ----        ----        ------- ----- ------------
CSEG                                000000D4    00000D48 =        3400. bytes (REL,CON,CODE)

      Value  Global                              Global Defined In Module
      -----  --------------------------------   ------------------------
C:   00000107  C$c8051_SDCC.h$86$1$6              Lab3_2_Steering
C:   0000010A  A$Lab3_2_Steering$1241             Lab3_2_Steering
C:   0000010A  C$c8051_SDCC.h$88$1$6              Lab3_2_Steering
C:   0000010D  A$Lab3_2_Steering$1244             Lab3_2_Steering
C:   0000010D  C$c8051_SDCC.h$89$1$6              Lab3_2_Steering
C:   00000110  A$Lab3_2_Steering$1247             Lab3_2_Steering
C:   00000110  C$c8051_SDCC.h$91$1$6              Lab3_2_Steering
C:   00000113  A$Lab3_2_Steering$1250             Lab3_2_Steering
C:   00000113  C$c8051_SDCC.h$92$1$6              Lab3_2_Steering
C:   00000116  A$Lab3_2_Steering$1253             Lab3_2_Steering
C:   00000116  C$c8051_SDCC.h$93$1$6              Lab3_2_Steering
C:   00000116  XG$Sys_Init$0$0                    Lab3_2_Steering
C:   00000117  A$Lab3_2_Steering$1266             Lab3_2_Steering
C:   00000117  C$c8051_SDCC.h$98$1$6              Lab3_2_Steering
C:   00000117  G$putchar$0$0                      Lab3_2_Steering
C:   00000117  _putchar                           Lab3_2_Steering
C:   00000119  A$Lab3_2_Steering$1272             Lab3_2_Steering
C:   00000119  C$c8051_SDCC.h$100$1$8             Lab3_2_Steering
C:   00000119  C$c8051_SDCC.h$101$1$8             Lab3_2_Steering
C:   0000011C  A$Lab3_2_Steering$1273             Lab3_2_Steering
C:   0000011E  A$Lab3_2_Steering$1277             Lab3_2_Steering
C:   0000011E  C$c8051_SDCC.h$102$1$8             Lab3_2_Steering
C:   00000120  A$Lab3_2_Steering$1280             Lab3_2_Steering
C:   00000120  C$c8051_SDCC.h$103$1$8             Lab3_2_Steering
C:   00000120  XG$putchar$0$0                     Lab3_2_Steering
C:   00000121  A$Lab3_2_Steering$1298             Lab3_2_Steering
C:   00000121  C$c8051_SDCC.h$108$1$8             Lab3_2_Steering
C:   00000121  C$c8051_SDCC.h$111$1$10            Lab3_2_Steering
C:   00000121  C$c8051_SDCC.h$112$1$10            Lab3_2_Steering
C:   00000121  G$getchar$0$0                      Lab3_2_Steering
C:   00000124  A$Lab3_2_Steering$1299             Lab3_2_Steering
C:   00000126  A$Lab3_2_Steering$1303             Lab3_2_Steering
C:   00000126  C$c8051_SDCC.h$113$1$10            Lab3_2_Steering
C:   00000129  A$Lab3_2_Steering$1306             Lab3_2_Steering
C:   00000129  C$c8051_SDCC.h$114$1$10            Lab3_2_Steering
C:   0000012C  A$Lab3_2_Steering$1309             Lab3_2_Steering
C:   0000012C  C$c8051_SDCC.h$115$1$10            Lab3_2_Steering
C:   0000012F  A$Lab3_2_Steering$1312             Lab3_2_Steering
C:   0000012F  C$c8051_SDCC.h$116$1$10            Lab3_2_Steering
C:   0000012F  XG$getchar$0$0                     Lab3_2_Steering
C:   00000130  A$Lab3_2_Steering$1329             Lab3_2_Steering
C:   00000130  C$i2c.h$81$1$10                    Lab3_2_Steering
C:   00000130  G$lcd_print$0$0                    Lab3_2_Steering
C:   00000130  _lcd_print                         Lab3_2_Steering
C:   00000132  A$Lab3_2_Steering$1330             Lab3_2_Steering
C:   00000135  A$Lab3_2_Steering$1333             Lab3_2_Steering
C:   00000135  C$i2c.h$87$1$73                    Lab3_2_Steering
C:   00000137  A$Lab3_2_Steering$1334             Lab3_2_Steering
C:   00000139  A$Lab3_2_Steering$1335             Lab3_2_Steering
C:   0000013A  A$Lab3_2_Steering$1336             Lab3_2_Steering
C:   0000013C  A$Lab3_2_Steering$1337             Lab3_2_Steering
ASxxxx Linker V03.00 + NoICE + sdld,  page 31.
Hexadecimal  [32-Bits]

Area                                    Addr        Size        Decimal Bytes (Attributes)
--------------------------------        ----        ----        ------- ----- ------------
CSEG                                000000D4    00000D48 =        3400. bytes (REL,CON,CODE)

      Value  Global                              Global Defined In Module
      -----  --------------------------------   ------------------------
C:   0000013D  A$Lab3_2_Steering$1338             Lab3_2_Steering
C:   0000013F  A$Lab3_2_Steering$1339             Lab3_2_Steering
C:   00000140  A$Lab3_2_Steering$1340             Lab3_2_Steering
C:   00000142  A$Lab3_2_Steering$1341             Lab3_2_Steering
C:   00000145  A$Lab3_2_Steering$1342             Lab3_2_Steering
C:   00000147  A$Lab3_2_Steering$1343             Lab3_2_Steering
C:   0000014A  A$Lab3_2_Steering$1344             Lab3_2_Steering
C:   0000014C  A$Lab3_2_Steering$1345             Lab3_2_Steering
C:   0000014E  A$Lab3_2_Steering$1346             Lab3_2_Steering
C:   00000150  A$Lab3_2_Steering$1350             Lab3_2_Steering
C:   00000150  C$i2c.h$89$2$74                    Lab3_2_Steering
C:   00000152  A$Lab3_2_Steering$1351             Lab3_2_Steering
C:   00000154  A$Lab3_2_Steering$1352             Lab3_2_Steering
C:   00000155  A$Lab3_2_Steering$1353             Lab3_2_Steering
C:   00000157  A$Lab3_2_Steering$1356             Lab3_2_Steering
C:   00000157  C$i2c.h$90$1$73                    Lab3_2_Steering
C:   00000159  A$Lab3_2_Steering$1357             Lab3_2_Steering
C:   0000015B  A$Lab3_2_Steering$1358             Lab3_2_Steering
C:   0000015C  A$Lab3_2_Steering$1359             Lab3_2_Steering
C:   0000015E  A$Lab3_2_Steering$1360             Lab3_2_Steering
C:   0000015F  A$Lab3_2_Steering$1361             Lab3_2_Steering
C:   00000161  A$Lab3_2_Steering$1362             Lab3_2_Steering
C:   00000162  A$Lab3_2_Steering$1363             Lab3_2_Steering
C:   00000164  A$Lab3_2_Steering$1364             Lab3_2_Steering
C:   00000167  A$Lab3_2_Steering$1365             Lab3_2_Steering
C:   0000016A  A$Lab3_2_Steering$1366             Lab3_2_Steering
C:   0000016D  A$Lab3_2_Steering$1369             Lab3_2_Steering
C:   0000016D  C$i2c.h$93$1$73                    Lab3_2_Steering
C:   00000170  A$Lab3_2_Steering$1370             Lab3_2_Steering
C:   00000173  A$Lab3_2_Steering$1371             Lab3_2_Steering
C:   00000176  A$Lab3_2_Steering$1372             Lab3_2_Steering
C:   00000178  A$Lab3_2_Steering$1375             Lab3_2_Steering
C:   0000017A  A$Lab3_2_Steering$1377             Lab3_2_Steering
C:   0000017B  A$Lab3_2_Steering$1378             Lab3_2_Steering
C:   0000017C  A$Lab3_2_Steering$1379             Lab3_2_Steering
C:   0000017D  A$Lab3_2_Steering$1380             Lab3_2_Steering
C:   0000017F  A$Lab3_2_Steering$1383             Lab3_2_Steering
C:   0000017F  C$i2c.h$96$2$76                    Lab3_2_Steering
C:   00000180  A$Lab3_2_Steering$1384             Lab3_2_Steering
C:   00000182  A$Lab3_2_Steering$1385             Lab3_2_Steering
C:   00000184  A$Lab3_2_Steering$1386             Lab3_2_Steering
C:   00000185  A$Lab3_2_Steering$1387             Lab3_2_Steering
C:   00000187  A$Lab3_2_Steering$1388             Lab3_2_Steering
C:   00000189  A$Lab3_2_Steering$1389             Lab3_2_Steering
C:   0000018A  A$Lab3_2_Steering$1390             Lab3_2_Steering
C:   0000018B  A$Lab3_2_Steering$1391             Lab3_2_Steering
C:   0000018E  A$Lab3_2_Steering$1392             Lab3_2_Steering
C:   0000018F  A$Lab3_2_Steering$1393             Lab3_2_Steering
C:   00000191  A$Lab3_2_Steering$1394             Lab3_2_Steering
C:   00000193  A$Lab3_2_Steering$1395             Lab3_2_Steering
C:   00000194  A$Lab3_2_Steering$1396             Lab3_2_Steering
ASxxxx Linker V03.00 + NoICE + sdld,  page 32.
Hexadecimal  [32-Bits]

Area                                    Addr        Size        Decimal Bytes (Attributes)
--------------------------------        ----        ----        ------- ----- ------------
CSEG                                000000D4    00000D48 =        3400. bytes (REL,CON,CODE)

      Value  Global                              Global Defined In Module
      -----  --------------------------------   ------------------------
C:   00000196  A$Lab3_2_Steering$1397             Lab3_2_Steering
C:   00000198  A$Lab3_2_Steering$1398             Lab3_2_Steering
C:   0000019A  A$Lab3_2_Steering$1399             Lab3_2_Steering
C:   0000019B  A$Lab3_2_Steering$1403             Lab3_2_Steering
C:   0000019B  C$i2c.h$94$1$73                    Lab3_2_Steering
C:   0000019C  A$Lab3_2_Steering$1404             Lab3_2_Steering
C:   0000019E  A$Lab3_2_Steering$1408             Lab3_2_Steering
C:   0000019E  C$i2c.h$99$1$73                    Lab3_2_Steering
C:   000001A1  A$Lab3_2_Steering$1409             Lab3_2_Steering
C:   000001A4  A$Lab3_2_Steering$1410             Lab3_2_Steering
C:   000001A7  A$Lab3_2_Steering$1411             Lab3_2_Steering
C:   000001AA  A$Lab3_2_Steering$1412             Lab3_2_Steering
C:   000001AC  A$Lab3_2_Steering$1413             Lab3_2_Steering
C:   000001AF  A$Lab3_2_Steering$1414             Lab3_2_Steering
C:   000001B2  A$Lab3_2_Steering$1416             Lab3_2_Steering
C:   000001B4  A$Lab3_2_Steering$1419             Lab3_2_Steering
C:   000001B4  C$i2c.h$100$1$73                   Lab3_2_Steering
C:   000001B4  XG$lcd_print$0$0                   Lab3_2_Steering
C:   000001B5  A$Lab3_2_Steering$1435             Lab3_2_Steering
C:   000001B5  C$i2c.h$103$1$73                   Lab3_2_Steering
C:   000001B5  C$i2c.h$105$1$73                   Lab3_2_Steering
C:   000001B5  G$lcd_clear$0$0                    Lab3_2_Steering
C:   000001B5  _lcd_clear                         Lab3_2_Steering
C:   000001B8  A$Lab3_2_Steering$1439             Lab3_2_Steering
C:   000001B8  C$i2c.h$107$1$77                   Lab3_2_Steering
C:   000001BA  A$Lab3_2_Steering$1440             Lab3_2_Steering
C:   000001BC  A$Lab3_2_Steering$1441             Lab3_2_Steering
C:   000001BE  A$Lab3_2_Steering$1442             Lab3_2_Steering
C:   000001C1  A$Lab3_2_Steering$1443             Lab3_2_Steering
C:   000001C4  A$Lab3_2_Steering$1444             Lab3_2_Steering
C:   000001C7  A$Lab3_2_Steering$1445             Lab3_2_Steering
C:   000001CA  A$Lab3_2_Steering$1446             Lab3_2_Steering
C:   000001CD  A$Lab3_2_Steering$1447             Lab3_2_Steering
C:   000001D0  A$Lab3_2_Steering$1448             Lab3_2_Steering
C:   000001D3  A$Lab3_2_Steering$1449             Lab3_2_Steering
C:   000001D5  A$Lab3_2_Steering$1453             Lab3_2_Steering
C:   000001D5  C$i2c.h$109$1$77                   Lab3_2_Steering
C:   000001D8  A$Lab3_2_Steering$1456             Lab3_2_Steering
C:   000001D8  C$i2c.h$110$1$77                   Lab3_2_Steering
C:   000001DB  A$Lab3_2_Steering$1457             Lab3_2_Steering
C:   000001DE  A$Lab3_2_Steering$1458             Lab3_2_Steering
C:   000001E1  A$Lab3_2_Steering$1459             Lab3_2_Steering
C:   000001E4  A$Lab3_2_Steering$1460             Lab3_2_Steering
C:   000001E7  A$Lab3_2_Steering$1461             Lab3_2_Steering
C:   000001EA  A$Lab3_2_Steering$1462             Lab3_2_Steering
C:   000001ED  A$Lab3_2_Steering$1465             Lab3_2_Steering
C:   000001ED  C$i2c.h$111$1$77                   Lab3_2_Steering
C:   000001ED  XG$lcd_clear$0$0                   Lab3_2_Steering
C:   000001EE  A$Lab3_2_Steering$1481             Lab3_2_Steering
C:   000001EE  C$i2c.h$114$1$77                   Lab3_2_Steering
C:   000001EE  C$i2c.h$118$1$78                   Lab3_2_Steering
ASxxxx Linker V03.00 + NoICE + sdld,  page 33.
Hexadecimal  [32-Bits]

Area                                    Addr        Size        Decimal Bytes (Attributes)
--------------------------------        ----        ----        ------- ----- ------------
CSEG                                000000D4    00000D48 =        3400. bytes (REL,CON,CODE)

      Value  Global                              Global Defined In Module
      -----  --------------------------------   ------------------------
C:   000001EE  G$read_keypad$0$0                  Lab3_2_Steering
C:   000001EE  _read_keypad                       Lab3_2_Steering
C:   000001F1  A$Lab3_2_Steering$1482             Lab3_2_Steering
C:   000001F4  A$Lab3_2_Steering$1483             Lab3_2_Steering
C:   000001F7  A$Lab3_2_Steering$1484             Lab3_2_Steering
C:   000001FA  A$Lab3_2_Steering$1485             Lab3_2_Steering
C:   000001FD  A$Lab3_2_Steering$1486             Lab3_2_Steering
C:   00000200  A$Lab3_2_Steering$1487             Lab3_2_Steering
C:   00000203  A$Lab3_2_Steering$1490             Lab3_2_Steering
C:   00000203  C$i2c.h$119$1$78                   Lab3_2_Steering
C:   00000205  A$Lab3_2_Steering$1491             Lab3_2_Steering
C:   00000208  A$Lab3_2_Steering$1492             Lab3_2_Steering
C:   0000020B  A$Lab3_2_Steering$1493             Lab3_2_Steering
C:   0000020D  A$Lab3_2_Steering$1497             Lab3_2_Steering
C:   0000020F  A$Lab3_2_Steering$1498             Lab3_2_Steering
C:   00000211  A$Lab3_2_Steering$1502             Lab3_2_Steering
C:   00000211  C$i2c.h$123$2$79                   Lab3_2_Steering
C:   00000213  A$Lab3_2_Steering$1503             Lab3_2_Steering
C:   00000215  A$Lab3_2_Steering$1504             Lab3_2_Steering
C:   00000217  A$Lab3_2_Steering$1505             Lab3_2_Steering
C:   00000219  A$Lab3_2_Steering$1506             Lab3_2_Steering
C:   0000021B  A$Lab3_2_Steering$1508             Lab3_2_Steering
C:   0000021C  A$Lab3_2_Steering$1509             Lab3_2_Steering
C:   0000021D  A$Lab3_2_Steering$1510             Lab3_2_Steering
C:   0000021E  A$Lab3_2_Steering$1511             Lab3_2_Steering
C:   0000021F  A$Lab3_2_Steering$1512             Lab3_2_Steering
C:   00000220  A$Lab3_2_Steering$1513             Lab3_2_Steering
C:   00000221  A$Lab3_2_Steering$1515             Lab3_2_Steering
C:   00000224  A$Lab3_2_Steering$1516             Lab3_2_Steering
C:   00000226  A$Lab3_2_Steering$1517             Lab3_2_Steering
C:   00000228  A$Lab3_2_Steering$1518             Lab3_2_Steering
C:   00000229  A$Lab3_2_Steering$1519             Lab3_2_Steering
C:   0000022B  A$Lab3_2_Steering$1520             Lab3_2_Steering
C:   0000022C  A$Lab3_2_Steering$1521             Lab3_2_Steering
C:   0000022E  A$Lab3_2_Steering$1522             Lab3_2_Steering
C:   0000022F  A$Lab3_2_Steering$1523             Lab3_2_Steering
C:   00000230  A$Lab3_2_Steering$1524             Lab3_2_Steering
C:   00000232  A$Lab3_2_Steering$1527             Lab3_2_Steering
C:   00000232  C$i2c.h$124$2$79                   Lab3_2_Steering
C:   00000234  A$Lab3_2_Steering$1528             Lab3_2_Steering
C:   00000235  A$Lab3_2_Steering$1529             Lab3_2_Steering
C:   00000237  A$Lab3_2_Steering$1530             Lab3_2_Steering
C:   00000239  A$Lab3_2_Steering$1534             Lab3_2_Steering
C:   00000239  C$i2c.h$121$1$78                   Lab3_2_Steering
C:   0000023A  A$Lab3_2_Steering$1535             Lab3_2_Steering
C:   0000023C  A$Lab3_2_Steering$1536             Lab3_2_Steering
C:   0000023F  A$Lab3_2_Steering$1538             Lab3_2_Steering
C:   00000241  A$Lab3_2_Steering$1541             Lab3_2_Steering
C:   00000241  C$i2c.h$127$1$78                   Lab3_2_Steering
[...]
C:   00000556  A$Lab3_2_Steering$2237             Lab3_2_Steering
C:   00000558  A$Lab3_2_Steering$2238             Lab3_2_Steering
C:   0000055A  A$Lab3_2_Steering$2239             Lab3_2_Steering
C:   0000055C  A$Lab3_2_Steering$2240             Lab3_2_Steering
C:   0000055D  A$Lab3_2_Steering$2241             Lab3_2_Steering
C:   00000560  A$Lab3_2_Steering$2244             Lab3_2_Steering
C:   00000560  C$i2c.h$274$1$100                  Lab3_2_Steering
ASxxxx Linker V03.00 + NoICE + sdld,  page 44.
Hexadecimal  [32-Bits]

Area                                    Addr        Size        Decimal Bytes (Attributes)
--------------------------------        ----        ----        ------- ----- ------------
CSEG                                000000D4    00000D48 =        3400. bytes (REL,CON,CODE)

      Value  Global                              Global Defined In Module
      -----  --------------------------------   ------------------------
C:   00000560  XG$i2c_read_data$0$0               Lab3_2_Steering
C:   00000561  A$Lab3_2_Steering$2259             Lab3_2_Steering
C:   00000561  C$i2c.h$283$1$100                  Lab3_2_Steering
C:   00000561  C$i2c.h$287$1$103                  Lab3_2_Steering
C:   00000561  G$Accel_Init$0$0                   Lab3_2_Steering
C:   00000561  _Accel_Init                        Lab3_2_Steering
C:   00000564  A$Lab3_2_Steering$2262             Lab3_2_Steering
C:   00000564  C$i2c.h$289$1$103                  Lab3_2_Steering
C:   00000567  A$Lab3_2_Steering$2263             Lab3_2_Steering
C:   0000056A  A$Lab3_2_Steering$2264             Lab3_2_Steering
C:   0000056D  A$Lab3_2_Steering$2265             Lab3_2_Steering
C:   00000570  A$Lab3_2_Steering$2266             Lab3_2_Steering
C:   00000573  A$Lab3_2_Steering$2267             Lab3_2_Steering
C:   00000576  A$Lab3_2_Steering$2268             Lab3_2_Steering
C:   00000579  A$Lab3_2_Steering$2271             Lab3_2_Steering
C:   00000579  C$i2c.h$290$1$103                  Lab3_2_Steering
C:   0000057C  A$Lab3_2_Steering$2274             Lab3_2_Steering
C:   0000057C  C$i2c.h$292$1$103                  Lab3_2_Steering
C:   0000057F  A$Lab3_2_Steering$2275             Lab3_2_Steering
C:   00000582  A$Lab3_2_Steering$2276             Lab3_2_Steering
C:   00000585  A$Lab3_2_Steering$2277             Lab3_2_Steering
C:   00000588  A$Lab3_2_Steering$2278             Lab3_2_Steering
C:   0000058B  A$Lab3_2_Steering$2279             Lab3_2_Steering
C:   0000058E  A$Lab3_2_Steering$2280             Lab3_2_Steering
C:   00000591  A$Lab3_2_Steering$2283             Lab3_2_Steering
C:   00000591  C$i2c.h$293$1$103                  Lab3_2_Steering
C:   00000594  A$Lab3_2_Steering$2286             Lab3_2_Steering
C:   00000594  C$i2c.h$294$1$103                  Lab3_2_Steering
C:   00000597  A$Lab3_2_Steering$2287             Lab3_2_Steering
C:   0000059A  A$Lab3_2_Steering$2288             Lab3_2_Steering
C:   0000059D  A$Lab3_2_Steering$2289             Lab3_2_Steering
C:   000005A0  A$Lab3_2_Steering$2290             Lab3_2_Steering
C:   000005A3  A$Lab3_2_Steering$2291             Lab3_2_Steering
C:   000005A6  A$Lab3_2_Steering$2292             Lab3_2_Steering
C:   000005A9  A$Lab3_2_Steering$2295             Lab3_2_Steering
C:   000005A9  C$i2c.h$298$1$103                  Lab3_2_Steering
C:   000005A9  XG$Accel_Init$0$0                  Lab3_2_Steering
C:   000005AA  A$Lab3_2_Steering$2308             Lab3_2_Steering
C:   000005AA  C$Lab3_2_Steering.c$43$1$103       Lab3_2_Steering
C:   000005AA  C$Lab3_2_Steering.c$46$1$111       Lab3_2_Steering
C:   000005AA  G$main$0$0                         Lab3_2_Steering
C:   000005AA  _main                              Lab3_2_Steering
C:   000005AD  A$Lab3_2_Steering$2311             Lab3_2_Steering
C:   000005AD  C$Lab3_2_Steering.c$47$1$111       Lab3_2_Steering
C:   000005B0  A$Lab3_2_Steering$2312             Lab3_2_Steering
C:   000005B3  A$Lab3_2_Steering$2315             Lab3_2_Steering
C:   000005B3  C$Lab3_2_Steering.c$48$1$111       Lab3_2_Steering
C:   000005B6  A$Lab3_2_Steering$2318             Lab3_2_Steering
C:   000005B6  C$Lab3_2_Steering.c$49$1$111       Lab3_2_Steering
C:   000005B9  A$Lab3_2_Steering$2321             Lab3_2_Steering
C:   000005B9  C$Lab3_2_Steering.c$50$1$111       Lab3_2_Steering
ASxxxx Linker V03.00 + NoICE + sdld,  page 45.
Hexadecimal  [32-Bits]

Area                                    Addr        Size        Decimal Bytes (Attributes)
--------------------------------        ----        ----        ------- ----- ------------
CSEG                                000000D4    00000D48 =        3400. bytes (REL,CON,CODE)

      Value  Global                              Global Defined In Module
      -----  --------------------------------   ------------------------
C:   000005BC  A$Lab3_2_Steering$2324             Lab3_2_Steering
C:   000005BC  C$Lab3_2_Steering.c$51$1$111       Lab3_2_Steering
C:   000005BF  A$Lab3_2_Steering$2327             Lab3_2_Steering
C:   000005BF  C$Lab3_2_Steering.c$53$1$111       Lab3_2_Steering
C:   000005C1  A$Lab3_2_Steering$2328             Lab3_2_Steering
C:   000005C3  A$Lab3_2_Steering$2329             Lab3_2_Steering
C:   000005C5  A$Lab3_2_Steering$2330             Lab3_2_Steering
C:   000005C7  A$Lab3_2_Steering$2331             Lab3_2_Steering
C:   000005C9  A$Lab3_2_Steering$2332             Lab3_2_Steering
C:   000005CB  A$Lab3_2_Steering$2333             Lab3_2_Steering
C:   000005CE  A$Lab3_2_Steering$2334             Lab3_2_Steering
C:   000005D0  A$Lab3_2_Steering$2335             Lab3_2_Steering
C:   000005D2  A$Lab3_2_Steering$2336             Lab3_2_Steering
C:   000005D4  A$Lab3_2_Steering$2342             Lab3_2_Steering
C:   000005D4  C$Lab3_2_Steering.c$54$1$111       Lab3_2_Steering
C:   000005D4  C$Lab3_2_Steering.c$57$2$112       Lab3_2_Steering
C:   000005D6  A$Lab3_2_Steering$2343             Lab3_2_Steering
C:   000005D8  A$Lab3_2_Steering$2344             Lab3_2_Steering
C:   000005DA  A$Lab3_2_Steering$2345             Lab3_2_Steering
C:   000005DC  A$Lab3_2_Steering$2346             Lab3_2_Steering
C:   000005DE  A$Lab3_2_Steering$2349             Lab3_2_Steering
C:   000005DE  C$Lab3_2_Steering.c$59$3$113       Lab3_2_Steering
C:   000005E1  A$Lab3_2_Steering$2352             Lab3_2_Steering
C:   000005E1  C$Lab3_2_Steering.c$60$1$111       Lab3_2_Steering
C:   000005E4  A$Lab3_2_Steering$2353             Lab3_2_Steering
C:   000005E7  A$Lab3_2_Steering$2354             Lab3_2_Steering
C:   000005EA  A$Lab3_2_Steering$2355             Lab3_2_Steering
C:   000005ED  A$Lab3_2_Steering$2356             Lab3_2_Steering
C:   000005F0  A$Lab3_2_Steering$2357             Lab3_2_Steering
C:   000005F2  A$Lab3_2_Steering$2358             Lab3_2_Steering
C:   000005F4  A$Lab3_2_Steering$2359             Lab3_2_Steering
C:   000005F6  A$Lab3_2_Steering$2360             Lab3_2_Steering
C:   000005F8  A$Lab3_2_Steering$2361             Lab3_2_Steering
C:   000005FA  A$Lab3_2_Steering$2362             Lab3_2_Steering
C:   000005FC  A$Lab3_2_Steering$2363             Lab3_2_Steering
C:   000005FE  A$Lab3_2_Steering$2364             Lab3_2_Steering
C:   00000600  A$Lab3_2_Steering$2365             Lab3_2_Steering
C:   00000602  A$Lab3_2_Steering$2366             Lab3_2_Steering
C:   00000604  A$Lab3_2_Steering$2367             Lab3_2_Steering
C:   00000607  A$Lab3_2_Steering$2368             Lab3_2_Steering
C:   00000609  A$Lab3_2_Steering$2369             Lab3_2_Steering
C:   0000060B  A$Lab3_2_Steering$2370             Lab3_2_Steering
C:   0000060D  A$Lab3_2_Steering$2373             Lab3_2_Steering
C:   0000060D  C$Lab3_2_Steering.c$61$3$113       Lab3_2_Steering
C:   00000610  A$Lab3_2_Steering$2374             Lab3_2_Steering
C:   00000612  A$Lab3_2_Steering$2377             Lab3_2_Steering
C:   00000612  C$Lab3_2_Steering.c$64$1$111       Lab3_2_Steering
C:   00000612  XG$main$0$0                        Lab3_2_Steering
C:   00000613  A$Lab3_2_Steering$2390             Lab3_2_Steering
C:   00000613  C$Lab3_2_Steering.c$70$1$111       Lab3_2_Steering
C:   00000613  C$Lab3_2_Steering.c$72$1$114       Lab3_2_Steering
ASxxxx Linker V03.00 + NoICE + sdld,  page 46.
Hexadecimal  [32-Bits]

Area                                    Addr        Size        Decimal Bytes (Attributes)
--------------------------------        ----        ----        ------- ----- ------------
CSEG                                000000D4    00000D48 =        3400. bytes (REL,CON,CODE)

      Value  Global                              Global Defined In Module
      -----  --------------------------------   ------------------------
C:   00000613  G$Port_Init$0$0                    Lab3_2_Steering
C:   00000613  _Port_Init                         Lab3_2_Steering
C:   00000616  A$Lab3_2_Steering$2393             Lab3_2_Steering
C:   00000616  C$Lab3_2_Steering.c$76$1$114       Lab3_2_Steering
C:   00000616  XG$Port_Init$0$0                   Lab3_2_Steering
C:   00000617  A$Lab3_2_Steering$2406             Lab3_2_Steering
C:   00000617  C$Lab3_2_Steering.c$81$1$114       Lab3_2_Steering
C:   00000617  C$Lab3_2_Steering.c$83$1$116       Lab3_2_Steering
C:   00000617  G$XBR0_Init$0$0                    Lab3_2_Steering
C:   00000617  _XBR0_Init                         Lab3_2_Steering
C:   0000061A  A$Lab3_2_Steering$2409             Lab3_2_Steering
C:   0000061A  C$Lab3_2_Steering.c$84$1$116       Lab3_2_Steering
C:   0000061A  XG$XBR0_Init$0$0                   Lab3_2_Steering
C:   0000061B  A$Lab3_2_Steering$2422             Lab3_2_Steering
C:   0000061B  C$Lab3_2_Steering.c$88$1$116       Lab3_2_Steering
C:   0000061B  C$Lab3_2_Steering.c$90$1$118       Lab3_2_Steering
C:   0000061B  G$SMB_Init$0$0                     Lab3_2_Steering
C:   0000061B  _SMB_Init                          Lab3_2_Steering
C:   0000061E  A$Lab3_2_Steering$2425             Lab3_2_Steering
C:   0000061E  C$Lab3_2_Steering.c$91$1$118       Lab3_2_Steering
C:   00000620  A$Lab3_2_Steering$2428             Lab3_2_Steering
C:   00000620  C$Lab3_2_Steering.c$92$1$118       Lab3_2_Steering
C:   00000620  XG$SMB_Init$0$0                    Lab3_2_Steering
C:   00000621  A$Lab3_2_Steering$2441             Lab3_2_Steering
C:   00000621  C$Lab3_2_Steering.c$95$1$118       Lab3_2_Steering
C:   00000621  C$Lab3_2_Steering.c$97$1$120       Lab3_2_Steering
C:   00000621  G$PCA_Init$0$0                     Lab3_2_Steering
C:   00000621  _PCA_Init                          Lab3_2_Steering
C:   00000624  A$Lab3_2_Steering$2444             Lab3_2_Steering
C:   00000624  C$Lab3_2_Steering.c$98$1$120       Lab3_2_Steering
C:   00000627  A$Lab3_2_Steering$2447             Lab3_2_Steering
C:   00000627  C$Lab3_2_Steering.c$99$1$120       Lab3_2_Steering
C:   0000062A  A$Lab3_2_Steering$2450             Lab3_2_Steering
C:   0000062A  C$Lab3_2_Steering.c$100$1$120      Lab3_2_Steering
C:   0000062C  A$Lab3_2_Steering$2453             Lab3_2_Steering
C:   0000062C  C$Lab3_2_Steering.c$101$1$120      Lab3_2_Steering
C:   0000062F  A$Lab3_2_Steering$2456             Lab3_2_Steering
C:   0000062F  C$Lab3_2_Steering.c$102$1$120      Lab3_2_Steering
C:   0000062F  XG$PCA_Init$0$0                    Lab3_2_Steering
C:   00000630  A$Lab3_2_Steering$2467             Lab3_2_Steering
C:   00000630  C$Lab3_2_Steering.c$106$1$120      Lab3_2_Steering
C:   00000630  G$PCA_ISR$0$0                      Lab3_2_Steering
C:   00000630  _PCA_ISR                           Lab3_2_Steering
C:   00000632  A$Lab3_2_Steering$2468             Lab3_2_Steering
C:   00000634  A$Lab3_2_Steering$2471             Lab3_2_Steering
C:   00000634  C$Lab3_2_Steering.c$108$1$122      Lab3_2_Steering
C:   00000637  A$Lab3_2_Steering$2474             Lab3_2_Steering
C:   00000637  C$Lab3_2_Steering.c$110$2$123      Lab3_2_Steering
C:   00000639  A$Lab3_2_Steering$2477             Lab3_2_Steering
C:   00000639  C$Lab3_2_Steering.c$111$2$123      Lab3_2_Steering
C:   0000063B  A$Lab3_2_Steering$2478             Lab3_2_Steering
ASxxxx Linker V03.00 + NoICE + sdld,  page 47.
Hexadecimal  [32-Bits]

Area                                    Addr        Size        Decimal Bytes (Attributes)
--------------------------------        ----        ----        ------- ----- ------------
CSEG                                000000D4    00000D48 =        3400. bytes (REL,CON,CODE)

      Value  Global                              Global Defined In Module
      -----  --------------------------------   ------------------------
C:   0000063D  A$Lab3_2_Steering$2479             Lab3_2_Steering
C:   0000063F  A$Lab3_2_Steering$2482             Lab3_2_Steering
C:   0000063F  C$Lab3_2_Steering.c$113$3$124      Lab3_2_Steering
C:   00000642  A$Lab3_2_Steering$2485             Lab3_2_Steering
C:   00000642  C$Lab3_2_Steering.c$114$3$124      Lab3_2_Steering
C:   00000645  A$Lab3_2_Steering$2489             Lab3_2_Steering
C:   00000645  C$Lab3_2_Steering.c$116$2$123      Lab3_2_Steering
C:   00000647  A$Lab3_2_Steering$2492             Lab3_2_Steering
C:   00000647  C$Lab3_2_Steering.c$117$2$123      Lab3_2_Steering
C:   00000649  A$Lab3_2_Steering$2493             Lab3_2_Steering
C:   0000064B  A$Lab3_2_Steering$2494             Lab3_2_Steering
C:   0000064D  A$Lab3_2_Steering$2495             Lab3_2_Steering
C:   00000650  A$Lab3_2_Steering$2499             Lab3_2_Steering
C:   00000650  C$Lab3_2_Steering.c$118$2$123      Lab3_2_Steering
C:   00000653  A$Lab3_2_Steering$2500             Lab3_2_Steering
C:   00000656  A$Lab3_2_Steering$2503             Lab3_2_Steering
C:   00000656  C$Lab3_2_Steering.c$119$2$123      Lab3_2_Steering
C:   00000658  A$Lab3_2_Steering$2504             Lab3_2_Steering
C:   0000065A  A$Lab3_2_Steering$2508             Lab3_2_Steering
C:   0000065A  C$Lab3_2_Steering.c$121$1$122      Lab3_2_Steering
C:   0000065D  A$Lab3_2_Steering$2510             Lab3_2_Steering
C:   0000065F  A$Lab3_2_Steering$2511             Lab3_2_Steering
C:   00000661  A$Lab3_2_Steering$2514             Lab3_2_Steering
C:   00000661  C$Lab3_2_Steering.c$122$1$122      Lab3_2_Steering
C:   00000661  XG$PCA_ISR$0$0                     Lab3_2_Steering
C:   00000662  A$Lab3_2_Steering$2535             Lab3_2_Steering
C:   00000662  C$Lab3_2_Steering.c$126$1$122      Lab3_2_Steering
C:   00000662  C$Lab3_2_Steering.c$131$1$126      Lab3_2_Steering
C:   00000662  G$ReadCompass$0$0                  Lab3_2_Steering
C:   00000662  _ReadCompass                       Lab3_2_Steering
C:   00000665  A$Lab3_2_Steering$2536             Lab3_2_Steering
C:   00000668  A$Lab3_2_Steering$2537             Lab3_2_Steering
C:   0000066B  A$Lab3_2_Steering$2538             Lab3_2_Steering
C:   0000066E  A$Lab3_2_Steering$2539             Lab3_2_Steering
C:   00000671  A$Lab3_2_Steering$2540             Lab3_2_Steering
C:   00000674  A$Lab3_2_Steering$2541             Lab3_2_Steering
C:   00000677  A$Lab3_2_Steering$2544             Lab3_2_Steering
C:   00000677  C$Lab3_2_Steering.c$132$1$126      Lab3_2_Steering
C:   00000679  A$Lab3_2_Steering$2545             Lab3_2_Steering
C:   0000067B  A$Lab3_2_Steering$2546             Lab3_2_Steering
C:   0000067D  A$Lab3_2_Steering$2547             Lab3_2_Steering
C:   0000067F  A$Lab3_2_Steering$2548             Lab3_2_Steering
C:   00000680  A$Lab3_2_Steering$2549             Lab3_2_Steering
C:   00000681  A$Lab3_2_Steering$2550             Lab3_2_Steering
C:   00000683  A$Lab3_2_Steering$2551             Lab3_2_Steering
C:   00000684  A$Lab3_2_Steering$2552             Lab3_2_Steering
C:   00000685  A$Lab3_2_Steering$2553             Lab3_2_Steering
C:   00000687  A$Lab3_2_Steering$2558             Lab3_2_Steering
C:   00000687  C$Lab3_2_Steering.c$133$1$126      Lab3_2_Steering
C:   00000687  C$Lab3_2_Steering.c$134$1$126      Lab3_2_Steering
C:   00000687  XG$ReadCompass$0$0                 Lab3_2_Steering
ASxxxx Linker V03.00 + NoICE + sdld,  page 48.
Hexadecimal  [32-Bits]

Area                                    Addr        Size        Decimal Bytes (Attributes)
--------------------------------        ----        ----        ------- ----- ------------
CSEG                                000000D4    00000D48 =        3400. bytes (REL,CON,CODE)

      Value  Global                              Global Defined In Module
      -----  --------------------------------   ------------------------
C:   00000688  __divuint                          _divuint
C:   000006B1  __gptrput                          _gptrput
C:   000006CC  __mulint                           _mulint
C:   000006CC  __mulint_dummy                     _mulint
C:   00000759  _vsprintf                          sprintf
C:   00000796  _sprintf                           sprintf
C:   000007EF  _vprintf                           vprintf
C:   00000808  _printf                            vprintf
C:   000008DA  __print_format                     printf_large
C:   00000DE4  _strlen                            _strlen
C:   00000DFC  __gptrget                          _gptrget
C:   00000E18  __sdcc_external_startup            _startup

ASxxxx Linker V03.00 + NoICE + sdld,  page 49.
Hexadecimal  [32-Bits]

Area                                    Addr        Size        Decimal Bytes (Attributes)
--------------------------------        ----        ----        ------- ----- ------------
CONST                               00000E1C    00000073 =         115. bytes (REL,CON,CODE)

      Value  Global                              Global Defined In Module
      -----  --------------------------------   ------------------------
C:   00000E1C  FLab3_2_Steering$__str_0$0$0       Lab3_2_Steering
C:   00000E32  FLab3_2_Steering$__str_1$0$0       Lab3_2_Steering
C:   00000E42  FLab3_2_Steering$__str_2$0$0       Lab3_2_Steering
C:   00000E45  FLab3_2_Steering$__str_3$0$0       Lab3_2_Steering
C:   00000E68  FLab3_2_Steering$__str_4$0$0       Lab3_2_Steering

ASxxxx Linker V03.00 + NoICE + sdld,  page 50.

Files Linked                              [ module(s) ]

C:\Users\rutmas\Documents\LITEC\LITEC\Lab 3\Steering\Lab 3-2\Lab3_2_Steering.rel
                                          [  ]


Libraries Linked                          [ object file ]

C:\Program Files (x86)\SDCC\bin\..\lib\small/libint.lib
                                          [ _divuint.rel ]
C:\Program Files (x86)\SDCC\bin\..\lib\small/mcs51.lib
                                          [ crtclear.rel ]
C:\Program Files (x86)\SDCC\bin\..\lib\small/mcs51.lib
                                          [ crtxinit.rel ]
C:\Program Files (x86)\SDCC\bin\..\lib\small/libsdcc.lib
                                          [ _gptrput.rel ]
C:\Program Files (x86)\SDCC\bin\..\lib\small/libint.lib
                                          [ _mulint.rel ]
C:\Program Files (x86)\SDCC\bin\..\lib\small/libsdcc.lib
                                          [ sprintf.rel ]
C:\Program Files (x86)\SDCC\bin\..\lib\small/mcs51.lib
                                          [ crtxclear.rel ]
C:\Program Files (x86)\SDCC\bin\..\lib\small/libsdcc.lib
                                          [ _bp.rel ]
C:\Program Files (x86)\SDCC\bin\..\lib\small/libsdcc.lib
                                          [ vprintf.rel ]
C:\Program Files (x86)\SDCC\bin\..\lib\small/libsdcc.lib
                                          [ printf_large.rel ]
C:\Program Files (x86)\SDCC\bin\..\lib\small/libsdcc.lib
                                          [ _strlen.rel ]
C:\Program Files (x86)\SDCC\bin\..\lib\small/mcs51.lib
                                          [ crtstart.rel ]
C:\Program Files (x86)\SDCC\bin\..\lib\small/libsdcc.lib
                                          [ _gptrget.rel ]
C:\Program Files (x86)\SDCC\bin\..\lib\small/libsdcc.lib
                                          [ _startup.rel ]

ASxxxx Linker V03.00 + NoICE + sdld,  page 51.

User Base Address Definitions

HOME = 0x0000
XSEG = 0x0001
PSEG = 0x0001
ISEG = 0x0000
BSEG = 0x0000

