ASxxxx Linker V03.00 + NoICE + sdld,  page 1.
Hexadecimal  [32-Bits]

Area                                    Addr        Size        Decimal Bytes (Attributes)
--------------------------------        ----        ----        ------- ----- ------------
CABS                                00000000    00000000 =           0. bytes (ABS,CON,CODE)

      Value  Global                              Global Defined In Module
      -----  --------------------------------   ------------------------
C:   00000000  l_BIT_BANK                      
C:   00000000  l_CABS                          
C:   00000000  l_GSINIT1                       
C:   00000000  l_GSINIT5                       
C:   00000000  l_IABS                          
C:   00000000  l_PSEG                          
C:   00000000  l_REG_BANK_1                    
C:   00000000  l_REG_BANK_2                    
C:   00000000  l_REG_BANK_3                    
C:   00000000  l_RSEG                          
C:   00000000  l_RSEG0                         
C:   00000000  l_RSEG1                         
C:   00000000  l_XABS                          
C:   00000000  l_XINIT                         
C:   00000000  l_XISEG                         
C:   00000000  l__CODE                         
C:   00000000  s_BSEG                          
C:   00000000  s_CABS                          
C:   00000000  s_DSEG                          
C:   00000000  s_HOME                          
C:   00000000  s_IABS                          
C:   00000000  s_REG_BANK_0                    
C:   00000000  s_RSEG                          
C:   00000000  s_RSEG0                         
C:   00000000  s_RSEG1                         
C:   00000000  s_XABS                          
C:   00000001  s_PSEG                          
C:   00000001  s_XSEG                          
C:   00000003  l_BSEG_BYTES                    
C:   00000003  l_GSFINAL                       
C:   00000003  l_GSINIT0                       
C:   00000006  l_ISEG                          
C:   00000006  l_OSEG                          
C:   00000008  l_REG_BANK_0                    
C:   00000008  s_REG_BANK_1                    
C:   0000000A  l_GSINIT2                       
C:   00000010  s_REG_BANK_2                    
C:   00000011  l_BSEG                          
C:   00000017  s_OSEG                          
C:   00000018  s_BIT_BANK                      
C:   00000018  s_REG_BANK_3                    
C:   00000020  s_BSEG_BYTES                    
C:   00000020  s__CODE                         
C:   00000022  l_GSINIT3                       
C:   0000002A  l_GSINIT4                       
C:   00000049  l_GSINIT                        
C:   00000050  l_XSEG                          
C:   00000051  l_HOME                          
C:   00000051  s_GSINIT0                       
C:   00000051  s_XISEG                         
ASxxxx Linker V03.00 + NoICE + sdld,  page 2.
Hexadecimal  [32-Bits]

Area                                    Addr        Size        Decimal Bytes (Attributes)
--------------------------------        ----        ----        ------- ----- ------------
CABS                                00000000    00000000 =           0. bytes (ABS,CON,CODE)

      Value  Global                              Global Defined In Module
      -----  --------------------------------   ------------------------
C:   00000054  s_GSINIT1                       
C:   00000054  s_GSINIT2                       
C:   0000005E  s_GSINIT3                       
C:   0000007C  s_ISEG                          
C:   0000007D  l_DSEG                          
C:   0000007E  l_SSEG                          
C:   00000080  s_GSINIT4                       
C:   00000082  s_SSEG                          
C:   000000AA  s_GSINIT                        
C:   000000AA  s_GSINIT5                       
C:   000000F3  s_GSFINAL                       
C:   000000F6  s_CSEG                          
C:   00000100  l_IRAM                          
C:   00000396  l_CONST                         
C:   00001C18  l_CSEG                          
C:   00001D0E  s_CONST                         
C:   000020A4  s_XINIT                         

ASxxxx Linker V03.00 + NoICE + sdld,  page 3.
Hexadecimal  [32-Bits]

Area                                    Addr        Size        Decimal Bytes (Attributes)
--------------------------------        ----        ----        ------- ----- ------------
.  .ABS.                            00000000    00000000 =           0. bytes (ABS,CON)

      Value  Global                              Global Defined In Module
      -----  --------------------------------   ------------------------
     00000000  .__.ABS.                           _fs2ulong
     00000080  G$P0$0$0                           Lab5
     00000080  G$P0_0$0$0                         Lab5
     00000080  _P0                                Lab5
     00000080  _P0_0                              Lab5
     00000081  G$P0_1$0$0                         Lab5
     00000081  G$SP$0$0                           Lab5
     00000081  _P0_1                              Lab5
     00000081  _SP                                Lab5
     00000082  G$DPL$0$0                          Lab5
     00000082  G$P0_2$0$0                         Lab5
     00000082  _DPL                               Lab5
     00000082  _P0_2                              Lab5
     00000083  G$BUS_SCL$0$0                      Lab5
     00000083  G$DPH$0$0                          Lab5
     00000083  G$P0_3$0$0                         Lab5
     00000083  _BUS_SCL                           Lab5
     00000083  _DPH                               Lab5
     00000083  _P0_3                              Lab5
     00000084  G$P0_4$0$0                         Lab5
     00000084  G$P4$0$0                           Lab5
     00000084  _P0_4                              Lab5
     00000084  _P4                                Lab5
     00000085  G$P0_5$0$0                         Lab5
     00000085  G$P5$0$0                           Lab5
     00000085  _P0_5                              Lab5
     00000085  _P5                                Lab5
     00000086  G$P0_6$0$0                         Lab5
     00000086  G$P6$0$0                           Lab5
     00000086  _P0_6                              Lab5
     00000086  _P6                                Lab5
     00000087  G$P0_7$0$0                         Lab5
     00000087  G$PCON$0$0                         Lab5
     00000087  _P0_7                              Lab5
     00000087  _PCON                              Lab5
     00000088  G$IT0$0$0                          Lab5
     00000088  G$TCON$0$0                         Lab5
     00000088  _IT0                               Lab5
     00000088  _TCON                              Lab5
     00000089  G$IE0$0$0                          Lab5
     00000089  G$TMOD$0$0                         Lab5
     00000089  _IE0                               Lab5
     00000089  _TMOD                              Lab5
     0000008A  G$IT1$0$0                          Lab5
     0000008A  G$TL0$0$0                          Lab5
     0000008A  _IT1                               Lab5
     0000008A  _TL0                               Lab5
     0000008B  G$IE1$0$0                          Lab5
     0000008B  G$TL1$0$0                          Lab5
     0000008B  _IE1                               Lab5
ASxxxx Linker V03.00 + NoICE + sdld,  page 4.
Hexadecimal  [32-Bits]

Area                                    Addr        Size        Decimal Bytes (Attributes)
--------------------------------        ----        ----        ------- ----- ------------
.  .ABS.                            00000000    00000000 =           0. bytes (ABS,CON)

      Value  Global                              Global Defined In Module
      -----  --------------------------------   ------------------------
     0000008B  _TL1                               Lab5
     0000008C  G$TH0$0$0                          Lab5
     0000008C  G$TR0$0$0                          Lab5
     0000008C  _TH0                               Lab5
     0000008C  _TR0                               Lab5
     0000008D  G$TF0$0$0                          Lab5
     0000008D  G$TH1$0$0                          Lab5
     0000008D  _TF0                               Lab5
     0000008D  _TH1                               Lab5
     0000008E  G$CKCON$0$0                        Lab5
     0000008E  G$TR1$0$0                          Lab5
     0000008E  _CKCON                             Lab5
     0000008E  _TR1                               Lab5
     0000008F  G$PSCTL$0$0                        Lab5
     0000008F  G$TF1$0$0                          Lab5
     0000008F  _PSCTL                             Lab5
     0000008F  _TF1                               Lab5
     00000090  G$P1$0$0                           Lab5
     00000090  G$P1_0$0$0                         Lab5
     00000090  _P1                                Lab5
     00000090  _P1_0                              Lab5
     00000091  G$P1_1$0$0                         Lab5
     00000091  G$TMR3CN$0$0                       Lab5
     00000091  _P1_1                              Lab5
     00000091  _TMR3CN                            Lab5
     00000092  G$P1_2$0$0                         Lab5
     00000092  G$TMR3RLL$0$0                      Lab5
     00000092  _P1_2                              Lab5
     00000092  _TMR3RLL                           Lab5
     00000093  G$P1_3$0$0                         Lab5
     00000093  G$TMR3RLH$0$0                      Lab5
     00000093  _P1_3                              Lab5
     00000093  _TMR3RLH                           Lab5
     00000094  G$P1_4$0$0                         Lab5
     00000094  G$TMR3L$0$0                        Lab5
     00000094  _P1_4                              Lab5
     00000094  _TMR3L                             Lab5
     00000095  G$P1_5$0$0                         Lab5
     00000095  G$TMR3H$0$0                        Lab5
     00000095  _P1_5                              Lab5
     00000095  _TMR3H                             Lab5
     00000096  G$P1_6$0$0                         Lab5
     00000096  G$P7$0$0                           Lab5
     00000096  _P1_6                              Lab5
     00000096  _P7                                Lab5
     00000097  G$P1_7$0$0                         Lab5
     00000097  _P1_7                              Lab5
     00000098  G$RI$0$0                           Lab5
     00000098  G$RI0$0$0                          Lab5
     00000098  G$SCON$0$0                         Lab5
     00000098  G$SCON0$0$0                        Lab5
ASxxxx Linker V03.00 + NoICE + sdld,  page 5.
Hexadecimal  [32-Bits]

Area                                    Addr        Size        Decimal Bytes (Attributes)
--------------------------------        ----        ----        ------- ----- ------------
.  .ABS.                            00000000    00000000 =           0. bytes (ABS,CON)

      Value  Global                              Global Defined In Module
      -----  --------------------------------   ------------------------
     00000098  _RI                                Lab5
     00000098  _RI0                               Lab5
     00000098  _SCON                              Lab5
     00000098  _SCON0                             Lab5
     00000099  G$SBUF$0$0                         Lab5
     00000099  G$SBUF0$0$0                        Lab5
     00000099  G$TI$0$0                           Lab5
     00000099  G$TI0$0$0                          Lab5
     00000099  _SBUF                              Lab5
     00000099  _SBUF0                             Lab5
     00000099  _TI                                Lab5
     00000099  _TI0                               Lab5
     0000009A  G$RB8$0$0                          Lab5
     0000009A  G$RB80$0$0                         Lab5
     0000009A  G$SPI0CFG$0$0                      Lab5
     0000009A  _RB8                               Lab5
     0000009A  _RB80                              Lab5
     0000009A  _SPI0CFG                           Lab5
     0000009B  G$SPI0DAT$0$0                      Lab5
     0000009B  G$TB8$0$0                          Lab5
     0000009B  G$TB80$0$0                         Lab5
     0000009B  _SPI0DAT                           Lab5
     0000009B  _TB8                               Lab5
     0000009B  _TB80                              Lab5
     0000009C  G$ADC1$0$0                         Lab5
     0000009C  G$REN$0$0                          Lab5
     0000009C  G$REN0$0$0                         Lab5
     0000009C  _ADC1                              Lab5
     0000009C  _REN                               Lab5
     0000009C  _REN0                              Lab5
     0000009D  G$MCE0$0$0                         Lab5
     0000009D  G$SM2$0$0                          Lab5
     0000009D  G$SM20$0$0                         Lab5
     0000009D  G$SPI0CKR$0$0                      Lab5
     0000009D  _MCE0                              Lab5
     0000009D  _SM2                               Lab5
     0000009D  _SM20                              Lab5
     0000009D  _SPI0CKR                           Lab5
     0000009E  G$CPT0CN$0$0                       Lab5
     0000009E  G$SM1$0$0                          Lab5
     0000009E  G$SM10$0$0                         Lab5
     0000009E  _CPT0CN                            Lab5
     0000009E  _SM1                               Lab5
     0000009E  _SM10                              Lab5
     0000009F  G$CPT1CN$0$0                       Lab5
     0000009F  G$S0MODE$0$0                       Lab5
     0000009F  G$SM0$0$0                          Lab5
     0000009F  G$SM00$0$0                         Lab5
     0000009F  _CPT1CN                            Lab5
     0000009F  _S0MODE                            Lab5
     0000009F  _SM0                               Lab5
ASxxxx Linker V03.00 + NoICE + sdld,  page 6.
Hexadecimal  [32-Bits]

Area                                    Addr        Size        Decimal Bytes (Attributes)
--------------------------------        ----        ----        ------- ----- ------------
.  .ABS.                            00000000    00000000 =           0. bytes (ABS,CON)

      Value  Global                              Global Defined In Module
      -----  --------------------------------   ------------------------
     0000009F  _SM00                              Lab5
     000000A0  G$P2$0$0                           Lab5
     000000A0  G$P2_0$0$0                         Lab5
     000000A0  _P2                                Lab5
     000000A0  _P2_0                              Lab5
     000000A1  G$EMI0TC$0$0                       Lab5
     000000A1  G$P2_1$0$0                         Lab5
     000000A1  _EMI0TC                            Lab5
     000000A1  _P2_1                              Lab5
     000000A2  G$P2_2$0$0                         Lab5
     000000A2  _P2_2                              Lab5
     000000A3  G$EMI0CF$0$0                       Lab5
     000000A3  G$P2_3$0$0                         Lab5
     000000A3  _EMI0CF                            Lab5
     000000A3  _P2_3                              Lab5
     000000A4  G$P0MDOUT$0$0                      Lab5
     000000A4  G$P2_4$0$0                         Lab5
     000000A4  G$PRT0CF$0$0                       Lab5
     000000A4  _P0MDOUT                           Lab5
     000000A4  _P2_4                              Lab5
     000000A4  _PRT0CF                            Lab5
     000000A5  G$P1MDOUT$0$0                      Lab5
     000000A5  G$P2_5$0$0                         Lab5
     000000A5  G$PRT1CF$0$0                       Lab5
     000000A5  _P1MDOUT                           Lab5
     000000A5  _P2_5                              Lab5
     000000A5  _PRT1CF                            Lab5
     000000A6  G$P2MDOUT$0$0                      Lab5
     000000A6  G$P2_6$0$0                         Lab5
     000000A6  G$PRT2CF$0$0                       Lab5
     000000A6  _P2MDOUT                           Lab5
     000000A6  _P2_6                              Lab5
     000000A6  _PRT2CF                            Lab5
     000000A7  G$P2_7$0$0                         Lab5
     000000A7  G$P3MDOUT$0$0                      Lab5
     000000A7  G$PRT3CF$0$0                       Lab5
     000000A7  _P2_7                              Lab5
     000000A7  _P3MDOUT                           Lab5
     000000A7  _PRT3CF                            Lab5
     000000A8  G$EX0$0$0                          Lab5
     000000A8  G$IE$0$0                           Lab5
     000000A8  _EX0                               Lab5
     000000A8  _IE                                Lab5
     000000A9  G$ET0$0$0                          Lab5
     000000A9  G$SADDR0$0$0                       Lab5
     000000A9  _ET0                               Lab5
     000000A9  _SADDR0                            Lab5
     000000AA  G$ADC1CN$0$0                       Lab5
     000000AA  G$EX1$0$0                          Lab5
     000000AA  _ADC1CN                            Lab5
     000000AA  _EX1                               Lab5
ASxxxx Linker V03.00 + NoICE + sdld,  page 7.
Hexadecimal  [32-Bits]

Area                                    Addr        Size        Decimal Bytes (Attributes)
--------------------------------        ----        ----        ------- ----- ------------
.  .ABS.                            00000000    00000000 =           0. bytes (ABS,CON)

      Value  Global                              Global Defined In Module
      -----  --------------------------------   ------------------------
     000000AB  G$ADC1CF$0$0                       Lab5
     000000AB  G$ET1$0$0                          Lab5
     000000AB  _ADC1CF                            Lab5
     000000AB  _ET1                               Lab5
     000000AC  G$AMX1SL$0$0                       Lab5
     000000AC  G$ES$0$0                           Lab5
     000000AC  G$ES0$0$0                          Lab5
     000000AC  _AMX1SL                            Lab5
     000000AC  _ES                                Lab5
     000000AC  _ES0                               Lab5
     000000AD  G$ET2$0$0                          Lab5
     000000AD  G$P3IF$0$0                         Lab5
     000000AD  _ET2                               Lab5
     000000AD  _P3IF                              Lab5
     000000AE  G$SADEN1$0$0                       Lab5
     000000AE  _SADEN1                            Lab5
     000000AF  G$EA$0$0                           Lab5
     000000AF  G$EMI0CN$0$0                       Lab5
     000000AF  G$_XPAGE$0$0                       Lab5
     000000AF  _EA                                Lab5
     000000AF  _EMI0CN                            Lab5
     000000AF  __XPAGE                            Lab5
     000000B0  G$P3$0$0                           Lab5
     000000B0  G$P3_0$0$0                         Lab5
     000000B0  _P3                                Lab5
     000000B0  _P3_0                              Lab5
     000000B1  G$OSCXCN$0$0                       Lab5
     000000B1  G$P3_1$0$0                         Lab5
     000000B1  _OSCXCN                            Lab5
     000000B1  _P3_1                              Lab5
     000000B2  G$OSCICN$0$0                       Lab5
     000000B2  G$P3_2$0$0                         Lab5
     000000B2  _OSCICN                            Lab5
     000000B2  _P3_2                              Lab5
     000000B3  G$P3_3$0$0                         Lab5
     000000B3  _P3_3                              Lab5
     000000B4  G$P3_4$0$0                         Lab5
     000000B4  _P3_4                              Lab5
     000000B5  G$P3_5$0$0                         Lab5
     000000B5  G$P74OUT$0$0                       Lab5
     000000B5  _P3_5                              Lab5
     000000B5  _P74OUT                            Lab5
     000000B6  G$FLSCL$0$0                        Lab5
     000000B6  G$P3_6$0$0                         Lab5
     000000B6  G$RANGER_SWITCH$0$0                Lab5
     000000B6  _FLSCL                             Lab5
     000000B6  _P3_6                              Lab5
     000000B6  _RANGER_SWITCH                     Lab5
     000000B7  G$COMPASS_SWITCH$0$0               Lab5
     000000B7  G$FLACL$0$0                        Lab5
     000000B7  G$P3_7$0$0                         Lab5
ASxxxx Linker V03.00 + NoICE + sdld,  page 8.
Hexadecimal  [32-Bits]

Area                                    Addr        Size        Decimal Bytes (Attributes)
--------------------------------        ----        ----        ------- ----- ------------
.  .ABS.                            00000000    00000000 =           0. bytes (ABS,CON)

      Value  Global                              Global Defined In Module
      -----  --------------------------------   ------------------------
     000000B7  _COMPASS_SWITCH                    Lab5
     000000B7  _FLACL                             Lab5
     000000B7  _P3_7                              Lab5
     000000B8  G$IP$0$0                           Lab5
     000000B8  G$PX0$0$0                          Lab5
     000000B8  _IP                                Lab5
     000000B8  _PX0                               Lab5
     000000B9  G$PT0$0$0                          Lab5
     000000B9  G$SADEN0$0$0                       Lab5
     000000B9  _PT0                               Lab5
     000000B9  _SADEN0                            Lab5
     000000BA  G$AMX0CF$0$0                       Lab5
     000000BA  G$PX1$0$0                          Lab5
     000000BA  _AMX0CF                            Lab5
     000000BA  _PX1                               Lab5
     000000BB  G$AMX0SL$0$0                       Lab5
     000000BB  G$PT1$0$0                          Lab5
     000000BB  _AMX0SL                            Lab5
     000000BB  _PT1                               Lab5
     000000BC  G$ADC0CF$0$0                       Lab5
     000000BC  G$PS$0$0                           Lab5
     000000BC  G$PS0$0$0                          Lab5
     000000BC  _ADC0CF                            Lab5
     000000BC  _PS                                Lab5
     000000BC  _PS0                               Lab5
     000000BD  G$P1MDIN$0$0                       Lab5
     000000BD  G$PT2$0$0                          Lab5
     000000BD  _P1MDIN                            Lab5
     000000BD  _PT2                               Lab5
     000000BE  G$ADC0L$0$0                        Lab5
     000000BE  _ADC0L                             Lab5
     000000BF  G$ADC0H$0$0                        Lab5
     000000BF  _ADC0H                             Lab5
     000000C0  G$BUS_TOE$0$0                      Lab5
     000000C0  G$SMB0CN$0$0                       Lab5
     000000C0  G$SMBTOE$0$0                       Lab5
     000000C0  _BUS_TOE                           Lab5
     000000C0  _SMB0CN                            Lab5
     000000C0  _SMBTOE                            Lab5
     000000C1  G$BUS_FTE$0$0                      Lab5
     000000C1  G$SMB0STA$0$0                      Lab5
     000000C1  G$SMBFTE$0$0                       Lab5
     000000C1  _BUS_FTE                           Lab5
     000000C1  _SMB0STA                           Lab5
     000000C1  _SMBFTE                            Lab5
     000000C2  G$AA$0$0                           Lab5
     000000C2  G$BUS_AA$0$0                       Lab5
     000000C2  G$SMB0DAT$0$0                      Lab5
     000000C2  _AA                                Lab5
     000000C2  _BUS_AA                            Lab5
     000000C2  _SMB0DAT                           Lab5
ASxxxx Linker V03.00 + NoICE + sdld,  page 9.
Hexadecimal  [32-Bits]

Area                                    Addr        Size        Decimal Bytes (Attributes)
--------------------------------        ----        ----        ------- ----- ------------
.  .ABS.                            00000000    00000000 =           0. bytes (ABS,CON)

      Value  Global                              Global Defined In Module
      -----  --------------------------------   ------------------------
     000000C3  G$BUS_INT$0$0                      Lab5
     000000C3  G$SI$0$0                           Lab5
     000000C3  G$SMB0ADR$0$0                      Lab5
     000000C3  _BUS_INT                           Lab5
     000000C3  _SI                                Lab5
     000000C3  _SMB0ADR                           Lab5
     000000C4  G$ADC0GTL$0$0                      Lab5
     000000C4  G$BUS_STOP$0$0                     Lab5
     000000C4  G$STO$0$0                          Lab5
     000000C4  _ADC0GTL                           Lab5
     000000C4  _BUS_STOP                          Lab5
     000000C4  _STO                               Lab5
     000000C5  G$ADC0GTH$0$0                      Lab5
     000000C5  G$BUS_START$0$0                    Lab5
     000000C5  G$STA$0$0                          Lab5
     000000C5  _ADC0GTH                           Lab5
     000000C5  _BUS_START                         Lab5
     000000C5  _STA                               Lab5
     000000C6  G$ADC0LTL$0$0                      Lab5
     000000C6  G$BUS_EN$0$0                       Lab5
     000000C6  G$ENSMB$0$0                        Lab5
     000000C6  _ADC0LTL                           Lab5
     000000C6  _BUS_EN                            Lab5
     000000C6  _ENSMB                             Lab5
     000000C7  G$ADC0LTH$0$0                      Lab5
     000000C7  G$BUSY$0$0                         Lab5
     000000C7  G$BUS_BUSY$0$0                     Lab5
     000000C7  _ADC0LTH                           Lab5
     000000C7  _BUSY                              Lab5
     000000C7  _BUS_BUSY                          Lab5
     000000C8  G$CPRL2$0$0                        Lab5
     000000C8  G$T2CON$0$0                        Lab5
     000000C8  _CPRL2                             Lab5
     000000C8  _T2CON                             Lab5
     000000C9  G$CT2$0$0                          Lab5
     000000C9  G$T4CON$0$0                        Lab5
     000000C9  _CT2                               Lab5
     000000C9  _T4CON                             Lab5
     000000CA  G$RCAP2L$0$0                       Lab5
     000000CA  G$TR2$0$0                          Lab5
     000000CA  _RCAP2L                            Lab5
     000000CA  _TR2                               Lab5
     000000CB  G$EXEN2$0$0                        Lab5
     000000CB  G$RCAP2H$0$0                       Lab5
     000000CB  _EXEN2                             Lab5
     000000CB  _RCAP2H                            Lab5
     000000CC  G$TCLK$0$0                         Lab5
     000000CC  G$TL2$0$0                          Lab5
     000000CC  _TCLK                              Lab5
     000000CC  _TL2                               Lab5
     000000CD  G$RCLK$0$0                         Lab5
ASxxxx Linker V03.00 + NoICE + sdld,  page 10.
Hexadecimal  [32-Bits]

Area                                    Addr        Size        Decimal Bytes (Attributes)
--------------------------------        ----        ----        ------- ----- ------------
.  .ABS.                            00000000    00000000 =           0. bytes (ABS,CON)

      Value  Global                              Global Defined In Module
      -----  --------------------------------   ------------------------
     000000CD  G$TH2$0$0                          Lab5
     000000CD  _RCLK                              Lab5
     000000CD  _TH2                               Lab5
     000000CE  G$EXF2$0$0                         Lab5
     000000CE  _EXF2                              Lab5
     000000CF  G$SMB0CR$0$0                       Lab5
     000000CF  G$TF2$0$0                          Lab5
     000000CF  _SMB0CR                            Lab5
     000000CF  _TF2                               Lab5
     000000D0  G$P$0$0                            Lab5
     000000D0  G$PSW$0$0                          Lab5
     000000D0  _P                                 Lab5
     000000D0  _PSW                               Lab5
     000000D1  G$F1$0$0                           Lab5
     000000D1  G$REF0CN$0$0                       Lab5
     000000D1  _F1                                Lab5
     000000D1  _REF0CN                            Lab5
     000000D2  G$DAC0L$0$0                        Lab5
     000000D2  G$OV$0$0                           Lab5
     000000D2  _DAC0L                             Lab5
     000000D2  _OV                                Lab5
     000000D3  G$DAC0H$0$0                        Lab5
     000000D3  G$RS0$0$0                          Lab5
     000000D3  _DAC0H                             Lab5
     000000D3  _RS0                               Lab5
     000000D4  G$DAC0CN$0$0                       Lab5
     000000D4  G$RS1$0$0                          Lab5
     000000D4  _DAC0CN                            Lab5
     000000D4  _RS1                               Lab5
     000000D5  G$DAC1L$0$0                        Lab5
     000000D5  G$F0$0$0                           Lab5
     000000D5  _DAC1L                             Lab5
     000000D5  _F0                                Lab5
     000000D6  G$AC$0$0                           Lab5
     000000D6  G$DAC1H$0$0                        Lab5
     000000D6  _AC                                Lab5
     000000D6  _DAC1H                             Lab5
     000000D7  G$CY$0$0                           Lab5
     000000D7  G$DAC1CN$0$0                       Lab5
     000000D7  _CY                                Lab5
     000000D7  _DAC1CN                            Lab5
     000000D8  G$CCF0$0$0                         Lab5
     000000D8  G$PCA0CN$0$0                       Lab5
     000000D8  _CCF0                              Lab5
     000000D8  _PCA0CN                            Lab5
     000000D9  G$CCF1$0$0                         Lab5
     000000D9  G$PCA0MD$0$0                       Lab5
     000000D9  _CCF1                              Lab5
     000000D9  _PCA0MD                            Lab5
     000000DA  G$CCF2$0$0                         Lab5
     000000DA  G$PCA0CPM0$0$0                     Lab5
ASxxxx Linker V03.00 + NoICE + sdld,  page 11.
Hexadecimal  [32-Bits]

Area                                    Addr        Size        Decimal Bytes (Attributes)
--------------------------------        ----        ----        ------- ----- ------------
.  .ABS.                            00000000    00000000 =           0. bytes (ABS,CON)

      Value  Global                              Global Defined In Module
      -----  --------------------------------   ------------------------
     000000DA  _CCF2                              Lab5
     000000DA  _PCA0CPM0                          Lab5
     000000DB  G$CCF3$0$0                         Lab5
     000000DB  G$PCA0CPM1$0$0                     Lab5
     000000DB  _CCF3                              Lab5
     000000DB  _PCA0CPM1                          Lab5
     000000DC  G$CCF4$0$0                         Lab5
     000000DC  G$PCA0CPM2$0$0                     Lab5
     000000DC  _CCF4                              Lab5
     000000DC  _PCA0CPM2                          Lab5
     000000DD  G$PCA0CPM3$0$0                     Lab5
     000000DD  _PCA0CPM3                          Lab5
     000000DE  G$CR$0$0                           Lab5
     000000DE  G$PCA0CPM4$0$0                     Lab5
     000000DE  _CR                                Lab5
     000000DE  _PCA0CPM4                          Lab5
     000000DF  G$CF$0$0                           Lab5
     000000DF  _CF                                Lab5
     000000E0  G$ACC$0$0                          Lab5
     000000E0  _ACC                               Lab5
     000000E1  G$XBR0$0$0                         Lab5
     000000E1  _XBR0                              Lab5
     000000E2  G$XBR1$0$0                         Lab5
     000000E2  _XBR1                              Lab5
     000000E3  G$XBR2$0$0                         Lab5
     000000E3  _XBR2                              Lab5
     000000E4  G$RCAP4L$0$0                       Lab5
     000000E4  _RCAP4L                            Lab5
     000000E5  G$RCAP4H$0$0                       Lab5
     000000E5  _RCAP4H                            Lab5
     000000E6  G$EIE1$0$0                         Lab5
     000000E6  _EIE1                              Lab5
     000000E7  G$EIE2$0$0                         Lab5
     000000E7  _EIE2                              Lab5
     000000E8  G$AD0LJST$0$0                      Lab5
     000000E8  G$ADC0CN$0$0                       Lab5
     000000E8  G$ADLJST$0$0                       Lab5
     000000E8  _AD0LJST                           Lab5
     000000E8  _ADC0CN                            Lab5
     000000E8  _ADLJST                            Lab5
     000000E9  G$AD0WINT$0$0                      Lab5
     000000E9  G$ADWINT$0$0                       Lab5
     000000E9  G$PCA0L$0$0                        Lab5
     000000E9  _AD0WINT                           Lab5
     000000E9  _ADWINT                            Lab5
     000000E9  _PCA0L                             Lab5
     000000EA  G$AD0CM0$0$0                       Lab5
     000000EA  G$ADSTM0$0$0                       Lab5
     000000EA  G$PCA0CPL0$0$0                     Lab5
     000000EA  _AD0CM0                            Lab5
     000000EA  _ADSTM0                            Lab5
ASxxxx Linker V03.00 + NoICE + sdld,  page 12.
Hexadecimal  [32-Bits]

Area                                    Addr        Size        Decimal Bytes (Attributes)
--------------------------------        ----        ----        ------- ----- ------------
.  .ABS.                            00000000    00000000 =           0. bytes (ABS,CON)

      Value  Global                              Global Defined In Module
      -----  --------------------------------   ------------------------
     000000EA  _PCA0CPL0                          Lab5
     000000EB  G$AD0CM1$0$0                       Lab5
     000000EB  G$ADSTM1$0$0                       Lab5
     000000EB  G$PCA0CPL1$0$0                     Lab5
     000000EB  _AD0CM1                            Lab5
     000000EB  _ADSTM1                            Lab5
     000000EB  _PCA0CPL1                          Lab5
     000000EC  G$AD0BUSY$0$0                      Lab5
     000000EC  G$ADBUSY$0$0                       Lab5
     000000EC  G$PCA0CPL2$0$0                     Lab5
     000000EC  _AD0BUSY                           Lab5
     000000EC  _ADBUSY                            Lab5
     000000EC  _PCA0CPL2                          Lab5
     000000ED  G$AD0INT$0$0                       Lab5
     000000ED  G$ADCINT$0$0                       Lab5
     000000ED  G$PCA0CPL3$0$0                     Lab5
     000000ED  _AD0INT                            Lab5
     000000ED  _ADCINT                            Lab5
     000000ED  _PCA0CPL3                          Lab5
     000000EE  G$AD0TM$0$0                        Lab5
     000000EE  G$ADCTM$0$0                        Lab5
     000000EE  G$PCA0CPL4$0$0                     Lab5
     000000EE  _AD0TM                             Lab5
     000000EE  _ADCTM                             Lab5
     000000EE  _PCA0CPL4                          Lab5
     000000EF  G$AD0EN$0$0                        Lab5
     000000EF  G$ADCEN$0$0                        Lab5
     000000EF  G$RSTSRC$0$0                       Lab5
     000000EF  _AD0EN                             Lab5
     000000EF  _ADCEN                             Lab5
     000000EF  _RSTSRC                            Lab5
     000000F0  G$B$0$0                            Lab5
     000000F0  _B                                 Lab5
     000000F1  G$SCON1$0$0                        Lab5
     000000F1  _SCON1                             Lab5
     000000F2  G$SBUF1$0$0                        Lab5
     000000F2  _SBUF1                             Lab5
     000000F3  G$SADDR1$0$0                       Lab5
     000000F3  _SADDR1                            Lab5
     000000F4  G$TL4$0$0                          Lab5
     000000F4  _TL4                               Lab5
     000000F5  G$TH4$0$0                          Lab5
     000000F5  _B_5                               _gptrget
     000000F5  _TH4                               Lab5
     000000F6  G$EIP1$0$0                         Lab5
     000000F6  _B_6                               _gptrget
     000000F6  _EIP1                              Lab5
     000000F7  G$EIP2$0$0                         Lab5
     000000F7  _B_7                               _gptrget
     000000F7  _EIP2                              Lab5
     000000F8  G$SPI0CN$0$0                       Lab5
ASxxxx Linker V03.00 + NoICE + sdld,  page 13.
Hexadecimal  [32-Bits]

Area                                    Addr        Size        Decimal Bytes (Attributes)
--------------------------------        ----        ----        ------- ----- ------------
.  .ABS.                            00000000    00000000 =           0. bytes (ABS,CON)

      Value  Global                              Global Defined In Module
      -----  --------------------------------   ------------------------
     000000F8  G$SPIEN$0$0                        Lab5
     000000F8  _SPI0CN                            Lab5
     000000F8  _SPIEN                             Lab5
     000000F9  G$MSTEN$0$0                        Lab5
     000000F9  G$PCA0H$0$0                        Lab5
     000000F9  _MSTEN                             Lab5
     000000F9  _PCA0H                             Lab5
     000000FA  G$PCA0CPH0$0$0                     Lab5
     000000FA  G$SLVSEL$0$0                       Lab5
     000000FA  _PCA0CPH0                          Lab5
     000000FA  _SLVSEL                            Lab5
     000000FB  G$PCA0CPH1$0$0                     Lab5
     000000FB  G$TXBSY$0$0                        Lab5
     000000FB  _PCA0CPH1                          Lab5
     000000FB  _TXBSY                             Lab5
     000000FC  G$PCA0CPH2$0$0                     Lab5
     000000FC  G$RXOVRN$0$0                       Lab5
     000000FC  _PCA0CPH2                          Lab5
     000000FC  _RXOVRN                            Lab5
     000000FD  G$MODF$0$0                         Lab5
     000000FD  G$PCA0CPH3$0$0                     Lab5
     000000FD  _MODF                              Lab5
     000000FD  _PCA0CPH3                          Lab5
     000000FE  G$PCA0CPH4$0$0                     Lab5
     000000FE  G$WCOL$0$0                         Lab5
     000000FE  _PCA0CPH4                          Lab5
     000000FE  _WCOL                              Lab5
     000000FF  G$SPIF$0$0                         Lab5
     000000FF  G$WDTCN$0$0                        Lab5
     000000FF  _SPIF                              Lab5
     000000FF  _WDTCN                             Lab5
     00008C8A  G$TMR0$0$0                         Lab5
     00008C8A  _TMR0                              Lab5
     00008D8B  G$TMR1$0$0                         Lab5
     00008D8B  _TMR1                              Lab5
     00009392  G$TMR3RL$0$0                       Lab5
     00009392  _TMR3RL                            Lab5
     00009594  G$TMR3$0$0                         Lab5
     00009594  _TMR3                              Lab5
     0000BFBE  G$ADC0$0$0                         Lab5
     0000BFBE  _ADC0                              Lab5
     0000C5C4  G$ADC0GT$0$0                       Lab5
     0000C5C4  _ADC0GT                            Lab5
     0000C7C6  G$ADC0LT$0$0                       Lab5
     0000C7C6  _ADC0LT                            Lab5
     0000CBCA  G$RCAP2$0$0                        Lab5
     0000CBCA  _RCAP2                             Lab5
     0000CDCC  G$TMR2$0$0                         Lab5
     0000CDCC  _TMR2                              Lab5
     0000D3D2  G$DAC0$0$0                         Lab5
     0000D3D2  _DAC0                              Lab5
ASxxxx Linker V03.00 + NoICE + sdld,  page 14.
Hexadecimal  [32-Bits]

Area                                    Addr        Size        Decimal Bytes (Attributes)
--------------------------------        ----        ----        ------- ----- ------------
.  .ABS.                            00000000    00000000 =           0. bytes (ABS,CON)

      Value  Global                              Global Defined In Module
      -----  --------------------------------   ------------------------
     0000D6D5  G$DAC1$0$0                         Lab5
     0000D6D5  _DAC1                              Lab5
     0000E5E4  G$RCAP4$0$0                        Lab5
     0000E5E4  _RCAP4                             Lab5
     0000F5F4  G$TMR4$0$0                         Lab5
     0000F5F4  _TMR4                              Lab5
     0000F9E9  G$PCA0$0$0                         Lab5
     0000F9E9  _PCA0                              Lab5
     0000FAEA  G$PCA0CP0$0$0                      Lab5
     0000FAEA  _PCA0CP0                           Lab5
     0000FBEB  G$PCA0CP1$0$0                      Lab5
     0000FBEB  _PCA0CP1                           Lab5
     0000FCEC  G$PCA0CP2$0$0                      Lab5
     0000FCEC  _PCA0CP2                           Lab5
     0000FDED  G$PCA0CP3$0$0                      Lab5
     0000FDED  _PCA0CP3                           Lab5
     0000FEEE  G$PCA0CP4$0$0                      Lab5
     0000FEEE  _PCA0CP4                           Lab5

ASxxxx Linker V03.00 + NoICE + sdld,  page 15.
Hexadecimal  [32-Bits]

Area                                    Addr        Size        Decimal Bytes (Attributes)
--------------------------------        ----        ----        ------- ----- ------------
BSEG_BYTES                          00000020    00000003 =           3. bytes (REL,CON)

      Value  Global                              Global Defined In Module
      -----  --------------------------------   ------------------------
ASxxxx Linker V03.00 + NoICE + sdld,  page 16.
Hexadecimal  [32-Bits]

Area                                    Addr        Size        Decimal Bytes (Attributes)
--------------------------------        ----        ----        ------- ----- ------------
REG_BANK_0                          00000000    00000008 =           8. bytes (REL,OVR)

      Value  Global                              Global Defined In Module
      -----  --------------------------------   ------------------------
ASxxxx Linker V03.00 + NoICE + sdld,  page 17.
Hexadecimal  [32-Bits]

Area                                    Addr        Size        Decimal Bytes (Attributes)
--------------------------------        ----        ----        ------- ----- ------------
DSEG                                00000000    0000007D =         125. bytes (REL,CON)

      Value  Global                              Global Defined In Module
      -----  --------------------------------   ------------------------
     0000000E  _vsprintf_PARM_2                   sprintf
     00000011  _vsprintf_PARM_3                   sprintf
     00000015  _bp                                _bp
     00000016  _vprintf_PARM_2                    vprintf
     00000023  LLab5.lcd_clear$NumBytes$1$77      Lab5
     00000024  LLab5.lcd_clear$Cmd$1$77           Lab5
     00000026  LLab5.read_keypad$Data$1$78        Lab5
     00000028  LLab5.i2c_write_data$start_reg$1   Lab5
     00000028  _i2c_write_data_PARM_2             Lab5
     00000029  LLab5.i2c_write_data$buffer$1$97   Lab5
     00000029  _i2c_write_data_PARM_3             Lab5
     0000002C  LLab5.i2c_write_data$num_bytes$1   Lab5
     0000002C  _i2c_write_data_PARM_4             Lab5
     0000002D  LLab5.i2c_read_data$start_reg$1$   Lab5
     0000002D  _i2c_read_data_PARM_2              Lab5
     0000002E  LLab5.i2c_read_data$buffer$1$99    Lab5
     0000002E  _i2c_read_data_PARM_3              Lab5
     00000031  LLab5.i2c_read_data$num_bytes$1$   Lab5
     00000031  _i2c_read_data_PARM_4              Lab5
     00000032  LLab5.Accel_Init$Data2$1$103       Lab5
     00000033  G$avg_gx$0$0                       Lab5
     00000033  _avg_gx                            Lab5
     00000035  G$avg_gy$0$0                       Lab5
     00000035  _avg_gy                            Lab5
     00000037  G$Counts$0$0                       Lab5
     00000037  _Counts                            Lab5
     00000039  G$nCounts$0$0                      Lab5
     00000039  _nCounts                           Lab5
     0000003B  G$a_count$0$0                      Lab5
     0000003B  _a_count                           Lab5
     0000003C  G$adc_count$0$0                    Lab5
     0000003C  _adc_count                         Lab5
     0000003D  G$delay$0$0                        Lab5
     0000003D  _delay                             Lab5
     0000003E  G$new_accel$0$0                    Lab5
     0000003E  _new_accel                         Lab5
     0000003F  G$DRIVE_PW$0$0                     Lab5
     0000003F  _DRIVE_PW                          Lab5
     00000041  G$STEER_PW$0$0                     Lab5
     00000041  _STEER_PW                          Lab5
     00000043  G$AD_Result$0$0                    Lab5
     00000043  _AD_Result                         Lab5
     00000044  G$voltage$0$0                      Lab5
     00000044  _voltage                           Lab5
     00000045  G$print_delay$0$0                  Lab5
     00000045  _print_delay                       Lab5
     00000046  G$gx$0$0                           Lab5
     00000046  _gx                                Lab5
     00000048  G$gy$0$0                           Lab5
     00000048  _gy                                Lab5
ASxxxx Linker V03.00 + NoICE + sdld,  page 18.
Hexadecimal  [32-Bits]

Area                                    Addr        Size        Decimal Bytes (Attributes)
--------------------------------        ----        ----        ------- ----- ------------
DSEG                                00000000    0000007D =         125. bytes (REL,CON)

      Value  Global                              Global Defined In Module
      -----  --------------------------------   ------------------------
     0000004A  G$gx_adj$0$0                       Lab5
     0000004A  _gx_adj                            Lab5
     0000004C  G$gy_adj$0$0                       Lab5
     0000004C  _gy_adj                            Lab5
     0000004E  G$gx_motor_adj$0$0                 Lab5
     0000004E  _gx_motor_adj                      Lab5
     00000050  G$steer_gain$0$0                   Lab5
     00000050  _steer_gain                        Lab5
     00000054  G$drive_gain$0$0                   Lab5
     00000054  _drive_gain                        Lab5
     00000058  G$new_AD$0$0                       Lab5
     00000058  _new_AD                            Lab5
     00000059  LLab5.status_reg_a$Data$1$156      Lab5
     0000005B  LLab5.read_accel$Data$1$160        Lab5
     0000005F  LLab5.read_accel$addr$1$160        Lab5
     00000060  LLab5.read_accel$x_value$1$160     Lab5
     0000006E  __print_format_PARM_2              printf_large
     00000071  __print_format_PARM_3              printf_large
     00000074  __print_format_PARM_4              printf_large
ASxxxx Linker V03.00 + NoICE + sdld,  page 19.
Hexadecimal  [32-Bits]

Area                                    Addr        Size        Decimal Bytes (Attributes)
--------------------------------        ----        ----        ------- ----- ------------
OSEG                                00000017    00000006 =           6. bytes (REL,OVR)

      Value  Global                              Global Defined In Module
      -----  --------------------------------   ------------------------
     00000017  __divsint_PARM_2                   _divuint
     00000017  __divuint_PARM_2                   _divuint
     00000017  __gptrput_PARM_2                   _gptrput
     00000017  __mulint_PARM_2                    _mulint

ASxxxx Linker V03.00 + NoICE + sdld,  page 20.
Hexadecimal  [32-Bits]

Area                                    Addr        Size        Decimal Bytes (Attributes)
--------------------------------        ----        ----        ------- ----- ------------
ISEG                                0000007C    00000006 =           6. bytes (REL,CON)

      Value  Global                              Global Defined In Module
      -----  --------------------------------   ------------------------
ASxxxx Linker V03.00 + NoICE + sdld,  page 21.
Hexadecimal  [32-Bits]

Area                                    Addr        Size        Decimal Bytes (Attributes)
--------------------------------        ----        ----        ------- ----- ------------
SSEG                                00000082    0000007E =         126. bytes (REL,OVR)

      Value  Global                              Global Defined In Module
      -----  --------------------------------   ------------------------
     00000082  __start__stack                     Lab5

ASxxxx Linker V03.00 + NoICE + sdld,  page 22.
Hexadecimal  [32-Bits]

Area                                    Addr        Size        Decimal Bytes (Attributes)
--------------------------------        ----        ----        ------- ----- ------------
XSEG                                00000001    00000050 =          80. bytes (REL,CON,XDATA)

      Value  Global                              Global Defined In Module
      -----  --------------------------------   ------------------------
D:   00000001  LLab5.lcd_print$text$1$73          Lab5

ASxxxx Linker V03.00 + NoICE + sdld,  page 23.
Hexadecimal  [32-Bits]

Area                                    Addr        Size        Decimal Bytes (Attributes)
--------------------------------        ----        ----        ------- ----- ------------
HOME                                00000000    00000051 =          81. bytes (REL,CON,CODE)

      Value  Global                              Global Defined In Module
      -----  --------------------------------   ------------------------
C:   00000000  A$Lab5$1126                        Lab5
C:   00000003  A$Lab5$1127                        Lab5
C:   0000000B  A$Lab5$1129                        Lab5
C:   00000013  A$Lab5$1131                        Lab5
C:   0000001B  A$Lab5$1133                        Lab5
C:   00000023  A$Lab5$1135                        Lab5
C:   0000002B  A$Lab5$1137                        Lab5
C:   00000033  A$Lab5$1139                        Lab5
C:   0000003B  A$Lab5$1141                        Lab5
C:   00000043  A$Lab5$1143                        Lab5
C:   0000004B  A$Lab5$1145                        Lab5
C:   0000004E  A$Lab5$1248                        Lab5
C:   0000004E  __sdcc_program_startup             Lab5

ASxxxx Linker V03.00 + NoICE + sdld,  page 24.
Hexadecimal  [32-Bits]

Area                                    Addr        Size        Decimal Bytes (Attributes)
--------------------------------        ----        ----        ------- ----- ------------
GSINIT0                             00000051    00000003 =           3. bytes (REL,CON,CODE)

      Value  Global                              Global Defined In Module
      -----  --------------------------------   ------------------------
C:   00000051  __sdcc_gsinit_startup              

ASxxxx Linker V03.00 + NoICE + sdld,  page 25.
Hexadecimal  [32-Bits]

Area                                    Addr        Size        Decimal Bytes (Attributes)
--------------------------------        ----        ----        ------- ----- ------------
GSINIT2                             00000054    0000000A =          10. bytes (REL,CON,CODE)

      Value  Global                              Global Defined In Module
      -----  --------------------------------   ------------------------
ASxxxx Linker V03.00 + NoICE + sdld,  page 26.
Hexadecimal  [32-Bits]

Area                                    Addr        Size        Decimal Bytes (Attributes)
--------------------------------        ----        ----        ------- ----- ------------
GSINIT3                             0000005E    00000022 =          34. bytes (REL,CON,CODE)

      Value  Global                              Global Defined In Module
      -----  --------------------------------   ------------------------
C:   0000005E  __mcs51_genXINIT                   

ASxxxx Linker V03.00 + NoICE + sdld,  page 27.
Hexadecimal  [32-Bits]

Area                                    Addr        Size        Decimal Bytes (Attributes)
--------------------------------        ----        ----        ------- ----- ------------
GSINIT4                             00000080    0000002A =          42. bytes (REL,CON,CODE)

      Value  Global                              Global Defined In Module
      -----  --------------------------------   ------------------------
C:   00000080  __mcs51_genRAMCLEAR                
C:   00000086  __mcs51_genXRAMCLEAR               

ASxxxx Linker V03.00 + NoICE + sdld,  page 28.
Hexadecimal  [32-Bits]

Area                                    Addr        Size        Decimal Bytes (Attributes)
--------------------------------        ----        ----        ------- ----- ------------
GSINIT                              000000AA    00000049 =          73. bytes (REL,CON,CODE)

      Value  Global                              Global Defined In Module
      -----  --------------------------------   ------------------------
C:   000000AA  A$Lab5$1161                        Lab5
C:   000000AA  C$Lab5.c$38$1$160                  Lab5
C:   000000AB  A$Lab5$1162                        Lab5
C:   000000AD  A$Lab5$1163                        Lab5
C:   000000AF  A$Lab5$1166                        Lab5
C:   000000AF  C$Lab5.c$39$1$160                  Lab5
C:   000000B1  A$Lab5$1167                        Lab5
C:   000000B3  A$Lab5$1171                        Lab5
C:   000000B3  C$Lab5.c$41$1$160                  Lab5
C:   000000B5  A$Lab5$1175                        Lab5
C:   000000B5  C$Lab5.c$42$1$160                  Lab5
C:   000000B7  A$Lab5$1179                        Lab5
C:   000000B7  C$Lab5.c$43$1$160                  Lab5
C:   000000B9  A$Lab5$1183                        Lab5
C:   000000B9  C$Lab5.c$44$1$160                  Lab5
C:   000000BB  A$Lab5$1186                        Lab5
C:   000000BB  C$Lab5.c$45$1$160                  Lab5
C:   000000BE  A$Lab5$1187                        Lab5
C:   000000C1  A$Lab5$1190                        Lab5
C:   000000C1  C$Lab5.c$46$1$160                  Lab5
C:   000000C4  A$Lab5$1191                        Lab5
C:   000000C7  A$Lab5$1195                        Lab5
C:   000000C7  C$Lab5.c$49$1$160                  Lab5
C:   000000C9  A$Lab5$1199                        Lab5
C:   000000C9  C$Lab5.c$50$1$160                  Lab5
C:   000000CB  A$Lab5$1203                        Lab5
C:   000000CB  C$Lab5.c$52$1$160                  Lab5
C:   000000CD  A$Lab5$1206                        Lab5
C:   000000CD  C$Lab5.c$53$1$160                  Lab5
C:   000000CF  A$Lab5$1207                        Lab5
C:   000000D1  A$Lab5$1210                        Lab5
C:   000000D1  C$Lab5.c$54$1$160                  Lab5
C:   000000D3  A$Lab5$1211                        Lab5
C:   000000D5  A$Lab5$1214                        Lab5
C:   000000D5  C$Lab5.c$55$1$160                  Lab5
C:   000000D7  A$Lab5$1215                        Lab5
C:   000000D9  A$Lab5$1218                        Lab5
C:   000000D9  C$Lab5.c$56$1$160                  Lab5
C:   000000DB  A$Lab5$1219                        Lab5
C:   000000DD  A$Lab5$1222                        Lab5
C:   000000DD  C$Lab5.c$57$1$160                  Lab5
C:   000000DF  A$Lab5$1223                        Lab5
C:   000000E1  A$Lab5$1226                        Lab5
C:   000000E1  C$Lab5.c$58$1$160                  Lab5
C:   000000E3  A$Lab5$1227                        Lab5
C:   000000E5  A$Lab5$1228                        Lab5
C:   000000E7  A$Lab5$1229                        Lab5
C:   000000E9  A$Lab5$1232                        Lab5
C:   000000E9  C$Lab5.c$59$1$160                  Lab5
C:   000000EB  A$Lab5$1233                        Lab5
ASxxxx Linker V03.00 + NoICE + sdld,  page 29.
Hexadecimal  [32-Bits]

Area                                    Addr        Size        Decimal Bytes (Attributes)
--------------------------------        ----        ----        ------- ----- ------------
GSINIT                              000000AA    00000049 =          73. bytes (REL,CON,CODE)

      Value  Global                              Global Defined In Module
      -----  --------------------------------   ------------------------
C:   000000ED  A$Lab5$1234                        Lab5
C:   000000EF  A$Lab5$1235                        Lab5
C:   000000F1  A$Lab5$1239                        Lab5
C:   000000F1  C$Lab5.c$60$1$160                  Lab5
ASxxxx Linker V03.00 + NoICE + sdld,  page 30.
Hexadecimal  [32-Bits]

Area                                    Addr        Size        Decimal Bytes (Attributes)
--------------------------------        ----        ----        ------- ----- ------------
GSFINAL                             000000F3    00000003 =           3. bytes (REL,CON,CODE)

      Value  Global                              Global Defined In Module
      -----  --------------------------------   ------------------------
C:   000000F3  A$Lab5$1241                        Lab5

ASxxxx Linker V03.00 + NoICE + sdld,  page 31.
Hexadecimal  [32-Bits]

Area                                    Addr        Size        Decimal Bytes (Attributes)
--------------------------------        ----        ----        ------- ----- ------------
CSEG                                000000F6    00001C18 =        7192. bytes (REL,CON,CODE)

      Value  Global                              Global Defined In Module
      -----  --------------------------------   ------------------------
C:   000000F6  A$Lab5$1276                        Lab5
C:   000000F6  C$c8051_SDCC.h$42$0$0              Lab5
C:   000000F6  C$c8051_SDCC.h$46$1$31             Lab5
C:   000000F6  G$SYSCLK_Init$0$0                  Lab5
C:   000000F6  _SYSCLK_Init                       Lab5
C:   000000F9  A$Lab5$1279                        Lab5
C:   000000F9  C$c8051_SDCC.h$49$1$31             Lab5
C:   000000FB  A$Lab5$1280                        Lab5
C:   000000FD  A$Lab5$1282                        Lab5
C:   000000FE  A$Lab5$1283                        Lab5
C:   00000101  A$Lab5$1284                        Lab5
C:   00000102  A$Lab5$1286                        Lab5
C:   00000103  A$Lab5$1287                        Lab5
C:   00000104  A$Lab5$1288                        Lab5
C:   00000106  A$Lab5$1292                        Lab5
C:   00000106  C$c8051_SDCC.h$51$1$31             Lab5
C:   00000108  A$Lab5$1293                        Lab5
C:   0000010B  A$Lab5$1296                        Lab5
C:   0000010B  C$c8051_SDCC.h$53$1$31             Lab5
C:   0000010E  A$Lab5$1299                        Lab5
C:   0000010E  C$c8051_SDCC.h$56$1$31             Lab5
C:   0000010E  XG$SYSCLK_Init$0$0                 Lab5
C:   0000010F  A$Lab5$1312                        Lab5
C:   0000010F  C$c8051_SDCC.h$64$1$31             Lab5
C:   0000010F  C$c8051_SDCC.h$66$1$33             Lab5
C:   0000010F  G$UART0_Init$0$0                   Lab5
C:   0000010F  _UART0_Init                        Lab5
C:   00000112  A$Lab5$1315                        Lab5
C:   00000112  C$c8051_SDCC.h$67$1$33             Lab5
C:   00000115  A$Lab5$1318                        Lab5
C:   00000115  C$c8051_SDCC.h$68$1$33             Lab5
C:   00000118  A$Lab5$1321                        Lab5
C:   00000118  C$c8051_SDCC.h$69$1$33             Lab5
C:   0000011A  A$Lab5$1324                        Lab5
C:   0000011A  C$c8051_SDCC.h$70$1$33             Lab5
C:   0000011D  A$Lab5$1327                        Lab5
C:   0000011D  C$c8051_SDCC.h$71$1$33             Lab5
C:   00000120  A$Lab5$1330                        Lab5
C:   00000120  C$c8051_SDCC.h$73$1$33             Lab5
C:   00000122  A$Lab5$1333                        Lab5
C:   00000122  C$c8051_SDCC.h$74$1$33             Lab5
C:   00000125  A$Lab5$1336                        Lab5
C:   00000125  C$c8051_SDCC.h$75$1$33             Lab5
C:   00000125  XG$UART0_Init$0$0                  Lab5
C:   00000126  A$Lab5$1349                        Lab5
C:   00000126  C$c8051_SDCC.h$83$1$33             Lab5
C:   00000126  C$c8051_SDCC.h$85$1$35             Lab5
C:   00000126  G$Sys_Init$0$0                     Lab5
C:   00000126  _Sys_Init                          Lab5
C:   00000129  A$Lab5$1352                        Lab5
ASxxxx Linker V03.00 + NoICE + sdld,  page 32.
Hexadecimal  [32-Bits]

Area                                    Addr        Size        Decimal Bytes (Attributes)
--------------------------------        ----        ----        ------- ----- ------------
CSEG                                000000F6    00001C18 =        7192. bytes (REL,CON,CODE)

      Value  Global                              Global Defined In Module
      -----  --------------------------------   ------------------------
C:   00000129  C$c8051_SDCC.h$86$1$35             Lab5
C:   0000012C  A$Lab5$1355                        Lab5
C:   0000012C  C$c8051_SDCC.h$88$1$35             Lab5
C:   0000012F  A$Lab5$1358                        Lab5
C:   0000012F  C$c8051_SDCC.h$89$1$35             Lab5
C:   00000132  A$Lab5$1361                        Lab5
C:   00000132  C$c8051_SDCC.h$91$1$35             Lab5
C:   00000135  A$Lab5$1364                        Lab5
C:   00000135  C$c8051_SDCC.h$92$1$35             Lab5
C:   00000138  A$Lab5$1367                        Lab5
C:   00000138  C$c8051_SDCC.h$93$1$35             Lab5
C:   00000138  XG$Sys_Init$0$0                    Lab5
C:   00000139  A$Lab5$1380                        Lab5
C:   00000139  C$c8051_SDCC.h$98$1$35             Lab5
C:   00000139  G$putchar$0$0                      Lab5
C:   00000139  _putchar                           Lab5
C:   0000013B  A$Lab5$1386                        Lab5
C:   0000013B  C$c8051_SDCC.h$100$1$37            Lab5
C:   0000013B  C$c8051_SDCC.h$101$1$37            Lab5
C:   0000013E  A$Lab5$1387                        Lab5
C:   00000140  A$Lab5$1391                        Lab5
C:   00000140  C$c8051_SDCC.h$102$1$37            Lab5
C:   00000142  A$Lab5$1394                        Lab5
C:   00000142  C$c8051_SDCC.h$103$1$37            Lab5
C:   00000142  XG$putchar$0$0                     Lab5
C:   00000143  A$Lab5$1412                        Lab5
C:   00000143  C$c8051_SDCC.h$108$1$37            Lab5
C:   00000143  C$c8051_SDCC.h$111$1$39            Lab5
C:   00000143  C$c8051_SDCC.h$112$1$39            Lab5
C:   00000143  G$getchar$0$0                      Lab5
C:   00000143  _getchar                           Lab5
C:   00000146  A$Lab5$1413                        Lab5
C:   00000148  A$Lab5$1417                        Lab5
C:   00000148  C$c8051_SDCC.h$113$1$39            Lab5
C:   0000014B  A$Lab5$1420                        Lab5
C:   0000014B  C$c8051_SDCC.h$114$1$39            Lab5
C:   0000014E  A$Lab5$1423                        Lab5
C:   0000014E  C$c8051_SDCC.h$115$1$39            Lab5
C:   00000151  A$Lab5$1426                        Lab5
C:   00000151  C$c8051_SDCC.h$116$1$39            Lab5
C:   00000151  XG$getchar$0$0                     Lab5
C:   00000152  A$Lab5$1443                        Lab5
C:   00000152  C$i2c.h$81$1$39                    Lab5
C:   00000152  G$lcd_print$0$0                    Lab5
C:   00000152  _lcd_print                         Lab5
C:   00000154  A$Lab5$1444                        Lab5
C:   00000157  A$Lab5$1447                        Lab5
C:   00000157  C$i2c.h$87$1$73                    Lab5
C:   00000159  A$Lab5$1448                        Lab5
C:   0000015B  A$Lab5$1449                        Lab5
C:   0000015C  A$Lab5$1450                        Lab5
ASxxxx Linker V03.00 + NoICE + sdld,  page 33.
Hexadecimal  [32-Bits]

Area                                    Addr        Size        Decimal Bytes (Attributes)
--------------------------------        ----        ----        ------- ----- ------------
CSEG                                000000F6    00001C18 =        7192. bytes (REL,CON,CODE)

      Value  Global                              Global Defined In Module
      -----  --------------------------------   ------------------------
C:   0000015E  A$Lab5$1451                        Lab5
C:   0000015F  A$Lab5$1452                        Lab5
C:   00000161  A$Lab5$1453                        Lab5
C:   00000162  A$Lab5$1454                        Lab5
C:   00000164  A$Lab5$1455                        Lab5
C:   00000167  A$Lab5$1456                        Lab5
C:   00000169  A$Lab5$1457                        Lab5
C:   0000016C  A$Lab5$1458                        Lab5
C:   0000016E  A$Lab5$1459                        Lab5
C:   00000170  A$Lab5$1460                        Lab5
C:   00000172  A$Lab5$1464                        Lab5
C:   00000172  C$i2c.h$89$2$74                    Lab5
C:   00000174  A$Lab5$1465                        Lab5
C:   00000176  A$Lab5$1466                        Lab5
C:   00000177  A$Lab5$1467                        Lab5
C:   00000179  A$Lab5$1470                        Lab5
C:   00000179  C$i2c.h$90$1$73                    Lab5
C:   0000017B  A$Lab5$1471                        Lab5
C:   0000017D  A$Lab5$1472                        Lab5
C:   0000017E  A$Lab5$1473                        Lab5
C:   00000180  A$Lab5$1474                        Lab5
C:   00000181  A$Lab5$1475                        Lab5
C:   00000183  A$Lab5$1476                        Lab5
C:   00000184  A$Lab5$1477                        Lab5
C:   00000186  A$Lab5$1478                        Lab5
C:   00000189  A$Lab5$1479                        Lab5
C:   0000018C  A$Lab5$1480                        Lab5
C:   0000018F  A$Lab5$1483                        Lab5
C:   0000018F  C$i2c.h$93$1$73                    Lab5
C:   00000192  A$Lab5$1484                        Lab5
C:   00000195  A$Lab5$1485                        Lab5
C:   00000198  A$Lab5$1486                        Lab5
C:   0000019A  A$Lab5$1489                        Lab5
C:   0000019C  A$Lab5$1491                        Lab5
C:   0000019D  A$Lab5$1492                        Lab5
C:   0000019E  A$Lab5$1493                        Lab5
C:   0000019F  A$Lab5$1494                        Lab5
C:   000001A1  A$Lab5$1497                        Lab5
C:   000001A1  C$i2c.h$96$2$76                    Lab5
C:   000001A2  A$Lab5$1498                        Lab5
C:   000001A4  A$Lab5$1499                        Lab5
C:   000001A6  A$Lab5$1500                        Lab5
C:   000001A7  A$Lab5$1501                        Lab5
C:   000001A9  A$Lab5$1502                        Lab5
C:   000001AB  A$Lab5$1503                        Lab5
C:   000001AC  A$Lab5$1504                        Lab5
C:   000001AD  A$Lab5$1505                        Lab5
C:   000001B0  A$Lab5$1506                        Lab5
C:   000001B1  A$Lab5$1507                        Lab5
C:   000001B3  A$Lab5$1508                        Lab5
C:   000001B5  A$Lab5$1509                        Lab5
ASxxxx Linker V03.00 + NoICE + sdld,  page 34.
Hexadecimal  [32-Bits]

Area                                    Addr        Size        Decimal Bytes (Attributes)
--------------------------------        ----        ----        ------- ----- ------------
CSEG                                000000F6    00001C18 =        7192. bytes (REL,CON,CODE)

      Value  Global                              Global Defined In Module
      -----  --------------------------------   ------------------------
C:   000001B6  A$Lab5$1510                        Lab5
C:   000001B8  A$Lab5$1511                        Lab5
C:   000001BA  A$Lab5$1512                        Lab5
C:   000001BC  A$Lab5$1513                        Lab5
C:   000001BD  A$Lab5$1517                        Lab5
C:   000001BD  C$i2c.h$94$1$73                    Lab5
C:   000001BE  A$Lab5$1518                        Lab5
C:   000001C0  A$Lab5$1522                        Lab5
C:   000001C0  C$i2c.h$99$1$73                    Lab5
C:   000001C3  A$Lab5$1523                        Lab5
C:   000001C6  A$Lab5$1524                        Lab5
C:   000001C9  A$Lab5$1525                        Lab5
C:   000001CC  A$Lab5$1526                        Lab5
C:   000001CE  A$Lab5$1527                        Lab5
C:   000001D1  A$Lab5$1528                        Lab5
C:   000001D4  A$Lab5$1530                        Lab5
C:   000001D6  A$Lab5$1533                        Lab5
C:   000001D6  C$i2c.h$100$1$73                   Lab5
C:   000001D6  XG$lcd_print$0$0                   Lab5
C:   000001D7  A$Lab5$1549                        Lab5
C:   000001D7  C$i2c.h$103$1$73                   Lab5
C:   000001D7  C$i2c.h$105$1$73                   Lab5
C:   000001D7  G$lcd_clear$0$0                    Lab5
C:   000001D7  _lcd_clear                         Lab5
C:   000001DA  A$Lab5$1553                        Lab5
C:   000001DA  C$i2c.h$107$1$77                   Lab5
C:   000001DC  A$Lab5$1554                        Lab5
C:   000001DE  A$Lab5$1555                        Lab5
C:   000001E0  A$Lab5$1556                        Lab5
C:   000001E3  A$Lab5$1557                        Lab5
C:   000001E6  A$Lab5$1558                        Lab5
C:   000001E9  A$Lab5$1559                        Lab5
C:   000001EC  A$Lab5$1560                        Lab5
C:   000001EF  A$Lab5$1561                        Lab5
C:   000001F2  A$Lab5$1562                        Lab5
C:   000001F5  A$Lab5$1563                        Lab5
C:   000001F7  A$Lab5$1567                        Lab5
C:   000001F7  C$i2c.h$109$1$77                   Lab5
C:   000001FA  A$Lab5$1570                        Lab5
C:   000001FA  C$i2c.h$110$1$77                   Lab5
C:   000001FD  A$Lab5$1571                        Lab5
C:   00000200  A$Lab5$1572                        Lab5
C:   00000203  A$Lab5$1573                        Lab5
C:   00000206  A$Lab5$1574                        Lab5
C:   00000209  A$Lab5$1575                        Lab5
C:   0000020C  A$Lab5$1576                        Lab5
C:   0000020F  A$Lab5$1579                        Lab5
C:   0000020F  C$i2c.h$111$1$77                   Lab5
C:   0000020F  XG$lcd_clear$0$0                   Lab5
C:   00000210  A$Lab5$1595                        Lab5
C:   00000210  C$i2c.h$114$1$77                   Lab5
ASxxxx Linker V03.00 + NoICE + sdld,  page 35.
Hexadecimal  [32-Bits]

Area                                    Addr        Size        Decimal Bytes (Attributes)
--------------------------------        ----        ----        ------- ----- ------------
CSEG                                000000F6    00001C18 =        7192. bytes (REL,CON,CODE)

      Value  Global                              Global Defined In Module
      -----  --------------------------------   ------------------------
C:   00000210  C$i2c.h$118$1$78                   Lab5
C:   00000210  G$read_keypad$0$0                  Lab5
C:   00000210  _read_keypad                       Lab5
C:   00000213  A$Lab5$1596                        Lab5
C:   00000216  A$Lab5$1597                        Lab5
C:   00000219  A$Lab5$1598                        Lab5
C:   0000021C  A$Lab5$1599                        Lab5
C:   0000021F  A$Lab5$1600                        Lab5
C:   00000222  A$Lab5$1601                        Lab5
C:   00000225  A$Lab5$1604                        Lab5
C:   00000225  C$i2c.h$119$1$78                   Lab5
C:   00000227  A$Lab5$1605                        Lab5
C:   0000022A  A$Lab5$1606                        Lab5
C:   0000022D  A$Lab5$1607                        Lab5
C:   0000022F  A$Lab5$1611                        Lab5
C:   00000231  A$Lab5$1612                        Lab5
C:   00000233  A$Lab5$1616                        Lab5
C:   00000233  C$i2c.h$123$2$79                   Lab5
C:   00000235  A$Lab5$1617                        Lab5
C:   00000237  A$Lab5$1618                        Lab5
C:   00000239  A$Lab5$1619                        Lab5
C:   0000023B  A$Lab5$1620                        Lab5
C:   0000023D  A$Lab5$1622                        Lab5
C:   0000023E  A$Lab5$1623                        Lab5
C:   0000023F  A$Lab5$1624                        Lab5
C:   00000240  A$Lab5$1625                        Lab5
C:   00000241  A$Lab5$1626                        Lab5
C:   00000242  A$Lab5$1627                        Lab5
C:   00000243  A$Lab5$1629                        Lab5
C:   00000246  A$Lab5$1630                        Lab5
C:   00000248  A$Lab5$1631                        Lab5
C:   0000024A  A$Lab5$1632                        Lab5
C:   0000024B  A$Lab5$1633                        Lab5
C:   0000024D  A$Lab5$1634                        Lab5
C:   0000024E  A$Lab5$1635                        Lab5
C:   00000250  A$Lab5$1636                        Lab5
C:   00000251  A$Lab5$1637                        Lab5
C:   00000252  A$Lab5$1638                        Lab5
C:   00000254  A$Lab5$1641                        Lab5
C:   00000254  C$i2c.h$124$2$79                   Lab5
C:   00000256  A$Lab5$1642                        Lab5
C:   00000257  A$Lab5$1643                        Lab5
C:   00000259  A$Lab5$1644                        Lab5
C:   0000025B  A$Lab5$1648                        Lab5
C:   0000025B  C$i2c.h$121$1$78                   Lab5
C:   0000025C  A$Lab5$1649                        Lab5
C:   0000025E  A$Lab5$1650                        Lab5
C:   00000261  A$Lab5$1652                        Lab5
C:   00000263  A$Lab5$1655                        Lab5
C:   00000263  C$i2c.h$127$1$78                   Lab5
C:   00000265  A$Lab5$1656                        Lab5
ASxxxx Linker V03.00 + NoICE + sdld,  page 36.
Hexadecimal  [32-Bits]

Area                                    Addr        Size        Decimal Bytes (Attributes)
--------------------------------        ----        ----        ------- ----- ------------
CSEG                                000000F6    00001C18 =        7192. bytes (REL,CON,CODE)

      Value  Global                              Global Defined In Module
      -----  --------------------------------   ------------------------
C:   00000268  A$Lab5$1657                        Lab5
C:   0000026B  A$Lab5$1658                        Lab5
C:   0000026D  A$Lab5$1662                        Lab5
C:   0000026D  C$i2c.h$129$1$78                   Lab5
C:   0000026F  A$Lab5$1663                        Lab5
C:   00000272  A$Lab5$1664                        Lab5
C:   00000275  A$Lab5$1665                        Lab5
C:   00000277  A$Lab5$1669                        Lab5
C:   00000277  C$i2c.h$131$1$78                   Lab5
C:   00000279  A$Lab5$1670                        Lab5
C:   0000027C  A$Lab5$1671                        Lab5
C:   0000027F  A$Lab5$1672                        Lab5
C:   00000281  A$Lab5$1676                        Lab5
C:   00000281  C$i2c.h$133$1$78                   Lab5
C:   00000283  A$Lab5$1677                        Lab5
C:   00000286  A$Lab5$1678                        Lab5
C:   00000289  A$Lab5$1679                        Lab5
C:   0000028B  A$Lab5$1683                        Lab5
C:   0000028B  C$i2c.h$135$1$78                   Lab5
C:   0000028E  A$Lab5$1687                        Lab5
C:   0000028E  C$i2c.h$136$1$78                   Lab5
C:   0000028E  XG$read_keypad$0$0                 Lab5
C:   0000028F  A$Lab5$1703                        Lab5
C:   0000028F  C$i2c.h$148$1$78                   Lab5
C:   0000028F  G$kpd_input$0$0                    Lab5
C:   0000028F  _kpd_input                         Lab5
C:   00000291  A$Lab5$1708                        Lab5
C:   00000291  C$i2c.h$153$1$81                   Lab5
C:   00000291  C$i2c.h$156$1$81                   Lab5
C:   00000292  A$Lab5$1709                        Lab5
C:   00000293  A$Lab5$1710                        Lab5
C:   00000294  A$Lab5$1711                        Lab5
C:   00000295  A$Lab5$1712                        Lab5
C:   00000297  A$Lab5$1713                        Lab5
C:   00000299  A$Lab5$1714                        Lab5
C:   0000029B  A$Lab5$1715                        Lab5
C:   0000029D  A$Lab5$1716                        Lab5
C:   0000029F  A$Lab5$1717                        Lab5
C:   000002A1  A$Lab5$1718                        Lab5
C:   000002A3  A$Lab5$1719                        Lab5
C:   000002A5  A$Lab5$1720                        Lab5
C:   000002A7  A$Lab5$1721                        Lab5
C:   000002AA  A$Lab5$1722                        Lab5
C:   000002AC  A$Lab5$1723                        Lab5
C:   000002AE  A$Lab5$1724                        Lab5
C:   000002B0  A$Lab5$1725                        Lab5
C:   000002B2  A$Lab5$1726                        Lab5
C:   000002B4  A$Lab5$1730                        Lab5
C:   000002B4  C$i2c.h$158$1$81                   Lab5
C:   000002B6  A$Lab5$1731                        Lab5
C:   000002B8  A$Lab5$1732                        Lab5
ASxxxx Linker V03.00 + NoICE + sdld,  page 37.
Hexadecimal  [32-Bits]

Area                                    Addr        Size        Decimal Bytes (Attributes)
--------------------------------        ----        ----        ------- ----- ------------
CSEG                                000000F6    00001C18 =        7192. bytes (REL,CON,CODE)

      Value  Global                              Global Defined In Module
      -----  --------------------------------   ------------------------
C:   000002BA  A$Lab5$1733                        Lab5
C:   000002BC  A$Lab5$1734                        Lab5
C:   000002BD  A$Lab5$1735                        Lab5
C:   000002BF  A$Lab5$1736                        Lab5
C:   000002C1  A$Lab5$1737                        Lab5
C:   000002C3  A$Lab5$1738                        Lab5
C:   000002C4  A$Lab5$1739                        Lab5
C:   000002C6  A$Lab5$1740                        Lab5
C:   000002C8  A$Lab5$1741                        Lab5
C:   000002CA  A$Lab5$1742                        Lab5
C:   000002CB  A$Lab5$1743                        Lab5
C:   000002CD  A$Lab5$1744                        Lab5
C:   000002CF  A$Lab5$1745                        Lab5
C:   000002D1  A$Lab5$1746                        Lab5
C:   000002D2  A$Lab5$1747                        Lab5
C:   000002D4  A$Lab5$1748                        Lab5
C:   000002D6  A$Lab5$1749                        Lab5
C:   000002D8  A$Lab5$1750                        Lab5
C:   000002D9  A$Lab5$1751                        Lab5
C:   000002DB  A$Lab5$1752                        Lab5
C:   000002DD  A$Lab5$1753                        Lab5
C:   000002DF  A$Lab5$1754                        Lab5
C:   000002E1  A$Lab5$1755                        Lab5
C:   000002E3  A$Lab5$1756                        Lab5
C:   000002E5  A$Lab5$1757                        Lab5
C:   000002E7  A$Lab5$1758                        Lab5
C:   000002EA  A$Lab5$1759                        Lab5
C:   000002EC  A$Lab5$1760                        Lab5
C:   000002EE  A$Lab5$1761                        Lab5
C:   000002F0  A$Lab5$1764                        Lab5
C:   000002F0  C$i2c.h$160$1$81                   Lab5
C:   000002F3  A$Lab5$1765                        Lab5
C:   000002F6  A$Lab5$1766                        Lab5
[...]
C:   00000BB7  C$Lab5.c$299$1$153                 Lab5
C:   00000BB7  XG$accelerometer_adjustment$0$0    Lab5
C:   00000BB8  A$Lab5$3547                        Lab5
C:   00000BB8  C$Lab5.c$301$1$153                 Lab5
C:   00000BB8  C$Lab5.c$305$1$156                 Lab5
C:   00000BB8  G$status_reg_a$0$0                 Lab5
C:   00000BB8  _status_reg_a                      Lab5
C:   00000BBB  A$Lab5$3548                        Lab5
C:   00000BBE  A$Lab5$3549                        Lab5
C:   00000BC1  A$Lab5$3550                        Lab5
C:   00000BC4  A$Lab5$3551                        Lab5
ASxxxx Linker V03.00 + NoICE + sdld,  page 64.
Hexadecimal  [32-Bits]

Area                                    Addr        Size        Decimal Bytes (Attributes)
--------------------------------        ----        ----        ------- ----- ------------
CSEG                                000000F6    00001C18 =        7192. bytes (REL,CON,CODE)

      Value  Global                              Global Defined In Module
      -----  --------------------------------   ------------------------
C:   00000BC7  A$Lab5$3552                        Lab5
C:   00000BCA  A$Lab5$3553                        Lab5
C:   00000BCD  A$Lab5$3556                        Lab5
C:   00000BCD  C$Lab5.c$306$1$156                 Lab5
C:   00000BCF  A$Lab5$3557                        Lab5
C:   00000BD1  A$Lab5$3558                        Lab5
C:   00000BD3  A$Lab5$3559                        Lab5
C:   00000BD5  A$Lab5$3562                        Lab5
C:   00000BD5  C$Lab5.c$308$2$157                 Lab5
C:   00000BD8  A$Lab5$3563                        Lab5
C:   00000BDA  A$Lab5$3567                        Lab5
C:   00000BDA  C$Lab5.c$312$2$158                 Lab5
C:   00000BDD  A$Lab5$3571                        Lab5
C:   00000BDD  C$Lab5.c$314$1$156                 Lab5
C:   00000BDD  XG$status_reg_a$0$0                Lab5
C:   00000BDE  A$Lab5$3591                        Lab5
C:   00000BDE  C$Lab5.c$316$1$156                 Lab5
C:   00000BDE  C$Lab5.c$320$1$156                 Lab5
C:   00000BDE  G$read_accel$0$0                   Lab5
C:   00000BDE  _read_accel                        Lab5
C:   00000BE1  A$Lab5$3598                        Lab5
C:   00000BE1  C$Lab5.c$326$1$160                 Lab5
C:   00000BE1  C$Lab5.c$327$1$160                 Lab5
C:   00000BE1  C$Lab5.c$329$1$160                 Lab5
C:   00000BE2  A$Lab5$3599                        Lab5
C:   00000BE4  A$Lab5$3600                        Lab5
C:   00000BE5  A$Lab5$3601                        Lab5
C:   00000BE7  A$Lab5$3602                        Lab5
C:   00000BE9  A$Lab5$3605                        Lab5
C:   00000BE9  C$Lab5.c$330$1$160                 Lab5
C:   00000BEB  A$Lab5$3606                        Lab5
C:   00000BED  A$Lab5$3609                        Lab5
C:   00000BEF  A$Lab5$3610                        Lab5
C:   00000BF1  A$Lab5$3611                        Lab5
C:   00000BF3  A$Lab5$3615                        Lab5
C:   00000BF3  C$Lab5.c$335$2$161                 Lab5
C:   00000BF5  A$Lab5$3616                        Lab5
C:   00000BF7  A$Lab5$3617                        Lab5
C:   00000BF9  A$Lab5$3618                        Lab5
C:   00000BFC  A$Lab5$3619                        Lab5
C:   00000BFE  A$Lab5$3620                        Lab5
C:   00000C00  A$Lab5$3621                        Lab5
C:   00000C02  A$Lab5$3622                        Lab5
C:   00000C04  A$Lab5$3623                        Lab5
C:   00000C06  A$Lab5$3624                        Lab5
C:   00000C09  A$Lab5$3628                        Lab5
C:   00000C09  C$Lab5.c$339$3$162                 Lab5
C:   00000C0C  A$Lab5$3629                        Lab5
C:   00000C0F  A$Lab5$3630                        Lab5
C:   00000C12  A$Lab5$3631                        Lab5
C:   00000C15  A$Lab5$3632                        Lab5
ASxxxx Linker V03.00 + NoICE + sdld,  page 65.
Hexadecimal  [32-Bits]

Area                                    Addr        Size        Decimal Bytes (Attributes)
--------------------------------        ----        ----        ------- ----- ------------
CSEG                                000000F6    00001C18 =        7192. bytes (REL,CON,CODE)

      Value  Global                              Global Defined In Module
      -----  --------------------------------   ------------------------
C:   00000C18  A$Lab5$3633                        Lab5
C:   00000C1B  A$Lab5$3634                        Lab5
C:   00000C1D  A$Lab5$3635                        Lab5
C:   00000C1F  A$Lab5$3636                        Lab5
C:   00000C21  A$Lab5$3637                        Lab5
C:   00000C24  A$Lab5$3638                        Lab5
C:   00000C26  A$Lab5$3639                        Lab5
C:   00000C28  A$Lab5$3640                        Lab5
C:   00000C2A  A$Lab5$3643                        Lab5
C:   00000C2A  C$Lab5.c$343$3$162                 Lab5
C:   00000C2C  A$Lab5$3644                        Lab5
C:   00000C2E  A$Lab5$3645                        Lab5
C:   00000C2F  A$Lab5$3646                        Lab5
C:   00000C31  A$Lab5$3647                        Lab5
C:   00000C33  A$Lab5$3648                        Lab5
C:   00000C35  A$Lab5$3649                        Lab5
C:   00000C37  A$Lab5$3650                        Lab5
C:   00000C38  A$Lab5$3651                        Lab5
C:   00000C39  A$Lab5$3652                        Lab5
C:   00000C3B  A$Lab5$3653                        Lab5
C:   00000C3C  A$Lab5$3654                        Lab5
C:   00000C3E  A$Lab5$3655                        Lab5
C:   00000C40  A$Lab5$3656                        Lab5
C:   00000C42  A$Lab5$3657                        Lab5
C:   00000C44  A$Lab5$3658                        Lab5
C:   00000C46  A$Lab5$3659                        Lab5
C:   00000C48  A$Lab5$3660                        Lab5
C:   00000C4A  A$Lab5$3661                        Lab5
C:   00000C4D  A$Lab5$3662                        Lab5
C:   00000C4F  A$Lab5$3664                        Lab5
C:   00000C51  A$Lab5$3667                        Lab5
C:   00000C51  C$Lab5.c$344$3$162                 Lab5
C:   00000C53  A$Lab5$3668                        Lab5
C:   00000C55  A$Lab5$3669                        Lab5
C:   00000C56  A$Lab5$3670                        Lab5
C:   00000C58  A$Lab5$3671                        Lab5
C:   00000C5A  A$Lab5$3672                        Lab5
C:   00000C5C  A$Lab5$3673                        Lab5
C:   00000C5D  A$Lab5$3674                        Lab5
C:   00000C5E  A$Lab5$3675                        Lab5
C:   00000C5F  A$Lab5$3676                        Lab5
C:   00000C60  A$Lab5$3677                        Lab5
C:   00000C62  A$Lab5$3678                        Lab5
C:   00000C63  A$Lab5$3679                        Lab5
C:   00000C64  A$Lab5$3680                        Lab5
C:   00000C66  A$Lab5$3681                        Lab5
C:   00000C67  A$Lab5$3682                        Lab5
C:   00000C68  A$Lab5$3683                        Lab5
C:   00000C69  A$Lab5$3684                        Lab5
C:   00000C6C  A$Lab5$3685                        Lab5
C:   00000C6E  A$Lab5$3687                        Lab5
ASxxxx Linker V03.00 + NoICE + sdld,  page 66.
Hexadecimal  [32-Bits]

Area                                    Addr        Size        Decimal Bytes (Attributes)
--------------------------------        ----        ----        ------- ----- ------------
CSEG                                000000F6    00001C18 =        7192. bytes (REL,CON,CODE)

      Value  Global                              Global Defined In Module
      -----  --------------------------------   ------------------------
C:   00000C6F  A$Lab5$3690                        Lab5
C:   00000C6F  C$Lab5.c$346$3$162                 Lab5
C:   00000C71  A$Lab5$3691                        Lab5
C:   00000C73  A$Lab5$3692                        Lab5
C:   00000C75  A$Lab5$3693                        Lab5
C:   00000C77  A$Lab5$3694                        Lab5
C:   00000C79  A$Lab5$3695                        Lab5
C:   00000C7B  A$Lab5$3698                        Lab5
C:   00000C7B  C$Lab5.c$347$3$162                 Lab5
C:   00000C7C  A$Lab5$3699                        Lab5
C:   00000C7E  A$Lab5$3700                        Lab5
C:   00000C80  A$Lab5$3701                        Lab5
C:   00000C81  A$Lab5$3702                        Lab5
C:   00000C83  A$Lab5$3703                        Lab5
C:   00000C85  A$Lab5$3706                        Lab5
C:   00000C85  C$Lab5.c$348$3$162                 Lab5
C:   00000C86  A$Lab5$3710                        Lab5
C:   00000C86  C$Lab5.c$331$1$160                 Lab5
C:   00000C87  A$Lab5$3711                        Lab5
C:   00000C8A  A$Lab5$3712                        Lab5
C:   00000C8B  A$Lab5$3714                        Lab5
C:   00000C8C  A$Lab5$3715                        Lab5
C:   00000C8D  A$Lab5$3716                        Lab5
C:   00000C8F  A$Lab5$3717                        Lab5
C:   00000C90  A$Lab5$3718                        Lab5
C:   00000C92  A$Lab5$3719                        Lab5
C:   00000C94  A$Lab5$3720                        Lab5
C:   00000C96  A$Lab5$3721                        Lab5
C:   00000C99  A$Lab5$3725                        Lab5
C:   00000C99  C$Lab5.c$352$1$160                 Lab5
C:   00000C9B  A$Lab5$3726                        Lab5
C:   00000C9C  A$Lab5$3727                        Lab5
C:   00000C9E  A$Lab5$3730                        Lab5
C:   00000C9E  C$Lab5.c$354$2$163                 Lab5
C:   00000CA0  A$Lab5$3731                        Lab5
C:   00000CA2  A$Lab5$3732                        Lab5
C:   00000CA4  A$Lab5$3733                        Lab5
C:   00000CA7  A$Lab5$3734                        Lab5
C:   00000CAA  A$Lab5$3735                        Lab5
C:   00000CAC  A$Lab5$3736                        Lab5
C:   00000CAE  A$Lab5$3737                        Lab5
C:   00000CB1  A$Lab5$3738                        Lab5
C:   00000CB4  A$Lab5$3739                        Lab5
C:   00000CB7  A$Lab5$3740                        Lab5
C:   00000CB9  A$Lab5$3741                        Lab5
C:   00000CBB  A$Lab5$3744                        Lab5
C:   00000CBB  C$Lab5.c$355$1$160                 Lab5
C:   00000CBD  A$Lab5$3745                        Lab5
C:   00000CBF  A$Lab5$3746                        Lab5
C:   00000CC2  A$Lab5$3747                        Lab5
C:   00000CC5  A$Lab5$3748                        Lab5
ASxxxx Linker V03.00 + NoICE + sdld,  page 67.
Hexadecimal  [32-Bits]

Area                                    Addr        Size        Decimal Bytes (Attributes)
--------------------------------        ----        ----        ------- ----- ------------
CSEG                                000000F6    00001C18 =        7192. bytes (REL,CON,CODE)

      Value  Global                              Global Defined In Module
      -----  --------------------------------   ------------------------
C:   00000CC8  A$Lab5$3749                        Lab5
C:   00000CCB  A$Lab5$3750                        Lab5
C:   00000CCE  A$Lab5$3754                        Lab5
C:   00000CCE  C$Lab5.c$357$1$160                 Lab5
C:   00000CCE  XG$read_accel$0$0                  Lab5
C:   00000CCF  ___fssub                           _fssub
C:   00000CDA  _printf_fast_f                     printf_fast_f
C:   0000115B  ___fsmul                           _fsmul
C:   000011FE  fsgetargs                          _fsget2args
C:   0000122C  fs_rshift_a                        _fsrshift
C:   0000126F  fs_normalize_a                     _fsnormalize
C:   000012A2  ___fsgt                            _fsgt
C:   000012D2  __gptrput                          _gptrput
C:   000012ED  _abs                               abs
C:   000012FA  ___fslt                            _fslt
C:   0000132A  __mulint                           _mulint
C:   0000132A  __mulint_dummy                     _mulint
C:   000013B7  _vsprintf                          sprintf
C:   000013F4  _sprintf                           sprintf
C:   00001442  ___fsadd                           _fsadd
C:   00001445  fsadd_direct_entry                 _fsadd
C:   0000149B  __divuint                          _divuint
C:   000014C4  fs_compare_uint32                  _fscmp
C:   000014E2  fs_check_negative_zeros            _fscmp
C:   0000150D  ___sint2fs                         _sint2fs
C:   0000151A  ___fs2sint                         _fs2sint
C:   0000154E  fs_round_and_return                _fsreturnval
C:   00001566  fs_zerocheck_return                _fsreturnval
C:   0000156F  fs_return_zero                     _fsreturnval
C:   00001577  fs_direct_return                   _fsreturnval
C:   00001585  fs_return_inf                      _fsreturnval
C:   00001592  fs_return_nan                      _fsreturnval
C:   000015A8  _vprintf                           vprintf
C:   000015C1  _printf                            vprintf
C:   00001693  __print_format                     printf_large
C:   00001B9D  fs_swap_a_b                        _fsswapargs
C:   00001BB7  _strlen                            _strlen
C:   00001BCF  __gptrget                          _gptrget
C:   00001BEB  ___uchar2fs                        _uchar2fs
C:   00001BF6  ___fs2uchar                        _fs2uchar
C:   00001BFE  ___slong2fs                        _slong2fs
C:   00001C07  slong2fs_doit                      _slong2fs
C:   00001C2B  ___ulong2fs                        _ulong2fs
C:   00001C34  ulong2fs_doit                      _ulong2fs
C:   00001C3E  __divsint                          _divsint
C:   00001C76  ___fs2slong                        _fs2slong
C:   00001CD1  __sdcc_external_startup            _startup
C:   00001CD5  fsgetarg                           _fsget1arg
C:   00001CE7  ___fs2ulong                        _fs2ulong
C:   00001CE9  fs2ulong_begin                     _fs2ulong

ASxxxx Linker V03.00 + NoICE + sdld,  page 68.
Hexadecimal  [32-Bits]

Area                                    Addr        Size        Decimal Bytes (Attributes)
--------------------------------        ----        ----        ------- ----- ------------
CONST                               00001D0E    00000396 =         918. bytes (REL,CON,CODE)

      Value  Global                              Global Defined In Module
      -----  --------------------------------   ------------------------
C:   00001D0E  FLab5$__str_0$0$0                  Lab5
C:   00001D24  FLab5$__str_1$0$0                  Lab5
C:   00001D34  FLab5$__str_2$0$0                  Lab5
C:   00001D37  FLab5$__str_3$0$0                  Lab5
C:   00001D40  FLab5$__str_4$0$0                  Lab5
C:   00001D79  FLab5$__str_5$0$0                  Lab5
C:   00001DA4  FLab5$__str_6$0$0                  Lab5
C:   00001DD2  FLab5$__str_7$0$0                  Lab5
C:   00001DE9  FLab5$__str_8$0$0                  Lab5
C:   00001E12  FLab5$__str_9$0$0                  Lab5
C:   00001E4A  FLab5$__str_10$0$0                 Lab5
C:   00001E5E  FLab5$__str_11$0$0                 Lab5
C:   00001E7D  FLab5$__str_12$0$0                 Lab5
C:   00001EA3  FLab5$__str_13$0$0                 Lab5

ASxxxx Linker V03.00 + NoICE + sdld,  page 69.

Files Linked                              [ module(s) ]

C:\Users\rutmas\Documents\LITEC\LITEC\Lab 5\Lab 5\Lab 5 Code\Lab5.rel
                                          [  ]


Libraries Linked                          [ object file ]

C:\Program Files (x86)\SDCC\bin\..\lib\small/libfloat.lib
                                          [ _fssub.rel ]
C:\Program Files (x86)\SDCC\bin\..\lib\small/libsdcc.lib
                                          [ printf_fast_f.rel ]
C:\Program Files (x86)\SDCC\bin\..\lib\small/libfloat.lib
                                          [ _fsmul.rel ]
C:\Program Files (x86)\SDCC\bin\..\lib\small/libfloat.lib
                                          [ _fsget2args.rel ]
C:\Program Files (x86)\SDCC\bin\..\lib\small/mcs51.lib
                                          [ crtclear.rel ]
C:\Program Files (x86)\SDCC\bin\..\lib\small/libfloat.lib
                                          [ _fsrshift.rel ]
C:\Program Files (x86)\SDCC\bin\..\lib\small/libfloat.lib
                                          [ _fsnormalize.rel ]
C:\Program Files (x86)\SDCC\bin\..\lib\small/mcs51.lib
                                          [ crtxinit.rel ]
C:\Program Files (x86)\SDCC\bin\..\lib\small/libfloat.lib
                                          [ _fsgt.rel ]
C:\Program Files (x86)\SDCC\bin\..\lib\small/libsdcc.lib
                                          [ _gptrput.rel ]
C:\Program Files (x86)\SDCC\bin\..\lib\small/libsdcc.lib
                                          [ abs.rel ]
C:\Program Files (x86)\SDCC\bin\..\lib\small/libfloat.lib
                                          [ _fslt.rel ]
C:\Program Files (x86)\SDCC\bin\..\lib\small/libint.lib
                                          [ _mulint.rel ]
C:\Program Files (x86)\SDCC\bin\..\lib\small/libsdcc.lib
                                          [ sprintf.rel ]
C:\Program Files (x86)\SDCC\bin\..\lib\small/mcs51.lib
                                          [ crtxclear.rel ]
C:\Program Files (x86)\SDCC\bin\..\lib\small/libfloat.lib
                                          [ _fsadd.rel ]
C:\Program Files (x86)\SDCC\bin\..\lib\small/libint.lib
                                          [ _divuint.rel ]
C:\Program Files (x86)\SDCC\bin\..\lib\small/libfloat.lib
                                          [ _fscmp.rel ]
C:\Program Files (x86)\SDCC\bin\..\lib\small/libfloat.lib
                                          [ _sint2fs.rel ]
C:\Program Files (x86)\SDCC\bin\..\lib\small/libfloat.lib
                                          [ _fs2sint.rel ]
C:\Program Files (x86)\SDCC\bin\..\lib\small/libfloat.lib
                                          [ _fsreturnval.rel ]
C:\Program Files (x86)\SDCC\bin\..\lib\small/libsdcc.lib
                                          [ _bp.rel ]
C:\Program Files (x86)\SDCC\bin\..\lib\small/libsdcc.lib
                                          [ vprintf.rel ]
C:\Program Files (x86)\SDCC\bin\..\lib\small/libsdcc.lib
                                          [ printf_large.rel ]
C:\Program Files (x86)\SDCC\bin\..\lib\small/libfloat.lib
                                          [ _fsswapargs.rel ]
C:\Program Files (x86)\SDCC\bin\..\lib\small/libsdcc.lib
                                          [ _strlen.rel ]
C:\Program Files (x86)\SDCC\bin\..\lib\small/mcs51.lib
                                          [ crtstart.rel ]
C:\Program Files (x86)\SDCC\bin\..\lib\small/libsdcc.lib
                                          [ _gptrget.rel ]
C:\Program Files (x86)\SDCC\bin\..\lib\small/libfloat.lib
                                          [ _uchar2fs.rel ]
C:\Program Files (x86)\SDCC\bin\..\lib\small/libfloat.lib
                                          [ _fs2uchar.rel ]
C:\Program Files (x86)\SDCC\bin\..\lib\small/libfloat.lib
                                          [ _slong2fs.rel ]
C:\Program Files (x86)\SDCC\bin\..\lib\small/libfloat.lib
                                          [ _ulong2fs.rel ]
C:\Program Files (x86)\SDCC\bin\..\lib\small/libint.lib
                                          [ _divsint.rel ]
C:\Program Files (x86)\SDCC\bin\..\lib\small/libfloat.lib
                                          [ _fs2slong.rel ]
C:\Program Files (x86)\SDCC\bin\..\lib\small/libsdcc.lib
                                          [ _startup.rel ]
C:\Program Files (x86)\SDCC\bin\..\lib\small/libfloat.lib
                                          [ _fsget1arg.rel ]
C:\Program Files (x86)\SDCC\bin\..\lib\small/libfloat.lib
                                          [ _fs2ulong.rel ]

ASxxxx Linker V03.00 + NoICE + sdld,  page 70.

User Base Address Definitions

HOME = 0x0000
XSEG = 0x0001
PSEG = 0x0001
ISEG = 0x0000
BSEG = 0x0000

