ASxxxx Linker V03.00 + NoICE + sdld,  page 1.
Hexadecimal  [32-Bits]

Area                                    Addr        Size        Decimal Bytes (Attributes)
--------------------------------        ----        ----        ------- ----- ------------
CABS                                00000000    00000000 =           0. bytes (ABS,CON,CODE)

      Value  Global                              Global Defined In Module
      -----  --------------------------------   ------------------------
C:   00000000  l_BIT_BANK                      
C:   00000000  l_CABS                          
C:   00000000  l_GSINIT1                       
C:   00000000  l_GSINIT5                       
C:   00000000  l_IABS                          
C:   00000000  l_PSEG                          
C:   00000000  l_REG_BANK_1                    
C:   00000000  l_REG_BANK_2                    
C:   00000000  l_REG_BANK_3                    
C:   00000000  l_RSEG                          
C:   00000000  l_RSEG0                         
C:   00000000  l_RSEG1                         
C:   00000000  l_XABS                          
C:   00000000  l_XINIT                         
C:   00000000  l_XISEG                         
C:   00000000  l__CODE                         
C:   00000000  s_BSEG                          
C:   00000000  s_CABS                          
C:   00000000  s_DSEG                          
C:   00000000  s_HOME                          
C:   00000000  s_IABS                          
C:   00000000  s_REG_BANK_0                    
C:   00000000  s_RSEG                          
C:   00000000  s_RSEG0                         
C:   00000000  s_RSEG1                         
C:   00000000  s_XABS                          
C:   00000001  s_PSEG                          
C:   00000001  s_XSEG                          
C:   00000002  l_BSEG_BYTES                    
C:   00000003  l_GSFINAL                       
C:   00000003  l_GSINIT0                       
C:   00000006  l_ISEG                          
C:   00000006  l_OSEG                          
C:   00000008  l_REG_BANK_0                    
C:   00000008  s_REG_BANK_1                    
C:   0000000A  l_BSEG                          
C:   0000000A  l_GSINIT2                       
C:   00000010  s_REG_BANK_2                    
C:   00000011  s_OSEG                          
C:   00000017  s_ISEG                          
C:   00000018  s_BIT_BANK                      
C:   00000018  s_REG_BANK_3                    
C:   0000001E  l_GSINIT                        
C:   00000020  s_BSEG_BYTES                    
C:   00000020  s__CODE                         
C:   00000022  l_GSINIT3                       
C:   0000002A  l_GSINIT4                       
C:   00000050  l_XSEG                          
C:   00000051  l_HOME                          
C:   00000051  s_GSINIT0                       
ASxxxx Linker V03.00 + NoICE + sdld,  page 2.
Hexadecimal  [32-Bits]

Area                                    Addr        Size        Decimal Bytes (Attributes)
--------------------------------        ----        ----        ------- ----- ------------
CABS                                00000000    00000000 =           0. bytes (ABS,CON,CODE)

      Value  Global                              Global Defined In Module
      -----  --------------------------------   ------------------------
C:   00000051  s_XISEG                         
C:   00000054  s_GSINIT1                       
C:   00000054  s_GSINIT2                       
C:   0000005E  s_GSINIT3                       
C:   0000006E  s_SSEG                          
C:   0000007D  l_DSEG                          
C:   00000080  s_GSINIT4                       
C:   00000092  l_SSEG                          
C:   000000AA  s_GSINIT                        
C:   000000AA  s_GSINIT5                       
C:   000000C8  s_GSFINAL                       
C:   000000CB  s_CSEG                          
C:   00000100  l_IRAM                          
C:   0000013E  l_CONST                         
C:   00001451  l_CSEG                          
C:   0000151C  s_CONST                         
C:   0000165A  s_XINIT                         

ASxxxx Linker V03.00 + NoICE + sdld,  page 3.
Hexadecimal  [32-Bits]

Area                                    Addr        Size        Decimal Bytes (Attributes)
--------------------------------        ----        ----        ------- ----- ------------
.  .ABS.                            00000000    00000000 =           0. bytes (ABS,CON)

      Value  Global                              Global Defined In Module
      -----  --------------------------------   ------------------------
     00000000  .__.ABS.                           _fsget1arg
     00000080  G$P0$0$0                           Squiggles
     00000080  G$P0_0$0$0                         Squiggles
     00000080  _P0                                Squiggles
     00000080  _P0_0                              Squiggles
     00000081  G$P0_1$0$0                         Squiggles
     00000081  G$SP$0$0                           Squiggles
     00000081  _P0_1                              Squiggles
     00000081  _SP                                Squiggles
     00000082  G$DPL$0$0                          Squiggles
     00000082  G$P0_2$0$0                         Squiggles
     00000082  _DPL                               Squiggles
     00000082  _P0_2                              Squiggles
     00000083  G$BUS_SCL$0$0                      Squiggles
     00000083  G$DPH$0$0                          Squiggles
     00000083  G$P0_3$0$0                         Squiggles
     00000083  _BUS_SCL                           Squiggles
     00000083  _DPH                               Squiggles
     00000083  _P0_3                              Squiggles
     00000084  G$P0_4$0$0                         Squiggles
     00000084  G$P4$0$0                           Squiggles
     00000084  _P0_4                              Squiggles
     00000084  _P4                                Squiggles
     00000085  G$P0_5$0$0                         Squiggles
     00000085  G$P5$0$0                           Squiggles
     00000085  _P0_5                              Squiggles
     00000085  _P5                                Squiggles
     00000086  G$P0_6$0$0                         Squiggles
     00000086  G$P6$0$0                           Squiggles
     00000086  _P0_6                              Squiggles
     00000086  _P6                                Squiggles
     00000087  G$P0_7$0$0                         Squiggles
     00000087  G$PCON$0$0                         Squiggles
     00000087  _P0_7                              Squiggles
     00000087  _PCON                              Squiggles
     00000088  G$IT0$0$0                          Squiggles
     00000088  G$TCON$0$0                         Squiggles
     00000088  _IT0                               Squiggles
     00000088  _TCON                              Squiggles
     00000089  G$IE0$0$0                          Squiggles
     00000089  G$TMOD$0$0                         Squiggles
     00000089  _IE0                               Squiggles
     00000089  _TMOD                              Squiggles
     0000008A  G$IT1$0$0                          Squiggles
     0000008A  G$TL0$0$0                          Squiggles
     0000008A  _IT1                               Squiggles
     0000008A  _TL0                               Squiggles
     0000008B  G$IE1$0$0                          Squiggles
     0000008B  G$TL1$0$0                          Squiggles
     0000008B  _IE1                               Squiggles
ASxxxx Linker V03.00 + NoICE + sdld,  page 4.
Hexadecimal  [32-Bits]

Area                                    Addr        Size        Decimal Bytes (Attributes)
--------------------------------        ----        ----        ------- ----- ------------
.  .ABS.                            00000000    00000000 =           0. bytes (ABS,CON)

      Value  Global                              Global Defined In Module
      -----  --------------------------------   ------------------------
     0000008B  _TL1                               Squiggles
     0000008C  G$TH0$0$0                          Squiggles
     0000008C  G$TR0$0$0                          Squiggles
     0000008C  _TH0                               Squiggles
     0000008C  _TR0                               Squiggles
     0000008D  G$TF0$0$0                          Squiggles
     0000008D  G$TH1$0$0                          Squiggles
     0000008D  _TF0                               Squiggles
     0000008D  _TH1                               Squiggles
     0000008E  G$CKCON$0$0                        Squiggles
     0000008E  G$TR1$0$0                          Squiggles
     0000008E  _CKCON                             Squiggles
     0000008E  _TR1                               Squiggles
     0000008F  G$PSCTL$0$0                        Squiggles
     0000008F  G$TF1$0$0                          Squiggles
     0000008F  _PSCTL                             Squiggles
     0000008F  _TF1                               Squiggles
     00000090  G$P1$0$0                           Squiggles
     00000090  G$P1_0$0$0                         Squiggles
     00000090  _P1                                Squiggles
     00000090  _P1_0                              Squiggles
     00000091  G$P1_1$0$0                         Squiggles
     00000091  G$TMR3CN$0$0                       Squiggles
     00000091  _P1_1                              Squiggles
     00000091  _TMR3CN                            Squiggles
     00000092  G$P1_2$0$0                         Squiggles
     00000092  G$TMR3RLL$0$0                      Squiggles
     00000092  _P1_2                              Squiggles
     00000092  _TMR3RLL                           Squiggles
     00000093  G$P1_3$0$0                         Squiggles
     00000093  G$TMR3RLH$0$0                      Squiggles
     00000093  _P1_3                              Squiggles
     00000093  _TMR3RLH                           Squiggles
     00000094  G$P1_4$0$0                         Squiggles
     00000094  G$TMR3L$0$0                        Squiggles
     00000094  _P1_4                              Squiggles
     00000094  _TMR3L                             Squiggles
     00000095  G$P1_5$0$0                         Squiggles
     00000095  G$TMR3H$0$0                        Squiggles
     00000095  _P1_5                              Squiggles
     00000095  _TMR3H                             Squiggles
     00000096  G$P1_6$0$0                         Squiggles
     00000096  G$P7$0$0                           Squiggles
     00000096  _P1_6                              Squiggles
     00000096  _P7                                Squiggles
     00000097  G$P1_7$0$0                         Squiggles
     00000097  _P1_7                              Squiggles
     00000098  G$RI$0$0                           Squiggles
     00000098  G$RI0$0$0                          Squiggles
     00000098  G$SCON$0$0                         Squiggles
     00000098  G$SCON0$0$0                        Squiggles
ASxxxx Linker V03.00 + NoICE + sdld,  page 5.
Hexadecimal  [32-Bits]

Area                                    Addr        Size        Decimal Bytes (Attributes)
--------------------------------        ----        ----        ------- ----- ------------
.  .ABS.                            00000000    00000000 =           0. bytes (ABS,CON)

      Value  Global                              Global Defined In Module
      -----  --------------------------------   ------------------------
     00000098  _RI                                Squiggles
     00000098  _RI0                               Squiggles
     00000098  _SCON                              Squiggles
     00000098  _SCON0                             Squiggles
     00000099  G$SBUF$0$0                         Squiggles
     00000099  G$SBUF0$0$0                        Squiggles
     00000099  G$TI$0$0                           Squiggles
     00000099  G$TI0$0$0                          Squiggles
     00000099  _SBUF                              Squiggles
     00000099  _SBUF0                             Squiggles
     00000099  _TI                                Squiggles
     00000099  _TI0                               Squiggles
     0000009A  G$RB8$0$0                          Squiggles
     0000009A  G$RB80$0$0                         Squiggles
     0000009A  G$SPI0CFG$0$0                      Squiggles
     0000009A  _RB8                               Squiggles
     0000009A  _RB80                              Squiggles
     0000009A  _SPI0CFG                           Squiggles
     0000009B  G$SPI0DAT$0$0                      Squiggles
     0000009B  G$TB8$0$0                          Squiggles
     0000009B  G$TB80$0$0                         Squiggles
     0000009B  _SPI0DAT                           Squiggles
     0000009B  _TB8                               Squiggles
     0000009B  _TB80                              Squiggles
     0000009C  G$ADC1$0$0                         Squiggles
     0000009C  G$REN$0$0                          Squiggles
     0000009C  G$REN0$0$0                         Squiggles
     0000009C  _ADC1                              Squiggles
     0000009C  _REN                               Squiggles
     0000009C  _REN0                              Squiggles
     0000009D  G$MCE0$0$0                         Squiggles
     0000009D  G$SM2$0$0                          Squiggles
     0000009D  G$SM20$0$0                         Squiggles
     0000009D  G$SPI0CKR$0$0                      Squiggles
     0000009D  _MCE0                              Squiggles
     0000009D  _SM2                               Squiggles
     0000009D  _SM20                              Squiggles
     0000009D  _SPI0CKR                           Squiggles
     0000009E  G$CPT0CN$0$0                       Squiggles
     0000009E  G$SM1$0$0                          Squiggles
     0000009E  G$SM10$0$0                         Squiggles
     0000009E  _CPT0CN                            Squiggles
     0000009E  _SM1                               Squiggles
     0000009E  _SM10                              Squiggles
     0000009F  G$CPT1CN$0$0                       Squiggles
     0000009F  G$S0MODE$0$0                       Squiggles
     0000009F  G$SM0$0$0                          Squiggles
     0000009F  G$SM00$0$0                         Squiggles
     0000009F  _CPT1CN                            Squiggles
     0000009F  _S0MODE                            Squiggles
     0000009F  _SM0                               Squiggles
ASxxxx Linker V03.00 + NoICE + sdld,  page 6.
Hexadecimal  [32-Bits]

Area                                    Addr        Size        Decimal Bytes (Attributes)
--------------------------------        ----        ----        ------- ----- ------------
.  .ABS.                            00000000    00000000 =           0. bytes (ABS,CON)

      Value  Global                              Global Defined In Module
      -----  --------------------------------   ------------------------
     0000009F  _SM00                              Squiggles
     000000A0  G$P2$0$0                           Squiggles
     000000A0  G$P2_0$0$0                         Squiggles
     000000A0  _P2                                Squiggles
     000000A0  _P2_0                              Squiggles
     000000A1  G$EMI0TC$0$0                       Squiggles
     000000A1  G$P2_1$0$0                         Squiggles
     000000A1  _EMI0TC                            Squiggles
     000000A1  _P2_1                              Squiggles
     000000A2  G$P2_2$0$0                         Squiggles
     000000A2  _P2_2                              Squiggles
     000000A3  G$EMI0CF$0$0                       Squiggles
     000000A3  G$P2_3$0$0                         Squiggles
     000000A3  _EMI0CF                            Squiggles
     000000A3  _P2_3                              Squiggles
     000000A4  G$P0MDOUT$0$0                      Squiggles
     000000A4  G$P2_4$0$0                         Squiggles
     000000A4  G$PRT0CF$0$0                       Squiggles
     000000A4  _P0MDOUT                           Squiggles
     000000A4  _P2_4                              Squiggles
     000000A4  _PRT0CF                            Squiggles
     000000A5  G$P1MDOUT$0$0                      Squiggles
     000000A5  G$P2_5$0$0                         Squiggles
     000000A5  G$PRT1CF$0$0                       Squiggles
     000000A5  _P1MDOUT                           Squiggles
     000000A5  _P2_5                              Squiggles
     000000A5  _PRT1CF                            Squiggles
     000000A6  G$P2MDOUT$0$0                      Squiggles
     000000A6  G$P2_6$0$0                         Squiggles
     000000A6  G$PRT2CF$0$0                       Squiggles
     000000A6  _P2MDOUT                           Squiggles
     000000A6  _P2_6                              Squiggles
     000000A6  _PRT2CF                            Squiggles
     000000A7  G$P2_7$0$0                         Squiggles
     000000A7  G$P3MDOUT$0$0                      Squiggles
     000000A7  G$PRT3CF$0$0                       Squiggles
     000000A7  _P2_7                              Squiggles
     000000A7  _P3MDOUT                           Squiggles
     000000A7  _PRT3CF                            Squiggles
     000000A8  G$EX0$0$0                          Squiggles
     000000A8  G$IE$0$0                           Squiggles
     000000A8  _EX0                               Squiggles
     000000A8  _IE                                Squiggles
     000000A9  G$ET0$0$0                          Squiggles
     000000A9  G$SADDR0$0$0                       Squiggles
     000000A9  _ET0                               Squiggles
     000000A9  _SADDR0                            Squiggles
     000000AA  G$ADC1CN$0$0                       Squiggles
     000000AA  G$EX1$0$0                          Squiggles
     000000AA  _ADC1CN                            Squiggles
     000000AA  _EX1                               Squiggles
ASxxxx Linker V03.00 + NoICE + sdld,  page 7.
Hexadecimal  [32-Bits]

Area                                    Addr        Size        Decimal Bytes (Attributes)
--------------------------------        ----        ----        ------- ----- ------------
.  .ABS.                            00000000    00000000 =           0. bytes (ABS,CON)

      Value  Global                              Global Defined In Module
      -----  --------------------------------   ------------------------
     000000AB  G$ADC1CF$0$0                       Squiggles
     000000AB  G$ET1$0$0                          Squiggles
     000000AB  _ADC1CF                            Squiggles
     000000AB  _ET1                               Squiggles
     000000AC  G$AMX1SL$0$0                       Squiggles
     000000AC  G$ES$0$0                           Squiggles
     000000AC  G$ES0$0$0                          Squiggles
     000000AC  _AMX1SL                            Squiggles
     000000AC  _ES                                Squiggles
     000000AC  _ES0                               Squiggles
     000000AD  G$ET2$0$0                          Squiggles
     000000AD  G$P3IF$0$0                         Squiggles
     000000AD  _ET2                               Squiggles
     000000AD  _P3IF                              Squiggles
     000000AE  G$SADEN1$0$0                       Squiggles
     000000AE  _SADEN1                            Squiggles
     000000AF  G$EA$0$0                           Squiggles
     000000AF  G$EMI0CN$0$0                       Squiggles
     000000AF  G$_XPAGE$0$0                       Squiggles
     000000AF  _EA                                Squiggles
     000000AF  _EMI0CN                            Squiggles
     000000AF  __XPAGE                            Squiggles
     000000B0  G$P3$0$0                           Squiggles
     000000B0  G$P3_0$0$0                         Squiggles
     000000B0  _P3                                Squiggles
     000000B0  _P3_0                              Squiggles
     000000B1  G$OSCXCN$0$0                       Squiggles
     000000B1  G$P3_1$0$0                         Squiggles
     000000B1  _OSCXCN                            Squiggles
     000000B1  _P3_1                              Squiggles
     000000B2  G$OSCICN$0$0                       Squiggles
     000000B2  G$P3_2$0$0                         Squiggles
     000000B2  _OSCICN                            Squiggles
     000000B2  _P3_2                              Squiggles
     000000B3  G$P3_3$0$0                         Squiggles
     000000B3  _P3_3                              Squiggles
     000000B4  G$P3_4$0$0                         Squiggles
     000000B4  _P3_4                              Squiggles
     000000B5  G$P3_5$0$0                         Squiggles
     000000B5  G$P74OUT$0$0                       Squiggles
     000000B5  _P3_5                              Squiggles
     000000B5  _P74OUT                            Squiggles
     000000B6  G$FLSCL$0$0                        Squiggles
     000000B6  G$P3_6$0$0                         Squiggles
     000000B6  G$RANGER_SWITCH$0$0                Squiggles
     000000B6  _FLSCL                             Squiggles
     000000B6  _P3_6                              Squiggles
     000000B6  _RANGER_SWITCH                     Squiggles
     000000B7  G$COMPASS_SWITCH$0$0               Squiggles
     000000B7  G$FLACL$0$0                        Squiggles
     000000B7  G$P3_7$0$0                         Squiggles
ASxxxx Linker V03.00 + NoICE + sdld,  page 8.
Hexadecimal  [32-Bits]

Area                                    Addr        Size        Decimal Bytes (Attributes)
--------------------------------        ----        ----        ------- ----- ------------
.  .ABS.                            00000000    00000000 =           0. bytes (ABS,CON)

      Value  Global                              Global Defined In Module
      -----  --------------------------------   ------------------------
     000000B7  _COMPASS_SWITCH                    Squiggles
     000000B7  _FLACL                             Squiggles
     000000B7  _P3_7                              Squiggles
     000000B8  G$IP$0$0                           Squiggles
     000000B8  G$PX0$0$0                          Squiggles
     000000B8  _IP                                Squiggles
     000000B8  _PX0                               Squiggles
     000000B9  G$PT0$0$0                          Squiggles
     000000B9  G$SADEN0$0$0                       Squiggles
     000000B9  _PT0                               Squiggles
     000000B9  _SADEN0                            Squiggles
     000000BA  G$AMX0CF$0$0                       Squiggles
     000000BA  G$PX1$0$0                          Squiggles
     000000BA  _AMX0CF                            Squiggles
     000000BA  _PX1                               Squiggles
     000000BB  G$AMX0SL$0$0                       Squiggles
     000000BB  G$PT1$0$0                          Squiggles
     000000BB  _AMX0SL                            Squiggles
     000000BB  _PT1                               Squiggles
     000000BC  G$ADC0CF$0$0                       Squiggles
     000000BC  G$PS$0$0                           Squiggles
     000000BC  G$PS0$0$0                          Squiggles
     000000BC  _ADC0CF                            Squiggles
     000000BC  _PS                                Squiggles
     000000BC  _PS0                               Squiggles
     000000BD  G$P1MDIN$0$0                       Squiggles
     000000BD  G$PT2$0$0                          Squiggles
     000000BD  _P1MDIN                            Squiggles
     000000BD  _PT2                               Squiggles
     000000BE  G$ADC0L$0$0                        Squiggles
     000000BE  _ADC0L                             Squiggles
     000000BF  G$ADC0H$0$0                        Squiggles
     000000BF  _ADC0H                             Squiggles
     000000C0  G$BUS_TOE$0$0                      Squiggles
     000000C0  G$SMB0CN$0$0                       Squiggles
     000000C0  G$SMBTOE$0$0                       Squiggles
     000000C0  _BUS_TOE                           Squiggles
     000000C0  _SMB0CN                            Squiggles
     000000C0  _SMBTOE                            Squiggles
     000000C1  G$BUS_FTE$0$0                      Squiggles
     000000C1  G$SMB0STA$0$0                      Squiggles
     000000C1  G$SMBFTE$0$0                       Squiggles
     000000C1  _BUS_FTE                           Squiggles
     000000C1  _SMB0STA                           Squiggles
     000000C1  _SMBFTE                            Squiggles
     000000C2  G$AA$0$0                           Squiggles
     000000C2  G$BUS_AA$0$0                       Squiggles
     000000C2  G$SMB0DAT$0$0                      Squiggles
     000000C2  _AA                                Squiggles
     000000C2  _BUS_AA                            Squiggles
     000000C2  _SMB0DAT                           Squiggles
ASxxxx Linker V03.00 + NoICE + sdld,  page 9.
Hexadecimal  [32-Bits]

Area                                    Addr        Size        Decimal Bytes (Attributes)
--------------------------------        ----        ----        ------- ----- ------------
.  .ABS.                            00000000    00000000 =           0. bytes (ABS,CON)

      Value  Global                              Global Defined In Module
      -----  --------------------------------   ------------------------
     000000C3  G$BUS_INT$0$0                      Squiggles
     000000C3  G$SI$0$0                           Squiggles
     000000C3  G$SMB0ADR$0$0                      Squiggles
     000000C3  _BUS_INT                           Squiggles
     000000C3  _SI                                Squiggles
     000000C3  _SMB0ADR                           Squiggles
     000000C4  G$ADC0GTL$0$0                      Squiggles
     000000C4  G$BUS_STOP$0$0                     Squiggles
     000000C4  G$STO$0$0                          Squiggles
     000000C4  _ADC0GTL                           Squiggles
     000000C4  _BUS_STOP                          Squiggles
     000000C4  _STO                               Squiggles
     000000C5  G$ADC0GTH$0$0                      Squiggles
     000000C5  G$BUS_START$0$0                    Squiggles
     000000C5  G$STA$0$0                          Squiggles
     000000C5  _ADC0GTH                           Squiggles
     000000C5  _BUS_START                         Squiggles
     000000C5  _STA                               Squiggles
     000000C6  G$ADC0LTL$0$0                      Squiggles
     000000C6  G$BUS_EN$0$0                       Squiggles
     000000C6  G$ENSMB$0$0                        Squiggles
     000000C6  _ADC0LTL                           Squiggles
     000000C6  _BUS_EN                            Squiggles
     000000C6  _ENSMB                             Squiggles
     000000C7  G$ADC0LTH$0$0                      Squiggles
     000000C7  G$BUSY$0$0                         Squiggles
     000000C7  G$BUS_BUSY$0$0                     Squiggles
     000000C7  _ADC0LTH                           Squiggles
     000000C7  _BUSY                              Squiggles
     000000C7  _BUS_BUSY                          Squiggles
     000000C8  G$CPRL2$0$0                        Squiggles
     000000C8  G$T2CON$0$0                        Squiggles
     000000C8  _CPRL2                             Squiggles
     000000C8  _T2CON                             Squiggles
     000000C9  G$CT2$0$0                          Squiggles
     000000C9  G$T4CON$0$0                        Squiggles
     000000C9  _CT2                               Squiggles
     000000C9  _T4CON                             Squiggles
     000000CA  G$RCAP2L$0$0                       Squiggles
     000000CA  G$TR2$0$0                          Squiggles
     000000CA  _RCAP2L                            Squiggles
     000000CA  _TR2                               Squiggles
     000000CB  G$EXEN2$0$0                        Squiggles
     000000CB  G$RCAP2H$0$0                       Squiggles
     000000CB  _EXEN2                             Squiggles
     000000CB  _RCAP2H                            Squiggles
     000000CC  G$TCLK$0$0                         Squiggles
     000000CC  G$TL2$0$0                          Squiggles
     000000CC  _TCLK                              Squiggles
     000000CC  _TL2                               Squiggles
     000000CD  G$RCLK$0$0                         Squiggles
ASxxxx Linker V03.00 + NoICE + sdld,  page 10.
Hexadecimal  [32-Bits]

Area                                    Addr        Size        Decimal Bytes (Attributes)
--------------------------------        ----        ----        ------- ----- ------------
.  .ABS.                            00000000    00000000 =           0. bytes (ABS,CON)

      Value  Global                              Global Defined In Module
      -----  --------------------------------   ------------------------
     000000CD  G$TH2$0$0                          Squiggles
     000000CD  _RCLK                              Squiggles
     000000CD  _TH2                               Squiggles
     000000CE  G$EXF2$0$0                         Squiggles
     000000CE  _EXF2                              Squiggles
     000000CF  G$SMB0CR$0$0                       Squiggles
     000000CF  G$TF2$0$0                          Squiggles
     000000CF  _SMB0CR                            Squiggles
     000000CF  _TF2                               Squiggles
     000000D0  G$P$0$0                            Squiggles
     000000D0  G$PSW$0$0                          Squiggles
     000000D0  _P                                 Squiggles
     000000D0  _PSW                               Squiggles
     000000D1  G$F1$0$0                           Squiggles
     000000D1  G$REF0CN$0$0                       Squiggles
     000000D1  _F1                                Squiggles
     000000D1  _REF0CN                            Squiggles
     000000D2  G$DAC0L$0$0                        Squiggles
     000000D2  G$OV$0$0                           Squiggles
     000000D2  _DAC0L                             Squiggles
     000000D2  _OV                                Squiggles
     000000D3  G$DAC0H$0$0                        Squiggles
     000000D3  G$RS0$0$0                          Squiggles
     000000D3  _DAC0H                             Squiggles
     000000D3  _RS0                               Squiggles
     000000D4  G$DAC0CN$0$0                       Squiggles
     000000D4  G$RS1$0$0                          Squiggles
     000000D4  _DAC0CN                            Squiggles
     000000D4  _RS1                               Squiggles
     000000D5  G$DAC1L$0$0                        Squiggles
     000000D5  G$F0$0$0                           Squiggles
     000000D5  _DAC1L                             Squiggles
     000000D5  _F0                                Squiggles
     000000D6  G$AC$0$0                           Squiggles
     000000D6  G$DAC1H$0$0                        Squiggles
     000000D6  _AC                                Squiggles
     000000D6  _DAC1H                             Squiggles
     000000D7  G$CY$0$0                           Squiggles
     000000D7  G$DAC1CN$0$0                       Squiggles
     000000D7  _CY                                Squiggles
     000000D7  _DAC1CN                            Squiggles
     000000D8  G$CCF0$0$0                         Squiggles
     000000D8  G$PCA0CN$0$0                       Squiggles
     000000D8  _CCF0                              Squiggles
     000000D8  _PCA0CN                            Squiggles
     000000D9  G$CCF1$0$0                         Squiggles
     000000D9  G$PCA0MD$0$0                       Squiggles
     000000D9  _CCF1                              Squiggles
     000000D9  _PCA0MD                            Squiggles
     000000DA  G$CCF2$0$0                         Squiggles
     000000DA  G$PCA0CPM0$0$0                     Squiggles
ASxxxx Linker V03.00 + NoICE + sdld,  page 11.
Hexadecimal  [32-Bits]

Area                                    Addr        Size        Decimal Bytes (Attributes)
--------------------------------        ----        ----        ------- ----- ------------
.  .ABS.                            00000000    00000000 =           0. bytes (ABS,CON)

      Value  Global                              Global Defined In Module
      -----  --------------------------------   ------------------------
     000000DA  _CCF2                              Squiggles
     000000DA  _PCA0CPM0                          Squiggles
     000000DB  G$CCF3$0$0                         Squiggles
     000000DB  G$PCA0CPM1$0$0                     Squiggles
     000000DB  _CCF3                              Squiggles
     000000DB  _PCA0CPM1                          Squiggles
     000000DC  G$CCF4$0$0                         Squiggles
     000000DC  G$PCA0CPM2$0$0                     Squiggles
     000000DC  _CCF4                              Squiggles
     000000DC  _PCA0CPM2                          Squiggles
     000000DD  G$PCA0CPM3$0$0                     Squiggles
     000000DD  _PCA0CPM3                          Squiggles
     000000DE  G$CR$0$0                           Squiggles
     000000DE  G$PCA0CPM4$0$0                     Squiggles
     000000DE  _CR                                Squiggles
     000000DE  _PCA0CPM4                          Squiggles
     000000DF  G$CF$0$0                           Squiggles
     000000DF  _CF                                Squiggles
     000000E0  G$ACC$0$0                          Squiggles
     000000E0  _ACC                               Squiggles
     000000E1  G$XBR0$0$0                         Squiggles
     000000E1  _XBR0                              Squiggles
     000000E2  G$XBR1$0$0                         Squiggles
     000000E2  _XBR1                              Squiggles
     000000E3  G$XBR2$0$0                         Squiggles
     000000E3  _XBR2                              Squiggles
     000000E4  G$RCAP4L$0$0                       Squiggles
     000000E4  _RCAP4L                            Squiggles
     000000E5  G$RCAP4H$0$0                       Squiggles
     000000E5  _RCAP4H                            Squiggles
     000000E6  G$EIE1$0$0                         Squiggles
     000000E6  _EIE1                              Squiggles
     000000E7  G$EIE2$0$0                         Squiggles
     000000E7  _EIE2                              Squiggles
     000000E8  G$AD0LJST$0$0                      Squiggles
     000000E8  G$ADC0CN$0$0                       Squiggles
     000000E8  G$ADLJST$0$0                       Squiggles
     000000E8  _AD0LJST                           Squiggles
     000000E8  _ADC0CN                            Squiggles
     000000E8  _ADLJST                            Squiggles
     000000E9  G$AD0WINT$0$0                      Squiggles
     000000E9  G$ADWINT$0$0                       Squiggles
     000000E9  G$PCA0L$0$0                        Squiggles
     000000E9  _AD0WINT                           Squiggles
     000000E9  _ADWINT                            Squiggles
     000000E9  _PCA0L                             Squiggles
     000000EA  G$AD0CM0$0$0                       Squiggles
     000000EA  G$ADSTM0$0$0                       Squiggles
     000000EA  G$PCA0CPL0$0$0                     Squiggles
     000000EA  _AD0CM0                            Squiggles
     000000EA  _ADSTM0                            Squiggles
ASxxxx Linker V03.00 + NoICE + sdld,  page 12.
Hexadecimal  [32-Bits]

Area                                    Addr        Size        Decimal Bytes (Attributes)
--------------------------------        ----        ----        ------- ----- ------------
.  .ABS.                            00000000    00000000 =           0. bytes (ABS,CON)

      Value  Global                              Global Defined In Module
      -----  --------------------------------   ------------------------
     000000EA  _PCA0CPL0                          Squiggles
     000000EB  G$AD0CM1$0$0                       Squiggles
     000000EB  G$ADSTM1$0$0                       Squiggles
     000000EB  G$PCA0CPL1$0$0                     Squiggles
     000000EB  _AD0CM1                            Squiggles
     000000EB  _ADSTM1                            Squiggles
     000000EB  _PCA0CPL1                          Squiggles
     000000EC  G$AD0BUSY$0$0                      Squiggles
     000000EC  G$ADBUSY$0$0                       Squiggles
     000000EC  G$PCA0CPL2$0$0                     Squiggles
     000000EC  _AD0BUSY                           Squiggles
     000000EC  _ADBUSY                            Squiggles
     000000EC  _PCA0CPL2                          Squiggles
     000000ED  G$AD0INT$0$0                       Squiggles
     000000ED  G$ADCINT$0$0                       Squiggles
     000000ED  G$PCA0CPL3$0$0                     Squiggles
     000000ED  _AD0INT                            Squiggles
     000000ED  _ADCINT                            Squiggles
     000000ED  _PCA0CPL3                          Squiggles
     000000EE  G$AD0TM$0$0                        Squiggles
     000000EE  G$ADCTM$0$0                        Squiggles
     000000EE  G$PCA0CPL4$0$0                     Squiggles
     000000EE  _AD0TM                             Squiggles
     000000EE  _ADCTM                             Squiggles
     000000EE  _PCA0CPL4                          Squiggles
     000000EF  G$AD0EN$0$0                        Squiggles
     000000EF  G$ADCEN$0$0                        Squiggles
     000000EF  G$RSTSRC$0$0                       Squiggles
     000000EF  _AD0EN                             Squiggles
     000000EF  _ADCEN                             Squiggles
     000000EF  _RSTSRC                            Squiggles
     000000F0  G$B$0$0                            Squiggles
     000000F0  _B                                 Squiggles
     000000F1  G$SCON1$0$0                        Squiggles
     000000F1  _SCON1                             Squiggles
     000000F2  G$SBUF1$0$0                        Squiggles
     000000F2  _SBUF1                             Squiggles
     000000F3  G$SADDR1$0$0                       Squiggles
     000000F3  _SADDR1                            Squiggles
     000000F4  G$TL4$0$0                          Squiggles
     000000F4  _TL4                               Squiggles
     000000F5  G$TH4$0$0                          Squiggles
     000000F5  _B_5                               _gptrget
     000000F5  _TH4                               Squiggles
     000000F6  G$EIP1$0$0                         Squiggles
     000000F6  _B_6                               _gptrget
     000000F6  _EIP1                              Squiggles
     000000F7  G$EIP2$0$0                         Squiggles
     000000F7  _B_7                               _gptrget
     000000F7  _EIP2                              Squiggles
     000000F8  G$SPI0CN$0$0                       Squiggles
ASxxxx Linker V03.00 + NoICE + sdld,  page 13.
Hexadecimal  [32-Bits]

Area                                    Addr        Size        Decimal Bytes (Attributes)
--------------------------------        ----        ----        ------- ----- ------------
.  .ABS.                            00000000    00000000 =           0. bytes (ABS,CON)

      Value  Global                              Global Defined In Module
      -----  --------------------------------   ------------------------
     000000F8  G$SPIEN$0$0                        Squiggles
     000000F8  _SPI0CN                            Squiggles
     000000F8  _SPIEN                             Squiggles
     000000F9  G$MSTEN$0$0                        Squiggles
     000000F9  G$PCA0H$0$0                        Squiggles
     000000F9  _MSTEN                             Squiggles
     000000F9  _PCA0H                             Squiggles
     000000FA  G$PCA0CPH0$0$0                     Squiggles
     000000FA  G$SLVSEL$0$0                       Squiggles
     000000FA  _PCA0CPH0                          Squiggles
     000000FA  _SLVSEL                            Squiggles
     000000FB  G$PCA0CPH1$0$0                     Squiggles
     000000FB  G$TXBSY$0$0                        Squiggles
     000000FB  _PCA0CPH1                          Squiggles
     000000FB  _TXBSY                             Squiggles
     000000FC  G$PCA0CPH2$0$0                     Squiggles
     000000FC  G$RXOVRN$0$0                       Squiggles
     000000FC  _PCA0CPH2                          Squiggles
     000000FC  _RXOVRN                            Squiggles
     000000FD  G$MODF$0$0                         Squiggles
     000000FD  G$PCA0CPH3$0$0                     Squiggles
     000000FD  _MODF                              Squiggles
     000000FD  _PCA0CPH3                          Squiggles
     000000FE  G$PCA0CPH4$0$0                     Squiggles
     000000FE  G$WCOL$0$0                         Squiggles
     000000FE  _PCA0CPH4                          Squiggles
     000000FE  _WCOL                              Squiggles
     000000FF  G$SPIF$0$0                         Squiggles
     000000FF  G$WDTCN$0$0                        Squiggles
     000000FF  _SPIF                              Squiggles
     000000FF  _WDTCN                             Squiggles
     00008C8A  G$TMR0$0$0                         Squiggles
     00008C8A  _TMR0                              Squiggles
     00008D8B  G$TMR1$0$0                         Squiggles
     00008D8B  _TMR1                              Squiggles
     00009392  G$TMR3RL$0$0                       Squiggles
     00009392  _TMR3RL                            Squiggles
     00009594  G$TMR3$0$0                         Squiggles
     00009594  _TMR3                              Squiggles
     0000BFBE  G$ADC0$0$0                         Squiggles
     0000BFBE  _ADC0                              Squiggles
     0000C5C4  G$ADC0GT$0$0                       Squiggles
     0000C5C4  _ADC0GT                            Squiggles
     0000C7C6  G$ADC0LT$0$0                       Squiggles
     0000C7C6  _ADC0LT                            Squiggles
     0000CBCA  G$RCAP2$0$0                        Squiggles
     0000CBCA  _RCAP2                             Squiggles
     0000CDCC  G$TMR2$0$0                         Squiggles
     0000CDCC  _TMR2                              Squiggles
     0000D3D2  G$DAC0$0$0                         Squiggles
     0000D3D2  _DAC0                              Squiggles
ASxxxx Linker V03.00 + NoICE + sdld,  page 14.
Hexadecimal  [32-Bits]

Area                                    Addr        Size        Decimal Bytes (Attributes)
--------------------------------        ----        ----        ------- ----- ------------
.  .ABS.                            00000000    00000000 =           0. bytes (ABS,CON)

      Value  Global                              Global Defined In Module
      -----  --------------------------------   ------------------------
     0000D6D5  G$DAC1$0$0                         Squiggles
     0000D6D5  _DAC1                              Squiggles
     0000E5E4  G$RCAP4$0$0                        Squiggles
     0000E5E4  _RCAP4                             Squiggles
     0000F5F4  G$TMR4$0$0                         Squiggles
     0000F5F4  _TMR4                              Squiggles
     0000F9E9  G$PCA0$0$0                         Squiggles
     0000F9E9  _PCA0                              Squiggles
     0000FAEA  G$PCA0CP0$0$0                      Squiggles
     0000FAEA  _PCA0CP0                           Squiggles
     0000FBEB  G$PCA0CP1$0$0                      Squiggles
     0000FBEB  _PCA0CP1                           Squiggles
     0000FCEC  G$PCA0CP2$0$0                      Squiggles
     0000FCEC  _PCA0CP2                           Squiggles
     0000FDED  G$PCA0CP3$0$0                      Squiggles
     0000FDED  _PCA0CP3                           Squiggles
     0000FEEE  G$PCA0CP4$0$0                      Squiggles
     0000FEEE  _PCA0CP4                           Squiggles

ASxxxx Linker V03.00 + NoICE + sdld,  page 15.
Hexadecimal  [32-Bits]

Area                                    Addr        Size        Decimal Bytes (Attributes)
--------------------------------        ----        ----        ------- ----- ------------
BSEG_BYTES                          00000020    00000002 =           2. bytes (REL,CON)

      Value  Global                              Global Defined In Module
      -----  --------------------------------   ------------------------
ASxxxx Linker V03.00 + NoICE + sdld,  page 16.
Hexadecimal  [32-Bits]

Area                                    Addr        Size        Decimal Bytes (Attributes)
--------------------------------        ----        ----        ------- ----- ------------
REG_BANK_0                          00000000    00000008 =           8. bytes (REL,OVR)

      Value  Global                              Global Defined In Module
      -----  --------------------------------   ------------------------
ASxxxx Linker V03.00 + NoICE + sdld,  page 17.
Hexadecimal  [32-Bits]

Area                                    Addr        Size        Decimal Bytes (Attributes)
--------------------------------        ----        ----        ------- ----- ------------
DSEG                                00000000    0000007D =         125. bytes (REL,CON)

      Value  Global                              Global Defined In Module
      -----  --------------------------------   ------------------------
     00000008  _vsprintf_PARM_2                   sprintf
     0000000B  _vsprintf_PARM_3                   sprintf
     0000000F  _bp                                _bp
     00000010  _vprintf_PARM_2                    vprintf
     00000022  LSquiggles.lcd_clear$NumBytes$1$   Squiggles
     00000023  LSquiggles.lcd_clear$Cmd$1$77      Squiggles
     00000025  LSquiggles.read_keypad$Data$1$78   Squiggles
     00000027  LSquiggles.i2c_write_data$start_   Squiggles
     00000027  _i2c_write_data_PARM_2             Squiggles
     00000028  LSquiggles.i2c_write_data$buffer   Squiggles
     00000028  _i2c_write_data_PARM_3             Squiggles
     0000002B  LSquiggles.i2c_write_data$num_by   Squiggles
     0000002B  _i2c_write_data_PARM_4             Squiggles
     0000002C  LSquiggles.i2c_read_data$start_r   Squiggles
     0000002C  _i2c_read_data_PARM_2              Squiggles
     0000002D  LSquiggles.i2c_read_data$buffer$   Squiggles
     0000002D  _i2c_read_data_PARM_3              Squiggles
     00000030  LSquiggles.i2c_read_data$num_byt   Squiggles
     00000030  _i2c_read_data_PARM_4              Squiggles
     00000031  LSquiggles.Accel_Init$Data2$1$10   Squiggles
     00000032  G$Counts$0$0                       Squiggles
     00000032  _Counts                            Squiggles
     00000034  G$nCounts$0$0                      Squiggles
     00000034  _nCounts                           Squiggles
     00000036  G$nOverflows$0$0                   Squiggles
     00000036  _nOverflows                        Squiggles
     00000038  G$desired_heading$0$0              Squiggles
     00000038  _desired_heading                   Squiggles
     0000003A  G$compass_gain$0$0                 Squiggles
     0000003A  _compass_gain                      Squiggles
     0000003E  G$h_count$0$0                      Squiggles
     0000003E  _h_count                           Squiggles
     0000003F  G$r_count$0$0                      Squiggles
     0000003F  _r_count                           Squiggles
     00000040  G$delay$0$0                        Squiggles
     00000040  _delay                             Squiggles
     00000041  G$new_heading$0$0                  Squiggles
     00000041  _new_heading                       Squiggles
     00000042  G$new_range$0$0                    Squiggles
     00000042  _new_range                         Squiggles
     00000043  G$heading$0$0                      Squiggles
     00000043  _heading                           Squiggles
     00000045  G$range$0$0                        Squiggles
     00000045  _range                             Squiggles
     00000047  G$COMPASS_PW$0$0                   Squiggles
     00000047  _COMPASS_PW                        Squiggles
     00000049  G$range_adj$0$0                    Squiggles
     00000049  _range_adj                         Squiggles
     0000004B  G$compass_adj$0$0                  Squiggles
     0000004B  _compass_adj                       Squiggles
ASxxxx Linker V03.00 + NoICE + sdld,  page 18.
Hexadecimal  [32-Bits]

Area                                    Addr        Size        Decimal Bytes (Attributes)
--------------------------------        ----        ----        ------- ----- ------------
DSEG                                00000000    0000007D =         125. bytes (REL,CON)

      Value  Global                              Global Defined In Module
      -----  --------------------------------   ------------------------
     0000004D  G$ranger_gain$0$0                  Squiggles
     0000004D  _ranger_gain                       Squiggles
     0000004E  G$AD_Result$0$0                    Squiggles
     0000004E  _AD_Result                         Squiggles
     0000004F  G$voltage$0$0                      Squiggles
     0000004F  _voltage                           Squiggles
     00000050  G$Data$0$0                         Squiggles
     00000050  _Data                              Squiggles
     00000052  LSquiggles.read_compass$Data$1$1   Squiggles
     00000060  __print_format_PARM_2              printf_large
     00000063  __print_format_PARM_3              printf_large
     00000066  __print_format_PARM_4              printf_large

ASxxxx Linker V03.00 + NoICE + sdld,  page 19.
Hexadecimal  [32-Bits]

Area                                    Addr        Size        Decimal Bytes (Attributes)
--------------------------------        ----        ----        ------- ----- ------------
OSEG                                00000011    00000006 =           6. bytes (REL,OVR)

      Value  Global                              Global Defined In Module
      -----  --------------------------------   ------------------------
     00000011  __divsint_PARM_2                   _divuint
     00000011  __divuint_PARM_2                   _divuint
     00000011  __gptrput_PARM_2                   _gptrput
     00000011  __mulint_PARM_2                    _mulint

ASxxxx Linker V03.00 + NoICE + sdld,  page 20.
Hexadecimal  [32-Bits]

Area                                    Addr        Size        Decimal Bytes (Attributes)
--------------------------------        ----        ----        ------- ----- ------------
ISEG                                00000017    00000006 =           6. bytes (REL,CON)

      Value  Global                              Global Defined In Module
      -----  --------------------------------   ------------------------
ASxxxx Linker V03.00 + NoICE + sdld,  page 21.
Hexadecimal  [32-Bits]

Area                                    Addr        Size        Decimal Bytes (Attributes)
--------------------------------        ----        ----        ------- ----- ------------
SSEG                                0000006E    00000092 =         146. bytes (REL,OVR)

      Value  Global                              Global Defined In Module
      -----  --------------------------------   ------------------------
     0000006E  __start__stack                     Squiggles

ASxxxx Linker V03.00 + NoICE + sdld,  page 22.
Hexadecimal  [32-Bits]

Area                                    Addr        Size        Decimal Bytes (Attributes)
--------------------------------        ----        ----        ------- ----- ------------
XSEG                                00000001    00000050 =          80. bytes (REL,CON,XDATA)

      Value  Global                              Global Defined In Module
      -----  --------------------------------   ------------------------
D:   00000001  LSquiggles.lcd_print$text$1$73     Squiggles

ASxxxx Linker V03.00 + NoICE + sdld,  page 23.
Hexadecimal  [32-Bits]

Area                                    Addr        Size        Decimal Bytes (Attributes)
--------------------------------        ----        ----        ------- ----- ------------
HOME                                00000000    00000051 =          81. bytes (REL,CON,CODE)

      Value  Global                              Global Defined In Module
      -----  --------------------------------   ------------------------
C:   00000000  A$Squiggles$1107                   Squiggles
C:   00000003  A$Squiggles$1108                   Squiggles
C:   0000000B  A$Squiggles$1110                   Squiggles
C:   00000013  A$Squiggles$1112                   Squiggles
C:   0000001B  A$Squiggles$1114                   Squiggles
C:   00000023  A$Squiggles$1116                   Squiggles
C:   0000002B  A$Squiggles$1118                   Squiggles
C:   00000033  A$Squiggles$1120                   Squiggles
C:   0000003B  A$Squiggles$1122                   Squiggles
C:   00000043  A$Squiggles$1124                   Squiggles
C:   0000004B  A$Squiggles$1126                   Squiggles
C:   0000004E  A$Squiggles$1170                   Squiggles
C:   0000004E  __sdcc_program_startup             Squiggles

ASxxxx Linker V03.00 + NoICE + sdld,  page 24.
Hexadecimal  [32-Bits]

Area                                    Addr        Size        Decimal Bytes (Attributes)
--------------------------------        ----        ----        ------- ----- ------------
GSINIT0                             00000051    00000003 =           3. bytes (REL,CON,CODE)

      Value  Global                              Global Defined In Module
      -----  --------------------------------   ------------------------
C:   00000051  __sdcc_gsinit_startup              

ASxxxx Linker V03.00 + NoICE + sdld,  page 25.
Hexadecimal  [32-Bits]

Area                                    Addr        Size        Decimal Bytes (Attributes)
--------------------------------        ----        ----        ------- ----- ------------
GSINIT2                             00000054    0000000A =          10. bytes (REL,CON,CODE)

      Value  Global                              Global Defined In Module
      -----  --------------------------------   ------------------------
ASxxxx Linker V03.00 + NoICE + sdld,  page 26.
Hexadecimal  [32-Bits]

Area                                    Addr        Size        Decimal Bytes (Attributes)
--------------------------------        ----        ----        ------- ----- ------------
GSINIT3                             0000005E    00000022 =          34. bytes (REL,CON,CODE)

      Value  Global                              Global Defined In Module
      -----  --------------------------------   ------------------------
C:   0000005E  __mcs51_genXINIT                   

ASxxxx Linker V03.00 + NoICE + sdld,  page 27.
Hexadecimal  [32-Bits]

Area                                    Addr        Size        Decimal Bytes (Attributes)
--------------------------------        ----        ----        ------- ----- ------------
GSINIT4                             00000080    0000002A =          42. bytes (REL,CON,CODE)

      Value  Global                              Global Defined In Module
      -----  --------------------------------   ------------------------
C:   00000080  __mcs51_genRAMCLEAR                
C:   00000086  __mcs51_genXRAMCLEAR               

ASxxxx Linker V03.00 + NoICE + sdld,  page 28.
Hexadecimal  [32-Bits]

Area                                    Addr        Size        Decimal Bytes (Attributes)
--------------------------------        ----        ----        ------- ----- ------------
GSINIT                              000000AA    0000001E =          30. bytes (REL,CON,CODE)

      Value  Global                              Global Defined In Module
      -----  --------------------------------   ------------------------
C:   000000AA  A$Squiggles$1142                   Squiggles
C:   000000AA  C$Squiggles.c$44$1$162             Squiggles
C:   000000AD  A$Squiggles$1143                   Squiggles
C:   000000B0  A$Squiggles$1146                   Squiggles
C:   000000B0  C$Squiggles.c$45$1$162             Squiggles
C:   000000B3  A$Squiggles$1147                   Squiggles
C:   000000B6  A$Squiggles$1148                   Squiggles
C:   000000B9  A$Squiggles$1149                   Squiggles
C:   000000BC  A$Squiggles$1152                   Squiggles
C:   000000BC  C$Squiggles.c$56$1$162             Squiggles
C:   000000BD  A$Squiggles$1153                   Squiggles
C:   000000BF  A$Squiggles$1154                   Squiggles
C:   000000C1  A$Squiggles$1157                   Squiggles
C:   000000C1  C$Squiggles.c$57$1$162             Squiggles
C:   000000C3  A$Squiggles$1158                   Squiggles
C:   000000C5  A$Squiggles$1161                   Squiggles
C:   000000C5  C$Squiggles.c$58$1$162             Squiggles

ASxxxx Linker V03.00 + NoICE + sdld,  page 29.
Hexadecimal  [32-Bits]

Area                                    Addr        Size        Decimal Bytes (Attributes)
--------------------------------        ----        ----        ------- ----- ------------
GSFINAL                             000000C8    00000003 =           3. bytes (REL,CON,CODE)

      Value  Global                              Global Defined In Module
      -----  --------------------------------   ------------------------
C:   000000C8  A$Squiggles$1163                   Squiggles

ASxxxx Linker V03.00 + NoICE + sdld,  page 30.
Hexadecimal  [32-Bits]

Area                                    Addr        Size        Decimal Bytes (Attributes)
--------------------------------        ----        ----        ------- ----- ------------
CSEG                                000000CB    00001451 =        5201. bytes (REL,CON,CODE)

      Value  Global                              Global Defined In Module
      -----  --------------------------------   ------------------------
C:   000000CB  A$Squiggles$1198                   Squiggles
C:   000000CB  C$c8051_SDCC.h$42$0$0              Squiggles
C:   000000CB  C$c8051_SDCC.h$46$1$31             Squiggles
C:   000000CB  G$SYSCLK_Init$0$0                  Squiggles
C:   000000CB  _SYSCLK_Init                       Squiggles
C:   000000CE  A$Squiggles$1201                   Squiggles
C:   000000CE  C$c8051_SDCC.h$49$1$31             Squiggles
C:   000000D0  A$Squiggles$1202                   Squiggles
C:   000000D2  A$Squiggles$1204                   Squiggles
C:   000000D3  A$Squiggles$1205                   Squiggles
C:   000000D6  A$Squiggles$1206                   Squiggles
C:   000000D7  A$Squiggles$1208                   Squiggles
C:   000000D8  A$Squiggles$1209                   Squiggles
C:   000000D9  A$Squiggles$1210                   Squiggles
C:   000000DB  A$Squiggles$1214                   Squiggles
C:   000000DB  C$c8051_SDCC.h$51$1$31             Squiggles
C:   000000DD  A$Squiggles$1215                   Squiggles
C:   000000E0  A$Squiggles$1218                   Squiggles
C:   000000E0  C$c8051_SDCC.h$53$1$31             Squiggles
C:   000000E3  A$Squiggles$1221                   Squiggles
C:   000000E3  C$c8051_SDCC.h$56$1$31             Squiggles
C:   000000E3  XG$SYSCLK_Init$0$0                 Squiggles
C:   000000E4  A$Squiggles$1234                   Squiggles
C:   000000E4  C$c8051_SDCC.h$64$1$31             Squiggles
C:   000000E4  C$c8051_SDCC.h$66$1$33             Squiggles
C:   000000E4  G$UART0_Init$0$0                   Squiggles
C:   000000E4  _UART0_Init                        Squiggles
C:   000000E7  A$Squiggles$1237                   Squiggles
C:   000000E7  C$c8051_SDCC.h$67$1$33             Squiggles
C:   000000EA  A$Squiggles$1240                   Squiggles
C:   000000EA  C$c8051_SDCC.h$68$1$33             Squiggles
C:   000000ED  A$Squiggles$1243                   Squiggles
C:   000000ED  C$c8051_SDCC.h$69$1$33             Squiggles
C:   000000EF  A$Squiggles$1246                   Squiggles
C:   000000EF  C$c8051_SDCC.h$70$1$33             Squiggles
C:   000000F2  A$Squiggles$1249                   Squiggles
C:   000000F2  C$c8051_SDCC.h$71$1$33             Squiggles
C:   000000F5  A$Squiggles$1252                   Squiggles
C:   000000F5  C$c8051_SDCC.h$73$1$33             Squiggles
C:   000000F7  A$Squiggles$1255                   Squiggles
C:   000000F7  C$c8051_SDCC.h$74$1$33             Squiggles
C:   000000FA  A$Squiggles$1258                   Squiggles
C:   000000FA  C$c8051_SDCC.h$75$1$33             Squiggles
C:   000000FA  XG$UART0_Init$0$0                  Squiggles
C:   000000FB  A$Squiggles$1271                   Squiggles
C:   000000FB  C$c8051_SDCC.h$83$1$33             Squiggles
C:   000000FB  C$c8051_SDCC.h$85$1$35             Squiggles
C:   000000FB  G$Sys_Init$0$0                     Squiggles
C:   000000FB  _Sys_Init                          Squiggles
C:   000000FE  A$Squiggles$1274                   Squiggles
ASxxxx Linker V03.00 + NoICE + sdld,  page 31.
Hexadecimal  [32-Bits]

Area                                    Addr        Size        Decimal Bytes (Attributes)
--------------------------------        ----        ----        ------- ----- ------------
CSEG                                000000CB    00001451 =        5201. bytes (REL,CON,CODE)

      Value  Global                              Global Defined In Module
      -----  --------------------------------   ------------------------
C:   000000FE  C$c8051_SDCC.h$86$1$35             Squiggles
C:   00000101  A$Squiggles$1277                   Squiggles
C:   00000101  C$c8051_SDCC.h$88$1$35             Squiggles
C:   00000104  A$Squiggles$1280                   Squiggles
C:   00000104  C$c8051_SDCC.h$89$1$35             Squiggles
C:   00000107  A$Squiggles$1283                   Squiggles
C:   00000107  C$c8051_SDCC.h$91$1$35             Squiggles
C:   0000010A  A$Squiggles$1286                   Squiggles
C:   0000010A  C$c8051_SDCC.h$92$1$35             Squiggles
C:   0000010D  A$Squiggles$1289                   Squiggles
C:   0000010D  C$c8051_SDCC.h$93$1$35             Squiggles
C:   0000010D  XG$Sys_Init$0$0                    Squiggles
C:   0000010E  A$Squiggles$1302                   Squiggles
C:   0000010E  C$c8051_SDCC.h$98$1$35             Squiggles
C:   0000010E  G$putchar$0$0                      Squiggles
C:   0000010E  _putchar                           Squiggles
C:   00000110  A$Squiggles$1308                   Squiggles
C:   00000110  C$c8051_SDCC.h$100$1$37            Squiggles
C:   00000110  C$c8051_SDCC.h$101$1$37            Squiggles
C:   00000113  A$Squiggles$1309                   Squiggles
C:   00000115  A$Squiggles$1313                   Squiggles
C:   00000115  C$c8051_SDCC.h$102$1$37            Squiggles
C:   00000117  A$Squiggles$1316                   Squiggles
C:   00000117  C$c8051_SDCC.h$103$1$37            Squiggles
C:   00000117  XG$putchar$0$0                     Squiggles
C:   00000118  A$Squiggles$1334                   Squiggles
C:   00000118  C$c8051_SDCC.h$108$1$37            Squiggles
C:   00000118  C$c8051_SDCC.h$111$1$39            Squiggles
C:   00000118  C$c8051_SDCC.h$112$1$39            Squiggles
C:   00000118  G$getchar$0$0                      Squiggles
C:   00000118  _getchar                           Squiggles
C:   0000011B  A$Squiggles$1335                   Squiggles
C:   0000011D  A$Squiggles$1339                   Squiggles
C:   0000011D  C$c8051_SDCC.h$113$1$39            Squiggles
C:   00000120  A$Squiggles$1342                   Squiggles
C:   00000120  C$c8051_SDCC.h$114$1$39            Squiggles
C:   00000123  A$Squiggles$1345                   Squiggles
C:   00000123  C$c8051_SDCC.h$115$1$39            Squiggles
C:   00000126  A$Squiggles$1348                   Squiggles
C:   00000126  C$c8051_SDCC.h$116$1$39            Squiggles
C:   00000126  XG$getchar$0$0                     Squiggles
C:   00000127  A$Squiggles$1365                   Squiggles
C:   00000127  C$i2c.h$81$1$39                    Squiggles
C:   00000127  G$lcd_print$0$0                    Squiggles
C:   00000127  _lcd_print                         Squiggles
C:   00000129  A$Squiggles$1366                   Squiggles
C:   0000012C  A$Squiggles$1369                   Squiggles
C:   0000012C  C$i2c.h$87$1$73                    Squiggles
C:   0000012E  A$Squiggles$1370                   Squiggles
C:   00000130  A$Squiggles$1371                   Squiggles
C:   00000131  A$Squiggles$1372                   Squiggles
ASxxxx Linker V03.00 + NoICE + sdld,  page 32.
Hexadecimal  [32-Bits]

Area                                    Addr        Size        Decimal Bytes (Attributes)
--------------------------------        ----        ----        ------- ----- ------------
CSEG                                000000CB    00001451 =        5201. bytes (REL,CON,CODE)

      Value  Global                              Global Defined In Module
      -----  --------------------------------   ------------------------
C:   00000133  A$Squiggles$1373                   Squiggles
C:   00000134  A$Squiggles$1374                   Squiggles
C:   00000136  A$Squiggles$1375                   Squiggles
C:   00000137  A$Squiggles$1376                   Squiggles
C:   00000139  A$Squiggles$1377                   Squiggles
C:   0000013C  A$Squiggles$1378                   Squiggles
C:   0000013E  A$Squiggles$1379                   Squiggles
C:   00000141  A$Squiggles$1380                   Squiggles
C:   00000143  A$Squiggles$1381                   Squiggles
C:   00000145  A$Squiggles$1382                   Squiggles
C:   00000147  A$Squiggles$1386                   Squiggles
C:   00000147  C$i2c.h$89$2$74                    Squiggles
C:   00000149  A$Squiggles$1387                   Squiggles
C:   0000014B  A$Squiggles$1388                   Squiggles
C:   0000014C  A$Squiggles$1389                   Squiggles
C:   0000014E  A$Squiggles$1392                   Squiggles
C:   0000014E  C$i2c.h$90$1$73                    Squiggles
C:   00000150  A$Squiggles$1393                   Squiggles
C:   00000152  A$Squiggles$1394                   Squiggles
C:   00000153  A$Squiggles$1395                   Squiggles
C:   00000155  A$Squiggles$1396                   Squiggles
C:   00000156  A$Squiggles$1397                   Squiggles
C:   00000158  A$Squiggles$1398                   Squiggles
C:   00000159  A$Squiggles$1399                   Squiggles
C:   0000015B  A$Squiggles$1400                   Squiggles
C:   0000015E  A$Squiggles$1401                   Squiggles
C:   00000161  A$Squiggles$1402                   Squiggles
C:   00000164  A$Squiggles$1405                   Squiggles
C:   00000164  C$i2c.h$93$1$73                    Squiggles
C:   00000167  A$Squiggles$1406                   Squiggles
C:   0000016A  A$Squiggles$1407                   Squiggles
C:   0000016D  A$Squiggles$1408                   Squiggles
C:   0000016F  A$Squiggles$1411                   Squiggles
C:   00000171  A$Squiggles$1413                   Squiggles
C:   00000172  A$Squiggles$1414                   Squiggles
C:   00000173  A$Squiggles$1415                   Squiggles
C:   00000174  A$Squiggles$1416                   Squiggles
C:   00000176  A$Squiggles$1419                   Squiggles
C:   00000176  C$i2c.h$96$2$76                    Squiggles
C:   00000177  A$Squiggles$1420                   Squiggles
C:   00000179  A$Squiggles$1421                   Squiggles
C:   0000017B  A$Squiggles$1422                   Squiggles
C:   0000017C  A$Squiggles$1423                   Squiggles
C:   0000017E  A$Squiggles$1424                   Squiggles
C:   00000180  A$Squiggles$1425                   Squiggles
C:   00000181  A$Squiggles$1426                   Squiggles
C:   00000182  A$Squiggles$1427                   Squiggles
C:   00000185  A$Squiggles$1428                   Squiggles
C:   00000186  A$Squiggles$1429                   Squiggles
C:   00000188  A$Squiggles$1430                   Squiggles
C:   0000018A  A$Squiggles$1431                   Squiggles
ASxxxx Linker V03.00 + NoICE + sdld,  page 33.
Hexadecimal  [32-Bits]

Area                                    Addr        Size        Decimal Bytes (Attributes)
--------------------------------        ----        ----        ------- ----- ------------
CSEG                                000000CB    00001451 =        5201. bytes (REL,CON,CODE)

      Value  Global                              Global Defined In Module
      -----  --------------------------------   ------------------------
C:   0000018B  A$Squiggles$1432                   Squiggles
C:   0000018D  A$Squiggles$1433                   Squiggles
C:   0000018F  A$Squiggles$1434                   Squiggles
C:   00000191  A$Squiggles$1435                   Squiggles
C:   00000192  A$Squiggles$1439                   Squiggles
C:   00000192  C$i2c.h$94$1$73                    Squiggles
C:   00000193  A$Squiggles$1440                   Squiggles
C:   00000195  A$Squiggles$1444                   Squiggles
C:   00000195  C$i2c.h$99$1$73                    Squiggles
C:   00000198  A$Squiggles$1445                   Squiggles
C:   0000019B  A$Squiggles$1446                   Squiggles
C:   0000019E  A$Squiggles$1447                   Squiggles
C:   000001A1  A$Squiggles$1448                   Squiggles
C:   000001A3  A$Squiggles$1449                   Squiggles
C:   000001A6  A$Squiggles$1450                   Squiggles
C:   000001A9  A$Squiggles$1452                   Squiggles
C:   000001AB  A$Squiggles$1455                   Squiggles
C:   000001AB  C$i2c.h$100$1$73                   Squiggles
C:   000001AB  XG$lcd_print$0$0                   Squiggles
C:   000001AC  A$Squiggles$1471                   Squiggles
C:   000001AC  C$i2c.h$103$1$73                   Squiggles
C:   000001AC  C$i2c.h$105$1$73                   Squiggles
C:   000001AC  G$lcd_clear$0$0                    Squiggles
C:   000001AC  _lcd_clear                         Squiggles
C:   000001AF  A$Squiggles$1475                   Squiggles
C:   000001AF  C$i2c.h$107$1$77                   Squiggles
C:   000001B1  A$Squiggles$1476                   Squiggles
C:   000001B3  A$Squiggles$1477                   Squiggles
C:   000001B5  A$Squiggles$1478                   Squiggles
C:   000001B8  A$Squiggles$1479                   Squiggles
C:   000001BB  A$Squiggles$1480                   Squiggles
C:   000001BE  A$Squiggles$1481                   Squiggles
C:   000001C1  A$Squiggles$1482                   Squiggles
C:   000001C4  A$Squiggles$1483                   Squiggles
C:   000001C7  A$Squiggles$1484                   Squiggles
C:   000001CA  A$Squiggles$1485                   Squiggles
C:   000001CC  A$Squiggles$1489                   Squiggles
C:   000001CC  C$i2c.h$109$1$77                   Squiggles
C:   000001CF  A$Squiggles$1492                   Squiggles
C:   000001CF  C$i2c.h$110$1$77                   Squiggles
C:   000001D2  A$Squiggles$1493                   Squiggles
C:   000001D5  A$Squiggles$1494                   Squiggles
C:   000001D8  A$Squiggles$1495                   Squiggles
C:   000001DB  A$Squiggles$1496                   Squiggles
C:   000001DE  A$Squiggles$1497                   Squiggles
C:   000001E1  A$Squiggles$1498                   Squiggles
C:   000001E4  A$Squiggles$1501                   Squiggles
C:   000001E4  C$i2c.h$111$1$77                   Squiggles
C:   000001E4  XG$lcd_clear$0$0                   Squiggles
C:   000001E5  A$Squiggles$1517                   Squiggles
C:   000001E5  C$i2c.h$114$1$77                   Squiggles
ASxxxx Linker V03.00 + NoICE + sdld,  page 34.
Hexadecimal  [32-Bits]

Area                                    Addr        Size        Decimal Bytes (Attributes)
--------------------------------        ----        ----        ------- ----- ------------
CSEG                                000000CB    00001451 =        5201. bytes (REL,CON,CODE)

      Value  Global                              Global Defined In Module
      -----  --------------------------------   ------------------------
C:   000001E5  C$i2c.h$118$1$78                   Squiggles
C:   000001E5  G$read_keypad$0$0                  Squiggles
C:   000001E5  _read_keypad                       Squiggles
C:   000001E8  A$Squiggles$1518                   Squiggles
C:   000001EB  A$Squiggles$1519                   Squiggles
C:   000001EE  A$Squiggles$1520                   Squiggles
C:   000001F1  A$Squiggles$1521                   Squiggles
C:   000001F4  A$Squiggles$1522                   Squiggles
C:   000001F7  A$Squiggles$1523                   Squiggles
C:   000001FA  A$Squiggles$1526                   Squiggles
C:   000001FA  C$i2c.h$119$1$78                   Squiggles
C:   000001FC  A$Squiggles$1527                   Squiggles
C:   000001FF  A$Squiggles$1528                   Squiggles
C:   00000202  A$Squiggles$1529                   Squiggles
C:   00000204  A$Squiggles$1533                   Squiggles
C:   00000206  A$Squiggles$1534                   Squiggles
C:   00000208  A$Squiggles$1538                   Squiggles
C:   00000208  C$i2c.h$123$2$79                   Squiggles
C:   0000020A  A$Squiggles$1539                   Squiggles
C:   0000020C  A$Squiggles$1540                   Squiggles
C:   0000020E  A$Squiggles$1541                   Squiggles
C:   00000210  A$Squiggles$1542                   Squiggles
C:   00000212  A$Squiggles$1544                   Squiggles
C:   00000213  A$Squiggles$1545                   Squiggles
C:   00000214  A$Squiggles$1546                   Squiggles
C:   00000215  A$Squiggles$1547                   Squiggles
C:   00000216  A$Squiggles$1548                   Squiggles
C:   00000217  A$Squiggles$1549                   Squiggles
C:   00000218  A$Squiggles$1551                   Squiggles
C:   0000021B  A$Squiggles$1552                   Squiggles
C:   0000021D  A$Squiggles$1553                   Squiggles
C:   0000021F  A$Squiggles$1554                   Squiggles
C:   00000220  A$Squiggles$1555                   Squiggles
C:   00000222  A$Squiggles$1556                   Squiggles
C:   00000223  A$Squiggles$1557                   Squiggles
C:   00000225  A$Squiggles$1558                   Squiggles
C:   00000226  A$Squiggles$1559                   Squiggles
C:   00000227  A$Squiggles$1560                   Squiggles
C:   00000229  A$Squiggles$1563                   Squiggles
C:   00000229  C$i2c.h$124$2$79                   Squiggles
C:   0000022B  A$Squiggles$1564                   Squiggles
C:   0000022C  A$Squiggles$1565                   Squiggles
C:   0000022E  A$Squiggles$1566                   Squiggles
C:   00000230  A$Squiggles$1570                   Squiggles
C:   00000230  C$i2c.h$121$1$78                   Squiggles
C:   00000231  A$Squiggles$1571                   Squiggles
C:   00000233  A$Squiggles$1572                   Squiggles
C:   00000236  A$Squiggles$1574                   Squiggles
C:   00000238  A$Squiggles$1577                   Squiggles
C:   00000238  C$i2c.h$127$1$78                   Squiggles
C:   0000023A  A$Squiggles$1578                   Squiggles
ASxxxx Linker V03.00 + NoICE + sdld,  page 35.
Hexadecimal  [32-Bits]

Area                                    Addr        Size        Decimal Bytes (Attributes)
--------------------------------        ----        ----        ------- ----- ------------
CSEG                                000000CB    00001451 =        5201. bytes (REL,CON,CODE)

      Value  Global                              Global Defined In Module
      -----  --------------------------------   ------------------------
C:   0000023D  A$Squiggles$1579                   Squiggles
C:   00000240  A$Squiggles$1580                   Squiggles
C:   00000242  A$Squiggles$1584                   Squiggles
C:   00000242  C$i2c.h$129$1$78                   Squiggles
C:   00000244  A$Squiggles$1585                   Squiggles
C:   00000247  A$Squiggles$1586                   Squiggles
C:   0000024A  A$Squiggles$1587                   Squiggles
C:   0000024C  A$Squiggles$1591                   Squiggles
C:   0000024C  C$i2c.h$131$1$78                   Squiggles
C:   0000024E  A$Squiggles$1592                   Squiggles
C:   00000251  A$Squiggles$1593                   Squiggles
C:   00000254  A$Squiggles$1594                   Squiggles
C:   00000256  A$Squiggles$1598                   Squiggles
C:   00000256  C$i2c.h$133$1$78                   Squiggles
C:   00000258  A$Squiggles$1599                   Squiggles
C:   0000025B  A$Squiggles$1600                   Squiggles
C:   0000025E  A$Squiggles$1601                   Squiggles
C:   00000260  A$Squiggles$1605                   Squiggles
C:   00000260  C$i2c.h$135$1$78                   Squiggles
C:   00000263  A$Squiggles$1609                   Squiggles
C:   00000263  C$i2c.h$136$1$78                   Squiggles
C:   00000263  XG$read_keypad$0$0                 Squiggles
C:   00000264  A$Squiggles$1625                   Squiggles
C:   00000264  C$i2c.h$148$1$78                   Squiggles
C:   00000264  G$kpd_input$0$0                    Squiggles
C:   00000264  _kpd_input                         Squiggles
C:   00000266  A$Squiggles$1630                   Squiggles
C:   00000266  C$i2c.h$153$1$81                   Squiggles
C:   00000266  C$i2c.h$156$1$81                   Squiggles
C:   00000267  A$Squiggles$1631                   Squiggles
C:   00000268  A$Squiggles$1632                   Squiggles
C:   00000269  A$Squiggles$1633                   Squiggles
C:   0000026A  A$Squiggles$1634                   Squiggles
C:   0000026C  A$Squiggles$1635                   Squiggles
C:   0000026E  A$Squiggles$1636                   Squiggles
C:   00000270  A$Squiggles$1637                   Squiggles
C:   00000272  A$Squiggles$1638                   Squiggles
C:   00000274  A$Squiggles$1639                   Squiggles
C:   00000276  A$Squiggles$1640                   Squiggles
C:   00000278  A$Squiggles$1641                   Squiggles
C:   0000027A  A$Squiggles$1642                   Squiggles
C:   0000027C  A$Squiggles$1643                   Squiggles
C:   0000027F  A$Squiggles$1644                   Squiggles
C:   00000281  A$Squiggles$1645                   Squiggles
C:   00000283  A$Squiggles$1646                   Squiggles
C:   00000285  A$Squiggles$1647                   Squiggles
C:   00000287  A$Squiggles$1648                   Squiggles
C:   00000289  A$Squiggles$1652                   Squiggles
C:   00000289  C$i2c.h$158$1$81                   Squiggles
C:   0000028B  A$Squiggles$1653                   Squiggles
C:   0000028D  A$Squiggles$1654                   Squiggles
ASxxxx Linker V03.00 + NoICE + sdld,  page 36.
Hexadecimal  [32-Bits]

Area                                    Addr        Size        Decimal Bytes (Attributes)
--------------------------------        ----        ----        ------- ----- ------------
CSEG                                000000CB    00001451 =        5201. bytes (REL,CON,CODE)

      Value  Global                              Global Defined In Module
[...]
C:   00000968  A$Squiggles$3198                   Squiggles
C:   0000096A  A$Squiggles$3199                   Squiggles
C:   0000096B  A$Squiggles$3200                   Squiggles
C:   0000096D  A$Squiggles$3201                   Squiggles
C:   0000096F  A$Squiggles$3202                   Squiggles
C:   00000970  A$Squiggles$3205                   Squiggles
C:   00000970  C$Squiggles.c$390$1$162            Squiggles
C:   00000971  A$Squiggles$3206                   Squiggles
C:   00000972  A$Squiggles$3207                   Squiggles
C:   00000974  A$Squiggles$3208                   Squiggles
C:   00000975  A$Squiggles$3209                   Squiggles
ASxxxx Linker V03.00 + NoICE + sdld,  page 58.
Hexadecimal  [32-Bits]

Area                                    Addr        Size        Decimal Bytes (Attributes)
--------------------------------        ----        ----        ------- ----- ------------
CSEG                                000000CB    00001451 =        5201. bytes (REL,CON,CODE)

      Value  Global                              Global Defined In Module
      -----  --------------------------------   ------------------------
C:   00000977  A$Squiggles$3210                   Squiggles
C:   00000979  A$Squiggles$3211                   Squiggles
C:   0000097B  A$Squiggles$3212                   Squiggles
C:   0000097D  A$Squiggles$3213                   Squiggles
C:   0000097E  A$Squiggles$3214                   Squiggles
C:   0000097F  A$Squiggles$3215                   Squiggles
C:   00000981  A$Squiggles$3216                   Squiggles
C:   00000982  A$Squiggles$3217                   Squiggles
C:   00000983  A$Squiggles$3221                   Squiggles
C:   00000983  C$Squiggles.c$391$1$162            Squiggles
C:   00000984  A$Squiggles$3222                   Squiggles
C:   00000986  A$Squiggles$3223                   Squiggles
C:   00000987  A$Squiggles$3224                   Squiggles
C:   00000989  A$Squiggles$3225                   Squiggles
C:   0000098B  A$Squiggles$3226                   Squiggles
C:   0000098E  A$Squiggles$3227                   Squiggles
C:   00000990  A$Squiggles$3228                   Squiggles
C:   00000992  A$Squiggles$3229                   Squiggles
C:   00000993  A$Squiggles$3230                   Squiggles
C:   00000995  A$Squiggles$3231                   Squiggles
C:   00000996  A$Squiggles$3232                   Squiggles
C:   00000997  A$Squiggles$3233                   Squiggles
C:   00000999  A$Squiggles$3234                   Squiggles
C:   0000099A  A$Squiggles$3238                   Squiggles
C:   0000099A  C$Squiggles.c$393$1$162            Squiggles
C:   0000099B  A$Squiggles$3239                   Squiggles
C:   0000099D  A$Squiggles$3240                   Squiggles
C:   0000099F  A$Squiggles$3241                   Squiggles
C:   000009A0  A$Squiggles$3242                   Squiggles
C:   000009A2  A$Squiggles$3243                   Squiggles
C:   000009A4  A$Squiggles$3246                   Squiggles
C:   000009A4  C$Squiggles.c$395$2$163            Squiggles
C:   000009A5  A$Squiggles$3247                   Squiggles
C:   000009A7  A$Squiggles$3248                   Squiggles
C:   000009A9  A$Squiggles$3249                   Squiggles
C:   000009AB  A$Squiggles$3253                   Squiggles
C:   000009AB  C$Squiggles.c$399$2$164            Squiggles
C:   000009AD  A$Squiggles$3254                   Squiggles
C:   000009AE  A$Squiggles$3255                   Squiggles
C:   000009B0  A$Squiggles$3256                   Squiggles
C:   000009B2  A$Squiggles$3257                   Squiggles
C:   000009B3  A$Squiggles$3258                   Squiggles
C:   000009B5  A$Squiggles$3259                   Squiggles
C:   000009B7  A$Squiggles$3260                   Squiggles
C:   000009B9  A$Squiggles$3261                   Squiggles
C:   000009BB  A$Squiggles$3262                   Squiggles
C:   000009BD  A$Squiggles$3263                   Squiggles
C:   000009BF  A$Squiggles$3264                   Squiggles
C:   000009C1  A$Squiggles$3265                   Squiggles
C:   000009C3  A$Squiggles$3266                   Squiggles
C:   000009C6  A$Squiggles$3267                   Squiggles
ASxxxx Linker V03.00 + NoICE + sdld,  page 59.
Hexadecimal  [32-Bits]

Area                                    Addr        Size        Decimal Bytes (Attributes)
--------------------------------        ----        ----        ------- ----- ------------
CSEG                                000000CB    00001451 =        5201. bytes (REL,CON,CODE)

      Value  Global                              Global Defined In Module
      -----  --------------------------------   ------------------------
C:   000009C8  A$Squiggles$3268                   Squiggles
C:   000009CA  A$Squiggles$3269                   Squiggles
C:   000009CC  A$Squiggles$3270                   Squiggles
C:   000009CE  A$Squiggles$3271                   Squiggles
C:   000009D0  A$Squiggles$3272                   Squiggles
C:   000009D2  A$Squiggles$3276                   Squiggles
C:   000009D2  C$Squiggles.c$403$1$162            Squiggles
C:   000009D4  A$Squiggles$3277                   Squiggles
C:   000009D6  A$Squiggles$3278                   Squiggles
C:   000009D7  A$Squiggles$3279                   Squiggles
C:   000009D9  A$Squiggles$3280                   Squiggles
C:   000009DB  A$Squiggles$3281                   Squiggles
C:   000009DC  A$Squiggles$3282                   Squiggles
C:   000009DE  A$Squiggles$3283                   Squiggles
C:   000009E0  A$Squiggles$3284                   Squiggles
C:   000009E2  A$Squiggles$3285                   Squiggles
C:   000009E4  A$Squiggles$3286                   Squiggles
C:   000009E7  A$Squiggles$3287                   Squiggles
C:   000009E9  A$Squiggles$3288                   Squiggles
C:   000009EB  A$Squiggles$3289                   Squiggles
C:   000009ED  A$Squiggles$3290                   Squiggles
C:   000009EE  A$Squiggles$3291                   Squiggles
C:   000009F0  A$Squiggles$3292                   Squiggles
C:   000009F2  A$Squiggles$3293                   Squiggles
C:   000009F4  A$Squiggles$3294                   Squiggles
C:   000009F6  A$Squiggles$3295                   Squiggles
C:   000009F9  A$Squiggles$3296                   Squiggles
C:   000009FC  A$Squiggles$3297                   Squiggles
C:   000009FF  A$Squiggles$3298                   Squiggles
C:   00000A01  A$Squiggles$3299                   Squiggles
C:   00000A04  A$Squiggles$3300                   Squiggles
C:   00000A06  A$Squiggles$3301                   Squiggles
C:   00000A08  A$Squiggles$3302                   Squiggles
C:   00000A0A  A$Squiggles$3303                   Squiggles
C:   00000A0B  A$Squiggles$3304                   Squiggles
C:   00000A0D  A$Squiggles$3305                   Squiggles
C:   00000A0F  A$Squiggles$3306                   Squiggles
C:   00000A11  A$Squiggles$3307                   Squiggles
C:   00000A13  A$Squiggles$3308                   Squiggles
C:   00000A15  A$Squiggles$3309                   Squiggles
C:   00000A17  A$Squiggles$3310                   Squiggles
C:   00000A19  A$Squiggles$3311                   Squiggles
C:   00000A1B  A$Squiggles$3312                   Squiggles
C:   00000A1D  A$Squiggles$3313                   Squiggles
C:   00000A1F  A$Squiggles$3314                   Squiggles
C:   00000A21  A$Squiggles$3315                   Squiggles
C:   00000A24  A$Squiggles$3316                   Squiggles
C:   00000A26  A$Squiggles$3317                   Squiggles
C:   00000A28  A$Squiggles$3318                   Squiggles
C:   00000A2A  A$Squiggles$3319                   Squiggles
C:   00000A2B  A$Squiggles$3320                   Squiggles
ASxxxx Linker V03.00 + NoICE + sdld,  page 60.
Hexadecimal  [32-Bits]

Area                                    Addr        Size        Decimal Bytes (Attributes)
--------------------------------        ----        ----        ------- ----- ------------
CSEG                                000000CB    00001451 =        5201. bytes (REL,CON,CODE)

      Value  Global                              Global Defined In Module
      -----  --------------------------------   ------------------------
C:   00000A2D  A$Squiggles$3321                   Squiggles
C:   00000A2F  A$Squiggles$3322                   Squiggles
C:   00000A31  A$Squiggles$3323                   Squiggles
C:   00000A33  A$Squiggles$3324                   Squiggles
C:   00000A35  A$Squiggles$3325                   Squiggles
C:   00000A37  A$Squiggles$3326                   Squiggles
C:   00000A39  A$Squiggles$3327                   Squiggles
C:   00000A3B  A$Squiggles$3328                   Squiggles
C:   00000A3D  A$Squiggles$3329                   Squiggles
C:   00000A3F  A$Squiggles$3330                   Squiggles
C:   00000A41  A$Squiggles$3331                   Squiggles
C:   00000A42  A$Squiggles$3332                   Squiggles
C:   00000A45  A$Squiggles$3333                   Squiggles
C:   00000A47  A$Squiggles$3334                   Squiggles
C:   00000A49  A$Squiggles$3335                   Squiggles
C:   00000A4B  A$Squiggles$3336                   Squiggles
C:   00000A4C  A$Squiggles$3337                   Squiggles
C:   00000A4E  A$Squiggles$3338                   Squiggles
C:   00000A50  A$Squiggles$3339                   Squiggles
C:   00000A52  A$Squiggles$3340                   Squiggles
C:   00000A54  A$Squiggles$3341                   Squiggles
C:   00000A56  A$Squiggles$3342                   Squiggles
C:   00000A58  A$Squiggles$3343                   Squiggles
C:   00000A59  A$Squiggles$3344                   Squiggles
C:   00000A5C  A$Squiggles$3345                   Squiggles
C:   00000A5F  A$Squiggles$3346                   Squiggles
C:   00000A62  A$Squiggles$3349                   Squiggles
C:   00000A62  C$Squiggles.c$405$1$162            Squiggles
C:   00000A63  A$Squiggles$3350                   Squiggles
C:   00000A65  A$Squiggles$3351                   Squiggles
C:   00000A67  A$Squiggles$3352                   Squiggles
C:   00000A69  A$Squiggles$3353                   Squiggles
C:   00000A6B  A$Squiggles$3354                   Squiggles
C:   00000A6D  A$Squiggles$3357                   Squiggles
C:   00000A6D  C$Squiggles.c$407$2$165            Squiggles
C:   00000A70  A$Squiggles$3358                   Squiggles
C:   00000A73  A$Squiggles$3362                   Squiggles
C:   00000A73  C$Squiggles.c$409$1$162            Squiggles
C:   00000A74  A$Squiggles$3363                   Squiggles
C:   00000A76  A$Squiggles$3364                   Squiggles
C:   00000A78  A$Squiggles$3365                   Squiggles
C:   00000A7A  A$Squiggles$3366                   Squiggles
C:   00000A7C  A$Squiggles$3367                   Squiggles
C:   00000A7E  A$Squiggles$3370                   Squiggles
C:   00000A7E  C$Squiggles.c$411$2$166            Squiggles
C:   00000A81  A$Squiggles$3371                   Squiggles
C:   00000A84  A$Squiggles$3375                   Squiggles
C:   00000A84  C$Squiggles.c$413$1$162            Squiggles
C:   00000A86  A$Squiggles$3376                   Squiggles
C:   00000A89  A$Squiggles$3379                   Squiggles
C:   00000A89  C$Squiggles.c$415$2$167            Squiggles
ASxxxx Linker V03.00 + NoICE + sdld,  page 61.
Hexadecimal  [32-Bits]

Area                                    Addr        Size        Decimal Bytes (Attributes)
--------------------------------        ----        ----        ------- ----- ------------
CSEG                                000000CB    00001451 =        5201. bytes (REL,CON,CODE)

      Value  Global                              Global Defined In Module
      -----  --------------------------------   ------------------------
C:   00000A8B  A$Squiggles$3380                   Squiggles
C:   00000A8C  A$Squiggles$3381                   Squiggles
C:   00000A8E  A$Squiggles$3382                   Squiggles
C:   00000A90  A$Squiggles$3383                   Squiggles
C:   00000A92  A$Squiggles$3384                   Squiggles
C:   00000A94  A$Squiggles$3385                   Squiggles
C:   00000A96  A$Squiggles$3389                   Squiggles
C:   00000A96  C$Squiggles.c$424$1$162            Squiggles
C:   00000A96  XG$set_COMPASS_PW$0$0              Squiggles
C:   00000A97  ___fsmul                           _fsmul
C:   00000B3A  fsgetargs                          _fsget2args
C:   00000B68  fs_normalize_a                     _fsnormalize
C:   00000B9B  __gptrput                          _gptrput
C:   00000BB6  __mulint                           _mulint
C:   00000BB6  __mulint_dummy                     _mulint
C:   00000C43  _vsprintf                          sprintf
C:   00000C80  _sprintf                           sprintf
C:   00000CCE  __divuint                          _divuint
C:   00000CF7  ___fsadd                           _fsadd
C:   00000CFA  fsadd_direct_entry                 _fsadd
C:   00000D50  ___sint2fs                         _sint2fs
C:   00000D5D  ___uint2fs                         _uint2fs
C:   00000D69  ___fs2uint                         _fs2uint
C:   00000D74  fs_round_and_return                _fsreturnval
C:   00000D8C  fs_zerocheck_return                _fsreturnval
C:   00000D95  fs_return_zero                     _fsreturnval
C:   00000D9D  fs_direct_return                   _fsreturnval
C:   00000DAB  fs_return_inf                      _fsreturnval
C:   00000DB8  fs_return_nan                      _fsreturnval
C:   00000DCE  _vprintf                           vprintf
C:   00000DE7  _printf                            vprintf
C:   00000EB9  __print_format                     printf_large
C:   000013C3  fs_swap_a_b                        _fsswapargs
C:   000013DD  _strlen                            _strlen
C:   000013F5  __gptrget                          _gptrget
C:   00001411  ___uchar2fs                        _uchar2fs
C:   0000141C  ___fs2uchar                        _fs2uchar
C:   00001424  ___slong2fs                        _slong2fs
C:   0000142D  slong2fs_doit                      _slong2fs
C:   00001451  ___ulong2fs                        _ulong2fs
C:   0000145A  ulong2fs_doit                      _ulong2fs
C:   00001464  __divsint                          _divsint
C:   0000149C  fs_rshift_a                        _fsrshift
C:   000014DF  __sdcc_external_startup            _startup
C:   000014E3  ___fs2ulong                        _fs2ulong
C:   000014E5  fs2ulong_begin                     _fs2ulong
C:   0000150A  fsgetarg                           _fsget1arg

ASxxxx Linker V03.00 + NoICE + sdld,  page 62.
Hexadecimal  [32-Bits]

Area                                    Addr        Size        Decimal Bytes (Attributes)
--------------------------------        ----        ----        ------- ----- ------------
CONST                               0000151C    0000013E =         318. bytes (REL,CON,CODE)

      Value  Global                              Global Defined In Module
      -----  --------------------------------   ------------------------
C:   0000151C  FSquiggles$__str_0$0$0             Squiggles
C:   00001532  FSquiggles$__str_1$0$0             Squiggles
C:   00001542  FSquiggles$__str_2$0$0             Squiggles
C:   00001545  FSquiggles$__str_3$0$0             Squiggles
C:   0000154E  FSquiggles$__str_4$0$0             Squiggles
C:   0000155E  FSquiggles$__str_5$0$0             Squiggles
C:   00001589  FSquiggles$__str_6$0$0             Squiggles
C:   00001595  FSquiggles$__str_7$0$0             Squiggles
C:   000015AD  FSquiggles$__str_8$0$0             Squiggles
C:   000015CB  FSquiggles$__str_9$0$0             Squiggles
C:   000015F4  FSquiggles$__str_10$0$0            Squiggles
C:   0000160C  FSquiggles$__str_11$0$0            Squiggles
C:   00001632  FSquiggles$__str_12$0$0            Squiggles

ASxxxx Linker V03.00 + NoICE + sdld,  page 63.

Files Linked                              [ module(s) ]

C:\Users\rutmas\Documents\LITEC\LITEC\Lab 4\Squiggles\Squiggles.rel
                                          [  ]


Libraries Linked                          [ object file ]

C:\Program Files (x86)\SDCC\bin\..\lib\small/libfloat.lib
                                          [ _fsmul.rel ]
C:\Program Files (x86)\SDCC\bin\..\lib\small/libfloat.lib
                                          [ _fsget2args.rel ]
C:\Program Files (x86)\SDCC\bin\..\lib\small/mcs51.lib
                                          [ crtclear.rel ]
C:\Program Files (x86)\SDCC\bin\..\lib\small/libfloat.lib
                                          [ _fsnormalize.rel ]
C:\Program Files (x86)\SDCC\bin\..\lib\small/mcs51.lib
                                          [ crtxinit.rel ]
C:\Program Files (x86)\SDCC\bin\..\lib\small/libsdcc.lib
                                          [ _gptrput.rel ]
C:\Program Files (x86)\SDCC\bin\..\lib\small/libint.lib
                                          [ _mulint.rel ]
C:\Program Files (x86)\SDCC\bin\..\lib\small/libsdcc.lib
                                          [ sprintf.rel ]
C:\Program Files (x86)\SDCC\bin\..\lib\small/mcs51.lib
                                          [ crtxclear.rel ]
C:\Program Files (x86)\SDCC\bin\..\lib\small/libint.lib
                                          [ _divuint.rel ]
C:\Program Files (x86)\SDCC\bin\..\lib\small/libfloat.lib
                                          [ _fsadd.rel ]
C:\Program Files (x86)\SDCC\bin\..\lib\small/libfloat.lib
                                          [ _sint2fs.rel ]
C:\Program Files (x86)\SDCC\bin\..\lib\small/libfloat.lib
                                          [ _uint2fs.rel ]
C:\Program Files (x86)\SDCC\bin\..\lib\small/libfloat.lib
                                          [ _fs2uint.rel ]
C:\Program Files (x86)\SDCC\bin\..\lib\small/libfloat.lib
                                          [ _fsreturnval.rel ]
C:\Program Files (x86)\SDCC\bin\..\lib\small/libsdcc.lib
                                          [ _bp.rel ]
C:\Program Files (x86)\SDCC\bin\..\lib\small/libsdcc.lib
                                          [ vprintf.rel ]
C:\Program Files (x86)\SDCC\bin\..\lib\small/libsdcc.lib
                                          [ printf_large.rel ]
C:\Program Files (x86)\SDCC\bin\..\lib\small/libfloat.lib
                                          [ _fsswapargs.rel ]
C:\Program Files (x86)\SDCC\bin\..\lib\small/libsdcc.lib
                                          [ _strlen.rel ]
C:\Program Files (x86)\SDCC\bin\..\lib\small/mcs51.lib
                                          [ crtstart.rel ]
C:\Program Files (x86)\SDCC\bin\..\lib\small/libsdcc.lib
                                          [ _gptrget.rel ]
C:\Program Files (x86)\SDCC\bin\..\lib\small/libfloat.lib
                                          [ _uchar2fs.rel ]
C:\Program Files (x86)\SDCC\bin\..\lib\small/libfloat.lib
                                          [ _fs2uchar.rel ]
C:\Program Files (x86)\SDCC\bin\..\lib\small/libfloat.lib
                                          [ _slong2fs.rel ]
C:\Program Files (x86)\SDCC\bin\..\lib\small/libfloat.lib
                                          [ _ulong2fs.rel ]
C:\Program Files (x86)\SDCC\bin\..\lib\small/libint.lib
                                          [ _divsint.rel ]
C:\Program Files (x86)\SDCC\bin\..\lib\small/libfloat.lib
                                          [ _fsrshift.rel ]
C:\Program Files (x86)\SDCC\bin\..\lib\small/libsdcc.lib
                                          [ _startup.rel ]
C:\Program Files (x86)\SDCC\bin\..\lib\small/libfloat.lib
                                          [ _fs2ulong.rel ]
C:\Program Files (x86)\SDCC\bin\..\lib\small/libfloat.lib
                                          [ _fsget1arg.rel ]

ASxxxx Linker V03.00 + NoICE + sdld,  page 64.

User Base Address Definitions

HOME = 0x0000
XSEG = 0x0001
PSEG = 0x0001
ISEG = 0x0000
BSEG = 0x0000

