ASxxxx Linker V03.00 + NoICE + sdld,  page 1.
Hexadecimal  [32-Bits]

Area                                    Addr        Size        Decimal Bytes (Attributes)
--------------------------------        ----        ----        ------- ----- ------------
CABS                                00000000    00000000 =           0. bytes (ABS,CON,CODE)

      Value  Global                              Global Defined In Module
      -----  --------------------------------   ------------------------
C:   00000000  l_BIT_BANK                      
C:   00000000  l_CABS                          
C:   00000000  l_GSINIT1                       
C:   00000000  l_GSINIT5                       
C:   00000000  l_IABS                          
C:   00000000  l_PSEG                          
C:   00000000  l_REG_BANK_1                    
C:   00000000  l_REG_BANK_2                    
C:   00000000  l_REG_BANK_3                    
C:   00000000  l_RSEG                          
C:   00000000  l_RSEG0                         
C:   00000000  l_RSEG1                         
C:   00000000  l_XABS                          
C:   00000000  l_XINIT                         
C:   00000000  l_XISEG                         
C:   00000000  l__CODE                         
C:   00000000  s_BSEG                          
C:   00000000  s_CABS                          
C:   00000000  s_DSEG                          
C:   00000000  s_HOME                          
C:   00000000  s_IABS                          
C:   00000000  s_REG_BANK_0                    
C:   00000000  s_RSEG                          
C:   00000000  s_RSEG0                         
C:   00000000  s_RSEG1                         
C:   00000000  s_XABS                          
C:   00000001  s_PSEG                          
C:   00000001  s_XSEG                          
C:   00000003  l_BSEG_BYTES                    
C:   00000003  l_GSFINAL                       
C:   00000003  l_GSINIT0                       
C:   00000006  l_ISEG                          
C:   00000006  l_OSEG                          
C:   00000008  l_REG_BANK_0                    
C:   00000008  s_REG_BANK_1                    
C:   0000000A  l_GSINIT2                       
C:   00000010  s_REG_BANK_2                    
C:   00000011  l_BSEG                          
C:   00000017  s_OSEG                          
C:   00000018  s_BIT_BANK                      
C:   00000018  s_REG_BANK_3                    
C:   00000020  s_BSEG_BYTES                    
C:   00000020  s__CODE                         
C:   00000022  l_GSINIT3                       
C:   0000002A  l_GSINIT4                       
C:   00000037  l_GSINIT                        
C:   00000050  l_XSEG                          
C:   00000051  l_HOME                          
C:   00000051  s_GSINIT0                       
C:   00000051  s_XISEG                         
ASxxxx Linker V03.00 + NoICE + sdld,  page 2.
Hexadecimal  [32-Bits]

Area                                    Addr        Size        Decimal Bytes (Attributes)
--------------------------------        ----        ----        ------- ----- ------------
CABS                                00000000    00000000 =           0. bytes (ABS,CON,CODE)

      Value  Global                              Global Defined In Module
      -----  --------------------------------   ------------------------
C:   00000054  s_GSINIT1                       
C:   00000054  s_GSINIT2                       
C:   0000005E  s_GSINIT3                       
C:   00000075  s_ISEG                          
C:   0000007B  s_SSEG                          
C:   0000007D  l_DSEG                          
C:   00000080  s_GSINIT4                       
C:   00000085  l_SSEG                          
C:   000000AA  s_GSINIT                        
C:   000000AA  s_GSINIT5                       
C:   000000E1  s_GSFINAL                       
C:   000000E4  s_CSEG                          
C:   00000100  l_IRAM                          
C:   000003D2  l_CONST                         
C:   00001ACF  l_CSEG                          
C:   00001BB3  s_CONST                         
C:   00001F85  s_XINIT                         

ASxxxx Linker V03.00 + NoICE + sdld,  page 3.
Hexadecimal  [32-Bits]

Area                                    Addr        Size        Decimal Bytes (Attributes)
--------------------------------        ----        ----        ------- ----- ------------
.  .ABS.                            00000000    00000000 =           0. bytes (ABS,CON)

      Value  Global                              Global Defined In Module
      -----  --------------------------------   ------------------------
     00000000  .__.ABS.                           _fs2ulong
     00000080  G$P0$0$0                           Squiggles
     00000080  G$P0_0$0$0                         Squiggles
     00000080  _P0                                Squiggles
     00000080  _P0_0                              Squiggles
     00000081  G$P0_1$0$0                         Squiggles
     00000081  G$SP$0$0                           Squiggles
     00000081  _P0_1                              Squiggles
     00000081  _SP                                Squiggles
     00000082  G$DPL$0$0                          Squiggles
     00000082  G$P0_2$0$0                         Squiggles
     00000082  _DPL                               Squiggles
     00000082  _P0_2                              Squiggles
     00000083  G$BUS_SCL$0$0                      Squiggles
     00000083  G$DPH$0$0                          Squiggles
     00000083  G$P0_3$0$0                         Squiggles
     00000083  _BUS_SCL                           Squiggles
     00000083  _DPH                               Squiggles
     00000083  _P0_3                              Squiggles
     00000084  G$P0_4$0$0                         Squiggles
     00000084  G$P4$0$0                           Squiggles
     00000084  _P0_4                              Squiggles
     00000084  _P4                                Squiggles
     00000085  G$P0_5$0$0                         Squiggles
     00000085  G$P5$0$0                           Squiggles
     00000085  _P0_5                              Squiggles
     00000085  _P5                                Squiggles
     00000086  G$P0_6$0$0                         Squiggles
     00000086  G$P6$0$0                           Squiggles
     00000086  _P0_6                              Squiggles
     00000086  _P6                                Squiggles
     00000087  G$P0_7$0$0                         Squiggles
     00000087  G$PCON$0$0                         Squiggles
     00000087  _P0_7                              Squiggles
     00000087  _PCON                              Squiggles
     00000088  G$IT0$0$0                          Squiggles
     00000088  G$TCON$0$0                         Squiggles
     00000088  _IT0                               Squiggles
     00000088  _TCON                              Squiggles
     00000089  G$IE0$0$0                          Squiggles
     00000089  G$TMOD$0$0                         Squiggles
     00000089  _IE0                               Squiggles
     00000089  _TMOD                              Squiggles
     0000008A  G$IT1$0$0                          Squiggles
     0000008A  G$TL0$0$0                          Squiggles
     0000008A  _IT1                               Squiggles
     0000008A  _TL0                               Squiggles
     0000008B  G$IE1$0$0                          Squiggles
     0000008B  G$TL1$0$0                          Squiggles
     0000008B  _IE1                               Squiggles
ASxxxx Linker V03.00 + NoICE + sdld,  page 4.
Hexadecimal  [32-Bits]

Area                                    Addr        Size        Decimal Bytes (Attributes)
--------------------------------        ----        ----        ------- ----- ------------
.  .ABS.                            00000000    00000000 =           0. bytes (ABS,CON)

      Value  Global                              Global Defined In Module
      -----  --------------------------------   ------------------------
     0000008B  _TL1                               Squiggles
     0000008C  G$TH0$0$0                          Squiggles
     0000008C  G$TR0$0$0                          Squiggles
     0000008C  _TH0                               Squiggles
     0000008C  _TR0                               Squiggles
     0000008D  G$TF0$0$0                          Squiggles
     0000008D  G$TH1$0$0                          Squiggles
     0000008D  _TF0                               Squiggles
     0000008D  _TH1                               Squiggles
     0000008E  G$CKCON$0$0                        Squiggles
     0000008E  G$TR1$0$0                          Squiggles
     0000008E  _CKCON                             Squiggles
     0000008E  _TR1                               Squiggles
     0000008F  G$PSCTL$0$0                        Squiggles
     0000008F  G$TF1$0$0                          Squiggles
     0000008F  _PSCTL                             Squiggles
     0000008F  _TF1                               Squiggles
     00000090  G$P1$0$0                           Squiggles
     00000090  G$P1_0$0$0                         Squiggles
     00000090  _P1                                Squiggles
     00000090  _P1_0                              Squiggles
     00000091  G$P1_1$0$0                         Squiggles
     00000091  G$TMR3CN$0$0                       Squiggles
     00000091  _P1_1                              Squiggles
     00000091  _TMR3CN                            Squiggles
     00000092  G$P1_2$0$0                         Squiggles
     00000092  G$TMR3RLL$0$0                      Squiggles
     00000092  _P1_2                              Squiggles
     00000092  _TMR3RLL                           Squiggles
     00000093  G$P1_3$0$0                         Squiggles
     00000093  G$TMR3RLH$0$0                      Squiggles
     00000093  _P1_3                              Squiggles
     00000093  _TMR3RLH                           Squiggles
     00000094  G$P1_4$0$0                         Squiggles
     00000094  G$TMR3L$0$0                        Squiggles
     00000094  _P1_4                              Squiggles
     00000094  _TMR3L                             Squiggles
     00000095  G$P1_5$0$0                         Squiggles
     00000095  G$TMR3H$0$0                        Squiggles
     00000095  _P1_5                              Squiggles
     00000095  _TMR3H                             Squiggles
     00000096  G$P1_6$0$0                         Squiggles
     00000096  G$P7$0$0                           Squiggles
     00000096  _P1_6                              Squiggles
     00000096  _P7                                Squiggles
     00000097  G$P1_7$0$0                         Squiggles
     00000097  _P1_7                              Squiggles
     00000098  G$RI$0$0                           Squiggles
     00000098  G$RI0$0$0                          Squiggles
     00000098  G$SCON$0$0                         Squiggles
     00000098  G$SCON0$0$0                        Squiggles
ASxxxx Linker V03.00 + NoICE + sdld,  page 5.
Hexadecimal  [32-Bits]

Area                                    Addr        Size        Decimal Bytes (Attributes)
--------------------------------        ----        ----        ------- ----- ------------
.  .ABS.                            00000000    00000000 =           0. bytes (ABS,CON)

      Value  Global                              Global Defined In Module
      -----  --------------------------------   ------------------------
     00000098  _RI                                Squiggles
     00000098  _RI0                               Squiggles
     00000098  _SCON                              Squiggles
     00000098  _SCON0                             Squiggles
     00000099  G$SBUF$0$0                         Squiggles
     00000099  G$SBUF0$0$0                        Squiggles
     00000099  G$TI$0$0                           Squiggles
     00000099  G$TI0$0$0                          Squiggles
     00000099  _SBUF                              Squiggles
     00000099  _SBUF0                             Squiggles
     00000099  _TI                                Squiggles
     00000099  _TI0                               Squiggles
     0000009A  G$RB8$0$0                          Squiggles
     0000009A  G$RB80$0$0                         Squiggles
     0000009A  G$SPI0CFG$0$0                      Squiggles
     0000009A  _RB8                               Squiggles
     0000009A  _RB80                              Squiggles
     0000009A  _SPI0CFG                           Squiggles
     0000009B  G$SPI0DAT$0$0                      Squiggles
     0000009B  G$TB8$0$0                          Squiggles
     0000009B  G$TB80$0$0                         Squiggles
     0000009B  _SPI0DAT                           Squiggles
     0000009B  _TB8                               Squiggles
     0000009B  _TB80                              Squiggles
     0000009C  G$ADC1$0$0                         Squiggles
     0000009C  G$REN$0$0                          Squiggles
     0000009C  G$REN0$0$0                         Squiggles
     0000009C  _ADC1                              Squiggles
     0000009C  _REN                               Squiggles
     0000009C  _REN0                              Squiggles
     0000009D  G$MCE0$0$0                         Squiggles
     0000009D  G$SM2$0$0                          Squiggles
     0000009D  G$SM20$0$0                         Squiggles
     0000009D  G$SPI0CKR$0$0                      Squiggles
     0000009D  _MCE0                              Squiggles
     0000009D  _SM2                               Squiggles
     0000009D  _SM20                              Squiggles
     0000009D  _SPI0CKR                           Squiggles
     0000009E  G$CPT0CN$0$0                       Squiggles
     0000009E  G$SM1$0$0                          Squiggles
     0000009E  G$SM10$0$0                         Squiggles
     0000009E  _CPT0CN                            Squiggles
     0000009E  _SM1                               Squiggles
     0000009E  _SM10                              Squiggles
     0000009F  G$CPT1CN$0$0                       Squiggles
     0000009F  G$S0MODE$0$0                       Squiggles
     0000009F  G$SM0$0$0                          Squiggles
     0000009F  G$SM00$0$0                         Squiggles
     0000009F  _CPT1CN                            Squiggles
     0000009F  _S0MODE                            Squiggles
     0000009F  _SM0                               Squiggles
ASxxxx Linker V03.00 + NoICE + sdld,  page 6.
Hexadecimal  [32-Bits]

Area                                    Addr        Size        Decimal Bytes (Attributes)
--------------------------------        ----        ----        ------- ----- ------------
.  .ABS.                            00000000    00000000 =           0. bytes (ABS,CON)

      Value  Global                              Global Defined In Module
      -----  --------------------------------   ------------------------
     0000009F  _SM00                              Squiggles
     000000A0  G$P2$0$0                           Squiggles
     000000A0  G$P2_0$0$0                         Squiggles
     000000A0  _P2                                Squiggles
     000000A0  _P2_0                              Squiggles
     000000A1  G$EMI0TC$0$0                       Squiggles
     000000A1  G$P2_1$0$0                         Squiggles
     000000A1  _EMI0TC                            Squiggles
     000000A1  _P2_1                              Squiggles
     000000A2  G$P2_2$0$0                         Squiggles
     000000A2  _P2_2                              Squiggles
     000000A3  G$EMI0CF$0$0                       Squiggles
     000000A3  G$P2_3$0$0                         Squiggles
     000000A3  _EMI0CF                            Squiggles
     000000A3  _P2_3                              Squiggles
     000000A4  G$P0MDOUT$0$0                      Squiggles
     000000A4  G$P2_4$0$0                         Squiggles
     000000A4  G$PRT0CF$0$0                       Squiggles
     000000A4  _P0MDOUT                           Squiggles
     000000A4  _P2_4                              Squiggles
     000000A4  _PRT0CF                            Squiggles
     000000A5  G$P1MDOUT$0$0                      Squiggles
     000000A5  G$P2_5$0$0                         Squiggles
     000000A5  G$PRT1CF$0$0                       Squiggles
     000000A5  _P1MDOUT                           Squiggles
     000000A5  _P2_5                              Squiggles
     000000A5  _PRT1CF                            Squiggles
     000000A6  G$P2MDOUT$0$0                      Squiggles
     000000A6  G$P2_6$0$0                         Squiggles
     000000A6  G$PRT2CF$0$0                       Squiggles
     000000A6  _P2MDOUT                           Squiggles
     000000A6  _P2_6                              Squiggles
     000000A6  _PRT2CF                            Squiggles
     000000A7  G$P2_7$0$0                         Squiggles
     000000A7  G$P3MDOUT$0$0                      Squiggles
     000000A7  G$PRT3CF$0$0                       Squiggles
     000000A7  _P2_7                              Squiggles
     000000A7  _P3MDOUT                           Squiggles
     000000A7  _PRT3CF                            Squiggles
     000000A8  G$EX0$0$0                          Squiggles
     000000A8  G$IE$0$0                           Squiggles
     000000A8  _EX0                               Squiggles
     000000A8  _IE                                Squiggles
     000000A9  G$ET0$0$0                          Squiggles
     000000A9  G$SADDR0$0$0                       Squiggles
     000000A9  _ET0                               Squiggles
     000000A9  _SADDR0                            Squiggles
     000000AA  G$ADC1CN$0$0                       Squiggles
     000000AA  G$EX1$0$0                          Squiggles
     000000AA  _ADC1CN                            Squiggles
     000000AA  _EX1                               Squiggles
ASxxxx Linker V03.00 + NoICE + sdld,  page 7.
Hexadecimal  [32-Bits]

Area                                    Addr        Size        Decimal Bytes (Attributes)
--------------------------------        ----        ----        ------- ----- ------------
.  .ABS.                            00000000    00000000 =           0. bytes (ABS,CON)

      Value  Global                              Global Defined In Module
      -----  --------------------------------   ------------------------
     000000AB  G$ADC1CF$0$0                       Squiggles
     000000AB  G$ET1$0$0                          Squiggles
     000000AB  _ADC1CF                            Squiggles
     000000AB  _ET1                               Squiggles
     000000AC  G$AMX1SL$0$0                       Squiggles
     000000AC  G$ES$0$0                           Squiggles
     000000AC  G$ES0$0$0                          Squiggles
     000000AC  _AMX1SL                            Squiggles
     000000AC  _ES                                Squiggles
     000000AC  _ES0                               Squiggles
     000000AD  G$ET2$0$0                          Squiggles
     000000AD  G$P3IF$0$0                         Squiggles
     000000AD  _ET2                               Squiggles
     000000AD  _P3IF                              Squiggles
     000000AE  G$SADEN1$0$0                       Squiggles
     000000AE  _SADEN1                            Squiggles
     000000AF  G$EA$0$0                           Squiggles
     000000AF  G$EMI0CN$0$0                       Squiggles
     000000AF  G$_XPAGE$0$0                       Squiggles
     000000AF  _EA                                Squiggles
     000000AF  _EMI0CN                            Squiggles
     000000AF  __XPAGE                            Squiggles
     000000B0  G$P3$0$0                           Squiggles
     000000B0  G$P3_0$0$0                         Squiggles
     000000B0  _P3                                Squiggles
     000000B0  _P3_0                              Squiggles
     000000B1  G$OSCXCN$0$0                       Squiggles
     000000B1  G$P3_1$0$0                         Squiggles
     000000B1  _OSCXCN                            Squiggles
     000000B1  _P3_1                              Squiggles
     000000B2  G$OSCICN$0$0                       Squiggles
     000000B2  G$P3_2$0$0                         Squiggles
     000000B2  _OSCICN                            Squiggles
     000000B2  _P3_2                              Squiggles
     000000B3  G$P3_3$0$0                         Squiggles
     000000B3  _P3_3                              Squiggles
     000000B4  G$P3_4$0$0                         Squiggles
     000000B4  _P3_4                              Squiggles
     000000B5  G$P3_5$0$0                         Squiggles
     000000B5  G$P74OUT$0$0                       Squiggles
     000000B5  _P3_5                              Squiggles
     000000B5  _P74OUT                            Squiggles
     000000B6  G$FLSCL$0$0                        Squiggles
     000000B6  G$P3_6$0$0                         Squiggles
     000000B6  G$RANGER_SWITCH$0$0                Squiggles
     000000B6  _FLSCL                             Squiggles
     000000B6  _P3_6                              Squiggles
     000000B6  _RANGER_SWITCH                     Squiggles
     000000B7  G$COMPASS_SWITCH$0$0               Squiggles
     000000B7  G$FLACL$0$0                        Squiggles
     000000B7  G$P3_7$0$0                         Squiggles
ASxxxx Linker V03.00 + NoICE + sdld,  page 8.
Hexadecimal  [32-Bits]

Area                                    Addr        Size        Decimal Bytes (Attributes)
--------------------------------        ----        ----        ------- ----- ------------
.  .ABS.                            00000000    00000000 =           0. bytes (ABS,CON)

      Value  Global                              Global Defined In Module
      -----  --------------------------------   ------------------------
     000000B7  _COMPASS_SWITCH                    Squiggles
     000000B7  _FLACL                             Squiggles
     000000B7  _P3_7                              Squiggles
     000000B8  G$IP$0$0                           Squiggles
     000000B8  G$PX0$0$0                          Squiggles
     000000B8  _IP                                Squiggles
     000000B8  _PX0                               Squiggles
     000000B9  G$PT0$0$0                          Squiggles
     000000B9  G$SADEN0$0$0                       Squiggles
     000000B9  _PT0                               Squiggles
     000000B9  _SADEN0                            Squiggles
     000000BA  G$AMX0CF$0$0                       Squiggles
     000000BA  G$PX1$0$0                          Squiggles
     000000BA  _AMX0CF                            Squiggles
     000000BA  _PX1                               Squiggles
     000000BB  G$AMX0SL$0$0                       Squiggles
     000000BB  G$PT1$0$0                          Squiggles
     000000BB  _AMX0SL                            Squiggles
     000000BB  _PT1                               Squiggles
     000000BC  G$ADC0CF$0$0                       Squiggles
     000000BC  G$PS$0$0                           Squiggles
     000000BC  G$PS0$0$0                          Squiggles
     000000BC  _ADC0CF                            Squiggles
     000000BC  _PS                                Squiggles
     000000BC  _PS0                               Squiggles
     000000BD  G$P1MDIN$0$0                       Squiggles
     000000BD  G$PT2$0$0                          Squiggles
     000000BD  _P1MDIN                            Squiggles
     000000BD  _PT2                               Squiggles
     000000BE  G$ADC0L$0$0                        Squiggles
     000000BE  _ADC0L                             Squiggles
     000000BF  G$ADC0H$0$0                        Squiggles
     000000BF  _ADC0H                             Squiggles
     000000C0  G$BUS_TOE$0$0                      Squiggles
     000000C0  G$SMB0CN$0$0                       Squiggles
     000000C0  G$SMBTOE$0$0                       Squiggles
     000000C0  _BUS_TOE                           Squiggles
     000000C0  _SMB0CN                            Squiggles
     000000C0  _SMBTOE                            Squiggles
     000000C1  G$BUS_FTE$0$0                      Squiggles
     000000C1  G$SMB0STA$0$0                      Squiggles
     000000C1  G$SMBFTE$0$0                       Squiggles
     000000C1  _BUS_FTE                           Squiggles
     000000C1  _SMB0STA                           Squiggles
     000000C1  _SMBFTE                            Squiggles
     000000C2  G$AA$0$0                           Squiggles
     000000C2  G$BUS_AA$0$0                       Squiggles
     000000C2  G$SMB0DAT$0$0                      Squiggles
     000000C2  _AA                                Squiggles
     000000C2  _BUS_AA                            Squiggles
     000000C2  _SMB0DAT                           Squiggles
ASxxxx Linker V03.00 + NoICE + sdld,  page 9.
Hexadecimal  [32-Bits]

Area                                    Addr        Size        Decimal Bytes (Attributes)
--------------------------------        ----        ----        ------- ----- ------------
.  .ABS.                            00000000    00000000 =           0. bytes (ABS,CON)

      Value  Global                              Global Defined In Module
      -----  --------------------------------   ------------------------
     000000C3  G$BUS_INT$0$0                      Squiggles
     000000C3  G$SI$0$0                           Squiggles
     000000C3  G$SMB0ADR$0$0                      Squiggles
     000000C3  _BUS_INT                           Squiggles
     000000C3  _SI                                Squiggles
     000000C3  _SMB0ADR                           Squiggles
     000000C4  G$ADC0GTL$0$0                      Squiggles
     000000C4  G$BUS_STOP$0$0                     Squiggles
     000000C4  G$STO$0$0                          Squiggles
     000000C4  _ADC0GTL                           Squiggles
     000000C4  _BUS_STOP                          Squiggles
     000000C4  _STO                               Squiggles
     000000C5  G$ADC0GTH$0$0                      Squiggles
     000000C5  G$BUS_START$0$0                    Squiggles
     000000C5  G$STA$0$0                          Squiggles
     000000C5  _ADC0GTH                           Squiggles
     000000C5  _BUS_START                         Squiggles
     000000C5  _STA                               Squiggles
     000000C6  G$ADC0LTL$0$0                      Squiggles
     000000C6  G$BUS_EN$0$0                       Squiggles
     000000C6  G$ENSMB$0$0                        Squiggles
     000000C6  _ADC0LTL                           Squiggles
     000000C6  _BUS_EN                            Squiggles
     000000C6  _ENSMB                             Squiggles
     000000C7  G$ADC0LTH$0$0                      Squiggles
     000000C7  G$BUSY$0$0                         Squiggles
     000000C7  G$BUS_BUSY$0$0                     Squiggles
     000000C7  _ADC0LTH                           Squiggles
     000000C7  _BUSY                              Squiggles
     000000C7  _BUS_BUSY                          Squiggles
     000000C8  G$CPRL2$0$0                        Squiggles
     000000C8  G$T2CON$0$0                        Squiggles
     000000C8  _CPRL2                             Squiggles
     000000C8  _T2CON                             Squiggles
     000000C9  G$CT2$0$0                          Squiggles
     000000C9  G$T4CON$0$0                        Squiggles
     000000C9  _CT2                               Squiggles
     000000C9  _T4CON                             Squiggles
     000000CA  G$RCAP2L$0$0                       Squiggles
     000000CA  G$TR2$0$0                          Squiggles
     000000CA  _RCAP2L                            Squiggles
     000000CA  _TR2                               Squiggles
     000000CB  G$EXEN2$0$0                        Squiggles
     000000CB  G$RCAP2H$0$0                       Squiggles
     000000CB  _EXEN2                             Squiggles
     000000CB  _RCAP2H                            Squiggles
     000000CC  G$TCLK$0$0                         Squiggles
     000000CC  G$TL2$0$0                          Squiggles
     000000CC  _TCLK                              Squiggles
     000000CC  _TL2                               Squiggles
     000000CD  G$RCLK$0$0                         Squiggles
ASxxxx Linker V03.00 + NoICE + sdld,  page 10.
Hexadecimal  [32-Bits]

Area                                    Addr        Size        Decimal Bytes (Attributes)
--------------------------------        ----        ----        ------- ----- ------------
.  .ABS.                            00000000    00000000 =           0. bytes (ABS,CON)

      Value  Global                              Global Defined In Module
      -----  --------------------------------   ------------------------
     000000CD  G$TH2$0$0                          Squiggles
     000000CD  _RCLK                              Squiggles
     000000CD  _TH2                               Squiggles
     000000CE  G$EXF2$0$0                         Squiggles
     000000CE  _EXF2                              Squiggles
     000000CF  G$SMB0CR$0$0                       Squiggles
     000000CF  G$TF2$0$0                          Squiggles
     000000CF  _SMB0CR                            Squiggles
     000000CF  _TF2                               Squiggles
     000000D0  G$P$0$0                            Squiggles
     000000D0  G$PSW$0$0                          Squiggles
     000000D0  _P                                 Squiggles
     000000D0  _PSW                               Squiggles
     000000D1  G$F1$0$0                           Squiggles
     000000D1  G$REF0CN$0$0                       Squiggles
     000000D1  _F1                                Squiggles
     000000D1  _REF0CN                            Squiggles
     000000D2  G$DAC0L$0$0                        Squiggles
     000000D2  G$OV$0$0                           Squiggles
     000000D2  _DAC0L                             Squiggles
     000000D2  _OV                                Squiggles
     000000D3  G$DAC0H$0$0                        Squiggles
     000000D3  G$RS0$0$0                          Squiggles
     000000D3  _DAC0H                             Squiggles
     000000D3  _RS0                               Squiggles
     000000D4  G$DAC0CN$0$0                       Squiggles
     000000D4  G$RS1$0$0                          Squiggles
     000000D4  _DAC0CN                            Squiggles
     000000D4  _RS1                               Squiggles
     000000D5  G$DAC1L$0$0                        Squiggles
     000000D5  G$F0$0$0                           Squiggles
     000000D5  _DAC1L                             Squiggles
     000000D5  _F0                                Squiggles
     000000D6  G$AC$0$0                           Squiggles
     000000D6  G$DAC1H$0$0                        Squiggles
     000000D6  _AC                                Squiggles
     000000D6  _DAC1H                             Squiggles
     000000D7  G$CY$0$0                           Squiggles
     000000D7  G$DAC1CN$0$0                       Squiggles
     000000D7  _CY                                Squiggles
     000000D7  _DAC1CN                            Squiggles
     000000D8  G$CCF0$0$0                         Squiggles
     000000D8  G$PCA0CN$0$0                       Squiggles
     000000D8  _CCF0                              Squiggles
     000000D8  _PCA0CN                            Squiggles
     000000D9  G$CCF1$0$0                         Squiggles
     000000D9  G$PCA0MD$0$0                       Squiggles
     000000D9  _CCF1                              Squiggles
     000000D9  _PCA0MD                            Squiggles
     000000DA  G$CCF2$0$0                         Squiggles
     000000DA  G$PCA0CPM0$0$0                     Squiggles
ASxxxx Linker V03.00 + NoICE + sdld,  page 11.
Hexadecimal  [32-Bits]

Area                                    Addr        Size        Decimal Bytes (Attributes)
--------------------------------        ----        ----        ------- ----- ------------
.  .ABS.                            00000000    00000000 =           0. bytes (ABS,CON)

      Value  Global                              Global Defined In Module
      -----  --------------------------------   ------------------------
     000000DA  _CCF2                              Squiggles
     000000DA  _PCA0CPM0                          Squiggles
     000000DB  G$CCF3$0$0                         Squiggles
     000000DB  G$PCA0CPM1$0$0                     Squiggles
     000000DB  _CCF3                              Squiggles
     000000DB  _PCA0CPM1                          Squiggles
     000000DC  G$CCF4$0$0                         Squiggles
     000000DC  G$PCA0CPM2$0$0                     Squiggles
     000000DC  _CCF4                              Squiggles
     000000DC  _PCA0CPM2                          Squiggles
     000000DD  G$PCA0CPM3$0$0                     Squiggles
     000000DD  _PCA0CPM3                          Squiggles
     000000DE  G$CR$0$0                           Squiggles
     000000DE  G$PCA0CPM4$0$0                     Squiggles
     000000DE  _CR                                Squiggles
     000000DE  _PCA0CPM4                          Squiggles
     000000DF  G$CF$0$0                           Squiggles
     000000DF  _CF                                Squiggles
     000000E0  G$ACC$0$0                          Squiggles
     000000E0  _ACC                               Squiggles
     000000E1  G$XBR0$0$0                         Squiggles
     000000E1  _XBR0                              Squiggles
     000000E2  G$XBR1$0$0                         Squiggles
     000000E2  _XBR1                              Squiggles
     000000E3  G$XBR2$0$0                         Squiggles
     000000E3  _XBR2                              Squiggles
     000000E4  G$RCAP4L$0$0                       Squiggles
     000000E4  _RCAP4L                            Squiggles
     000000E5  G$RCAP4H$0$0                       Squiggles
     000000E5  _RCAP4H                            Squiggles
     000000E6  G$EIE1$0$0                         Squiggles
     000000E6  _EIE1                              Squiggles
     000000E7  G$EIE2$0$0                         Squiggles
     000000E7  _EIE2                              Squiggles
     000000E8  G$AD0LJST$0$0                      Squiggles
     000000E8  G$ADC0CN$0$0                       Squiggles
     000000E8  G$ADLJST$0$0                       Squiggles
     000000E8  _AD0LJST                           Squiggles
     000000E8  _ADC0CN                            Squiggles
     000000E8  _ADLJST                            Squiggles
     000000E9  G$AD0WINT$0$0                      Squiggles
     000000E9  G$ADWINT$0$0                       Squiggles
     000000E9  G$PCA0L$0$0                        Squiggles
     000000E9  _AD0WINT                           Squiggles
     000000E9  _ADWINT                            Squiggles
     000000E9  _PCA0L                             Squiggles
     000000EA  G$AD0CM0$0$0                       Squiggles
     000000EA  G$ADSTM0$0$0                       Squiggles
     000000EA  G$PCA0CPL0$0$0                     Squiggles
     000000EA  _AD0CM0                            Squiggles
     000000EA  _ADSTM0                            Squiggles
ASxxxx Linker V03.00 + NoICE + sdld,  page 12.
Hexadecimal  [32-Bits]

Area                                    Addr        Size        Decimal Bytes (Attributes)
--------------------------------        ----        ----        ------- ----- ------------
.  .ABS.                            00000000    00000000 =           0. bytes (ABS,CON)

      Value  Global                              Global Defined In Module
      -----  --------------------------------   ------------------------
     000000EA  _PCA0CPL0                          Squiggles
     000000EB  G$AD0CM1$0$0                       Squiggles
     000000EB  G$ADSTM1$0$0                       Squiggles
     000000EB  G$PCA0CPL1$0$0                     Squiggles
     000000EB  _AD0CM1                            Squiggles
     000000EB  _ADSTM1                            Squiggles
     000000EB  _PCA0CPL1                          Squiggles
     000000EC  G$AD0BUSY$0$0                      Squiggles
     000000EC  G$ADBUSY$0$0                       Squiggles
     000000EC  G$PCA0CPL2$0$0                     Squiggles
     000000EC  _AD0BUSY                           Squiggles
     000000EC  _ADBUSY                            Squiggles
     000000EC  _PCA0CPL2                          Squiggles
     000000ED  G$AD0INT$0$0                       Squiggles
     000000ED  G$ADCINT$0$0                       Squiggles
     000000ED  G$PCA0CPL3$0$0                     Squiggles
     000000ED  _AD0INT                            Squiggles
     000000ED  _ADCINT                            Squiggles
     000000ED  _PCA0CPL3                          Squiggles
     000000EE  G$AD0TM$0$0                        Squiggles
     000000EE  G$ADCTM$0$0                        Squiggles
     000000EE  G$PCA0CPL4$0$0                     Squiggles
     000000EE  _AD0TM                             Squiggles
     000000EE  _ADCTM                             Squiggles
     000000EE  _PCA0CPL4                          Squiggles
     000000EF  G$AD0EN$0$0                        Squiggles
     000000EF  G$ADCEN$0$0                        Squiggles
     000000EF  G$RSTSRC$0$0                       Squiggles
     000000EF  _AD0EN                             Squiggles
     000000EF  _ADCEN                             Squiggles
     000000EF  _RSTSRC                            Squiggles
     000000F0  G$B$0$0                            Squiggles
     000000F0  _B                                 Squiggles
     000000F1  G$SCON1$0$0                        Squiggles
     000000F1  _SCON1                             Squiggles
     000000F2  G$SBUF1$0$0                        Squiggles
     000000F2  _SBUF1                             Squiggles
     000000F3  G$SADDR1$0$0                       Squiggles
     000000F3  _SADDR1                            Squiggles
     000000F4  G$TL4$0$0                          Squiggles
     000000F4  _TL4                               Squiggles
     000000F5  G$TH4$0$0                          Squiggles
     000000F5  _B_5                               _gptrget
     000000F5  _TH4                               Squiggles
     000000F6  G$EIP1$0$0                         Squiggles
     000000F6  _B_6                               _gptrget
     000000F6  _EIP1                              Squiggles
     000000F7  G$EIP2$0$0                         Squiggles
     000000F7  _B_7                               _gptrget
     000000F7  _EIP2                              Squiggles
     000000F8  G$SPI0CN$0$0                       Squiggles
ASxxxx Linker V03.00 + NoICE + sdld,  page 13.
Hexadecimal  [32-Bits]

Area                                    Addr        Size        Decimal Bytes (Attributes)
--------------------------------        ----        ----        ------- ----- ------------
.  .ABS.                            00000000    00000000 =           0. bytes (ABS,CON)

      Value  Global                              Global Defined In Module
      -----  --------------------------------   ------------------------
     000000F8  G$SPIEN$0$0                        Squiggles
     000000F8  _SPI0CN                            Squiggles
     000000F8  _SPIEN                             Squiggles
     000000F9  G$MSTEN$0$0                        Squiggles
     000000F9  G$PCA0H$0$0                        Squiggles
     000000F9  _MSTEN                             Squiggles
     000000F9  _PCA0H                             Squiggles
     000000FA  G$PCA0CPH0$0$0                     Squiggles
     000000FA  G$SLVSEL$0$0                       Squiggles
     000000FA  _PCA0CPH0                          Squiggles
     000000FA  _SLVSEL                            Squiggles
     000000FB  G$PCA0CPH1$0$0                     Squiggles
     000000FB  G$TXBSY$0$0                        Squiggles
     000000FB  _PCA0CPH1                          Squiggles
     000000FB  _TXBSY                             Squiggles
     000000FC  G$PCA0CPH2$0$0                     Squiggles
     000000FC  G$RXOVRN$0$0                       Squiggles
     000000FC  _PCA0CPH2                          Squiggles
     000000FC  _RXOVRN                            Squiggles
     000000FD  G$MODF$0$0                         Squiggles
     000000FD  G$PCA0CPH3$0$0                     Squiggles
     000000FD  _MODF                              Squiggles
     000000FD  _PCA0CPH3                          Squiggles
     000000FE  G$PCA0CPH4$0$0                     Squiggles
     000000FE  G$WCOL$0$0                         Squiggles
     000000FE  _PCA0CPH4                          Squiggles
     000000FE  _WCOL                              Squiggles
     000000FF  G$SPIF$0$0                         Squiggles
     000000FF  G$WDTCN$0$0                        Squiggles
     000000FF  _SPIF                              Squiggles
     000000FF  _WDTCN                             Squiggles
     00008C8A  G$TMR0$0$0                         Squiggles
     00008C8A  _TMR0                              Squiggles
     00008D8B  G$TMR1$0$0                         Squiggles
     00008D8B  _TMR1                              Squiggles
     00009392  G$TMR3RL$0$0                       Squiggles
     00009392  _TMR3RL                            Squiggles
     00009594  G$TMR3$0$0                         Squiggles
     00009594  _TMR3                              Squiggles
     0000BFBE  G$ADC0$0$0                         Squiggles
     0000BFBE  _ADC0                              Squiggles
     0000C5C4  G$ADC0GT$0$0                       Squiggles
     0000C5C4  _ADC0GT                            Squiggles
     0000C7C6  G$ADC0LT$0$0                       Squiggles
     0000C7C6  _ADC0LT                            Squiggles
     0000CBCA  G$RCAP2$0$0                        Squiggles
     0000CBCA  _RCAP2                             Squiggles
     0000CDCC  G$TMR2$0$0                         Squiggles
     0000CDCC  _TMR2                              Squiggles
     0000D3D2  G$DAC0$0$0                         Squiggles
     0000D3D2  _DAC0                              Squiggles
ASxxxx Linker V03.00 + NoICE + sdld,  page 14.
Hexadecimal  [32-Bits]

Area                                    Addr        Size        Decimal Bytes (Attributes)
--------------------------------        ----        ----        ------- ----- ------------
.  .ABS.                            00000000    00000000 =           0. bytes (ABS,CON)

      Value  Global                              Global Defined In Module
      -----  --------------------------------   ------------------------
     0000D6D5  G$DAC1$0$0                         Squiggles
     0000D6D5  _DAC1                              Squiggles
     0000E5E4  G$RCAP4$0$0                        Squiggles
     0000E5E4  _RCAP4                             Squiggles
     0000F5F4  G$TMR4$0$0                         Squiggles
     0000F5F4  _TMR4                              Squiggles
     0000F9E9  G$PCA0$0$0                         Squiggles
     0000F9E9  _PCA0                              Squiggles
     0000FAEA  G$PCA0CP0$0$0                      Squiggles
     0000FAEA  _PCA0CP0                           Squiggles
     0000FBEB  G$PCA0CP1$0$0                      Squiggles
     0000FBEB  _PCA0CP1                           Squiggles
     0000FCEC  G$PCA0CP2$0$0                      Squiggles
     0000FCEC  _PCA0CP2                           Squiggles
     0000FDED  G$PCA0CP3$0$0                      Squiggles
     0000FDED  _PCA0CP3                           Squiggles
     0000FEEE  G$PCA0CP4$0$0                      Squiggles
     0000FEEE  _PCA0CP4                           Squiggles

ASxxxx Linker V03.00 + NoICE + sdld,  page 15.
Hexadecimal  [32-Bits]

Area                                    Addr        Size        Decimal Bytes (Attributes)
--------------------------------        ----        ----        ------- ----- ------------
BSEG_BYTES                          00000020    00000003 =           3. bytes (REL,CON)

      Value  Global                              Global Defined In Module
      -----  --------------------------------   ------------------------
ASxxxx Linker V03.00 + NoICE + sdld,  page 16.
Hexadecimal  [32-Bits]

Area                                    Addr        Size        Decimal Bytes (Attributes)
--------------------------------        ----        ----        ------- ----- ------------
REG_BANK_0                          00000000    00000008 =           8. bytes (REL,OVR)

      Value  Global                              Global Defined In Module
      -----  --------------------------------   ------------------------
ASxxxx Linker V03.00 + NoICE + sdld,  page 17.
Hexadecimal  [32-Bits]

Area                                    Addr        Size        Decimal Bytes (Attributes)
--------------------------------        ----        ----        ------- ----- ------------
DSEG                                00000000    0000007D =         125. bytes (REL,CON)

      Value  Global                              Global Defined In Module
      -----  --------------------------------   ------------------------
     0000000E  _vsprintf_PARM_2                   sprintf
     00000011  _vsprintf_PARM_3                   sprintf
     00000015  _bp                                _bp
     00000016  _vprintf_PARM_2                    vprintf
     00000023  LSquiggles.lcd_clear$NumBytes$1$   Squiggles
     00000024  LSquiggles.lcd_clear$Cmd$1$77      Squiggles
     00000026  LSquiggles.read_keypad$Data$1$78   Squiggles
     00000028  LSquiggles.i2c_write_data$start_   Squiggles
     00000028  _i2c_write_data_PARM_2             Squiggles
     00000029  LSquiggles.i2c_write_data$buffer   Squiggles
     00000029  _i2c_write_data_PARM_3             Squiggles
     0000002C  LSquiggles.i2c_write_data$num_by   Squiggles
     0000002C  _i2c_write_data_PARM_4             Squiggles
     0000002D  LSquiggles.i2c_read_data$start_r   Squiggles
     0000002D  _i2c_read_data_PARM_2              Squiggles
     0000002E  LSquiggles.i2c_read_data$buffer$   Squiggles
     0000002E  _i2c_read_data_PARM_3              Squiggles
     00000031  LSquiggles.i2c_read_data$num_byt   Squiggles
     00000031  _i2c_read_data_PARM_4              Squiggles
     00000032  LSquiggles.Accel_Init$Data2$1$10   Squiggles
     00000033  G$Counts$0$0                       Squiggles
     00000033  _Counts                            Squiggles
     00000035  G$nCounts$0$0                      Squiggles
     00000035  _nCounts                           Squiggles
     00000037  G$desired_heading$0$0              Squiggles
     00000037  _desired_heading                   Squiggles
     00000039  G$compass_gain$0$0                 Squiggles
     00000039  _compass_gain                      Squiggles
     0000003D  G$h_count$0$0                      Squiggles
     0000003D  _h_count                           Squiggles
     0000003E  G$r_count$0$0                      Squiggles
     0000003E  _r_count                           Squiggles
     0000003F  G$delay$0$0                        Squiggles
     0000003F  _delay                             Squiggles
     00000040  G$new_heading$0$0                  Squiggles
     00000040  _new_heading                       Squiggles
     00000041  G$new_range$0$0                    Squiggles
     00000041  _new_range                         Squiggles
     00000042  G$heading$0$0                      Squiggles
     00000042  _heading                           Squiggles
     00000044  G$range$0$0                        Squiggles
     00000044  _range                             Squiggles
     00000046  G$COMPASS_PW$0$0                   Squiggles
     00000046  _COMPASS_PW                        Squiggles
     00000048  G$range_adj$0$0                    Squiggles
     00000048  _range_adj                         Squiggles
     0000004A  G$compass_adj$0$0                  Squiggles
     0000004A  _compass_adj                       Squiggles
     0000004C  G$ranger_gain$0$0                  Squiggles
     0000004C  _ranger_gain                       Squiggles
ASxxxx Linker V03.00 + NoICE + sdld,  page 18.
Hexadecimal  [32-Bits]

Area                                    Addr        Size        Decimal Bytes (Attributes)
--------------------------------        ----        ----        ------- ----- ------------
DSEG                                00000000    0000007D =         125. bytes (REL,CON)

      Value  Global                              Global Defined In Module
      -----  --------------------------------   ------------------------
     0000004D  G$AD_Result$0$0                    Squiggles
     0000004D  _AD_Result                         Squiggles
     0000004E  G$voltage$0$0                      Squiggles
     0000004E  _voltage                           Squiggles
     0000004F  G$Data$0$0                         Squiggles
     0000004F  _Data                              Squiggles
     00000051  G$print_delay$0$0                  Squiggles
     00000051  _print_delay                       Squiggles
     00000052  G$Error$0$0                        Squiggles
     00000052  _Error                             Squiggles
     00000054  LSquiggles.read_compass$Data$1$1   Squiggles
     00000056  LSquiggles.Update_Value$incr$1$1   Squiggles
     00000056  _Update_Value_PARM_2               Squiggles
     00000057  LSquiggles.Update_Value$maxval$1   Squiggles
     00000057  _Update_Value_PARM_3               Squiggles
     00000059  LSquiggles.Update_Value$minval$1   Squiggles
     00000059  _Update_Value_PARM_4               Squiggles
     00000067  __print_format_PARM_2              printf_large
     0000006A  __print_format_PARM_3              printf_large
     0000006D  __print_format_PARM_4              printf_large

ASxxxx Linker V03.00 + NoICE + sdld,  page 19.
Hexadecimal  [32-Bits]

Area                                    Addr        Size        Decimal Bytes (Attributes)
--------------------------------        ----        ----        ------- ----- ------------
OSEG                                00000017    00000006 =           6. bytes (REL,OVR)

      Value  Global                              Global Defined In Module
      -----  --------------------------------   ------------------------
     00000017  __divsint_PARM_2                   _divuint
     00000017  __divuint_PARM_2                   _divuint
     00000017  __gptrput_PARM_2                   _gptrput
     00000017  __mulint_PARM_2                    _mulint

ASxxxx Linker V03.00 + NoICE + sdld,  page 20.
Hexadecimal  [32-Bits]

Area                                    Addr        Size        Decimal Bytes (Attributes)
--------------------------------        ----        ----        ------- ----- ------------
ISEG                                00000075    00000006 =           6. bytes (REL,CON)

      Value  Global                              Global Defined In Module
      -----  --------------------------------   ------------------------
ASxxxx Linker V03.00 + NoICE + sdld,  page 21.
Hexadecimal  [32-Bits]

Area                                    Addr        Size        Decimal Bytes (Attributes)
--------------------------------        ----        ----        ------- ----- ------------
SSEG                                0000007B    00000085 =         133. bytes (REL,OVR)

      Value  Global                              Global Defined In Module
      -----  --------------------------------   ------------------------
     0000007B  __start__stack                     Squiggles

ASxxxx Linker V03.00 + NoICE + sdld,  page 22.
Hexadecimal  [32-Bits]

Area                                    Addr        Size        Decimal Bytes (Attributes)
--------------------------------        ----        ----        ------- ----- ------------
XSEG                                00000001    00000050 =          80. bytes (REL,CON,XDATA)

      Value  Global                              Global Defined In Module
      -----  --------------------------------   ------------------------
D:   00000001  LSquiggles.lcd_print$text$1$73     Squiggles

ASxxxx Linker V03.00 + NoICE + sdld,  page 23.
Hexadecimal  [32-Bits]

Area                                    Addr        Size        Decimal Bytes (Attributes)
--------------------------------        ----        ----        ------- ----- ------------
HOME                                00000000    00000051 =          81. bytes (REL,CON,CODE)

      Value  Global                              Global Defined In Module
      -----  --------------------------------   ------------------------
C:   00000000  A$Squiggles$1124                   Squiggles
C:   00000003  A$Squiggles$1125                   Squiggles
C:   0000000B  A$Squiggles$1127                   Squiggles
C:   00000013  A$Squiggles$1129                   Squiggles
C:   0000001B  A$Squiggles$1131                   Squiggles
C:   00000023  A$Squiggles$1133                   Squiggles
C:   0000002B  A$Squiggles$1135                   Squiggles
C:   00000033  A$Squiggles$1137                   Squiggles
C:   0000003B  A$Squiggles$1139                   Squiggles
C:   00000043  A$Squiggles$1141                   Squiggles
C:   0000004B  A$Squiggles$1143                   Squiggles
C:   0000004E  A$Squiggles$1232                   Squiggles
C:   0000004E  __sdcc_program_startup             Squiggles

ASxxxx Linker V03.00 + NoICE + sdld,  page 24.
Hexadecimal  [32-Bits]

Area                                    Addr        Size        Decimal Bytes (Attributes)
--------------------------------        ----        ----        ------- ----- ------------
GSINIT0                             00000051    00000003 =           3. bytes (REL,CON,CODE)

      Value  Global                              Global Defined In Module
      -----  --------------------------------   ------------------------
C:   00000051  __sdcc_gsinit_startup              

ASxxxx Linker V03.00 + NoICE + sdld,  page 25.
Hexadecimal  [32-Bits]

Area                                    Addr        Size        Decimal Bytes (Attributes)
--------------------------------        ----        ----        ------- ----- ------------
GSINIT2                             00000054    0000000A =          10. bytes (REL,CON,CODE)

      Value  Global                              Global Defined In Module
      -----  --------------------------------   ------------------------
ASxxxx Linker V03.00 + NoICE + sdld,  page 26.
Hexadecimal  [32-Bits]

Area                                    Addr        Size        Decimal Bytes (Attributes)
--------------------------------        ----        ----        ------- ----- ------------
GSINIT3                             0000005E    00000022 =          34. bytes (REL,CON,CODE)

      Value  Global                              Global Defined In Module
      -----  --------------------------------   ------------------------
C:   0000005E  __mcs51_genXINIT                   

ASxxxx Linker V03.00 + NoICE + sdld,  page 27.
Hexadecimal  [32-Bits]

Area                                    Addr        Size        Decimal Bytes (Attributes)
--------------------------------        ----        ----        ------- ----- ------------
GSINIT4                             00000080    0000002A =          42. bytes (REL,CON,CODE)

      Value  Global                              Global Defined In Module
      -----  --------------------------------   ------------------------
C:   00000080  __mcs51_genRAMCLEAR                
C:   00000086  __mcs51_genXRAMCLEAR               

ASxxxx Linker V03.00 + NoICE + sdld,  page 28.
Hexadecimal  [32-Bits]

Area                                    Addr        Size        Decimal Bytes (Attributes)
--------------------------------        ----        ----        ------- ----- ------------
GSINIT                              000000AA    00000037 =          55. bytes (REL,CON,CODE)

      Value  Global                              Global Defined In Module
      -----  --------------------------------   ------------------------
C:   000000AA  A$Squiggles$1159                   Squiggles
C:   000000AA  C$Squiggles.c$43$1$163             Squiggles
C:   000000AB  A$Squiggles$1160                   Squiggles
C:   000000AD  A$Squiggles$1161                   Squiggles
C:   000000AF  A$Squiggles$1162                   Squiggles
C:   000000B2  A$Squiggles$1163                   Squiggles
C:   000000B5  A$Squiggles$1167                   Squiggles
C:   000000B5  C$Squiggles.c$44$1$163             Squiggles
C:   000000B7  A$Squiggles$1171                   Squiggles
C:   000000B7  C$Squiggles.c$45$1$163             Squiggles
C:   000000B9  A$Squiggles$1175                   Squiggles
C:   000000B9  C$Squiggles.c$46$1$163             Squiggles
C:   000000BB  A$Squiggles$1179                   Squiggles
C:   000000BB  C$Squiggles.c$47$1$163             Squiggles
C:   000000BD  A$Squiggles$1183                   Squiggles
C:   000000BD  C$Squiggles.c$48$1$163             Squiggles
C:   000000BF  A$Squiggles$1186                   Squiggles
C:   000000BF  C$Squiggles.c$49$1$163             Squiggles
C:   000000C1  A$Squiggles$1187                   Squiggles
C:   000000C3  A$Squiggles$1190                   Squiggles
C:   000000C3  C$Squiggles.c$50$1$163             Squiggles
C:   000000C5  A$Squiggles$1191                   Squiggles
C:   000000C7  A$Squiggles$1194                   Squiggles
C:   000000C7  C$Squiggles.c$51$1$163             Squiggles
C:   000000CA  A$Squiggles$1195                   Squiggles
C:   000000CD  A$Squiggles$1198                   Squiggles
C:   000000CD  C$Squiggles.c$54$1$163             Squiggles
C:   000000CF  A$Squiggles$1199                   Squiggles
C:   000000D1  A$Squiggles$1202                   Squiggles
C:   000000D1  C$Squiggles.c$55$1$163             Squiggles
C:   000000D3  A$Squiggles$1203                   Squiggles
C:   000000D5  A$Squiggles$1207                   Squiggles
C:   000000D5  C$Squiggles.c$56$1$163             Squiggles
C:   000000D7  A$Squiggles$1211                   Squiggles
C:   000000D7  C$Squiggles.c$57$1$163             Squiggles
C:   000000D9  A$Squiggles$1215                   Squiggles
C:   000000D9  C$Squiggles.c$58$1$163             Squiggles
C:   000000DB  A$Squiggles$1219                   Squiggles
C:   000000DB  C$Squiggles.c$60$1$163             Squiggles
C:   000000DD  A$Squiggles$1222                   Squiggles
C:   000000DD  C$Squiggles.c$61$1$163             Squiggles
C:   000000DF  A$Squiggles$1223                   Squiggles
ASxxxx Linker V03.00 + NoICE + sdld,  page 29.
Hexadecimal  [32-Bits]

Area                                    Addr        Size        Decimal Bytes (Attributes)
--------------------------------        ----        ----        ------- ----- ------------
GSFINAL                             000000E1    00000003 =           3. bytes (REL,CON,CODE)

      Value  Global                              Global Defined In Module
      -----  --------------------------------   ------------------------
C:   000000E1  A$Squiggles$1225                   Squiggles

ASxxxx Linker V03.00 + NoICE + sdld,  page 30.
Hexadecimal  [32-Bits]

Area                                    Addr        Size        Decimal Bytes (Attributes)
--------------------------------        ----        ----        ------- ----- ------------
CSEG                                000000E4    00001ACF =        6863. bytes (REL,CON,CODE)

      Value  Global                              Global Defined In Module
      -----  --------------------------------   ------------------------
C:   000000E4  A$Squiggles$1260                   Squiggles
C:   000000E4  C$c8051_SDCC.h$42$0$0              Squiggles
C:   000000E4  C$c8051_SDCC.h$46$1$31             Squiggles
C:   000000E4  G$SYSCLK_Init$0$0                  Squiggles
C:   000000E4  _SYSCLK_Init                       Squiggles
C:   000000E7  A$Squiggles$1263                   Squiggles
C:   000000E7  C$c8051_SDCC.h$49$1$31             Squiggles
C:   000000E9  A$Squiggles$1264                   Squiggles
C:   000000EB  A$Squiggles$1266                   Squiggles
C:   000000EC  A$Squiggles$1267                   Squiggles
C:   000000EF  A$Squiggles$1268                   Squiggles
C:   000000F0  A$Squiggles$1270                   Squiggles
C:   000000F1  A$Squiggles$1271                   Squiggles
C:   000000F2  A$Squiggles$1272                   Squiggles
C:   000000F4  A$Squiggles$1276                   Squiggles
C:   000000F4  C$c8051_SDCC.h$51$1$31             Squiggles
C:   000000F6  A$Squiggles$1277                   Squiggles
C:   000000F9  A$Squiggles$1280                   Squiggles
C:   000000F9  C$c8051_SDCC.h$53$1$31             Squiggles
C:   000000FC  A$Squiggles$1283                   Squiggles
C:   000000FC  C$c8051_SDCC.h$56$1$31             Squiggles
C:   000000FC  XG$SYSCLK_Init$0$0                 Squiggles
C:   000000FD  A$Squiggles$1296                   Squiggles
C:   000000FD  C$c8051_SDCC.h$64$1$31             Squiggles
C:   000000FD  C$c8051_SDCC.h$66$1$33             Squiggles
C:   000000FD  G$UART0_Init$0$0                   Squiggles
C:   000000FD  _UART0_Init                        Squiggles
C:   00000100  A$Squiggles$1299                   Squiggles
C:   00000100  C$c8051_SDCC.h$67$1$33             Squiggles
C:   00000103  A$Squiggles$1302                   Squiggles
C:   00000103  C$c8051_SDCC.h$68$1$33             Squiggles
C:   00000106  A$Squiggles$1305                   Squiggles
C:   00000106  C$c8051_SDCC.h$69$1$33             Squiggles
C:   00000108  A$Squiggles$1308                   Squiggles
C:   00000108  C$c8051_SDCC.h$70$1$33             Squiggles
C:   0000010B  A$Squiggles$1311                   Squiggles
C:   0000010B  C$c8051_SDCC.h$71$1$33             Squiggles
C:   0000010E  A$Squiggles$1314                   Squiggles
C:   0000010E  C$c8051_SDCC.h$73$1$33             Squiggles
C:   00000110  A$Squiggles$1317                   Squiggles
C:   00000110  C$c8051_SDCC.h$74$1$33             Squiggles
C:   00000113  A$Squiggles$1320                   Squiggles
C:   00000113  C$c8051_SDCC.h$75$1$33             Squiggles
C:   00000113  XG$UART0_Init$0$0                  Squiggles
C:   00000114  A$Squiggles$1333                   Squiggles
C:   00000114  C$c8051_SDCC.h$83$1$33             Squiggles
C:   00000114  C$c8051_SDCC.h$85$1$35             Squiggles
C:   00000114  G$Sys_Init$0$0                     Squiggles
C:   00000114  _Sys_Init                          Squiggles
C:   00000117  A$Squiggles$1336                   Squiggles
ASxxxx Linker V03.00 + NoICE + sdld,  page 31.
Hexadecimal  [32-Bits]

Area                                    Addr        Size        Decimal Bytes (Attributes)
--------------------------------        ----        ----        ------- ----- ------------
CSEG                                000000E4    00001ACF =        6863. bytes (REL,CON,CODE)

      Value  Global                              Global Defined In Module
      -----  --------------------------------   ------------------------
C:   00000117  C$c8051_SDCC.h$86$1$35             Squiggles
C:   0000011A  A$Squiggles$1339                   Squiggles
C:   0000011A  C$c8051_SDCC.h$88$1$35             Squiggles
C:   0000011D  A$Squiggles$1342                   Squiggles
C:   0000011D  C$c8051_SDCC.h$89$1$35             Squiggles
C:   00000120  A$Squiggles$1345                   Squiggles
C:   00000120  C$c8051_SDCC.h$91$1$35             Squiggles
C:   00000123  A$Squiggles$1348                   Squiggles
C:   00000123  C$c8051_SDCC.h$92$1$35             Squiggles
C:   00000126  A$Squiggles$1351                   Squiggles
C:   00000126  C$c8051_SDCC.h$93$1$35             Squiggles
C:   00000126  XG$Sys_Init$0$0                    Squiggles
C:   00000127  A$Squiggles$1364                   Squiggles
C:   00000127  C$c8051_SDCC.h$98$1$35             Squiggles
C:   00000127  G$putchar$0$0                      Squiggles
C:   00000127  _putchar                           Squiggles
C:   00000129  A$Squiggles$1370                   Squiggles
C:   00000129  C$c8051_SDCC.h$100$1$37            Squiggles
C:   00000129  C$c8051_SDCC.h$101$1$37            Squiggles
C:   0000012C  A$Squiggles$1371                   Squiggles
C:   0000012E  A$Squiggles$1375                   Squiggles
C:   0000012E  C$c8051_SDCC.h$102$1$37            Squiggles
C:   00000130  A$Squiggles$1378                   Squiggles
C:   00000130  C$c8051_SDCC.h$103$1$37            Squiggles
C:   00000130  XG$putchar$0$0                     Squiggles
C:   00000131  A$Squiggles$1396                   Squiggles
C:   00000131  C$c8051_SDCC.h$108$1$37            Squiggles
C:   00000131  C$c8051_SDCC.h$111$1$39            Squiggles
C:   00000131  C$c8051_SDCC.h$112$1$39            Squiggles
C:   00000131  G$getchar$0$0                      Squiggles
C:   00000131  _getchar                           Squiggles
C:   00000134  A$Squiggles$1397                   Squiggles
C:   00000136  A$Squiggles$1401                   Squiggles
C:   00000136  C$c8051_SDCC.h$113$1$39            Squiggles
C:   00000139  A$Squiggles$1404                   Squiggles
C:   00000139  C$c8051_SDCC.h$114$1$39            Squiggles
C:   0000013C  A$Squiggles$1407                   Squiggles
C:   0000013C  C$c8051_SDCC.h$115$1$39            Squiggles
C:   0000013F  A$Squiggles$1410                   Squiggles
C:   0000013F  C$c8051_SDCC.h$116$1$39            Squiggles
C:   0000013F  XG$getchar$0$0                     Squiggles
C:   00000140  A$Squiggles$1427                   Squiggles
C:   00000140  C$i2c.h$81$1$39                    Squiggles
C:   00000140  G$lcd_print$0$0                    Squiggles
C:   00000140  _lcd_print                         Squiggles
C:   00000142  A$Squiggles$1428                   Squiggles
C:   00000145  A$Squiggles$1431                   Squiggles
C:   00000145  C$i2c.h$87$1$73                    Squiggles
C:   00000147  A$Squiggles$1432                   Squiggles
C:   00000149  A$Squiggles$1433                   Squiggles
C:   0000014A  A$Squiggles$1434                   Squiggles
ASxxxx Linker V03.00 + NoICE + sdld,  page 32.
Hexadecimal  [32-Bits]

Area                                    Addr        Size        Decimal Bytes (Attributes)
--------------------------------        ----        ----        ------- ----- ------------
CSEG                                000000E4    00001ACF =        6863. bytes (REL,CON,CODE)

      Value  Global                              Global Defined In Module
      -----  --------------------------------   ------------------------
C:   0000014C  A$Squiggles$1435                   Squiggles
C:   0000014D  A$Squiggles$1436                   Squiggles
C:   0000014F  A$Squiggles$1437                   Squiggles
C:   00000150  A$Squiggles$1438                   Squiggles
C:   00000152  A$Squiggles$1439                   Squiggles
C:   00000155  A$Squiggles$1440                   Squiggles
C:   00000157  A$Squiggles$1441                   Squiggles
C:   0000015A  A$Squiggles$1442                   Squiggles
C:   0000015C  A$Squiggles$1443                   Squiggles
C:   0000015E  A$Squiggles$1444                   Squiggles
C:   00000160  A$Squiggles$1448                   Squiggles
C:   00000160  C$i2c.h$89$2$74                    Squiggles
C:   00000162  A$Squiggles$1449                   Squiggles
C:   00000164  A$Squiggles$1450                   Squiggles
C:   00000165  A$Squiggles$1451                   Squiggles
C:   00000167  A$Squiggles$1454                   Squiggles
C:   00000167  C$i2c.h$90$1$73                    Squiggles
C:   00000169  A$Squiggles$1455                   Squiggles
C:   0000016B  A$Squiggles$1456                   Squiggles
C:   0000016C  A$Squiggles$1457                   Squiggles
C:   0000016E  A$Squiggles$1458                   Squiggles
C:   0000016F  A$Squiggles$1459                   Squiggles
C:   00000171  A$Squiggles$1460                   Squiggles
C:   00000172  A$Squiggles$1461                   Squiggles
C:   00000174  A$Squiggles$1462                   Squiggles
C:   00000177  A$Squiggles$1463                   Squiggles
C:   0000017A  A$Squiggles$1464                   Squiggles
C:   0000017D  A$Squiggles$1467                   Squiggles
C:   0000017D  C$i2c.h$93$1$73                    Squiggles
C:   00000180  A$Squiggles$1468                   Squiggles
C:   00000183  A$Squiggles$1469                   Squiggles
C:   00000186  A$Squiggles$1470                   Squiggles
C:   00000188  A$Squiggles$1473                   Squiggles
C:   0000018A  A$Squiggles$1475                   Squiggles
C:   0000018B  A$Squiggles$1476                   Squiggles
C:   0000018C  A$Squiggles$1477                   Squiggles
C:   0000018D  A$Squiggles$1478                   Squiggles
C:   0000018F  A$Squiggles$1481                   Squiggles
C:   0000018F  C$i2c.h$96$2$76                    Squiggles
C:   00000190  A$Squiggles$1482                   Squiggles
C:   00000192  A$Squiggles$1483                   Squiggles
C:   00000194  A$Squiggles$1484                   Squiggles
C:   00000195  A$Squiggles$1485                   Squiggles
C:   00000197  A$Squiggles$1486                   Squiggles
C:   00000199  A$Squiggles$1487                   Squiggles
C:   0000019A  A$Squiggles$1488                   Squiggles
C:   0000019B  A$Squiggles$1489                   Squiggles
C:   0000019E  A$Squiggles$1490                   Squiggles
C:   0000019F  A$Squiggles$1491                   Squiggles
C:   000001A1  A$Squiggles$1492                   Squiggles
C:   000001A3  A$Squiggles$1493                   Squiggles
ASxxxx Linker V03.00 + NoICE + sdld,  page 33.
Hexadecimal  [32-Bits]

Area                                    Addr        Size        Decimal Bytes (Attributes)
--------------------------------        ----        ----        ------- ----- ------------
CSEG                                000000E4    00001ACF =        6863. bytes (REL,CON,CODE)

      Value  Global                              Global Defined In Module
      -----  --------------------------------   ------------------------
C:   000001A4  A$Squiggles$1494                   Squiggles
C:   000001A6  A$Squiggles$1495                   Squiggles
C:   000001A8  A$Squiggles$1496                   Squiggles
C:   000001AA  A$Squiggles$1497                   Squiggles
C:   000001AB  A$Squiggles$1501                   Squiggles
C:   000001AB  C$i2c.h$94$1$73                    Squiggles
C:   000001AC  A$Squiggles$1502                   Squiggles
C:   000001AE  A$Squiggles$1506                   Squiggles
C:   000001AE  C$i2c.h$99$1$73                    Squiggles
C:   000001B1  A$Squiggles$1507                   Squiggles
C:   000001B4  A$Squiggles$1508                   Squiggles
C:   000001B7  A$Squiggles$1509                   Squiggles
C:   000001BA  A$Squiggles$1510                   Squiggles
C:   000001BC  A$Squiggles$1511                   Squiggles
C:   000001BF  A$Squiggles$1512                   Squiggles
C:   000001C2  A$Squiggles$1514                   Squiggles
C:   000001C4  A$Squiggles$1517                   Squiggles
C:   000001C4  C$i2c.h$100$1$73                   Squiggles
C:   000001C4  XG$lcd_print$0$0                   Squiggles
C:   000001C5  A$Squiggles$1533                   Squiggles
C:   000001C5  C$i2c.h$103$1$73                   Squiggles
C:   000001C5  C$i2c.h$105$1$73                   Squiggles
C:   000001C5  G$lcd_clear$0$0                    Squiggles
C:   000001C5  _lcd_clear                         Squiggles
C:   000001C8  A$Squiggles$1537                   Squiggles
C:   000001C8  C$i2c.h$107$1$77                   Squiggles
C:   000001CA  A$Squiggles$1538                   Squiggles
C:   000001CC  A$Squiggles$1539                   Squiggles
C:   000001CE  A$Squiggles$1540                   Squiggles
C:   000001D1  A$Squiggles$1541                   Squiggles
C:   000001D4  A$Squiggles$1542                   Squiggles
C:   000001D7  A$Squiggles$1543                   Squiggles
C:   000001DA  A$Squiggles$1544                   Squiggles
C:   000001DD  A$Squiggles$1545                   Squiggles
C:   000001E0  A$Squiggles$1546                   Squiggles
C:   000001E3  A$Squiggles$1547                   Squiggles
C:   000001E5  A$Squiggles$1551                   Squiggles
C:   000001E5  C$i2c.h$109$1$77                   Squiggles
C:   000001E8  A$Squiggles$1554                   Squiggles
C:   000001E8  C$i2c.h$110$1$77                   Squiggles
C:   000001EB  A$Squiggles$1555                   Squiggles
C:   000001EE  A$Squiggles$1556                   Squiggles
C:   000001F1  A$Squiggles$1557                   Squiggles
C:   000001F4  A$Squiggles$1558                   Squiggles
C:   000001F7  A$Squiggles$1559                   Squiggles
C:   000001FA  A$Squiggles$1560                   Squiggles
C:   000001FD  A$Squiggles$1563                   Squiggles
C:   000001FD  C$i2c.h$111$1$77                   Squiggles
C:   000001FD  XG$lcd_clear$0$0                   Squiggles
C:   000001FE  A$Squiggles$1579                   Squiggles
C:   000001FE  C$i2c.h$114$1$77                   Squiggles
ASxxxx Linker V03.00 + NoICE + sdld,  page 34.
Hexadecimal  [32-Bits]

Area                                    Addr        Size        Decimal Bytes (Attributes)
--------------------------------        ----        ----        ------- ----- ------------
CSEG                                000000E4    00001ACF =        6863. bytes (REL,CON,CODE)

      Value  Global                              Global Defined In Module
      -----  --------------------------------   ------------------------
C:   000001FE  C$i2c.h$118$1$78                   Squiggles
C:   000001FE  G$read_keypad$0$0                  Squiggles
C:   000001FE  _read_keypad                       Squiggles
C:   00000201  A$Squiggles$1580                   Squiggles
C:   00000204  A$Squiggles$1581                   Squiggles
C:   00000207  A$Squiggles$1582                   Squiggles
C:   0000020A  A$Squiggles$1583                   Squiggles
C:   0000020D  A$Squiggles$1584                   Squiggles
C:   00000210  A$Squiggles$1585                   Squiggles
C:   00000213  A$Squiggles$1588                   Squiggles
C:   00000213  C$i2c.h$119$1$78                   Squiggles
C:   00000215  A$Squiggles$1589                   Squiggles
C:   00000218  A$Squiggles$1590                   Squiggles
C:   0000021B  A$Squiggles$1591                   Squiggles
C:   0000021D  A$Squiggles$1595                   Squiggles
C:   0000021F  A$Squiggles$1596                   Squiggles
C:   00000221  A$Squiggles$1600                   Squiggles
C:   00000221  C$i2c.h$123$2$79                   Squiggles
C:   00000223  A$Squiggles$1601                   Squiggles
C:   00000225  A$Squiggles$1602                   Squiggles
C:   00000227  A$Squiggles$1603                   Squiggles
C:   00000229  A$Squiggles$1604                   Squiggles
C:   0000022B  A$Squiggles$1606                   Squiggles
C:   0000022C  A$Squiggles$1607                   Squiggles
C:   0000022D  A$Squiggles$1608                   Squiggles
C:   0000022E  A$Squiggles$1609                   Squiggles
C:   0000022F  A$Squiggles$1610                   Squiggles
C:   00000230  A$Squiggles$1611                   Squiggles
C:   00000231  A$Squiggles$1613                   Squiggles
C:   00000234  A$Squiggles$1614                   Squiggles
C:   00000236  A$Squiggles$1615                   Squiggles
C:   00000238  A$Squiggles$1616                   Squiggles
C:   00000239  A$Squiggles$1617                   Squiggles
C:   0000023B  A$Squiggles$1618                   Squiggles
C:   0000023C  A$Squiggles$1619                   Squiggles
C:   0000023E  A$Squiggles$1620                   Squiggles
C:   0000023F  A$Squiggles$1621                   Squiggles
C:   00000240  A$Squiggles$1622                   Squiggles
C:   00000242  A$Squiggles$1625                   Squiggles
C:   00000242  C$i2c.h$124$2$79                   Squiggles
C:   00000244  A$Squiggles$1626                   Squiggles
C:   00000245  A$Squiggles$1627                   Squiggles
C:   00000247  A$Squiggles$1628                   Squiggles
C:   00000249  A$Squiggles$1632                   Squiggles
C:   00000249  C$i2c.h$121$1$78                   Squiggles
C:   0000024A  A$Squiggles$1633                   Squiggles
C:   0000024C  A$Squiggles$1634                   Squiggles
C:   0000024F  A$Squiggles$1636                   Squiggles
C:   00000251  A$Squiggles$1639                   Squiggles
C:   00000251  C$i2c.h$127$1$78                   Squiggles
C:   00000253  A$Squiggles$1640                   Squiggles
ASxxxx Linker V03.00 + NoICE + sdld,  page 35.
Hexadecimal  [32-Bits]

Area                                    Addr        Size        Decimal Bytes (Attributes)
--------------------------------        ----        ----        ------- ----- ------------
CSEG                                000000E4    00001ACF =        6863. bytes (REL,CON,CODE)

      Value  Global                              Global Defined In Module
      -----  --------------------------------   ------------------------
C:   00000256  A$Squiggles$1641                   Squiggles
C:   00000259  A$Squiggles$1642                   Squiggles
C:   0000025B  A$Squiggles$1646                   Squiggles
C:   0000025B  C$i2c.h$129$1$78                   Squiggles
C:   0000025D  A$Squiggles$1647                   Squiggles
C:   00000260  A$Squiggles$1648                   Squiggles
C:   00000263  A$Squiggles$1649                   Squiggles
C:   00000265  A$Squiggles$1653                   Squiggles
C:   00000265  C$i2c.h$131$1$78                   Squiggles
C:   00000267  A$Squiggles$1654                   Squiggles
C:   0000026A  A$Squiggles$1655                   Squiggles
C:   0000026D  A$Squiggles$1656                   Squiggles
C:   0000026F  A$Squiggles$1660                   Squiggles
C:   0000026F  C$i2c.h$133$1$78                   Squiggles
C:   00000271  A$Squiggles$1661                   Squiggles
C:   00000274  A$Squiggles$1662                   Squiggles
C:   00000277  A$Squiggles$1663                   Squiggles
C:   00000279  A$Squiggles$1667                   Squiggles
C:   00000279  C$i2c.h$135$1$78                   Squiggles
C:   0000027C  A$Squiggles$1671                   Squiggles
C:   0000027C  C$i2c.h$136$1$78                   Squiggles
C:   0000027C  XG$read_keypad$0$0                 Squiggles
C:   0000027D  A$Squiggles$1687                   Squiggles
C:   0000027D  C$i2c.h$148$1$78                   Squiggles
C:   0000027D  G$kpd_input$0$0                    Squiggles
[...]
C:   00000AAB  A$Squiggles$3421                   Squiggles
C:   00000AAE  A$Squiggles$3422                   Squiggles
C:   00000AB1  A$Squiggles$3423                   Squiggles
C:   00000AB3  A$Squiggles$3424                   Squiggles
C:   00000AB5  A$Squiggles$3425                   Squiggles
C:   00000AB7  A$Squiggles$3426                   Squiggles
C:   00000AB9  A$Squiggles$3430                   Squiggles
C:   00000AB9  C$Squiggles.c$352$2$159            Squiggles
C:   00000ABC  A$Squiggles$3431                   Squiggles
C:   00000ABE  A$Squiggles$3432                   Squiggles
C:   00000AC0  A$Squiggles$3435                   Squiggles
C:   00000AC0  C$Squiggles.c$354$1$158            Squiggles
C:   00000AC0  XG$Update_Value$0$0                Squiggles
C:   00000AC1  A$Squiggles$3448                   Squiggles
C:   00000AC1  C$Squiggles.c$358$1$158            Squiggles
C:   00000AC1  C$Squiggles.c$362$1$163            Squiggles
C:   00000AC1  G$set_COMPASS_PW$0$0               Squiggles
C:   00000AC1  _set_COMPASS_PW                    Squiggles
C:   00000AC3  A$Squiggles$3449                   Squiggles
C:   00000AC4  A$Squiggles$3450                   Squiggles
ASxxxx Linker V03.00 + NoICE + sdld,  page 61.
Hexadecimal  [32-Bits]

Area                                    Addr        Size        Decimal Bytes (Attributes)
--------------------------------        ----        ----        ------- ----- ------------
CSEG                                000000E4    00001ACF =        6863. bytes (REL,CON,CODE)

      Value  Global                              Global Defined In Module
      -----  --------------------------------   ------------------------
C:   00000AC6  A$Squiggles$3451                   Squiggles
C:   00000AC8  A$Squiggles$3452                   Squiggles
C:   00000ACA  A$Squiggles$3453                   Squiggles
C:   00000ACC  A$Squiggles$3454                   Squiggles
C:   00000ACE  A$Squiggles$3457                   Squiggles
C:   00000ACE  C$Squiggles.c$363$1$163            Squiggles
C:   00000ACF  A$Squiggles$3458                   Squiggles
C:   00000AD1  A$Squiggles$3459                   Squiggles
C:   00000AD3  A$Squiggles$3460                   Squiggles
C:   00000AD5  A$Squiggles$3461                   Squiggles
C:   00000AD7  A$Squiggles$3462                   Squiggles
C:   00000AD9  A$Squiggles$3463                   Squiggles
C:   00000ADB  A$Squiggles$3464                   Squiggles
C:   00000ADD  A$Squiggles$3465                   Squiggles
C:   00000ADF  A$Squiggles$3466                   Squiggles
C:   00000AE1  A$Squiggles$3467                   Squiggles
C:   00000AE3  A$Squiggles$3468                   Squiggles
C:   00000AE5  A$Squiggles$3469                   Squiggles
C:   00000AE7  A$Squiggles$3473                   Squiggles
C:   00000AE7  C$Squiggles.c$364$1$163            Squiggles
C:   00000AE8  A$Squiggles$3474                   Squiggles
C:   00000AEA  A$Squiggles$3475                   Squiggles
C:   00000AEC  A$Squiggles$3476                   Squiggles
C:   00000AEE  A$Squiggles$3477                   Squiggles
C:   00000AF1  A$Squiggles$3478                   Squiggles
C:   00000AF4  A$Squiggles$3479                   Squiggles
C:   00000AF6  A$Squiggles$3480                   Squiggles
C:   00000AF8  A$Squiggles$3481                   Squiggles
C:   00000AFA  A$Squiggles$3482                   Squiggles
C:   00000AFC  A$Squiggles$3483                   Squiggles
C:   00000AFE  A$Squiggles$3484                   Squiggles
C:   00000B00  A$Squiggles$3485                   Squiggles
C:   00000B02  A$Squiggles$3486                   Squiggles
C:   00000B04  A$Squiggles$3490                   Squiggles
C:   00000B04  C$Squiggles.c$366$1$163            Squiggles
C:   00000B05  A$Squiggles$3491                   Squiggles
C:   00000B07  A$Squiggles$3492                   Squiggles
C:   00000B09  A$Squiggles$3493                   Squiggles
C:   00000B0A  A$Squiggles$3494                   Squiggles
C:   00000B0C  A$Squiggles$3495                   Squiggles
C:   00000B0E  A$Squiggles$3498                   Squiggles
C:   00000B0E  C$Squiggles.c$368$2$164            Squiggles
C:   00000B0F  A$Squiggles$3499                   Squiggles
C:   00000B11  A$Squiggles$3500                   Squiggles
C:   00000B13  A$Squiggles$3501                   Squiggles
C:   00000B15  A$Squiggles$3505                   Squiggles
C:   00000B15  C$Squiggles.c$373$2$165            Squiggles
C:   00000B17  A$Squiggles$3506                   Squiggles
C:   00000B18  A$Squiggles$3507                   Squiggles
C:   00000B1A  A$Squiggles$3508                   Squiggles
C:   00000B1C  A$Squiggles$3509                   Squiggles
ASxxxx Linker V03.00 + NoICE + sdld,  page 62.
Hexadecimal  [32-Bits]

Area                                    Addr        Size        Decimal Bytes (Attributes)
--------------------------------        ----        ----        ------- ----- ------------
CSEG                                000000E4    00001ACF =        6863. bytes (REL,CON,CODE)

      Value  Global                              Global Defined In Module
      -----  --------------------------------   ------------------------
C:   00000B1D  A$Squiggles$3510                   Squiggles
C:   00000B1F  A$Squiggles$3511                   Squiggles
C:   00000B21  A$Squiggles$3512                   Squiggles
C:   00000B23  A$Squiggles$3513                   Squiggles
C:   00000B25  A$Squiggles$3514                   Squiggles
C:   00000B27  A$Squiggles$3515                   Squiggles
C:   00000B29  A$Squiggles$3516                   Squiggles
C:   00000B2C  A$Squiggles$3517                   Squiggles
C:   00000B2E  A$Squiggles$3518                   Squiggles
C:   00000B30  A$Squiggles$3519                   Squiggles
C:   00000B32  A$Squiggles$3520                   Squiggles
C:   00000B34  A$Squiggles$3524                   Squiggles
C:   00000B34  C$Squiggles.c$377$1$163            Squiggles
C:   00000B37  A$Squiggles$3525                   Squiggles
C:   00000B3A  A$Squiggles$3526                   Squiggles
C:   00000B3D  A$Squiggles$3527                   Squiggles
C:   00000B3F  A$Squiggles$3528                   Squiggles
C:   00000B41  A$Squiggles$3529                   Squiggles
C:   00000B43  A$Squiggles$3530                   Squiggles
C:   00000B44  A$Squiggles$3531                   Squiggles
C:   00000B46  A$Squiggles$3532                   Squiggles
C:   00000B48  A$Squiggles$3533                   Squiggles
C:   00000B4A  A$Squiggles$3534                   Squiggles
C:   00000B4C  A$Squiggles$3535                   Squiggles
C:   00000B4F  A$Squiggles$3536                   Squiggles
C:   00000B52  A$Squiggles$3537                   Squiggles
C:   00000B55  A$Squiggles$3538                   Squiggles
C:   00000B57  A$Squiggles$3539                   Squiggles
C:   00000B5A  A$Squiggles$3540                   Squiggles
C:   00000B5C  A$Squiggles$3541                   Squiggles
C:   00000B5E  A$Squiggles$3542                   Squiggles
C:   00000B60  A$Squiggles$3543                   Squiggles
C:   00000B61  A$Squiggles$3544                   Squiggles
C:   00000B63  A$Squiggles$3545                   Squiggles
C:   00000B65  A$Squiggles$3546                   Squiggles
C:   00000B67  A$Squiggles$3547                   Squiggles
C:   00000B69  A$Squiggles$3548                   Squiggles
C:   00000B6B  A$Squiggles$3549                   Squiggles
C:   00000B6D  A$Squiggles$3550                   Squiggles
C:   00000B6E  A$Squiggles$3551                   Squiggles
C:   00000B71  A$Squiggles$3552                   Squiggles
C:   00000B73  A$Squiggles$3553                   Squiggles
C:   00000B76  A$Squiggles$3554                   Squiggles
C:   00000B78  A$Squiggles$3555                   Squiggles
C:   00000B79  A$Squiggles$3556                   Squiggles
C:   00000B7B  A$Squiggles$3557                   Squiggles
C:   00000B7D  A$Squiggles$3558                   Squiggles
C:   00000B7E  A$Squiggles$3559                   Squiggles
C:   00000B7F  A$Squiggles$3560                   Squiggles
C:   00000B80  A$Squiggles$3561                   Squiggles
C:   00000B82  A$Squiggles$3562                   Squiggles
ASxxxx Linker V03.00 + NoICE + sdld,  page 63.
Hexadecimal  [32-Bits]

Area                                    Addr        Size        Decimal Bytes (Attributes)
--------------------------------        ----        ----        ------- ----- ------------
CSEG                                000000E4    00001ACF =        6863. bytes (REL,CON,CODE)

      Value  Global                              Global Defined In Module
      -----  --------------------------------   ------------------------
C:   00000B84  A$Squiggles$3563                   Squiggles
C:   00000B85  A$Squiggles$3564                   Squiggles
C:   00000B87  A$Squiggles$3565                   Squiggles
C:   00000B89  A$Squiggles$3568                   Squiggles
C:   00000B89  C$Squiggles.c$380$1$163            Squiggles
C:   00000B8A  A$Squiggles$3569                   Squiggles
C:   00000B8C  A$Squiggles$3570                   Squiggles
C:   00000B8E  A$Squiggles$3571                   Squiggles
C:   00000B90  A$Squiggles$3572                   Squiggles
C:   00000B92  A$Squiggles$3573                   Squiggles
C:   00000B94  A$Squiggles$3576                   Squiggles
C:   00000B94  C$Squiggles.c$382$2$166            Squiggles
C:   00000B97  A$Squiggles$3577                   Squiggles
C:   00000B9A  A$Squiggles$3581                   Squiggles
C:   00000B9A  C$Squiggles.c$384$1$163            Squiggles
C:   00000B9B  A$Squiggles$3582                   Squiggles
C:   00000B9D  A$Squiggles$3583                   Squiggles
C:   00000B9F  A$Squiggles$3584                   Squiggles
C:   00000BA1  A$Squiggles$3585                   Squiggles
C:   00000BA3  A$Squiggles$3586                   Squiggles
C:   00000BA5  A$Squiggles$3589                   Squiggles
C:   00000BA5  C$Squiggles.c$386$2$167            Squiggles
C:   00000BA8  A$Squiggles$3590                   Squiggles
C:   00000BAB  A$Squiggles$3594                   Squiggles
C:   00000BAB  C$Squiggles.c$388$1$163            Squiggles
C:   00000BAD  A$Squiggles$3595                   Squiggles
C:   00000BAE  A$Squiggles$3596                   Squiggles
C:   00000BB0  A$Squiggles$3597                   Squiggles
C:   00000BB2  A$Squiggles$3598                   Squiggles
C:   00000BB4  A$Squiggles$3599                   Squiggles
C:   00000BB6  A$Squiggles$3600                   Squiggles
C:   00000BB8  A$Squiggles$3603                   Squiggles
C:   00000BB8  C$Squiggles.c$389$1$163            Squiggles
C:   00000BB8  XG$set_COMPASS_PW$0$0              Squiggles
C:   00000BB9  ___fssub                           _fssub
C:   00000BC4  __divuint                          _divuint
C:   00000BED  _printf_fast_f                     printf_fast_f
C:   0000106E  ___fsmul                           _fsmul
C:   00001111  fsgetargs                          _fsget2args
C:   0000113F  fs_rshift_a                        _fsrshift
C:   00001182  fs_normalize_a                     _fsnormalize
C:   000011B5  ___fsgt                            _fsgt
C:   000011E5  __gptrput                          _gptrput
C:   00001200  ___fslt                            _fslt
C:   00001230  __mulint                           _mulint
C:   00001230  __mulint_dummy                     _mulint
C:   000012BD  _vsprintf                          sprintf
C:   000012FA  _sprintf                           sprintf
C:   00001348  ___fsadd                           _fsadd
C:   0000134B  fsadd_direct_entry                 _fsadd
C:   000013A1  fs_compare_uint32                  _fscmp
ASxxxx Linker V03.00 + NoICE + sdld,  page 64.
Hexadecimal  [32-Bits]

Area                                    Addr        Size        Decimal Bytes (Attributes)
--------------------------------        ----        ----        ------- ----- ------------
CSEG                                000000E4    00001ACF =        6863. bytes (REL,CON,CODE)

      Value  Global                              Global Defined In Module
      -----  --------------------------------   ------------------------
C:   000013BF  fs_check_negative_zeros            _fscmp
C:   000013EA  ___sint2fs                         _sint2fs
C:   000013F7  ___fs2sint                         _fs2sint
C:   0000142B  fs_round_and_return                _fsreturnval
C:   00001443  fs_zerocheck_return                _fsreturnval
C:   0000144C  fs_return_zero                     _fsreturnval
C:   00001454  fs_direct_return                   _fsreturnval
C:   00001462  fs_return_inf                      _fsreturnval
C:   0000146F  fs_return_nan                      _fsreturnval
C:   00001485  _vprintf                           vprintf
C:   0000149E  _printf                            vprintf
C:   00001570  __print_format                     printf_large
C:   00001A7A  fs_swap_a_b                        _fsswapargs
C:   00001A94  _strlen                            _strlen
C:   00001AAC  __gptrget                          _gptrget
C:   00001AC8  ___uchar2fs                        _uchar2fs
C:   00001AD3  ___fs2uchar                        _fs2uchar
C:   00001ADB  ___slong2fs                        _slong2fs
C:   00001AE4  slong2fs_doit                      _slong2fs
C:   00001B08  ___ulong2fs                        _ulong2fs
C:   00001B11  ulong2fs_doit                      _ulong2fs
C:   00001B1B  ___fs2slong                        _fs2slong
C:   00001B76  __sdcc_external_startup            _startup
C:   00001B7A  fsgetarg                           _fsget1arg
C:   00001B8C  ___fs2ulong                        _fs2ulong
C:   00001B8E  fs2ulong_begin                     _fs2ulong

ASxxxx Linker V03.00 + NoICE + sdld,  page 65.
Hexadecimal  [32-Bits]

Area                                    Addr        Size        Decimal Bytes (Attributes)
--------------------------------        ----        ----        ------- ----- ------------
CONST                               00001BB3    000003D2 =         978. bytes (REL,CON,CODE)

      Value  Global                              Global Defined In Module
      -----  --------------------------------   ------------------------
C:   00001BB3  FSquiggles$__str_0$0$0             Squiggles
C:   00001BC9  FSquiggles$__str_1$0$0             Squiggles
C:   00001BD9  FSquiggles$__str_2$0$0             Squiggles
C:   00001BDC  FSquiggles$__str_3$0$0             Squiggles
C:   00001BE5  FSquiggles$__str_4$0$0             Squiggles
C:   00001C06  FSquiggles$__str_5$0$0             Squiggles
C:   00001C31  FSquiggles$__str_6$0$0             Squiggles
C:   00001C3F  FSquiggles$__str_7$0$0             Squiggles
C:   00001C4F  FSquiggles$__str_8$0$0             Squiggles
C:   00001C63  FSquiggles$__str_9$0$0             Squiggles
C:   00001C7D  FSquiggles$__str_10$0$0            Squiggles
C:   00001C9F  FSquiggles$__str_11$0$0            Squiggles
C:   00001CE3  FSquiggles$__str_12$0$0            Squiggles
C:   00001CF8  FSquiggles$__str_13$0$0            Squiggles
C:   00001D0E  FSquiggles$__str_14$0$0            Squiggles
C:   00001D36  FSquiggles$__str_15$0$0            Squiggles
C:   00001D6E  FSquiggles$__str_16$0$0            Squiggles
C:   00001D82  FSquiggles$__str_17$0$0            Squiggles
ASxxxx Linker V03.00 + NoICE + sdld,  page 66.

Files Linked                              [ module(s) ]

C:\Users\rutmas\Documents\LITEC\LITEC\Lab 4\Squiggles\Squiggles.rel
                                          [  ]


Libraries Linked                          [ object file ]

C:\Program Files (x86)\SDCC\bin\..\lib\small/libfloat.lib
                                          [ _fssub.rel ]
C:\Program Files (x86)\SDCC\bin\..\lib\small/libint.lib
                                          [ _divuint.rel ]
C:\Program Files (x86)\SDCC\bin\..\lib\small/libsdcc.lib
                                          [ printf_fast_f.rel ]
C:\Program Files (x86)\SDCC\bin\..\lib\small/libfloat.lib
                                          [ _fsmul.rel ]
C:\Program Files (x86)\SDCC\bin\..\lib\small/libfloat.lib
                                          [ _fsget2args.rel ]
C:\Program Files (x86)\SDCC\bin\..\lib\small/mcs51.lib
                                          [ crtclear.rel ]
C:\Program Files (x86)\SDCC\bin\..\lib\small/libfloat.lib
                                          [ _fsrshift.rel ]
C:\Program Files (x86)\SDCC\bin\..\lib\small/libfloat.lib
                                          [ _fsnormalize.rel ]
C:\Program Files (x86)\SDCC\bin\..\lib\small/mcs51.lib
                                          [ crtxinit.rel ]
C:\Program Files (x86)\SDCC\bin\..\lib\small/libfloat.lib
                                          [ _fsgt.rel ]
C:\Program Files (x86)\SDCC\bin\..\lib\small/libsdcc.lib
                                          [ _gptrput.rel ]
C:\Program Files (x86)\SDCC\bin\..\lib\small/libfloat.lib
                                          [ _fslt.rel ]
C:\Program Files (x86)\SDCC\bin\..\lib\small/libint.lib
                                          [ _mulint.rel ]
C:\Program Files (x86)\SDCC\bin\..\lib\small/libsdcc.lib
                                          [ sprintf.rel ]
C:\Program Files (x86)\SDCC\bin\..\lib\small/mcs51.lib
                                          [ crtxclear.rel ]
C:\Program Files (x86)\SDCC\bin\..\lib\small/libfloat.lib
                                          [ _fsadd.rel ]
C:\Program Files (x86)\SDCC\bin\..\lib\small/libfloat.lib
                                          [ _fscmp.rel ]
C:\Program Files (x86)\SDCC\bin\..\lib\small/libfloat.lib
                                          [ _sint2fs.rel ]
C:\Program Files (x86)\SDCC\bin\..\lib\small/libfloat.lib
                                          [ _fs2sint.rel ]
C:\Program Files (x86)\SDCC\bin\..\lib\small/libfloat.lib
                                          [ _fsreturnval.rel ]
C:\Program Files (x86)\SDCC\bin\..\lib\small/libsdcc.lib
                                          [ _bp.rel ]
C:\Program Files (x86)\SDCC\bin\..\lib\small/libsdcc.lib
                                          [ vprintf.rel ]
C:\Program Files (x86)\SDCC\bin\..\lib\small/libsdcc.lib
                                          [ printf_large.rel ]
C:\Program Files (x86)\SDCC\bin\..\lib\small/libfloat.lib
                                          [ _fsswapargs.rel ]
C:\Program Files (x86)\SDCC\bin\..\lib\small/libsdcc.lib
                                          [ _strlen.rel ]
C:\Program Files (x86)\SDCC\bin\..\lib\small/mcs51.lib
                                          [ crtstart.rel ]
C:\Program Files (x86)\SDCC\bin\..\lib\small/libsdcc.lib
                                          [ _gptrget.rel ]
C:\Program Files (x86)\SDCC\bin\..\lib\small/libfloat.lib
                                          [ _uchar2fs.rel ]
C:\Program Files (x86)\SDCC\bin\..\lib\small/libfloat.lib
                                          [ _fs2uchar.rel ]
C:\Program Files (x86)\SDCC\bin\..\lib\small/libfloat.lib
                                          [ _slong2fs.rel ]
C:\Program Files (x86)\SDCC\bin\..\lib\small/libfloat.lib
                                          [ _ulong2fs.rel ]
C:\Program Files (x86)\SDCC\bin\..\lib\small/libfloat.lib
                                          [ _fs2slong.rel ]
C:\Program Files (x86)\SDCC\bin\..\lib\small/libsdcc.lib
                                          [ _startup.rel ]
C:\Program Files (x86)\SDCC\bin\..\lib\small/libfloat.lib
                                          [ _fsget1arg.rel ]
C:\Program Files (x86)\SDCC\bin\..\lib\small/libfloat.lib
                                          [ _fs2ulong.rel ]

ASxxxx Linker V03.00 + NoICE + sdld,  page 67.

User Base Address Definitions

HOME = 0x0000
XSEG = 0x0001
PSEG = 0x0001
ISEG = 0x0000
BSEG = 0x0000

