ASxxxx Linker V03.00 + NoICE + sdld,  page 1.
Hexadecimal  [32-Bits]

Area                                    Addr        Size        Decimal Bytes (Attributes)
--------------------------------        ----        ----        ------- ----- ------------
CABS                                00000000    00000000 =           0. bytes (ABS,CON,CODE)

      Value  Global                              Global Defined In Module
      -----  --------------------------------   ------------------------
C:   00000000  l_BIT_BANK                      
C:   00000000  l_CABS                          
C:   00000000  l_GSINIT1                       
C:   00000000  l_GSINIT5                       
C:   00000000  l_IABS                          
C:   00000000  l_PSEG                          
C:   00000000  l_REG_BANK_1                    
C:   00000000  l_REG_BANK_2                    
C:   00000000  l_REG_BANK_3                    
C:   00000000  l_RSEG                          
C:   00000000  l_RSEG0                         
C:   00000000  l_RSEG1                         
C:   00000000  l_XABS                          
C:   00000000  l_XINIT                         
C:   00000000  l_XISEG                         
C:   00000000  l__CODE                         
C:   00000000  s_BSEG                          
C:   00000000  s_CABS                          
C:   00000000  s_DSEG                          
C:   00000000  s_HOME                          
C:   00000000  s_IABS                          
C:   00000000  s_REG_BANK_0                    
C:   00000000  s_RSEG                          
C:   00000000  s_RSEG0                         
C:   00000000  s_RSEG1                         
C:   00000000  s_XABS                          
C:   00000001  s_PSEG                          
C:   00000001  s_XSEG                          
C:   00000002  l_BSEG_BYTES                    
C:   00000003  l_GSFINAL                       
C:   00000003  l_GSINIT0                       
C:   00000006  l_ISEG                          
C:   00000006  l_OSEG                          
C:   00000008  l_REG_BANK_0                    
C:   00000008  s_REG_BANK_1                    
C:   0000000A  l_BSEG                          
C:   0000000A  l_GSINIT2                       
C:   00000010  s_REG_BANK_2                    
C:   00000011  s_OSEG                          
C:   00000016  l_GSINIT                        
C:   00000017  s_ISEG                          
C:   00000018  s_BIT_BANK                      
C:   00000018  s_REG_BANK_3                    
C:   00000020  s_BSEG_BYTES                    
C:   00000020  s__CODE                         
C:   00000022  l_GSINIT3                       
C:   0000002A  l_GSINIT4                       
C:   00000050  l_XSEG                          
C:   00000051  l_HOME                          
C:   00000051  s_GSINIT0                       
ASxxxx Linker V03.00 + NoICE + sdld,  page 2.
Hexadecimal  [32-Bits]

Area                                    Addr        Size        Decimal Bytes (Attributes)
--------------------------------        ----        ----        ------- ----- ------------
CABS                                00000000    00000000 =           0. bytes (ABS,CON,CODE)

      Value  Global                              Global Defined In Module
      -----  --------------------------------   ------------------------
C:   00000051  s_XISEG                         
C:   00000054  s_GSINIT1                       
C:   00000054  s_GSINIT2                       
C:   0000005E  s_GSINIT3                       
C:   00000074  s_SSEG                          
C:   0000007D  l_DSEG                          
C:   00000080  s_GSINIT4                       
C:   0000008C  l_SSEG                          
C:   000000AA  s_GSINIT                        
C:   000000AA  s_GSINIT5                       
C:   000000C0  s_GSFINAL                       
C:   000000C3  s_CSEG                          
C:   00000100  l_IRAM                          
C:   000001BF  l_CONST                         
C:   000013EB  l_CSEG                          
C:   000014AE  s_CONST                         
C:   0000166D  s_XINIT                         

ASxxxx Linker V03.00 + NoICE + sdld,  page 3.
Hexadecimal  [32-Bits]

Area                                    Addr        Size        Decimal Bytes (Attributes)
--------------------------------        ----        ----        ------- ----- ------------
.  .ABS.                            00000000    00000000 =           0. bytes (ABS,CON)

      Value  Global                              Global Defined In Module
      -----  --------------------------------   ------------------------
     00000000  .__.ABS.                           _fsrshift
     00000080  G$P0$0$0                           Squiggles
     00000080  G$P0_0$0$0                         Squiggles
     00000080  _P0                                Squiggles
     00000080  _P0_0                              Squiggles
     00000081  G$P0_1$0$0                         Squiggles
     00000081  G$SP$0$0                           Squiggles
     00000081  _P0_1                              Squiggles
     00000081  _SP                                Squiggles
     00000082  G$DPL$0$0                          Squiggles
     00000082  G$P0_2$0$0                         Squiggles
     00000082  _DPL                               Squiggles
     00000082  _P0_2                              Squiggles
     00000083  G$BUS_SCL$0$0                      Squiggles
     00000083  G$DPH$0$0                          Squiggles
     00000083  G$P0_3$0$0                         Squiggles
     00000083  _BUS_SCL                           Squiggles
     00000083  _DPH                               Squiggles
     00000083  _P0_3                              Squiggles
     00000084  G$P0_4$0$0                         Squiggles
     00000084  G$P4$0$0                           Squiggles
     00000084  _P0_4                              Squiggles
     00000084  _P4                                Squiggles
     00000085  G$P0_5$0$0                         Squiggles
     00000085  G$P5$0$0                           Squiggles
     00000085  _P0_5                              Squiggles
     00000085  _P5                                Squiggles
     00000086  G$P0_6$0$0                         Squiggles
     00000086  G$P6$0$0                           Squiggles
     00000086  _P0_6                              Squiggles
     00000086  _P6                                Squiggles
     00000087  G$P0_7$0$0                         Squiggles
     00000087  G$PCON$0$0                         Squiggles
     00000087  _P0_7                              Squiggles
     00000087  _PCON                              Squiggles
     00000088  G$IT0$0$0                          Squiggles
     00000088  G$TCON$0$0                         Squiggles
     00000088  _IT0                               Squiggles
     00000088  _TCON                              Squiggles
     00000089  G$IE0$0$0                          Squiggles
     00000089  G$TMOD$0$0                         Squiggles
     00000089  _IE0                               Squiggles
     00000089  _TMOD                              Squiggles
     0000008A  G$IT1$0$0                          Squiggles
     0000008A  G$TL0$0$0                          Squiggles
     0000008A  _IT1                               Squiggles
     0000008A  _TL0                               Squiggles
     0000008B  G$IE1$0$0                          Squiggles
     0000008B  G$TL1$0$0                          Squiggles
     0000008B  _IE1                               Squiggles
ASxxxx Linker V03.00 + NoICE + sdld,  page 4.
Hexadecimal  [32-Bits]

Area                                    Addr        Size        Decimal Bytes (Attributes)
--------------------------------        ----        ----        ------- ----- ------------
.  .ABS.                            00000000    00000000 =           0. bytes (ABS,CON)

      Value  Global                              Global Defined In Module
      -----  --------------------------------   ------------------------
     0000008B  _TL1                               Squiggles
     0000008C  G$TH0$0$0                          Squiggles
     0000008C  G$TR0$0$0                          Squiggles
     0000008C  _TH0                               Squiggles
     0000008C  _TR0                               Squiggles
     0000008D  G$TF0$0$0                          Squiggles
     0000008D  G$TH1$0$0                          Squiggles
     0000008D  _TF0                               Squiggles
     0000008D  _TH1                               Squiggles
     0000008E  G$CKCON$0$0                        Squiggles
     0000008E  G$TR1$0$0                          Squiggles
     0000008E  _CKCON                             Squiggles
     0000008E  _TR1                               Squiggles
     0000008F  G$PSCTL$0$0                        Squiggles
     0000008F  G$TF1$0$0                          Squiggles
     0000008F  _PSCTL                             Squiggles
     0000008F  _TF1                               Squiggles
     00000090  G$P1$0$0                           Squiggles
     00000090  G$P1_0$0$0                         Squiggles
     00000090  _P1                                Squiggles
     00000090  _P1_0                              Squiggles
     00000091  G$P1_1$0$0                         Squiggles
     00000091  G$TMR3CN$0$0                       Squiggles
     00000091  _P1_1                              Squiggles
     00000091  _TMR3CN                            Squiggles
     00000092  G$P1_2$0$0                         Squiggles
     00000092  G$TMR3RLL$0$0                      Squiggles
     00000092  _P1_2                              Squiggles
     00000092  _TMR3RLL                           Squiggles
     00000093  G$P1_3$0$0                         Squiggles
     00000093  G$TMR3RLH$0$0                      Squiggles
     00000093  _P1_3                              Squiggles
     00000093  _TMR3RLH                           Squiggles
     00000094  G$P1_4$0$0                         Squiggles
     00000094  G$TMR3L$0$0                        Squiggles
     00000094  _P1_4                              Squiggles
     00000094  _TMR3L                             Squiggles
     00000095  G$P1_5$0$0                         Squiggles
     00000095  G$TMR3H$0$0                        Squiggles
     00000095  _P1_5                              Squiggles
     00000095  _TMR3H                             Squiggles
     00000096  G$P1_6$0$0                         Squiggles
     00000096  G$P7$0$0                           Squiggles
     00000096  _P1_6                              Squiggles
     00000096  _P7                                Squiggles
     00000097  G$P1_7$0$0                         Squiggles
     00000097  _P1_7                              Squiggles
     00000098  G$RI$0$0                           Squiggles
     00000098  G$RI0$0$0                          Squiggles
     00000098  G$SCON$0$0                         Squiggles
     00000098  G$SCON0$0$0                        Squiggles
ASxxxx Linker V03.00 + NoICE + sdld,  page 5.
Hexadecimal  [32-Bits]

Area                                    Addr        Size        Decimal Bytes (Attributes)
--------------------------------        ----        ----        ------- ----- ------------
.  .ABS.                            00000000    00000000 =           0. bytes (ABS,CON)

      Value  Global                              Global Defined In Module
      -----  --------------------------------   ------------------------
     00000098  _RI                                Squiggles
     00000098  _RI0                               Squiggles
     00000098  _SCON                              Squiggles
     00000098  _SCON0                             Squiggles
     00000099  G$SBUF$0$0                         Squiggles
     00000099  G$SBUF0$0$0                        Squiggles
     00000099  G$TI$0$0                           Squiggles
     00000099  G$TI0$0$0                          Squiggles
     00000099  _SBUF                              Squiggles
     00000099  _SBUF0                             Squiggles
     00000099  _TI                                Squiggles
     00000099  _TI0                               Squiggles
     0000009A  G$RB8$0$0                          Squiggles
     0000009A  G$RB80$0$0                         Squiggles
     0000009A  G$SPI0CFG$0$0                      Squiggles
     0000009A  _RB8                               Squiggles
     0000009A  _RB80                              Squiggles
     0000009A  _SPI0CFG                           Squiggles
     0000009B  G$SPI0DAT$0$0                      Squiggles
     0000009B  G$TB8$0$0                          Squiggles
     0000009B  G$TB80$0$0                         Squiggles
     0000009B  _SPI0DAT                           Squiggles
     0000009B  _TB8                               Squiggles
     0000009B  _TB80                              Squiggles
     0000009C  G$ADC1$0$0                         Squiggles
     0000009C  G$REN$0$0                          Squiggles
     0000009C  G$REN0$0$0                         Squiggles
     0000009C  _ADC1                              Squiggles
     0000009C  _REN                               Squiggles
     0000009C  _REN0                              Squiggles
     0000009D  G$MCE0$0$0                         Squiggles
     0000009D  G$SM2$0$0                          Squiggles
     0000009D  G$SM20$0$0                         Squiggles
     0000009D  G$SPI0CKR$0$0                      Squiggles
     0000009D  _MCE0                              Squiggles
     0000009D  _SM2                               Squiggles
     0000009D  _SM20                              Squiggles
     0000009D  _SPI0CKR                           Squiggles
     0000009E  G$CPT0CN$0$0                       Squiggles
     0000009E  G$SM1$0$0                          Squiggles
     0000009E  G$SM10$0$0                         Squiggles
     0000009E  _CPT0CN                            Squiggles
     0000009E  _SM1                               Squiggles
     0000009E  _SM10                              Squiggles
     0000009F  G$CPT1CN$0$0                       Squiggles
     0000009F  G$S0MODE$0$0                       Squiggles
     0000009F  G$SM0$0$0                          Squiggles
     0000009F  G$SM00$0$0                         Squiggles
     0000009F  _CPT1CN                            Squiggles
     0000009F  _S0MODE                            Squiggles
     0000009F  _SM0                               Squiggles
ASxxxx Linker V03.00 + NoICE + sdld,  page 6.
Hexadecimal  [32-Bits]

Area                                    Addr        Size        Decimal Bytes (Attributes)
--------------------------------        ----        ----        ------- ----- ------------
.  .ABS.                            00000000    00000000 =           0. bytes (ABS,CON)

      Value  Global                              Global Defined In Module
      -----  --------------------------------   ------------------------
     0000009F  _SM00                              Squiggles
     000000A0  G$P2$0$0                           Squiggles
     000000A0  G$P2_0$0$0                         Squiggles
     000000A0  _P2                                Squiggles
     000000A0  _P2_0                              Squiggles
     000000A1  G$EMI0TC$0$0                       Squiggles
     000000A1  G$P2_1$0$0                         Squiggles
     000000A1  _EMI0TC                            Squiggles
     000000A1  _P2_1                              Squiggles
     000000A2  G$P2_2$0$0                         Squiggles
     000000A2  _P2_2                              Squiggles
     000000A3  G$EMI0CF$0$0                       Squiggles
     000000A3  G$P2_3$0$0                         Squiggles
     000000A3  _EMI0CF                            Squiggles
     000000A3  _P2_3                              Squiggles
     000000A4  G$P0MDOUT$0$0                      Squiggles
     000000A4  G$P2_4$0$0                         Squiggles
     000000A4  G$PRT0CF$0$0                       Squiggles
     000000A4  _P0MDOUT                           Squiggles
     000000A4  _P2_4                              Squiggles
     000000A4  _PRT0CF                            Squiggles
     000000A5  G$P1MDOUT$0$0                      Squiggles
     000000A5  G$P2_5$0$0                         Squiggles
     000000A5  G$PRT1CF$0$0                       Squiggles
     000000A5  _P1MDOUT                           Squiggles
     000000A5  _P2_5                              Squiggles
     000000A5  _PRT1CF                            Squiggles
     000000A6  G$P2MDOUT$0$0                      Squiggles
     000000A6  G$P2_6$0$0                         Squiggles
     000000A6  G$PRT2CF$0$0                       Squiggles
     000000A6  _P2MDOUT                           Squiggles
     000000A6  _P2_6                              Squiggles
     000000A6  _PRT2CF                            Squiggles
     000000A7  G$P2_7$0$0                         Squiggles
     000000A7  G$P3MDOUT$0$0                      Squiggles
     000000A7  G$PRT3CF$0$0                       Squiggles
     000000A7  _P2_7                              Squiggles
     000000A7  _P3MDOUT                           Squiggles
     000000A7  _PRT3CF                            Squiggles
     000000A8  G$EX0$0$0                          Squiggles
     000000A8  G$IE$0$0                           Squiggles
     000000A8  _EX0                               Squiggles
     000000A8  _IE                                Squiggles
     000000A9  G$ET0$0$0                          Squiggles
     000000A9  G$SADDR0$0$0                       Squiggles
     000000A9  _ET0                               Squiggles
     000000A9  _SADDR0                            Squiggles
     000000AA  G$ADC1CN$0$0                       Squiggles
     000000AA  G$EX1$0$0                          Squiggles
     000000AA  _ADC1CN                            Squiggles
     000000AA  _EX1                               Squiggles
ASxxxx Linker V03.00 + NoICE + sdld,  page 7.
Hexadecimal  [32-Bits]

Area                                    Addr        Size        Decimal Bytes (Attributes)
--------------------------------        ----        ----        ------- ----- ------------
.  .ABS.                            00000000    00000000 =           0. bytes (ABS,CON)

      Value  Global                              Global Defined In Module
      -----  --------------------------------   ------------------------
     000000AB  G$ADC1CF$0$0                       Squiggles
     000000AB  G$ET1$0$0                          Squiggles
     000000AB  _ADC1CF                            Squiggles
     000000AB  _ET1                               Squiggles
     000000AC  G$AMX1SL$0$0                       Squiggles
     000000AC  G$ES$0$0                           Squiggles
     000000AC  G$ES0$0$0                          Squiggles
     000000AC  _AMX1SL                            Squiggles
     000000AC  _ES                                Squiggles
     000000AC  _ES0                               Squiggles
     000000AD  G$ET2$0$0                          Squiggles
     000000AD  G$P3IF$0$0                         Squiggles
     000000AD  _ET2                               Squiggles
     000000AD  _P3IF                              Squiggles
     000000AE  G$SADEN1$0$0                       Squiggles
     000000AE  _SADEN1                            Squiggles
     000000AF  G$EA$0$0                           Squiggles
     000000AF  G$EMI0CN$0$0                       Squiggles
     000000AF  G$_XPAGE$0$0                       Squiggles
     000000AF  _EA                                Squiggles
     000000AF  _EMI0CN                            Squiggles
     000000AF  __XPAGE                            Squiggles
     000000B0  G$P3$0$0                           Squiggles
     000000B0  G$P3_0$0$0                         Squiggles
     000000B0  _P3                                Squiggles
     000000B0  _P3_0                              Squiggles
     000000B1  G$OSCXCN$0$0                       Squiggles
     000000B1  G$P3_1$0$0                         Squiggles
     000000B1  _OSCXCN                            Squiggles
     000000B1  _P3_1                              Squiggles
     000000B2  G$OSCICN$0$0                       Squiggles
     000000B2  G$P3_2$0$0                         Squiggles
     000000B2  _OSCICN                            Squiggles
     000000B2  _P3_2                              Squiggles
     000000B3  G$P3_3$0$0                         Squiggles
     000000B3  _P3_3                              Squiggles
     000000B4  G$P3_4$0$0                         Squiggles
     000000B4  _P3_4                              Squiggles
     000000B5  G$P3_5$0$0                         Squiggles
     000000B5  G$P74OUT$0$0                       Squiggles
     000000B5  _P3_5                              Squiggles
     000000B5  _P74OUT                            Squiggles
     000000B6  G$FLSCL$0$0                        Squiggles
     000000B6  G$P3_6$0$0                         Squiggles
     000000B6  G$RANGER_SWITCH$0$0                Squiggles
     000000B6  _FLSCL                             Squiggles
     000000B6  _P3_6                              Squiggles
     000000B6  _RANGER_SWITCH                     Squiggles
     000000B7  G$COMPASS_SWITCH$0$0               Squiggles
     000000B7  G$FLACL$0$0                        Squiggles
     000000B7  G$P3_7$0$0                         Squiggles
ASxxxx Linker V03.00 + NoICE + sdld,  page 8.
Hexadecimal  [32-Bits]

Area                                    Addr        Size        Decimal Bytes (Attributes)
--------------------------------        ----        ----        ------- ----- ------------
.  .ABS.                            00000000    00000000 =           0. bytes (ABS,CON)

      Value  Global                              Global Defined In Module
      -----  --------------------------------   ------------------------
     000000B7  _COMPASS_SWITCH                    Squiggles
     000000B7  _FLACL                             Squiggles
     000000B7  _P3_7                              Squiggles
     000000B8  G$IP$0$0                           Squiggles
     000000B8  G$PX0$0$0                          Squiggles
     000000B8  _IP                                Squiggles
     000000B8  _PX0                               Squiggles
     000000B9  G$PT0$0$0                          Squiggles
     000000B9  G$SADEN0$0$0                       Squiggles
     000000B9  _PT0                               Squiggles
     000000B9  _SADEN0                            Squiggles
     000000BA  G$AMX0CF$0$0                       Squiggles
     000000BA  G$PX1$0$0                          Squiggles
     000000BA  _AMX0CF                            Squiggles
     000000BA  _PX1                               Squiggles
     000000BB  G$AMX0SL$0$0                       Squiggles
     000000BB  G$PT1$0$0                          Squiggles
     000000BB  _AMX0SL                            Squiggles
     000000BB  _PT1                               Squiggles
     000000BC  G$ADC0CF$0$0                       Squiggles
     000000BC  G$PS$0$0                           Squiggles
     000000BC  G$PS0$0$0                          Squiggles
     000000BC  _ADC0CF                            Squiggles
     000000BC  _PS                                Squiggles
     000000BC  _PS0                               Squiggles
     000000BD  G$P1MDIN$0$0                       Squiggles
     000000BD  G$PT2$0$0                          Squiggles
     000000BD  _P1MDIN                            Squiggles
     000000BD  _PT2                               Squiggles
     000000BE  G$ADC0L$0$0                        Squiggles
     000000BE  _ADC0L                             Squiggles
     000000BF  G$ADC0H$0$0                        Squiggles
     000000BF  _ADC0H                             Squiggles
     000000C0  G$BUS_TOE$0$0                      Squiggles
     000000C0  G$SMB0CN$0$0                       Squiggles
     000000C0  G$SMBTOE$0$0                       Squiggles
     000000C0  _BUS_TOE                           Squiggles
     000000C0  _SMB0CN                            Squiggles
     000000C0  _SMBTOE                            Squiggles
     000000C1  G$BUS_FTE$0$0                      Squiggles
     000000C1  G$SMB0STA$0$0                      Squiggles
     000000C1  G$SMBFTE$0$0                       Squiggles
     000000C1  _BUS_FTE                           Squiggles
     000000C1  _SMB0STA                           Squiggles
     000000C1  _SMBFTE                            Squiggles
     000000C2  G$AA$0$0                           Squiggles
     000000C2  G$BUS_AA$0$0                       Squiggles
     000000C2  G$SMB0DAT$0$0                      Squiggles
     000000C2  _AA                                Squiggles
     000000C2  _BUS_AA                            Squiggles
     000000C2  _SMB0DAT                           Squiggles
ASxxxx Linker V03.00 + NoICE + sdld,  page 9.
Hexadecimal  [32-Bits]

Area                                    Addr        Size        Decimal Bytes (Attributes)
--------------------------------        ----        ----        ------- ----- ------------
.  .ABS.                            00000000    00000000 =           0. bytes (ABS,CON)

      Value  Global                              Global Defined In Module
      -----  --------------------------------   ------------------------
     000000C3  G$BUS_INT$0$0                      Squiggles
     000000C3  G$SI$0$0                           Squiggles
     000000C3  G$SMB0ADR$0$0                      Squiggles
     000000C3  _BUS_INT                           Squiggles
     000000C3  _SI                                Squiggles
     000000C3  _SMB0ADR                           Squiggles
     000000C4  G$ADC0GTL$0$0                      Squiggles
     000000C4  G$BUS_STOP$0$0                     Squiggles
     000000C4  G$STO$0$0                          Squiggles
     000000C4  _ADC0GTL                           Squiggles
     000000C4  _BUS_STOP                          Squiggles
     000000C4  _STO                               Squiggles
     000000C5  G$ADC0GTH$0$0                      Squiggles
     000000C5  G$BUS_START$0$0                    Squiggles
     000000C5  G$STA$0$0                          Squiggles
     000000C5  _ADC0GTH                           Squiggles
     000000C5  _BUS_START                         Squiggles
     000000C5  _STA                               Squiggles
     000000C6  G$ADC0LTL$0$0                      Squiggles
     000000C6  G$BUS_EN$0$0                       Squiggles
     000000C6  G$ENSMB$0$0                        Squiggles
     000000C6  _ADC0LTL                           Squiggles
     000000C6  _BUS_EN                            Squiggles
     000000C6  _ENSMB                             Squiggles
     000000C7  G$ADC0LTH$0$0                      Squiggles
     000000C7  G$BUSY$0$0                         Squiggles
     000000C7  G$BUS_BUSY$0$0                     Squiggles
     000000C7  _ADC0LTH                           Squiggles
     000000C7  _BUSY                              Squiggles
     000000C7  _BUS_BUSY                          Squiggles
     000000C8  G$CPRL2$0$0                        Squiggles
     000000C8  G$T2CON$0$0                        Squiggles
     000000C8  _CPRL2                             Squiggles
     000000C8  _T2CON                             Squiggles
     000000C9  G$CT2$0$0                          Squiggles
     000000C9  G$T4CON$0$0                        Squiggles
     000000C9  _CT2                               Squiggles
     000000C9  _T4CON                             Squiggles
     000000CA  G$RCAP2L$0$0                       Squiggles
     000000CA  G$TR2$0$0                          Squiggles
     000000CA  _RCAP2L                            Squiggles
     000000CA  _TR2                               Squiggles
     000000CB  G$EXEN2$0$0                        Squiggles
     000000CB  G$RCAP2H$0$0                       Squiggles
     000000CB  _EXEN2                             Squiggles
     000000CB  _RCAP2H                            Squiggles
     000000CC  G$TCLK$0$0                         Squiggles
     000000CC  G$TL2$0$0                          Squiggles
     000000CC  _TCLK                              Squiggles
     000000CC  _TL2                               Squiggles
     000000CD  G$RCLK$0$0                         Squiggles
ASxxxx Linker V03.00 + NoICE + sdld,  page 10.
Hexadecimal  [32-Bits]

Area                                    Addr        Size        Decimal Bytes (Attributes)
--------------------------------        ----        ----        ------- ----- ------------
.  .ABS.                            00000000    00000000 =           0. bytes (ABS,CON)

      Value  Global                              Global Defined In Module
      -----  --------------------------------   ------------------------
     000000CD  G$TH2$0$0                          Squiggles
     000000CD  _RCLK                              Squiggles
     000000CD  _TH2                               Squiggles
     000000CE  G$EXF2$0$0                         Squiggles
     000000CE  _EXF2                              Squiggles
     000000CF  G$SMB0CR$0$0                       Squiggles
     000000CF  G$TF2$0$0                          Squiggles
     000000CF  _SMB0CR                            Squiggles
     000000CF  _TF2                               Squiggles
     000000D0  G$P$0$0                            Squiggles
     000000D0  G$PSW$0$0                          Squiggles
     000000D0  _P                                 Squiggles
     000000D0  _PSW                               Squiggles
     000000D1  G$F1$0$0                           Squiggles
     000000D1  G$REF0CN$0$0                       Squiggles
     000000D1  _F1                                Squiggles
     000000D1  _REF0CN                            Squiggles
     000000D2  G$DAC0L$0$0                        Squiggles
     000000D2  G$OV$0$0                           Squiggles
     000000D2  _DAC0L                             Squiggles
     000000D2  _OV                                Squiggles
     000000D3  G$DAC0H$0$0                        Squiggles
     000000D3  G$RS0$0$0                          Squiggles
     000000D3  _DAC0H                             Squiggles
     000000D3  _RS0                               Squiggles
     000000D4  G$DAC0CN$0$0                       Squiggles
     000000D4  G$RS1$0$0                          Squiggles
     000000D4  _DAC0CN                            Squiggles
     000000D4  _RS1                               Squiggles
     000000D5  G$DAC1L$0$0                        Squiggles
     000000D5  G$F0$0$0                           Squiggles
     000000D5  _DAC1L                             Squiggles
     000000D5  _F0                                Squiggles
     000000D6  G$AC$0$0                           Squiggles
     000000D6  G$DAC1H$0$0                        Squiggles
     000000D6  _AC                                Squiggles
     000000D6  _DAC1H                             Squiggles
     000000D7  G$CY$0$0                           Squiggles
     000000D7  G$DAC1CN$0$0                       Squiggles
     000000D7  _CY                                Squiggles
     000000D7  _DAC1CN                            Squiggles
     000000D8  G$CCF0$0$0                         Squiggles
     000000D8  G$PCA0CN$0$0                       Squiggles
     000000D8  _CCF0                              Squiggles
     000000D8  _PCA0CN                            Squiggles
     000000D9  G$CCF1$0$0                         Squiggles
     000000D9  G$PCA0MD$0$0                       Squiggles
     000000D9  _CCF1                              Squiggles
     000000D9  _PCA0MD                            Squiggles
     000000DA  G$CCF2$0$0                         Squiggles
     000000DA  G$PCA0CPM0$0$0                     Squiggles
ASxxxx Linker V03.00 + NoICE + sdld,  page 11.
Hexadecimal  [32-Bits]

Area                                    Addr        Size        Decimal Bytes (Attributes)
--------------------------------        ----        ----        ------- ----- ------------
.  .ABS.                            00000000    00000000 =           0. bytes (ABS,CON)

      Value  Global                              Global Defined In Module
      -----  --------------------------------   ------------------------
     000000DA  _CCF2                              Squiggles
     000000DA  _PCA0CPM0                          Squiggles
     000000DB  G$CCF3$0$0                         Squiggles
     000000DB  G$PCA0CPM1$0$0                     Squiggles
     000000DB  _CCF3                              Squiggles
     000000DB  _PCA0CPM1                          Squiggles
     000000DC  G$CCF4$0$0                         Squiggles
     000000DC  G$PCA0CPM2$0$0                     Squiggles
     000000DC  _CCF4                              Squiggles
     000000DC  _PCA0CPM2                          Squiggles
     000000DD  G$PCA0CPM3$0$0                     Squiggles
     000000DD  _PCA0CPM3                          Squiggles
     000000DE  G$CR$0$0                           Squiggles
     000000DE  G$PCA0CPM4$0$0                     Squiggles
     000000DE  _CR                                Squiggles
     000000DE  _PCA0CPM4                          Squiggles
     000000DF  G$CF$0$0                           Squiggles
     000000DF  _CF                                Squiggles
     000000E0  G$ACC$0$0                          Squiggles
     000000E0  _ACC                               Squiggles
     000000E1  G$XBR0$0$0                         Squiggles
     000000E1  _XBR0                              Squiggles
     000000E2  G$XBR1$0$0                         Squiggles
     000000E2  _XBR1                              Squiggles
     000000E3  G$XBR2$0$0                         Squiggles
     000000E3  _XBR2                              Squiggles
     000000E4  G$RCAP4L$0$0                       Squiggles
     000000E4  _RCAP4L                            Squiggles
     000000E5  G$RCAP4H$0$0                       Squiggles
     000000E5  _RCAP4H                            Squiggles
     000000E6  G$EIE1$0$0                         Squiggles
     000000E6  _EIE1                              Squiggles
     000000E7  G$EIE2$0$0                         Squiggles
     000000E7  _EIE2                              Squiggles
     000000E8  G$AD0LJST$0$0                      Squiggles
     000000E8  G$ADC0CN$0$0                       Squiggles
     000000E8  G$ADLJST$0$0                       Squiggles
     000000E8  _AD0LJST                           Squiggles
     000000E8  _ADC0CN                            Squiggles
     000000E8  _ADLJST                            Squiggles
     000000E9  G$AD0WINT$0$0                      Squiggles
     000000E9  G$ADWINT$0$0                       Squiggles
     000000E9  G$PCA0L$0$0                        Squiggles
     000000E9  _AD0WINT                           Squiggles
     000000E9  _ADWINT                            Squiggles
     000000E9  _PCA0L                             Squiggles
     000000EA  G$AD0CM0$0$0                       Squiggles
     000000EA  G$ADSTM0$0$0                       Squiggles
     000000EA  G$PCA0CPL0$0$0                     Squiggles
     000000EA  _AD0CM0                            Squiggles
     000000EA  _ADSTM0                            Squiggles
ASxxxx Linker V03.00 + NoICE + sdld,  page 12.
Hexadecimal  [32-Bits]

Area                                    Addr        Size        Decimal Bytes (Attributes)
--------------------------------        ----        ----        ------- ----- ------------
.  .ABS.                            00000000    00000000 =           0. bytes (ABS,CON)

      Value  Global                              Global Defined In Module
      -----  --------------------------------   ------------------------
     000000EA  _PCA0CPL0                          Squiggles
     000000EB  G$AD0CM1$0$0                       Squiggles
     000000EB  G$ADSTM1$0$0                       Squiggles
     000000EB  G$PCA0CPL1$0$0                     Squiggles
     000000EB  _AD0CM1                            Squiggles
     000000EB  _ADSTM1                            Squiggles
     000000EB  _PCA0CPL1                          Squiggles
     000000EC  G$AD0BUSY$0$0                      Squiggles
     000000EC  G$ADBUSY$0$0                       Squiggles
     000000EC  G$PCA0CPL2$0$0                     Squiggles
     000000EC  _AD0BUSY                           Squiggles
     000000EC  _ADBUSY                            Squiggles
     000000EC  _PCA0CPL2                          Squiggles
     000000ED  G$AD0INT$0$0                       Squiggles
     000000ED  G$ADCINT$0$0                       Squiggles
     000000ED  G$PCA0CPL3$0$0                     Squiggles
     000000ED  _AD0INT                            Squiggles
     000000ED  _ADCINT                            Squiggles
     000000ED  _PCA0CPL3                          Squiggles
     000000EE  G$AD0TM$0$0                        Squiggles
     000000EE  G$ADCTM$0$0                        Squiggles
     000000EE  G$PCA0CPL4$0$0                     Squiggles
     000000EE  _AD0TM                             Squiggles
     000000EE  _ADCTM                             Squiggles
     000000EE  _PCA0CPL4                          Squiggles
     000000EF  G$AD0EN$0$0                        Squiggles
     000000EF  G$ADCEN$0$0                        Squiggles
     000000EF  G$RSTSRC$0$0                       Squiggles
     000000EF  _AD0EN                             Squiggles
     000000EF  _ADCEN                             Squiggles
     000000EF  _RSTSRC                            Squiggles
     000000F0  G$B$0$0                            Squiggles
     000000F0  _B                                 Squiggles
     000000F1  G$SCON1$0$0                        Squiggles
     000000F1  _SCON1                             Squiggles
     000000F2  G$SBUF1$0$0                        Squiggles
     000000F2  _SBUF1                             Squiggles
     000000F3  G$SADDR1$0$0                       Squiggles
     000000F3  _SADDR1                            Squiggles
     000000F4  G$TL4$0$0                          Squiggles
     000000F4  _TL4                               Squiggles
     000000F5  G$TH4$0$0                          Squiggles
     000000F5  _B_5                               _gptrget
     000000F5  _TH4                               Squiggles
     000000F6  G$EIP1$0$0                         Squiggles
     000000F6  _B_6                               _gptrget
     000000F6  _EIP1                              Squiggles
     000000F7  G$EIP2$0$0                         Squiggles
     000000F7  _B_7                               _gptrget
     000000F7  _EIP2                              Squiggles
     000000F8  G$SPI0CN$0$0                       Squiggles
ASxxxx Linker V03.00 + NoICE + sdld,  page 13.
Hexadecimal  [32-Bits]

Area                                    Addr        Size        Decimal Bytes (Attributes)
--------------------------------        ----        ----        ------- ----- ------------
.  .ABS.                            00000000    00000000 =           0. bytes (ABS,CON)

      Value  Global                              Global Defined In Module
      -----  --------------------------------   ------------------------
     000000F8  G$SPIEN$0$0                        Squiggles
     000000F8  _SPI0CN                            Squiggles
     000000F8  _SPIEN                             Squiggles
     000000F9  G$MSTEN$0$0                        Squiggles
     000000F9  G$PCA0H$0$0                        Squiggles
     000000F9  _MSTEN                             Squiggles
     000000F9  _PCA0H                             Squiggles
     000000FA  G$PCA0CPH0$0$0                     Squiggles
     000000FA  G$SLVSEL$0$0                       Squiggles
     000000FA  _PCA0CPH0                          Squiggles
     000000FA  _SLVSEL                            Squiggles
     000000FB  G$PCA0CPH1$0$0                     Squiggles
     000000FB  G$TXBSY$0$0                        Squiggles
     000000FB  _PCA0CPH1                          Squiggles
     000000FB  _TXBSY                             Squiggles
     000000FC  G$PCA0CPH2$0$0                     Squiggles
     000000FC  G$RXOVRN$0$0                       Squiggles
     000000FC  _PCA0CPH2                          Squiggles
     000000FC  _RXOVRN                            Squiggles
     000000FD  G$MODF$0$0                         Squiggles
     000000FD  G$PCA0CPH3$0$0                     Squiggles
     000000FD  _MODF                              Squiggles
     000000FD  _PCA0CPH3                          Squiggles
     000000FE  G$PCA0CPH4$0$0                     Squiggles
     000000FE  G$WCOL$0$0                         Squiggles
     000000FE  _PCA0CPH4                          Squiggles
     000000FE  _WCOL                              Squiggles
     000000FF  G$SPIF$0$0                         Squiggles
     000000FF  G$WDTCN$0$0                        Squiggles
     000000FF  _SPIF                              Squiggles
     000000FF  _WDTCN                             Squiggles
     00008C8A  G$TMR0$0$0                         Squiggles
     00008C8A  _TMR0                              Squiggles
     00008D8B  G$TMR1$0$0                         Squiggles
     00008D8B  _TMR1                              Squiggles
     00009392  G$TMR3RL$0$0                       Squiggles
     00009392  _TMR3RL                            Squiggles
     00009594  G$TMR3$0$0                         Squiggles
     00009594  _TMR3                              Squiggles
     0000BFBE  G$ADC0$0$0                         Squiggles
     0000BFBE  _ADC0                              Squiggles
     0000C5C4  G$ADC0GT$0$0                       Squiggles
     0000C5C4  _ADC0GT                            Squiggles
     0000C7C6  G$ADC0LT$0$0                       Squiggles
     0000C7C6  _ADC0LT                            Squiggles
     0000CBCA  G$RCAP2$0$0                        Squiggles
     0000CBCA  _RCAP2                             Squiggles
     0000CDCC  G$TMR2$0$0                         Squiggles
     0000CDCC  _TMR2                              Squiggles
     0000D3D2  G$DAC0$0$0                         Squiggles
     0000D3D2  _DAC0                              Squiggles
ASxxxx Linker V03.00 + NoICE + sdld,  page 14.
Hexadecimal  [32-Bits]

Area                                    Addr        Size        Decimal Bytes (Attributes)
--------------------------------        ----        ----        ------- ----- ------------
.  .ABS.                            00000000    00000000 =           0. bytes (ABS,CON)

      Value  Global                              Global Defined In Module
      -----  --------------------------------   ------------------------
     0000D6D5  G$DAC1$0$0                         Squiggles
     0000D6D5  _DAC1                              Squiggles
     0000E5E4  G$RCAP4$0$0                        Squiggles
     0000E5E4  _RCAP4                             Squiggles
     0000F5F4  G$TMR4$0$0                         Squiggles
     0000F5F4  _TMR4                              Squiggles
     0000F9E9  G$PCA0$0$0                         Squiggles
     0000F9E9  _PCA0                              Squiggles
     0000FAEA  G$PCA0CP0$0$0                      Squiggles
     0000FAEA  _PCA0CP0                           Squiggles
     0000FBEB  G$PCA0CP1$0$0                      Squiggles
     0000FBEB  _PCA0CP1                           Squiggles
     0000FCEC  G$PCA0CP2$0$0                      Squiggles
     0000FCEC  _PCA0CP2                           Squiggles
     0000FDED  G$PCA0CP3$0$0                      Squiggles
     0000FDED  _PCA0CP3                           Squiggles
     0000FEEE  G$PCA0CP4$0$0                      Squiggles
     0000FEEE  _PCA0CP4                           Squiggles

ASxxxx Linker V03.00 + NoICE + sdld,  page 15.
Hexadecimal  [32-Bits]

Area                                    Addr        Size        Decimal Bytes (Attributes)
--------------------------------        ----        ----        ------- ----- ------------
BSEG_BYTES                          00000020    00000002 =           2. bytes (REL,CON)

      Value  Global                              Global Defined In Module
      -----  --------------------------------   ------------------------
ASxxxx Linker V03.00 + NoICE + sdld,  page 16.
Hexadecimal  [32-Bits]

Area                                    Addr        Size        Decimal Bytes (Attributes)
--------------------------------        ----        ----        ------- ----- ------------
REG_BANK_0                          00000000    00000008 =           8. bytes (REL,OVR)

      Value  Global                              Global Defined In Module
      -----  --------------------------------   ------------------------
ASxxxx Linker V03.00 + NoICE + sdld,  page 17.
Hexadecimal  [32-Bits]

Area                                    Addr        Size        Decimal Bytes (Attributes)
--------------------------------        ----        ----        ------- ----- ------------
DSEG                                00000000    0000007D =         125. bytes (REL,CON)

      Value  Global                              Global Defined In Module
      -----  --------------------------------   ------------------------
     00000008  _vsprintf_PARM_2                   sprintf
     0000000B  _vsprintf_PARM_3                   sprintf
     0000000F  _bp                                _bp
     00000010  _vprintf_PARM_2                    vprintf
     00000022  LSquiggles.lcd_clear$NumBytes$1$   Squiggles
     00000023  LSquiggles.lcd_clear$Cmd$1$77      Squiggles
     00000025  LSquiggles.read_keypad$Data$1$78   Squiggles
     00000027  LSquiggles.i2c_write_data$start_   Squiggles
     00000027  _i2c_write_data_PARM_2             Squiggles
     00000028  LSquiggles.i2c_write_data$buffer   Squiggles
     00000028  _i2c_write_data_PARM_3             Squiggles
     0000002B  LSquiggles.i2c_write_data$num_by   Squiggles
     0000002B  _i2c_write_data_PARM_4             Squiggles
     0000002C  LSquiggles.i2c_read_data$start_r   Squiggles
     0000002C  _i2c_read_data_PARM_2              Squiggles
     0000002D  LSquiggles.i2c_read_data$buffer$   Squiggles
     0000002D  _i2c_read_data_PARM_3              Squiggles
     00000030  LSquiggles.i2c_read_data$num_byt   Squiggles
     00000030  _i2c_read_data_PARM_4              Squiggles
     00000031  LSquiggles.Accel_Init$Data2$1$10   Squiggles
     00000032  G$Counts$0$0                       Squiggles
     00000032  _Counts                            Squiggles
     00000034  G$nCounts$0$0                      Squiggles
     00000034  _nCounts                           Squiggles
     00000036  G$nOverflows$0$0                   Squiggles
     00000036  _nOverflows                        Squiggles
     00000038  G$desired_heading$0$0              Squiggles
     00000038  _desired_heading                   Squiggles
     0000003A  G$compass_gain$0$0                 Squiggles
     0000003A  _compass_gain                      Squiggles
     0000003E  G$h_count$0$0                      Squiggles
     0000003E  _h_count                           Squiggles
     0000003F  G$r_count$0$0                      Squiggles
     0000003F  _r_count                           Squiggles
     00000040  G$delay$0$0                        Squiggles
     00000040  _delay                             Squiggles
     00000041  G$new_heading$0$0                  Squiggles
     00000041  _new_heading                       Squiggles
     00000042  G$new_range$0$0                    Squiggles
     00000042  _new_range                         Squiggles
     00000043  G$heading$0$0                      Squiggles
     00000043  _heading                           Squiggles
     00000045  G$range$0$0                        Squiggles
     00000045  _range                             Squiggles
     00000047  G$COMPASS_PW$0$0                   Squiggles
     00000047  _COMPASS_PW                        Squiggles
     00000049  G$range_adj$0$0                    Squiggles
     00000049  _range_adj                         Squiggles
     0000004B  G$compass_adj$0$0                  Squiggles
     0000004B  _compass_adj                       Squiggles
ASxxxx Linker V03.00 + NoICE + sdld,  page 18.
Hexadecimal  [32-Bits]

Area                                    Addr        Size        Decimal Bytes (Attributes)
--------------------------------        ----        ----        ------- ----- ------------
DSEG                                00000000    0000007D =         125. bytes (REL,CON)

      Value  Global                              Global Defined In Module
      -----  --------------------------------   ------------------------
     0000004D  G$ranger_gain$0$0                  Squiggles
     0000004D  _ranger_gain                       Squiggles
     0000004E  G$AD_Result$0$0                    Squiggles
     0000004E  _AD_Result                         Squiggles
     0000004F  G$voltage$0$0                      Squiggles
     0000004F  _voltage                           Squiggles
     00000050  G$Data$0$0                         Squiggles
     00000050  _Data                              Squiggles
     00000052  G$print_delay$0$0                  Squiggles
     00000052  _print_delay                       Squiggles
     00000053  LSquiggles.read_compass$Data$1$1   Squiggles
     00000055  LSquiggles.Update_Value$incr$1$1   Squiggles
     00000055  _Update_Value_PARM_2               Squiggles
     00000056  LSquiggles.Update_Value$maxval$1   Squiggles
     00000056  _Update_Value_PARM_3               Squiggles
     00000058  LSquiggles.Update_Value$minval$1   Squiggles
     00000058  _Update_Value_PARM_4               Squiggles
     00000066  __print_format_PARM_2              printf_large
     00000069  __print_format_PARM_3              printf_large
     0000006C  __print_format_PARM_4              printf_large

ASxxxx Linker V03.00 + NoICE + sdld,  page 19.
Hexadecimal  [32-Bits]

Area                                    Addr        Size        Decimal Bytes (Attributes)
--------------------------------        ----        ----        ------- ----- ------------
OSEG                                00000011    00000006 =           6. bytes (REL,OVR)

      Value  Global                              Global Defined In Module
      -----  --------------------------------   ------------------------
     00000011  __divsint_PARM_2                   _divuint
     00000011  __divuint_PARM_2                   _divuint
     00000011  __gptrput_PARM_2                   _gptrput
     00000011  __mulint_PARM_2                    _mulint

ASxxxx Linker V03.00 + NoICE + sdld,  page 20.
Hexadecimal  [32-Bits]

Area                                    Addr        Size        Decimal Bytes (Attributes)
--------------------------------        ----        ----        ------- ----- ------------
ISEG                                00000017    00000006 =           6. bytes (REL,CON)

      Value  Global                              Global Defined In Module
      -----  --------------------------------   ------------------------
ASxxxx Linker V03.00 + NoICE + sdld,  page 21.
Hexadecimal  [32-Bits]

Area                                    Addr        Size        Decimal Bytes (Attributes)
--------------------------------        ----        ----        ------- ----- ------------
SSEG                                00000074    0000008C =         140. bytes (REL,OVR)

      Value  Global                              Global Defined In Module
      -----  --------------------------------   ------------------------
     00000074  __start__stack                     Squiggles

ASxxxx Linker V03.00 + NoICE + sdld,  page 22.
Hexadecimal  [32-Bits]

Area                                    Addr        Size        Decimal Bytes (Attributes)
--------------------------------        ----        ----        ------- ----- ------------
XSEG                                00000001    00000050 =          80. bytes (REL,CON,XDATA)

      Value  Global                              Global Defined In Module
      -----  --------------------------------   ------------------------
D:   00000001  LSquiggles.lcd_print$text$1$73     Squiggles

ASxxxx Linker V03.00 + NoICE + sdld,  page 23.
Hexadecimal  [32-Bits]

Area                                    Addr        Size        Decimal Bytes (Attributes)
--------------------------------        ----        ----        ------- ----- ------------
HOME                                00000000    00000051 =          81. bytes (REL,CON,CODE)

      Value  Global                              Global Defined In Module
      -----  --------------------------------   ------------------------
C:   00000000  A$Squiggles$1122                   Squiggles
C:   00000003  A$Squiggles$1123                   Squiggles
C:   0000000B  A$Squiggles$1125                   Squiggles
C:   00000013  A$Squiggles$1127                   Squiggles
C:   0000001B  A$Squiggles$1129                   Squiggles
C:   00000023  A$Squiggles$1131                   Squiggles
C:   0000002B  A$Squiggles$1133                   Squiggles
C:   00000033  A$Squiggles$1135                   Squiggles
C:   0000003B  A$Squiggles$1137                   Squiggles
C:   00000043  A$Squiggles$1139                   Squiggles
C:   0000004B  A$Squiggles$1141                   Squiggles
C:   0000004E  A$Squiggles$1181                   Squiggles
C:   0000004E  __sdcc_program_startup             Squiggles

ASxxxx Linker V03.00 + NoICE + sdld,  page 24.
Hexadecimal  [32-Bits]

Area                                    Addr        Size        Decimal Bytes (Attributes)
--------------------------------        ----        ----        ------- ----- ------------
GSINIT0                             00000051    00000003 =           3. bytes (REL,CON,CODE)

      Value  Global                              Global Defined In Module
      -----  --------------------------------   ------------------------
C:   00000051  __sdcc_gsinit_startup              

ASxxxx Linker V03.00 + NoICE + sdld,  page 25.
Hexadecimal  [32-Bits]

Area                                    Addr        Size        Decimal Bytes (Attributes)
--------------------------------        ----        ----        ------- ----- ------------
GSINIT2                             00000054    0000000A =          10. bytes (REL,CON,CODE)

      Value  Global                              Global Defined In Module
      -----  --------------------------------   ------------------------
ASxxxx Linker V03.00 + NoICE + sdld,  page 26.
Hexadecimal  [32-Bits]

Area                                    Addr        Size        Decimal Bytes (Attributes)
--------------------------------        ----        ----        ------- ----- ------------
GSINIT3                             0000005E    00000022 =          34. bytes (REL,CON,CODE)

      Value  Global                              Global Defined In Module
      -----  --------------------------------   ------------------------
C:   0000005E  __mcs51_genXINIT                   

ASxxxx Linker V03.00 + NoICE + sdld,  page 27.
Hexadecimal  [32-Bits]

Area                                    Addr        Size        Decimal Bytes (Attributes)
--------------------------------        ----        ----        ------- ----- ------------
GSINIT4                             00000080    0000002A =          42. bytes (REL,CON,CODE)

      Value  Global                              Global Defined In Module
      -----  --------------------------------   ------------------------
C:   00000080  __mcs51_genRAMCLEAR                
C:   00000086  __mcs51_genXRAMCLEAR               

ASxxxx Linker V03.00 + NoICE + sdld,  page 28.
Hexadecimal  [32-Bits]

Area                                    Addr        Size        Decimal Bytes (Attributes)
--------------------------------        ----        ----        ------- ----- ------------
GSINIT                              000000AA    00000016 =          22. bytes (REL,CON,CODE)

      Value  Global                              Global Defined In Module
      -----  --------------------------------   ------------------------
C:   000000AA  A$Squiggles$1157                   Squiggles
C:   000000AA  C$Squiggles.c$44$1$161             Squiggles
C:   000000AB  A$Squiggles$1158                   Squiggles
C:   000000AD  A$Squiggles$1159                   Squiggles
C:   000000AF  A$Squiggles$1160                   Squiggles
C:   000000B2  A$Squiggles$1161                   Squiggles
C:   000000B5  A$Squiggles$1164                   Squiggles
C:   000000B5  C$Squiggles.c$55$1$161             Squiggles
C:   000000B7  A$Squiggles$1165                   Squiggles
C:   000000B9  A$Squiggles$1168                   Squiggles
C:   000000B9  C$Squiggles.c$56$1$161             Squiggles
C:   000000BB  A$Squiggles$1169                   Squiggles
C:   000000BD  A$Squiggles$1172                   Squiggles
C:   000000BD  C$Squiggles.c$57$1$161             Squiggles

ASxxxx Linker V03.00 + NoICE + sdld,  page 29.
Hexadecimal  [32-Bits]

Area                                    Addr        Size        Decimal Bytes (Attributes)
--------------------------------        ----        ----        ------- ----- ------------
GSFINAL                             000000C0    00000003 =           3. bytes (REL,CON,CODE)

      Value  Global                              Global Defined In Module
      -----  --------------------------------   ------------------------
C:   000000C0  A$Squiggles$1174                   Squiggles

ASxxxx Linker V03.00 + NoICE + sdld,  page 30.
Hexadecimal  [32-Bits]

Area                                    Addr        Size        Decimal Bytes (Attributes)
--------------------------------        ----        ----        ------- ----- ------------
CSEG                                000000C3    000013EB =        5099. bytes (REL,CON,CODE)

      Value  Global                              Global Defined In Module
      -----  --------------------------------   ------------------------
C:   000000C3  A$Squiggles$1209                   Squiggles
C:   000000C3  C$c8051_SDCC.h$42$0$0              Squiggles
C:   000000C3  C$c8051_SDCC.h$46$1$31             Squiggles
C:   000000C3  G$SYSCLK_Init$0$0                  Squiggles
C:   000000C3  _SYSCLK_Init                       Squiggles
C:   000000C6  A$Squiggles$1212                   Squiggles
C:   000000C6  C$c8051_SDCC.h$49$1$31             Squiggles
C:   000000C8  A$Squiggles$1213                   Squiggles
C:   000000CA  A$Squiggles$1215                   Squiggles
C:   000000CB  A$Squiggles$1216                   Squiggles
C:   000000CE  A$Squiggles$1217                   Squiggles
C:   000000CF  A$Squiggles$1219                   Squiggles
C:   000000D0  A$Squiggles$1220                   Squiggles
C:   000000D1  A$Squiggles$1221                   Squiggles
C:   000000D3  A$Squiggles$1225                   Squiggles
C:   000000D3  C$c8051_SDCC.h$51$1$31             Squiggles
C:   000000D5  A$Squiggles$1226                   Squiggles
C:   000000D8  A$Squiggles$1229                   Squiggles
C:   000000D8  C$c8051_SDCC.h$53$1$31             Squiggles
C:   000000DB  A$Squiggles$1232                   Squiggles
C:   000000DB  C$c8051_SDCC.h$56$1$31             Squiggles
C:   000000DB  XG$SYSCLK_Init$0$0                 Squiggles
C:   000000DC  A$Squiggles$1245                   Squiggles
C:   000000DC  C$c8051_SDCC.h$64$1$31             Squiggles
C:   000000DC  C$c8051_SDCC.h$66$1$33             Squiggles
C:   000000DC  G$UART0_Init$0$0                   Squiggles
C:   000000DC  _UART0_Init                        Squiggles
C:   000000DF  A$Squiggles$1248                   Squiggles
C:   000000DF  C$c8051_SDCC.h$67$1$33             Squiggles
C:   000000E2  A$Squiggles$1251                   Squiggles
C:   000000E2  C$c8051_SDCC.h$68$1$33             Squiggles
C:   000000E5  A$Squiggles$1254                   Squiggles
C:   000000E5  C$c8051_SDCC.h$69$1$33             Squiggles
C:   000000E7  A$Squiggles$1257                   Squiggles
C:   000000E7  C$c8051_SDCC.h$70$1$33             Squiggles
C:   000000EA  A$Squiggles$1260                   Squiggles
C:   000000EA  C$c8051_SDCC.h$71$1$33             Squiggles
C:   000000ED  A$Squiggles$1263                   Squiggles
C:   000000ED  C$c8051_SDCC.h$73$1$33             Squiggles
C:   000000EF  A$Squiggles$1266                   Squiggles
C:   000000EF  C$c8051_SDCC.h$74$1$33             Squiggles
C:   000000F2  A$Squiggles$1269                   Squiggles
C:   000000F2  C$c8051_SDCC.h$75$1$33             Squiggles
C:   000000F2  XG$UART0_Init$0$0                  Squiggles
C:   000000F3  A$Squiggles$1282                   Squiggles
C:   000000F3  C$c8051_SDCC.h$83$1$33             Squiggles
C:   000000F3  C$c8051_SDCC.h$85$1$35             Squiggles
C:   000000F3  G$Sys_Init$0$0                     Squiggles
C:   000000F3  _Sys_Init                          Squiggles
C:   000000F6  A$Squiggles$1285                   Squiggles
ASxxxx Linker V03.00 + NoICE + sdld,  page 31.
Hexadecimal  [32-Bits]

Area                                    Addr        Size        Decimal Bytes (Attributes)
--------------------------------        ----        ----        ------- ----- ------------
CSEG                                000000C3    000013EB =        5099. bytes (REL,CON,CODE)

      Value  Global                              Global Defined In Module
      -----  --------------------------------   ------------------------
C:   000000F6  C$c8051_SDCC.h$86$1$35             Squiggles
C:   000000F9  A$Squiggles$1288                   Squiggles
C:   000000F9  C$c8051_SDCC.h$88$1$35             Squiggles
C:   000000FC  A$Squiggles$1291                   Squiggles
C:   000000FC  C$c8051_SDCC.h$89$1$35             Squiggles
C:   000000FF  A$Squiggles$1294                   Squiggles
C:   000000FF  C$c8051_SDCC.h$91$1$35             Squiggles
C:   00000102  A$Squiggles$1297                   Squiggles
C:   00000102  C$c8051_SDCC.h$92$1$35             Squiggles
C:   00000105  A$Squiggles$1300                   Squiggles
C:   00000105  C$c8051_SDCC.h$93$1$35             Squiggles
C:   00000105  XG$Sys_Init$0$0                    Squiggles
C:   00000106  A$Squiggles$1313                   Squiggles
C:   00000106  C$c8051_SDCC.h$98$1$35             Squiggles
C:   00000106  G$putchar$0$0                      Squiggles
C:   00000106  _putchar                           Squiggles
C:   00000108  A$Squiggles$1319                   Squiggles
C:   00000108  C$c8051_SDCC.h$100$1$37            Squiggles
C:   00000108  C$c8051_SDCC.h$101$1$37            Squiggles
C:   0000010B  A$Squiggles$1320                   Squiggles
C:   0000010D  A$Squiggles$1324                   Squiggles
C:   0000010D  C$c8051_SDCC.h$102$1$37            Squiggles
C:   0000010F  A$Squiggles$1327                   Squiggles
C:   0000010F  C$c8051_SDCC.h$103$1$37            Squiggles
C:   0000010F  XG$putchar$0$0                     Squiggles
C:   00000110  A$Squiggles$1345                   Squiggles
C:   00000110  C$c8051_SDCC.h$108$1$37            Squiggles
C:   00000110  C$c8051_SDCC.h$111$1$39            Squiggles
C:   00000110  C$c8051_SDCC.h$112$1$39            Squiggles
C:   00000110  G$getchar$0$0                      Squiggles
C:   00000110  _getchar                           Squiggles
C:   00000113  A$Squiggles$1346                   Squiggles
C:   00000115  A$Squiggles$1350                   Squiggles
C:   00000115  C$c8051_SDCC.h$113$1$39            Squiggles
C:   00000118  A$Squiggles$1353                   Squiggles
C:   00000118  C$c8051_SDCC.h$114$1$39            Squiggles
C:   0000011B  A$Squiggles$1356                   Squiggles
C:   0000011B  C$c8051_SDCC.h$115$1$39            Squiggles
C:   0000011E  A$Squiggles$1359                   Squiggles
C:   0000011E  C$c8051_SDCC.h$116$1$39            Squiggles
C:   0000011E  XG$getchar$0$0                     Squiggles
C:   0000011F  A$Squiggles$1376                   Squiggles
C:   0000011F  C$i2c.h$81$1$39                    Squiggles
C:   0000011F  G$lcd_print$0$0                    Squiggles
C:   0000011F  _lcd_print                         Squiggles
C:   00000121  A$Squiggles$1377                   Squiggles
C:   00000124  A$Squiggles$1380                   Squiggles
C:   00000124  C$i2c.h$87$1$73                    Squiggles
C:   00000126  A$Squiggles$1381                   Squiggles
C:   00000128  A$Squiggles$1382                   Squiggles
C:   00000129  A$Squiggles$1383                   Squiggles
ASxxxx Linker V03.00 + NoICE + sdld,  page 32.
Hexadecimal  [32-Bits]

Area                                    Addr        Size        Decimal Bytes (Attributes)
--------------------------------        ----        ----        ------- ----- ------------
CSEG                                000000C3    000013EB =        5099. bytes (REL,CON,CODE)

      Value  Global                              Global Defined In Module
      -----  --------------------------------   ------------------------
C:   0000012B  A$Squiggles$1384                   Squiggles
C:   0000012C  A$Squiggles$1385                   Squiggles
C:   0000012E  A$Squiggles$1386                   Squiggles
C:   0000012F  A$Squiggles$1387                   Squiggles
C:   00000131  A$Squiggles$1388                   Squiggles
C:   00000134  A$Squiggles$1389                   Squiggles
C:   00000136  A$Squiggles$1390                   Squiggles
C:   00000139  A$Squiggles$1391                   Squiggles
C:   0000013B  A$Squiggles$1392                   Squiggles
C:   0000013D  A$Squiggles$1393                   Squiggles
C:   0000013F  A$Squiggles$1397                   Squiggles
C:   0000013F  C$i2c.h$89$2$74                    Squiggles
C:   00000141  A$Squiggles$1398                   Squiggles
C:   00000143  A$Squiggles$1399                   Squiggles
C:   00000144  A$Squiggles$1400                   Squiggles
C:   00000146  A$Squiggles$1403                   Squiggles
C:   00000146  C$i2c.h$90$1$73                    Squiggles
C:   00000148  A$Squiggles$1404                   Squiggles
C:   0000014A  A$Squiggles$1405                   Squiggles
C:   0000014B  A$Squiggles$1406                   Squiggles
C:   0000014D  A$Squiggles$1407                   Squiggles
C:   0000014E  A$Squiggles$1408                   Squiggles
C:   00000150  A$Squiggles$1409                   Squiggles
C:   00000151  A$Squiggles$1410                   Squiggles
C:   00000153  A$Squiggles$1411                   Squiggles
C:   00000156  A$Squiggles$1412                   Squiggles
C:   00000159  A$Squiggles$1413                   Squiggles
C:   0000015C  A$Squiggles$1416                   Squiggles
C:   0000015C  C$i2c.h$93$1$73                    Squiggles
C:   0000015F  A$Squiggles$1417                   Squiggles
C:   00000162  A$Squiggles$1418                   Squiggles
C:   00000165  A$Squiggles$1419                   Squiggles
C:   00000167  A$Squiggles$1422                   Squiggles
C:   00000169  A$Squiggles$1424                   Squiggles
C:   0000016A  A$Squiggles$1425                   Squiggles
C:   0000016B  A$Squiggles$1426                   Squiggles
C:   0000016C  A$Squiggles$1427                   Squiggles
C:   0000016E  A$Squiggles$1430                   Squiggles
C:   0000016E  C$i2c.h$96$2$76                    Squiggles
C:   0000016F  A$Squiggles$1431                   Squiggles
C:   00000171  A$Squiggles$1432                   Squiggles
C:   00000173  A$Squiggles$1433                   Squiggles
C:   00000174  A$Squiggles$1434                   Squiggles
C:   00000176  A$Squiggles$1435                   Squiggles
C:   00000178  A$Squiggles$1436                   Squiggles
C:   00000179  A$Squiggles$1437                   Squiggles
C:   0000017A  A$Squiggles$1438                   Squiggles
C:   0000017D  A$Squiggles$1439                   Squiggles
C:   0000017E  A$Squiggles$1440                   Squiggles
C:   00000180  A$Squiggles$1441                   Squiggles
C:   00000182  A$Squiggles$1442                   Squiggles
ASxxxx Linker V03.00 + NoICE + sdld,  page 33.
Hexadecimal  [32-Bits]

Area                                    Addr        Size        Decimal Bytes (Attributes)
--------------------------------        ----        ----        ------- ----- ------------
CSEG                                000000C3    000013EB =        5099. bytes (REL,CON,CODE)

      Value  Global                              Global Defined In Module
      -----  --------------------------------   ------------------------
C:   00000183  A$Squiggles$1443                   Squiggles
C:   00000185  A$Squiggles$1444                   Squiggles
C:   00000187  A$Squiggles$1445                   Squiggles
C:   00000189  A$Squiggles$1446                   Squiggles
C:   0000018A  A$Squiggles$1450                   Squiggles
C:   0000018A  C$i2c.h$94$1$73                    Squiggles
C:   0000018B  A$Squiggles$1451                   Squiggles
C:   0000018D  A$Squiggles$1455                   Squiggles
C:   0000018D  C$i2c.h$99$1$73                    Squiggles
C:   00000190  A$Squiggles$1456                   Squiggles
C:   00000193  A$Squiggles$1457                   Squiggles
C:   00000196  A$Squiggles$1458                   Squiggles
C:   00000199  A$Squiggles$1459                   Squiggles
C:   0000019B  A$Squiggles$1460                   Squiggles
C:   0000019E  A$Squiggles$1461                   Squiggles
C:   000001A1  A$Squiggles$1463                   Squiggles
C:   000001A3  A$Squiggles$1466                   Squiggles
C:   000001A3  C$i2c.h$100$1$73                   Squiggles
C:   000001A3  XG$lcd_print$0$0                   Squiggles
C:   000001A4  A$Squiggles$1482                   Squiggles
C:   000001A4  C$i2c.h$103$1$73                   Squiggles
C:   000001A4  C$i2c.h$105$1$73                   Squiggles
C:   000001A4  G$lcd_clear$0$0                    Squiggles
C:   000001A4  _lcd_clear                         Squiggles
C:   000001A7  A$Squiggles$1486                   Squiggles
C:   000001A7  C$i2c.h$107$1$77                   Squiggles
C:   000001A9  A$Squiggles$1487                   Squiggles
C:   000001AB  A$Squiggles$1488                   Squiggles
C:   000001AD  A$Squiggles$1489                   Squiggles
C:   000001B0  A$Squiggles$1490                   Squiggles
C:   000001B3  A$Squiggles$1491                   Squiggles
C:   000001B6  A$Squiggles$1492                   Squiggles
C:   000001B9  A$Squiggles$1493                   Squiggles
C:   000001BC  A$Squiggles$1494                   Squiggles
C:   000001BF  A$Squiggles$1495                   Squiggles
C:   000001C2  A$Squiggles$1496                   Squiggles
C:   000001C4  A$Squiggles$1500                   Squiggles
C:   000001C4  C$i2c.h$109$1$77                   Squiggles
C:   000001C7  A$Squiggles$1503                   Squiggles
C:   000001C7  C$i2c.h$110$1$77                   Squiggles
C:   000001CA  A$Squiggles$1504                   Squiggles
C:   000001CD  A$Squiggles$1505                   Squiggles
C:   000001D0  A$Squiggles$1506                   Squiggles
C:   000001D3  A$Squiggles$1507                   Squiggles
C:   000001D6  A$Squiggles$1508                   Squiggles
C:   000001D9  A$Squiggles$1509                   Squiggles
C:   000001DC  A$Squiggles$1512                   Squiggles
C:   000001DC  C$i2c.h$111$1$77                   Squiggles
C:   000001DC  XG$lcd_clear$0$0                   Squiggles
C:   000001DD  A$Squiggles$1528                   Squiggles
C:   000001DD  C$i2c.h$114$1$77                   Squiggles
ASxxxx Linker V03.00 + NoICE + sdld,  page 34.
Hexadecimal  [32-Bits]

Area                                    Addr        Size        Decimal Bytes (Attributes)
--------------------------------        ----        ----        ------- ----- ------------
CSEG                                000000C3    000013EB =        5099. bytes (REL,CON,CODE)

      Value  Global                              Global Defined In Module
      -----  --------------------------------   ------------------------
C:   000001DD  C$i2c.h$118$1$78                   Squiggles
C:   000001DD  G$read_keypad$0$0                  Squiggles
C:   000001DD  _read_keypad                       Squiggles
C:   000001E0  A$Squiggles$1529                   Squiggles
C:   000001E3  A$Squiggles$1530                   Squiggles
C:   000001E6  A$Squiggles$1531                   Squiggles
C:   000001E9  A$Squiggles$1532                   Squiggles
C:   000001EC  A$Squiggles$1533                   Squiggles
C:   000001EF  A$Squiggles$1534                   Squiggles
C:   000001F2  A$Squiggles$1537                   Squiggles
C:   000001F2  C$i2c.h$119$1$78                   Squiggles
C:   000001F4  A$Squiggles$1538                   Squiggles
C:   000001F7  A$Squiggles$1539                   Squiggles
C:   000001FA  A$Squiggles$1540                   Squiggles
C:   000001FC  A$Squiggles$1544                   Squiggles
C:   000001FE  A$Squiggles$1545                   Squiggles
C:   00000200  A$Squiggles$1549                   Squiggles
C:   00000200  C$i2c.h$123$2$79                   Squiggles
C:   00000202  A$Squiggles$1550                   Squiggles
C:   00000204  A$Squiggles$1551                   Squiggles
C:   00000206  A$Squiggles$1552                   Squiggles
C:   00000208  A$Squiggles$1553                   Squiggles
C:   0000020A  A$Squiggles$1555                   Squiggles
C:   0000020B  A$Squiggles$1556                   Squiggles
C:   0000020C  A$Squiggles$1557                   Squiggles
C:   0000020D  A$Squiggles$1558                   Squiggles
C:   0000020E  A$Squiggles$1559                   Squiggles
C:   0000020F  A$Squiggles$1560                   Squiggles
C:   00000210  A$Squiggles$1562                   Squiggles
C:   00000213  A$Squiggles$1563                   Squiggles
C:   00000215  A$Squiggles$1564                   Squiggles
C:   00000217  A$Squiggles$1565                   Squiggles
C:   00000218  A$Squiggles$1566                   Squiggles
C:   0000021A  A$Squiggles$1567                   Squiggles
C:   0000021B  A$Squiggles$1568                   Squiggles
C:   0000021D  A$Squiggles$1569                   Squiggles
C:   0000021E  A$Squiggles$1570                   Squiggles
C:   0000021F  A$Squiggles$1571                   Squiggles
C:   00000221  A$Squiggles$1574                   Squiggles
C:   00000221  C$i2c.h$124$2$79                   Squiggles
C:   00000223  A$Squiggles$1575                   Squiggles
C:   00000224  A$Squiggles$1576                   Squiggles
C:   00000226  A$Squiggles$1577                   Squiggles
C:   00000228  A$Squiggles$1581                   Squiggles
C:   00000228  C$i2c.h$121$1$78                   Squiggles
C:   00000229  A$Squiggles$1582                   Squiggles
C:   0000022B  A$Squiggles$1583                   Squiggles
C:   0000022E  A$Squiggles$1585                   Squiggles
C:   00000230  A$Squiggles$1588                   Squiggles
C:   00000230  C$i2c.h$127$1$78                   Squiggles
C:   00000232  A$Squiggles$1589                   Squiggles
ASxxxx Linker V03.00 + NoICE + sdld,  page 35.
Hexadecimal  [32-Bits]

Area                                    Addr        Size        Decimal Bytes (Attributes)
--------------------------------        ----        ----        ------- ----- ------------
CSEG                                000000C3    000013EB =        5099. bytes (REL,CON,CODE)

      Value  Global                              Global Defined In Module
      -----  --------------------------------   ------------------------
C:   00000235  A$Squiggles$1590                   Squiggles
C:   00000238  A$Squiggles$1591                   Squiggles
C:   0000023A  A$Squiggles$1595                   Squiggles
C:   0000023A  C$i2c.h$129$1$78                   Squiggles
C:   0000023C  A$Squiggles$1596                   Squiggles
C:   0000023F  A$Squiggles$1597                   Squiggles
C:   00000242  A$Squiggles$1598                   Squiggles
C:   00000244  A$Squiggles$1602                   Squiggles
C:   00000244  C$i2c.h$131$1$78                   Squiggles
C:   00000246  A$Squiggles$1603                   Squiggles
C:   00000249  A$Squiggles$1604                   Squiggles
C:   0000024C  A$Squiggles$1605                   Squiggles
C:   0000024E  A$Squiggles$1609                   Squiggles
C:   0000024E  C$i2c.h$133$1$78                   Squiggles
C:   00000250  A$Squiggles$1610                   Squiggles
C:   00000253  A$Squiggles$1611                   Squiggles
C:   00000256  A$Squiggles$1612                   Squiggles
C:   00000258  A$Squiggles$1616                   Squiggles
C:   00000258  C$i2c.h$135$1$78                   Squiggles
C:   0000025B  A$Squiggles$1620                   Squiggles
C:   0000025B  C$i2c.h$136$1$78                   Squiggles
C:   0000025B  XG$read_keypad$0$0                 Squiggles
C:   0000025C  A$Squiggles$1636                   Squiggles
C:   0000025C  C$i2c.h$148$1$78                   Squiggles
C:   0000025C  G$kpd_input$0$0                    Squiggles
C:   0000025C  _kpd_input                         Squiggles
C:   0000025E  A$Squiggles$1641                   Squiggles
C:   0000025E  C$i2c.h$153$1$81                   Squiggles
C:   0000025E  C$i2c.h$156$1$81                   Squiggles
C:   0000025F  A$Squiggles$1642                   Squiggles
C:   00000260  A$Squiggles$1643                   Squiggles
C:   00000261  A$Squiggles$1644                   Squiggles
C:   00000262  A$Squiggles$1645                   Squiggles
C:   00000264  A$Squiggles$1646                   Squiggles
C:   00000266  A$Squiggles$1647                   Squiggles
C:   00000268  A$Squiggles$1648                   Squiggles
C:   0000026A  A$Squiggles$1649                   Squiggles
C:   0000026C  A$Squiggles$1650                   Squiggles
C:   0000026E  A$Squiggles$1651                   Squiggles
C:   00000270  A$Squiggles$1652                   Squiggles
C:   00000272  A$Squiggles$1653                   Squiggles
C:   00000274  A$Squiggles$1654                   Squiggles
C:   00000277  A$Squiggles$1655                   Squiggles
C:   00000279  A$Squiggles$1656                   Squiggles
C:   0000027B  A$Squiggles$1657                   Squiggles
C:   0000027D  A$Squiggles$1658                   Squiggles
C:   0000027F  A$Squiggles$1659                   Squiggles
C:   00000281  A$Squiggles$1663                   Squiggles
C:   00000281  C$i2c.h$158$1$81                   Squiggles
C:   00000283  A$Squiggles$1664                   Squiggles
C:   00000285  A$Squiggles$1665                   Squiggles
ASxxxx Linker V03.00 + NoICE + sdld,  page 36.
Hexadecimal  [32-Bits]

[...]

      Value  Global                              Global Defined In Module
      -----  --------------------------------   ------------------------
C:   00000941  C$Squiggles.c$324$3$158            Squiggles
C:   00000942  A$Squiggles$3152                   Squiggles
C:   00000944  A$Squiggles$3153                   Squiggles
C:   00000945  A$Squiggles$3154                   Squiggles
C:   00000947  A$Squiggles$3155                   Squiggles
C:   00000949  A$Squiggles$3156                   Squiggles
C:   0000094B  A$Squiggles$3157                   Squiggles
C:   0000094E  A$Squiggles$3158                   Squiggles
C:   00000950  A$Squiggles$3159                   Squiggles
C:   00000952  A$Squiggles$3160                   Squiggles
C:   00000954  A$Squiggles$3161                   Squiggles
C:   00000956  A$Squiggles$3165                   Squiggles
C:   00000956  C$Squiggles.c$326$2$157            Squiggles
C:   00000959  A$Squiggles$3168                   Squiggles
C:   00000959  C$Squiggles.c$328$3$159            Squiggles
C:   0000095B  A$Squiggles$3169                   Squiggles
C:   0000095D  A$Squiggles$3170                   Squiggles
C:   0000095E  A$Squiggles$3171                   Squiggles
C:   0000095F  A$Squiggles$3172                   Squiggles
C:   00000960  A$Squiggles$3173                   Squiggles
C:   00000961  A$Squiggles$3174                   Squiggles
C:   00000962  A$Squiggles$3175                   Squiggles
C:   00000963  A$Squiggles$3176                   Squiggles
C:   00000964  A$Squiggles$3179                   Squiggles
C:   00000964  C$Squiggles.c$329$3$159            Squiggles
C:   00000965  A$Squiggles$3180                   Squiggles
C:   00000966  A$Squiggles$3181                   Squiggles
C:   00000968  A$Squiggles$3182                   Squiggles
C:   00000969  A$Squiggles$3183                   Squiggles
C:   0000096B  A$Squiggles$3184                   Squiggles
C:   0000096E  A$Squiggles$3185                   Squiggles
C:   00000971  A$Squiggles$3186                   Squiggles
C:   00000973  A$Squiggles$3187                   Squiggles
C:   00000975  A$Squiggles$3188                   Squiggles
C:   00000977  A$Squiggles$3189                   Squiggles
C:   00000979  A$Squiggles$3193                   Squiggles
C:   00000979  C$Squiggles.c$331$2$157            Squiggles
C:   0000097C  A$Squiggles$3194                   Squiggles
C:   0000097E  A$Squiggles$3195                   Squiggles
C:   00000980  A$Squiggles$3198                   Squiggles
C:   00000980  C$Squiggles.c$333$1$156            Squiggles
C:   00000980  XG$Update_Value$0$0                Squiggles
C:   00000981  A$Squiggles$3213                   Squiggles
C:   00000981  C$Squiggles.c$337$1$156            Squiggles
C:   00000981  C$Squiggles.c$341$1$161            Squiggles
C:   00000981  G$set_COMPASS_PW$0$0               Squiggles
C:   00000981  _set_COMPASS_PW                    Squiggles
C:   00000983  A$Squiggles$3214                   Squiggles
C:   00000984  A$Squiggles$3215                   Squiggles
C:   00000986  A$Squiggles$3216                   Squiggles
C:   00000987  A$Squiggles$3217                   Squiggles
ASxxxx Linker V03.00 + NoICE + sdld,  page 58.
Hexadecimal  [32-Bits]

Area                                    Addr        Size        Decimal Bytes (Attributes)
--------------------------------        ----        ----        ------- ----- ------------
CSEG                                000000C3    000013EB =        5099. bytes (REL,CON,CODE)

      Value  Global                              Global Defined In Module
      -----  --------------------------------   ------------------------
C:   00000989  A$Squiggles$3218                   Squiggles
C:   0000098B  A$Squiggles$3219                   Squiggles
C:   0000098C  A$Squiggles$3222                   Squiggles
C:   0000098C  C$Squiggles.c$342$1$161            Squiggles
C:   0000098D  A$Squiggles$3223                   Squiggles
C:   0000098E  A$Squiggles$3224                   Squiggles
C:   00000990  A$Squiggles$3225                   Squiggles
C:   00000991  A$Squiggles$3226                   Squiggles
C:   00000993  A$Squiggles$3227                   Squiggles
C:   00000995  A$Squiggles$3228                   Squiggles
C:   00000997  A$Squiggles$3229                   Squiggles
C:   00000999  A$Squiggles$3230                   Squiggles
C:   0000099A  A$Squiggles$3231                   Squiggles
C:   0000099B  A$Squiggles$3232                   Squiggles
C:   0000099D  A$Squiggles$3233                   Squiggles
C:   0000099E  A$Squiggles$3234                   Squiggles
C:   0000099F  A$Squiggles$3238                   Squiggles
C:   0000099F  C$Squiggles.c$343$1$161            Squiggles
C:   000009A0  A$Squiggles$3239                   Squiggles
C:   000009A2  A$Squiggles$3240                   Squiggles
C:   000009A3  A$Squiggles$3241                   Squiggles
C:   000009A5  A$Squiggles$3242                   Squiggles
C:   000009A7  A$Squiggles$3243                   Squiggles
C:   000009AA  A$Squiggles$3244                   Squiggles
C:   000009AC  A$Squiggles$3245                   Squiggles
C:   000009AE  A$Squiggles$3246                   Squiggles
C:   000009AF  A$Squiggles$3247                   Squiggles
C:   000009B1  A$Squiggles$3248                   Squiggles
C:   000009B2  A$Squiggles$3249                   Squiggles
C:   000009B3  A$Squiggles$3250                   Squiggles
C:   000009B5  A$Squiggles$3251                   Squiggles
C:   000009B6  A$Squiggles$3255                   Squiggles
C:   000009B6  C$Squiggles.c$345$1$161            Squiggles
C:   000009B7  A$Squiggles$3256                   Squiggles
C:   000009B9  A$Squiggles$3257                   Squiggles
C:   000009BB  A$Squiggles$3258                   Squiggles
C:   000009BC  A$Squiggles$3259                   Squiggles
C:   000009BE  A$Squiggles$3260                   Squiggles
C:   000009C0  A$Squiggles$3263                   Squiggles
C:   000009C0  C$Squiggles.c$347$2$162            Squiggles
C:   000009C1  A$Squiggles$3264                   Squiggles
C:   000009C3  A$Squiggles$3265                   Squiggles
C:   000009C5  A$Squiggles$3266                   Squiggles
C:   000009C7  A$Squiggles$3270                   Squiggles
C:   000009C7  C$Squiggles.c$351$2$163            Squiggles
C:   000009C9  A$Squiggles$3271                   Squiggles
C:   000009CA  A$Squiggles$3272                   Squiggles
C:   000009CC  A$Squiggles$3273                   Squiggles
C:   000009CE  A$Squiggles$3274                   Squiggles
C:   000009CF  A$Squiggles$3275                   Squiggles
C:   000009D1  A$Squiggles$3276                   Squiggles
ASxxxx Linker V03.00 + NoICE + sdld,  page 59.
Hexadecimal  [32-Bits]

Area                                    Addr        Size        Decimal Bytes (Attributes)
--------------------------------        ----        ----        ------- ----- ------------
CSEG                                000000C3    000013EB =        5099. bytes (REL,CON,CODE)

      Value  Global                              Global Defined In Module
      -----  --------------------------------   ------------------------
C:   000009D3  A$Squiggles$3277                   Squiggles
C:   000009D5  A$Squiggles$3278                   Squiggles
C:   000009D7  A$Squiggles$3279                   Squiggles
C:   000009D9  A$Squiggles$3280                   Squiggles
C:   000009DB  A$Squiggles$3281                   Squiggles
C:   000009DD  A$Squiggles$3282                   Squiggles
C:   000009DF  A$Squiggles$3283                   Squiggles
C:   000009E2  A$Squiggles$3284                   Squiggles
C:   000009E4  A$Squiggles$3285                   Squiggles
C:   000009E6  A$Squiggles$3286                   Squiggles
C:   000009E8  A$Squiggles$3287                   Squiggles
C:   000009EA  A$Squiggles$3288                   Squiggles
C:   000009EC  A$Squiggles$3289                   Squiggles
C:   000009EE  A$Squiggles$3293                   Squiggles
C:   000009EE  C$Squiggles.c$354$1$161            Squiggles
C:   000009F0  A$Squiggles$3294                   Squiggles
C:   000009F2  A$Squiggles$3295                   Squiggles
C:   000009F5  A$Squiggles$3296                   Squiggles
C:   000009F7  A$Squiggles$3297                   Squiggles
C:   000009F9  A$Squiggles$3298                   Squiggles
C:   000009FB  A$Squiggles$3299                   Squiggles
C:   000009FC  A$Squiggles$3300                   Squiggles
C:   000009FE  A$Squiggles$3301                   Squiggles
C:   00000A00  A$Squiggles$3302                   Squiggles
C:   00000A02  A$Squiggles$3303                   Squiggles
C:   00000A04  A$Squiggles$3304                   Squiggles
C:   00000A07  A$Squiggles$3305                   Squiggles
C:   00000A0A  A$Squiggles$3306                   Squiggles
C:   00000A0D  A$Squiggles$3307                   Squiggles
C:   00000A0F  A$Squiggles$3308                   Squiggles
C:   00000A12  A$Squiggles$3309                   Squiggles
C:   00000A14  A$Squiggles$3310                   Squiggles
C:   00000A16  A$Squiggles$3311                   Squiggles
C:   00000A18  A$Squiggles$3312                   Squiggles
C:   00000A19  A$Squiggles$3313                   Squiggles
C:   00000A1B  A$Squiggles$3314                   Squiggles
C:   00000A1D  A$Squiggles$3315                   Squiggles
C:   00000A1F  A$Squiggles$3316                   Squiggles
C:   00000A21  A$Squiggles$3317                   Squiggles
C:   00000A23  A$Squiggles$3318                   Squiggles
C:   00000A25  A$Squiggles$3319                   Squiggles
C:   00000A26  A$Squiggles$3320                   Squiggles
C:   00000A29  A$Squiggles$3321                   Squiggles
C:   00000A2B  A$Squiggles$3322                   Squiggles
C:   00000A2E  A$Squiggles$3323                   Squiggles
C:   00000A30  A$Squiggles$3324                   Squiggles
C:   00000A31  A$Squiggles$3325                   Squiggles
C:   00000A33  A$Squiggles$3326                   Squiggles
C:   00000A35  A$Squiggles$3327                   Squiggles
C:   00000A36  A$Squiggles$3328                   Squiggles
C:   00000A37  A$Squiggles$3329                   Squiggles
ASxxxx Linker V03.00 + NoICE + sdld,  page 60.
Hexadecimal  [32-Bits]

Area                                    Addr        Size        Decimal Bytes (Attributes)
--------------------------------        ----        ----        ------- ----- ------------
CSEG                                000000C3    000013EB =        5099. bytes (REL,CON,CODE)

      Value  Global                              Global Defined In Module
      -----  --------------------------------   ------------------------
C:   00000A38  A$Squiggles$3330                   Squiggles
C:   00000A3A  A$Squiggles$3331                   Squiggles
C:   00000A3C  A$Squiggles$3332                   Squiggles
C:   00000A3D  A$Squiggles$3333                   Squiggles
C:   00000A3F  A$Squiggles$3334                   Squiggles
C:   00000A41  A$Squiggles$3337                   Squiggles
C:   00000A41  C$Squiggles.c$356$1$161            Squiggles
C:   00000A42  A$Squiggles$3338                   Squiggles
C:   00000A44  A$Squiggles$3339                   Squiggles
C:   00000A46  A$Squiggles$3340                   Squiggles
C:   00000A48  A$Squiggles$3341                   Squiggles
C:   00000A4A  A$Squiggles$3342                   Squiggles
C:   00000A4C  A$Squiggles$3345                   Squiggles
C:   00000A4C  C$Squiggles.c$358$2$164            Squiggles
C:   00000A4F  A$Squiggles$3346                   Squiggles
C:   00000A52  A$Squiggles$3350                   Squiggles
C:   00000A52  C$Squiggles.c$360$1$161            Squiggles
C:   00000A53  A$Squiggles$3351                   Squiggles
C:   00000A55  A$Squiggles$3352                   Squiggles
C:   00000A57  A$Squiggles$3353                   Squiggles
C:   00000A59  A$Squiggles$3354                   Squiggles
C:   00000A5B  A$Squiggles$3355                   Squiggles
C:   00000A5D  A$Squiggles$3358                   Squiggles
C:   00000A5D  C$Squiggles.c$362$2$165            Squiggles
C:   00000A60  A$Squiggles$3359                   Squiggles
C:   00000A63  A$Squiggles$3363                   Squiggles
C:   00000A63  C$Squiggles.c$364$1$161            Squiggles
C:   00000A65  A$Squiggles$3364                   Squiggles
C:   00000A66  A$Squiggles$3365                   Squiggles
C:   00000A68  A$Squiggles$3366                   Squiggles
C:   00000A6A  A$Squiggles$3367                   Squiggles
C:   00000A6C  A$Squiggles$3368                   Squiggles
C:   00000A6E  A$Squiggles$3369                   Squiggles
C:   00000A70  A$Squiggles$3372                   Squiggles
C:   00000A70  C$Squiggles.c$365$1$161            Squiggles
C:   00000A70  XG$set_COMPASS_PW$0$0              Squiggles
C:   00000A71  __divuint                          _divuint
C:   00000A9A  ___fsmul                           _fsmul
C:   00000B3D  fsgetargs                          _fsget2args
C:   00000B6B  fs_normalize_a                     _fsnormalize
C:   00000B9E  __gptrput                          _gptrput
C:   00000BB9  __mulint                           _mulint
C:   00000BB9  __mulint_dummy                     _mulint
C:   00000C46  _vsprintf                          sprintf
C:   00000C83  _sprintf                           sprintf
C:   00000CD1  ___fs2sint                         _fs2sint
C:   00000D05  ___sint2fs                         _sint2fs
C:   00000D12  fs_round_and_return                _fsreturnval
C:   00000D2A  fs_zerocheck_return                _fsreturnval
C:   00000D33  fs_return_zero                     _fsreturnval
C:   00000D3B  fs_direct_return                   _fsreturnval
ASxxxx Linker V03.00 + NoICE + sdld,  page 61.
Hexadecimal  [32-Bits]

Area                                    Addr        Size        Decimal Bytes (Attributes)
--------------------------------        ----        ----        ------- ----- ------------
CSEG                                000000C3    000013EB =        5099. bytes (REL,CON,CODE)

      Value  Global                              Global Defined In Module
      -----  --------------------------------   ------------------------
C:   00000D49  fs_return_inf                      _fsreturnval
C:   00000D56  fs_return_nan                      _fsreturnval
C:   00000D6C  _vprintf                           vprintf
C:   00000D85  _printf                            vprintf
C:   00000E57  __print_format                     printf_large
C:   00001361  _strlen                            _strlen
C:   00001379  __gptrget                          _gptrget
C:   00001395  ___slong2fs                        _slong2fs
C:   0000139E  slong2fs_doit                      _slong2fs
C:   000013C2  __divsint                          _divsint
C:   000013FA  ___fs2slong                        _fs2slong
C:   00001455  __sdcc_external_startup            _startup
C:   00001459  fsgetarg                           _fsget1arg
C:   0000146B  fs_rshift_a                        _fsrshift

ASxxxx Linker V03.00 + NoICE + sdld,  page 62.
Hexadecimal  [32-Bits]

Area                                    Addr        Size        Decimal Bytes (Attributes)
--------------------------------        ----        ----        ------- ----- ------------
CONST                               000014AE    000001BF =         447. bytes (REL,CON,CODE)

      Value  Global                              Global Defined In Module
      -----  --------------------------------   ------------------------
C:   000014AE  FSquiggles$__str_0$0$0             Squiggles
C:   000014C4  FSquiggles$__str_1$0$0             Squiggles
C:   000014D4  FSquiggles$__str_2$0$0             Squiggles
C:   000014D7  FSquiggles$__str_3$0$0             Squiggles
C:   000014E0  FSquiggles$__str_4$0$0             Squiggles
C:   00001501  FSquiggles$__str_5$0$0             Squiggles
C:   0000152C  FSquiggles$__str_6$0$0             Squiggles
C:   00001538  FSquiggles$__str_7$0$0             Squiggles
C:   00001546  FSquiggles$__str_8$0$0             Squiggles
C:   00001556  FSquiggles$__str_9$0$0             Squiggles
C:   00001581  FSquiggles$__str_10$0$0            Squiggles
C:   000015D1  FSquiggles$__str_11$0$0            Squiggles
C:   000015F3  FSquiggles$__str_12$0$0            Squiggles
C:   00001637  FSquiggles$__str_13$0$0            Squiggles
C:   0000164C  FSquiggles$__str_14$0$0            Squiggles
ASxxxx Linker V03.00 + NoICE + sdld,  page 63.

Files Linked                              [ module(s) ]

C:\Users\rutmas\Documents\LITEC\LITEC\Lab 4\Squiggles\Squiggles.rel
                                          [  ]


Libraries Linked                          [ object file ]

C:\Program Files (x86)\SDCC\bin\..\lib\small/libint.lib
                                          [ _divuint.rel ]
C:\Program Files (x86)\SDCC\bin\..\lib\small/libfloat.lib
                                          [ _fsmul.rel ]
C:\Program Files (x86)\SDCC\bin\..\lib\small/libfloat.lib
                                          [ _fsget2args.rel ]
C:\Program Files (x86)\SDCC\bin\..\lib\small/mcs51.lib
                                          [ crtclear.rel ]
C:\Program Files (x86)\SDCC\bin\..\lib\small/libfloat.lib
                                          [ _fsnormalize.rel ]
C:\Program Files (x86)\SDCC\bin\..\lib\small/mcs51.lib
                                          [ crtxinit.rel ]
C:\Program Files (x86)\SDCC\bin\..\lib\small/libsdcc.lib
                                          [ _gptrput.rel ]
C:\Program Files (x86)\SDCC\bin\..\lib\small/libint.lib
                                          [ _mulint.rel ]
C:\Program Files (x86)\SDCC\bin\..\lib\small/libsdcc.lib
                                          [ sprintf.rel ]
C:\Program Files (x86)\SDCC\bin\..\lib\small/mcs51.lib
                                          [ crtxclear.rel ]
C:\Program Files (x86)\SDCC\bin\..\lib\small/libfloat.lib
                                          [ _fs2sint.rel ]
C:\Program Files (x86)\SDCC\bin\..\lib\small/libfloat.lib
                                          [ _sint2fs.rel ]
C:\Program Files (x86)\SDCC\bin\..\lib\small/libfloat.lib
                                          [ _fsreturnval.rel ]
C:\Program Files (x86)\SDCC\bin\..\lib\small/libsdcc.lib
                                          [ _bp.rel ]
C:\Program Files (x86)\SDCC\bin\..\lib\small/libsdcc.lib
                                          [ vprintf.rel ]
C:\Program Files (x86)\SDCC\bin\..\lib\small/libsdcc.lib
                                          [ printf_large.rel ]
C:\Program Files (x86)\SDCC\bin\..\lib\small/libsdcc.lib
                                          [ _strlen.rel ]
C:\Program Files (x86)\SDCC\bin\..\lib\small/mcs51.lib
                                          [ crtstart.rel ]
C:\Program Files (x86)\SDCC\bin\..\lib\small/libsdcc.lib
                                          [ _gptrget.rel ]
C:\Program Files (x86)\SDCC\bin\..\lib\small/libfloat.lib
                                          [ _slong2fs.rel ]
C:\Program Files (x86)\SDCC\bin\..\lib\small/libint.lib
                                          [ _divsint.rel ]
C:\Program Files (x86)\SDCC\bin\..\lib\small/libfloat.lib
                                          [ _fs2slong.rel ]
C:\Program Files (x86)\SDCC\bin\..\lib\small/libsdcc.lib
                                          [ _startup.rel ]
C:\Program Files (x86)\SDCC\bin\..\lib\small/libfloat.lib
                                          [ _fsget1arg.rel ]
C:\Program Files (x86)\SDCC\bin\..\lib\small/libfloat.lib
                                          [ _fsrshift.rel ]

ASxxxx Linker V03.00 + NoICE + sdld,  page 64.

User Base Address Definitions

HOME = 0x0000
XSEG = 0x0001
PSEG = 0x0001
ISEG = 0x0000
BSEG = 0x0000

