ASxxxx Linker V03.00 + NoICE + sdld,  page 1.
Hexadecimal  [32-Bits]

Area                                    Addr        Size        Decimal Bytes (Attributes)
--------------------------------        ----        ----        ------- ----- ------------
CABS                                00000000    00000000 =           0. bytes (ABS,CON,CODE)

      Value  Global                              Global Defined In Module
      -----  --------------------------------   ------------------------
C:   00000000  l_BIT_BANK                      
C:   00000000  l_CABS                          
C:   00000000  l_GSINIT1                       
C:   00000000  l_GSINIT5                       
C:   00000000  l_IABS                          
C:   00000000  l_PSEG                          
C:   00000000  l_REG_BANK_1                    
C:   00000000  l_REG_BANK_2                    
C:   00000000  l_REG_BANK_3                    
C:   00000000  l_RSEG                          
C:   00000000  l_RSEG0                         
C:   00000000  l_RSEG1                         
C:   00000000  l_XABS                          
C:   00000000  l_XINIT                         
C:   00000000  l_XISEG                         
C:   00000000  l__CODE                         
C:   00000000  s_BSEG                          
C:   00000000  s_CABS                          
C:   00000000  s_DSEG                          
C:   00000000  s_HOME                          
C:   00000000  s_IABS                          
C:   00000000  s_REG_BANK_0                    
C:   00000000  s_RSEG                          
C:   00000000  s_RSEG0                         
C:   00000000  s_RSEG1                         
C:   00000000  s_XABS                          
C:   00000001  s_PSEG                          
C:   00000001  s_XSEG                          
C:   00000002  l_BSEG_BYTES                    
C:   00000003  l_GSFINAL                       
C:   00000003  l_GSINIT0                       
C:   00000006  l_ISEG                          
C:   00000006  l_OSEG                          
C:   00000008  l_REG_BANK_0                    
C:   00000008  s_REG_BANK_1                    
C:   0000000A  l_BSEG                          
C:   0000000A  l_GSINIT2                       
C:   00000010  s_REG_BANK_2                    
C:   00000011  s_OSEG                          
C:   00000017  s_ISEG                          
C:   00000018  s_BIT_BANK                      
C:   00000018  s_REG_BANK_3                    
C:   0000001D  l_GSINIT                        
C:   00000020  s_BSEG_BYTES                    
C:   00000020  s__CODE                         
C:   00000022  l_GSINIT3                       
C:   0000002A  l_GSINIT4                       
C:   00000050  l_XSEG                          
C:   00000051  l_HOME                          
C:   00000051  s_GSINIT0                       
ASxxxx Linker V03.00 + NoICE + sdld,  page 2.
Hexadecimal  [32-Bits]

Area                                    Addr        Size        Decimal Bytes (Attributes)
--------------------------------        ----        ----        ------- ----- ------------
CABS                                00000000    00000000 =           0. bytes (ABS,CON,CODE)

      Value  Global                              Global Defined In Module
      -----  --------------------------------   ------------------------
C:   00000051  s_XISEG                         
C:   00000054  s_GSINIT1                       
C:   00000054  s_GSINIT2                       
C:   0000005E  s_GSINIT3                       
C:   00000069  s_SSEG                          
C:   0000007D  l_DSEG                          
C:   00000080  s_GSINIT4                       
C:   00000096  l_CONST                         
C:   00000097  l_SSEG                          
C:   000000AA  s_GSINIT                        
C:   000000AA  s_GSINIT5                       
C:   000000C7  s_GSFINAL                       
C:   000000CA  s_CSEG                          
C:   00000100  l_IRAM                          
C:   00000EA8  l_CSEG                          
C:   00000F72  s_CONST                         
C:   00001008  s_XINIT                         

ASxxxx Linker V03.00 + NoICE + sdld,  page 3.
Hexadecimal  [32-Bits]

Area                                    Addr        Size        Decimal Bytes (Attributes)
--------------------------------        ----        ----        ------- ----- ------------
.  .ABS.                            00000000    00000000 =           0. bytes (ABS,CON)

      Value  Global                              Global Defined In Module
      -----  --------------------------------   ------------------------
     00000000  .__.ABS.                           _startup
     00000080  G$P0$0$0                           Accelerometer_Test
     00000080  G$P0_0$0$0                         Accelerometer_Test
     00000080  _P0                                Accelerometer_Test
     00000080  _P0_0                              Accelerometer_Test
     00000081  G$P0_1$0$0                         Accelerometer_Test
     00000081  G$SP$0$0                           Accelerometer_Test
     00000081  _P0_1                              Accelerometer_Test
     00000081  _SP                                Accelerometer_Test
     00000082  G$DPL$0$0                          Accelerometer_Test
     00000082  G$P0_2$0$0                         Accelerometer_Test
     00000082  _DPL                               Accelerometer_Test
     00000082  _P0_2                              Accelerometer_Test
     00000083  G$BUS_SCL$0$0                      Accelerometer_Test
     00000083  G$DPH$0$0                          Accelerometer_Test
     00000083  G$P0_3$0$0                         Accelerometer_Test
     00000083  _BUS_SCL                           Accelerometer_Test
     00000083  _DPH                               Accelerometer_Test
     00000083  _P0_3                              Accelerometer_Test
     00000084  G$P0_4$0$0                         Accelerometer_Test
     00000084  G$P4$0$0                           Accelerometer_Test
     00000084  _P0_4                              Accelerometer_Test
     00000084  _P4                                Accelerometer_Test
     00000085  G$P0_5$0$0                         Accelerometer_Test
     00000085  G$P5$0$0                           Accelerometer_Test
     00000085  _P0_5                              Accelerometer_Test
     00000085  _P5                                Accelerometer_Test
     00000086  G$P0_6$0$0                         Accelerometer_Test
     00000086  G$P6$0$0                           Accelerometer_Test
     00000086  _P0_6                              Accelerometer_Test
     00000086  _P6                                Accelerometer_Test
     00000087  G$P0_7$0$0                         Accelerometer_Test
     00000087  G$PCON$0$0                         Accelerometer_Test
     00000087  _P0_7                              Accelerometer_Test
     00000087  _PCON                              Accelerometer_Test
     00000088  G$IT0$0$0                          Accelerometer_Test
     00000088  G$TCON$0$0                         Accelerometer_Test
     00000088  _IT0                               Accelerometer_Test
     00000088  _TCON                              Accelerometer_Test
     00000089  G$IE0$0$0                          Accelerometer_Test
     00000089  G$TMOD$0$0                         Accelerometer_Test
     00000089  _IE0                               Accelerometer_Test
     00000089  _TMOD                              Accelerometer_Test
     0000008A  G$IT1$0$0                          Accelerometer_Test
     0000008A  G$TL0$0$0                          Accelerometer_Test
     0000008A  _IT1                               Accelerometer_Test
     0000008A  _TL0                               Accelerometer_Test
     0000008B  G$IE1$0$0                          Accelerometer_Test
     0000008B  G$TL1$0$0                          Accelerometer_Test
     0000008B  _IE1                               Accelerometer_Test
ASxxxx Linker V03.00 + NoICE + sdld,  page 4.
Hexadecimal  [32-Bits]

Area                                    Addr        Size        Decimal Bytes (Attributes)
--------------------------------        ----        ----        ------- ----- ------------
.  .ABS.                            00000000    00000000 =           0. bytes (ABS,CON)

      Value  Global                              Global Defined In Module
      -----  --------------------------------   ------------------------
     0000008B  _TL1                               Accelerometer_Test
     0000008C  G$TH0$0$0                          Accelerometer_Test
     0000008C  G$TR0$0$0                          Accelerometer_Test
     0000008C  _TH0                               Accelerometer_Test
     0000008C  _TR0                               Accelerometer_Test
     0000008D  G$TF0$0$0                          Accelerometer_Test
     0000008D  G$TH1$0$0                          Accelerometer_Test
     0000008D  _TF0                               Accelerometer_Test
     0000008D  _TH1                               Accelerometer_Test
     0000008E  G$CKCON$0$0                        Accelerometer_Test
     0000008E  G$TR1$0$0                          Accelerometer_Test
     0000008E  _CKCON                             Accelerometer_Test
     0000008E  _TR1                               Accelerometer_Test
     0000008F  G$PSCTL$0$0                        Accelerometer_Test
     0000008F  G$TF1$0$0                          Accelerometer_Test
     0000008F  _PSCTL                             Accelerometer_Test
     0000008F  _TF1                               Accelerometer_Test
     00000090  G$P1$0$0                           Accelerometer_Test
     00000090  G$P1_0$0$0                         Accelerometer_Test
     00000090  _P1                                Accelerometer_Test
     00000090  _P1_0                              Accelerometer_Test
     00000091  G$P1_1$0$0                         Accelerometer_Test
     00000091  G$TMR3CN$0$0                       Accelerometer_Test
     00000091  _P1_1                              Accelerometer_Test
     00000091  _TMR3CN                            Accelerometer_Test
     00000092  G$P1_2$0$0                         Accelerometer_Test
     00000092  G$TMR3RLL$0$0                      Accelerometer_Test
     00000092  _P1_2                              Accelerometer_Test
     00000092  _TMR3RLL                           Accelerometer_Test
     00000093  G$P1_3$0$0                         Accelerometer_Test
     00000093  G$TMR3RLH$0$0                      Accelerometer_Test
     00000093  _P1_3                              Accelerometer_Test
     00000093  _TMR3RLH                           Accelerometer_Test
     00000094  G$P1_4$0$0                         Accelerometer_Test
     00000094  G$TMR3L$0$0                        Accelerometer_Test
     00000094  _P1_4                              Accelerometer_Test
     00000094  _TMR3L                             Accelerometer_Test
     00000095  G$P1_5$0$0                         Accelerometer_Test
     00000095  G$TMR3H$0$0                        Accelerometer_Test
     00000095  _P1_5                              Accelerometer_Test
     00000095  _TMR3H                             Accelerometer_Test
     00000096  G$P1_6$0$0                         Accelerometer_Test
     00000096  G$P7$0$0                           Accelerometer_Test
     00000096  _P1_6                              Accelerometer_Test
     00000096  _P7                                Accelerometer_Test
     00000097  G$P1_7$0$0                         Accelerometer_Test
     00000097  _P1_7                              Accelerometer_Test
     00000098  G$RI$0$0                           Accelerometer_Test
     00000098  G$RI0$0$0                          Accelerometer_Test
     00000098  G$SCON$0$0                         Accelerometer_Test
     00000098  G$SCON0$0$0                        Accelerometer_Test
ASxxxx Linker V03.00 + NoICE + sdld,  page 5.
Hexadecimal  [32-Bits]

Area                                    Addr        Size        Decimal Bytes (Attributes)
--------------------------------        ----        ----        ------- ----- ------------
.  .ABS.                            00000000    00000000 =           0. bytes (ABS,CON)

      Value  Global                              Global Defined In Module
      -----  --------------------------------   ------------------------
     00000098  _RI                                Accelerometer_Test
     00000098  _RI0                               Accelerometer_Test
     00000098  _SCON                              Accelerometer_Test
     00000098  _SCON0                             Accelerometer_Test
     00000099  G$SBUF$0$0                         Accelerometer_Test
     00000099  G$SBUF0$0$0                        Accelerometer_Test
     00000099  G$TI$0$0                           Accelerometer_Test
     00000099  G$TI0$0$0                          Accelerometer_Test
     00000099  _SBUF                              Accelerometer_Test
     00000099  _SBUF0                             Accelerometer_Test
     00000099  _TI                                Accelerometer_Test
     00000099  _TI0                               Accelerometer_Test
     0000009A  G$RB8$0$0                          Accelerometer_Test
     0000009A  G$RB80$0$0                         Accelerometer_Test
     0000009A  G$SPI0CFG$0$0                      Accelerometer_Test
     0000009A  _RB8                               Accelerometer_Test
     0000009A  _RB80                              Accelerometer_Test
     0000009A  _SPI0CFG                           Accelerometer_Test
     0000009B  G$SPI0DAT$0$0                      Accelerometer_Test
     0000009B  G$TB8$0$0                          Accelerometer_Test
     0000009B  G$TB80$0$0                         Accelerometer_Test
     0000009B  _SPI0DAT                           Accelerometer_Test
     0000009B  _TB8                               Accelerometer_Test
     0000009B  _TB80                              Accelerometer_Test
     0000009C  G$ADC1$0$0                         Accelerometer_Test
     0000009C  G$REN$0$0                          Accelerometer_Test
     0000009C  G$REN0$0$0                         Accelerometer_Test
     0000009C  _ADC1                              Accelerometer_Test
     0000009C  _REN                               Accelerometer_Test
     0000009C  _REN0                              Accelerometer_Test
     0000009D  G$MCE0$0$0                         Accelerometer_Test
     0000009D  G$SM2$0$0                          Accelerometer_Test
     0000009D  G$SM20$0$0                         Accelerometer_Test
     0000009D  G$SPI0CKR$0$0                      Accelerometer_Test
     0000009D  _MCE0                              Accelerometer_Test
     0000009D  _SM2                               Accelerometer_Test
     0000009D  _SM20                              Accelerometer_Test
     0000009D  _SPI0CKR                           Accelerometer_Test
     0000009E  G$CPT0CN$0$0                       Accelerometer_Test
     0000009E  G$SM1$0$0                          Accelerometer_Test
     0000009E  G$SM10$0$0                         Accelerometer_Test
     0000009E  _CPT0CN                            Accelerometer_Test
     0000009E  _SM1                               Accelerometer_Test
     0000009E  _SM10                              Accelerometer_Test
     0000009F  G$CPT1CN$0$0                       Accelerometer_Test
     0000009F  G$S0MODE$0$0                       Accelerometer_Test
     0000009F  G$SM0$0$0                          Accelerometer_Test
     0000009F  G$SM00$0$0                         Accelerometer_Test
     0000009F  _CPT1CN                            Accelerometer_Test
     0000009F  _S0MODE                            Accelerometer_Test
     0000009F  _SM0                               Accelerometer_Test
ASxxxx Linker V03.00 + NoICE + sdld,  page 6.
Hexadecimal  [32-Bits]

Area                                    Addr        Size        Decimal Bytes (Attributes)
--------------------------------        ----        ----        ------- ----- ------------
.  .ABS.                            00000000    00000000 =           0. bytes (ABS,CON)

      Value  Global                              Global Defined In Module
      -----  --------------------------------   ------------------------
     0000009F  _SM00                              Accelerometer_Test
     000000A0  G$P2$0$0                           Accelerometer_Test
     000000A0  G$P2_0$0$0                         Accelerometer_Test
     000000A0  _P2                                Accelerometer_Test
     000000A0  _P2_0                              Accelerometer_Test
     000000A1  G$EMI0TC$0$0                       Accelerometer_Test
     000000A1  G$P2_1$0$0                         Accelerometer_Test
     000000A1  _EMI0TC                            Accelerometer_Test
     000000A1  _P2_1                              Accelerometer_Test
     000000A2  G$P2_2$0$0                         Accelerometer_Test
     000000A2  _P2_2                              Accelerometer_Test
     000000A3  G$EMI0CF$0$0                       Accelerometer_Test
     000000A3  G$P2_3$0$0                         Accelerometer_Test
     000000A3  _EMI0CF                            Accelerometer_Test
     000000A3  _P2_3                              Accelerometer_Test
     000000A4  G$P0MDOUT$0$0                      Accelerometer_Test
     000000A4  G$P2_4$0$0                         Accelerometer_Test
     000000A4  G$PRT0CF$0$0                       Accelerometer_Test
     000000A4  _P0MDOUT                           Accelerometer_Test
     000000A4  _P2_4                              Accelerometer_Test
     000000A4  _PRT0CF                            Accelerometer_Test
     000000A5  G$P1MDOUT$0$0                      Accelerometer_Test
     000000A5  G$P2_5$0$0                         Accelerometer_Test
     000000A5  G$PRT1CF$0$0                       Accelerometer_Test
     000000A5  _P1MDOUT                           Accelerometer_Test
     000000A5  _P2_5                              Accelerometer_Test
     000000A5  _PRT1CF                            Accelerometer_Test
     000000A6  G$P2MDOUT$0$0                      Accelerometer_Test
     000000A6  G$P2_6$0$0                         Accelerometer_Test
     000000A6  G$PRT2CF$0$0                       Accelerometer_Test
     000000A6  _P2MDOUT                           Accelerometer_Test
     000000A6  _P2_6                              Accelerometer_Test
     000000A6  _PRT2CF                            Accelerometer_Test
     000000A7  G$P2_7$0$0                         Accelerometer_Test
     000000A7  G$P3MDOUT$0$0                      Accelerometer_Test
     000000A7  G$PRT3CF$0$0                       Accelerometer_Test
     000000A7  _P2_7                              Accelerometer_Test
     000000A7  _P3MDOUT                           Accelerometer_Test
     000000A7  _PRT3CF                            Accelerometer_Test
     000000A8  G$EX0$0$0                          Accelerometer_Test
     000000A8  G$IE$0$0                           Accelerometer_Test
     000000A8  _EX0                               Accelerometer_Test
     000000A8  _IE                                Accelerometer_Test
     000000A9  G$ET0$0$0                          Accelerometer_Test
     000000A9  G$SADDR0$0$0                       Accelerometer_Test
     000000A9  _ET0                               Accelerometer_Test
     000000A9  _SADDR0                            Accelerometer_Test
     000000AA  G$ADC1CN$0$0                       Accelerometer_Test
     000000AA  G$EX1$0$0                          Accelerometer_Test
     000000AA  _ADC1CN                            Accelerometer_Test
     000000AA  _EX1                               Accelerometer_Test
ASxxxx Linker V03.00 + NoICE + sdld,  page 7.
Hexadecimal  [32-Bits]

Area                                    Addr        Size        Decimal Bytes (Attributes)
--------------------------------        ----        ----        ------- ----- ------------
.  .ABS.                            00000000    00000000 =           0. bytes (ABS,CON)

      Value  Global                              Global Defined In Module
      -----  --------------------------------   ------------------------
     000000AB  G$ADC1CF$0$0                       Accelerometer_Test
     000000AB  G$ET1$0$0                          Accelerometer_Test
     000000AB  _ADC1CF                            Accelerometer_Test
     000000AB  _ET1                               Accelerometer_Test
     000000AC  G$AMX1SL$0$0                       Accelerometer_Test
     000000AC  G$ES$0$0                           Accelerometer_Test
     000000AC  G$ES0$0$0                          Accelerometer_Test
     000000AC  _AMX1SL                            Accelerometer_Test
     000000AC  _ES                                Accelerometer_Test
     000000AC  _ES0                               Accelerometer_Test
     000000AD  G$ET2$0$0                          Accelerometer_Test
     000000AD  G$P3IF$0$0                         Accelerometer_Test
     000000AD  _ET2                               Accelerometer_Test
     000000AD  _P3IF                              Accelerometer_Test
     000000AE  G$SADEN1$0$0                       Accelerometer_Test
     000000AE  _SADEN1                            Accelerometer_Test
     000000AF  G$EA$0$0                           Accelerometer_Test
     000000AF  G$EMI0CN$0$0                       Accelerometer_Test
     000000AF  G$_XPAGE$0$0                       Accelerometer_Test
     000000AF  _EA                                Accelerometer_Test
     000000AF  _EMI0CN                            Accelerometer_Test
     000000AF  __XPAGE                            Accelerometer_Test
     000000B0  G$P3$0$0                           Accelerometer_Test
     000000B0  G$P3_0$0$0                         Accelerometer_Test
     000000B0  _P3                                Accelerometer_Test
     000000B0  _P3_0                              Accelerometer_Test
     000000B1  G$OSCXCN$0$0                       Accelerometer_Test
     000000B1  G$P3_1$0$0                         Accelerometer_Test
     000000B1  _OSCXCN                            Accelerometer_Test
     000000B1  _P3_1                              Accelerometer_Test
     000000B2  G$OSCICN$0$0                       Accelerometer_Test
     000000B2  G$P3_2$0$0                         Accelerometer_Test
     000000B2  _OSCICN                            Accelerometer_Test
     000000B2  _P3_2                              Accelerometer_Test
     000000B3  G$P3_3$0$0                         Accelerometer_Test
     000000B3  _P3_3                              Accelerometer_Test
     000000B4  G$P3_4$0$0                         Accelerometer_Test
     000000B4  _P3_4                              Accelerometer_Test
     000000B5  G$P3_5$0$0                         Accelerometer_Test
     000000B5  G$P74OUT$0$0                       Accelerometer_Test
     000000B5  _P3_5                              Accelerometer_Test
     000000B5  _P74OUT                            Accelerometer_Test
     000000B6  G$FLSCL$0$0                        Accelerometer_Test
     000000B6  G$P3_6$0$0                         Accelerometer_Test
     000000B6  _FLSCL                             Accelerometer_Test
     000000B6  _P3_6                              Accelerometer_Test
     000000B7  G$FLACL$0$0                        Accelerometer_Test
     000000B7  G$P3_7$0$0                         Accelerometer_Test
     000000B7  _FLACL                             Accelerometer_Test
     000000B7  _P3_7                              Accelerometer_Test
     000000B8  G$IP$0$0                           Accelerometer_Test
ASxxxx Linker V03.00 + NoICE + sdld,  page 8.
Hexadecimal  [32-Bits]

Area                                    Addr        Size        Decimal Bytes (Attributes)
--------------------------------        ----        ----        ------- ----- ------------
.  .ABS.                            00000000    00000000 =           0. bytes (ABS,CON)

      Value  Global                              Global Defined In Module
      -----  --------------------------------   ------------------------
     000000B8  G$PX0$0$0                          Accelerometer_Test
     000000B8  _IP                                Accelerometer_Test
     000000B8  _PX0                               Accelerometer_Test
     000000B9  G$PT0$0$0                          Accelerometer_Test
     000000B9  G$SADEN0$0$0                       Accelerometer_Test
     000000B9  _PT0                               Accelerometer_Test
     000000B9  _SADEN0                            Accelerometer_Test
     000000BA  G$AMX0CF$0$0                       Accelerometer_Test
     000000BA  G$PX1$0$0                          Accelerometer_Test
     000000BA  _AMX0CF                            Accelerometer_Test
     000000BA  _PX1                               Accelerometer_Test
     000000BB  G$AMX0SL$0$0                       Accelerometer_Test
     000000BB  G$PT1$0$0                          Accelerometer_Test
     000000BB  _AMX0SL                            Accelerometer_Test
     000000BB  _PT1                               Accelerometer_Test
     000000BC  G$ADC0CF$0$0                       Accelerometer_Test
     000000BC  G$PS$0$0                           Accelerometer_Test
     000000BC  G$PS0$0$0                          Accelerometer_Test
     000000BC  _ADC0CF                            Accelerometer_Test
     000000BC  _PS                                Accelerometer_Test
     000000BC  _PS0                               Accelerometer_Test
     000000BD  G$P1MDIN$0$0                       Accelerometer_Test
     000000BD  G$PT2$0$0                          Accelerometer_Test
     000000BD  _P1MDIN                            Accelerometer_Test
     000000BD  _PT2                               Accelerometer_Test
     000000BE  G$ADC0L$0$0                        Accelerometer_Test
     000000BE  _ADC0L                             Accelerometer_Test
     000000BF  G$ADC0H$0$0                        Accelerometer_Test
     000000BF  _ADC0H                             Accelerometer_Test
     000000C0  G$BUS_TOE$0$0                      Accelerometer_Test
     000000C0  G$SMB0CN$0$0                       Accelerometer_Test
     000000C0  G$SMBTOE$0$0                       Accelerometer_Test
     000000C0  _BUS_TOE                           Accelerometer_Test
     000000C0  _SMB0CN                            Accelerometer_Test
     000000C0  _SMBTOE                            Accelerometer_Test
     000000C1  G$BUS_FTE$0$0                      Accelerometer_Test
     000000C1  G$SMB0STA$0$0                      Accelerometer_Test
     000000C1  G$SMBFTE$0$0                       Accelerometer_Test
     000000C1  _BUS_FTE                           Accelerometer_Test
     000000C1  _SMB0STA                           Accelerometer_Test
     000000C1  _SMBFTE                            Accelerometer_Test
     000000C2  G$AA$0$0                           Accelerometer_Test
     000000C2  G$BUS_AA$0$0                       Accelerometer_Test
     000000C2  G$SMB0DAT$0$0                      Accelerometer_Test
     000000C2  _AA                                Accelerometer_Test
     000000C2  _BUS_AA                            Accelerometer_Test
     000000C2  _SMB0DAT                           Accelerometer_Test
     000000C3  G$BUS_INT$0$0                      Accelerometer_Test
     000000C3  G$SI$0$0                           Accelerometer_Test
     000000C3  G$SMB0ADR$0$0                      Accelerometer_Test
     000000C3  _BUS_INT                           Accelerometer_Test
ASxxxx Linker V03.00 + NoICE + sdld,  page 9.
Hexadecimal  [32-Bits]

Area                                    Addr        Size        Decimal Bytes (Attributes)
--------------------------------        ----        ----        ------- ----- ------------
.  .ABS.                            00000000    00000000 =           0. bytes (ABS,CON)

      Value  Global                              Global Defined In Module
      -----  --------------------------------   ------------------------
     000000C3  _SI                                Accelerometer_Test
     000000C3  _SMB0ADR                           Accelerometer_Test
     000000C4  G$ADC0GTL$0$0                      Accelerometer_Test
     000000C4  G$BUS_STOP$0$0                     Accelerometer_Test
     000000C4  G$STO$0$0                          Accelerometer_Test
     000000C4  _ADC0GTL                           Accelerometer_Test
     000000C4  _BUS_STOP                          Accelerometer_Test
     000000C4  _STO                               Accelerometer_Test
     000000C5  G$ADC0GTH$0$0                      Accelerometer_Test
     000000C5  G$BUS_START$0$0                    Accelerometer_Test
     000000C5  G$STA$0$0                          Accelerometer_Test
     000000C5  _ADC0GTH                           Accelerometer_Test
     000000C5  _BUS_START                         Accelerometer_Test
     000000C5  _STA                               Accelerometer_Test
     000000C6  G$ADC0LTL$0$0                      Accelerometer_Test
     000000C6  G$BUS_EN$0$0                       Accelerometer_Test
     000000C6  G$ENSMB$0$0                        Accelerometer_Test
     000000C6  _ADC0LTL                           Accelerometer_Test
     000000C6  _BUS_EN                            Accelerometer_Test
     000000C6  _ENSMB                             Accelerometer_Test
     000000C7  G$ADC0LTH$0$0                      Accelerometer_Test
     000000C7  G$BUSY$0$0                         Accelerometer_Test
     000000C7  G$BUS_BUSY$0$0                     Accelerometer_Test
     000000C7  _ADC0LTH                           Accelerometer_Test
     000000C7  _BUSY                              Accelerometer_Test
     000000C7  _BUS_BUSY                          Accelerometer_Test
     000000C8  G$CPRL2$0$0                        Accelerometer_Test
     000000C8  G$T2CON$0$0                        Accelerometer_Test
     000000C8  _CPRL2                             Accelerometer_Test
     000000C8  _T2CON                             Accelerometer_Test
     000000C9  G$CT2$0$0                          Accelerometer_Test
     000000C9  G$T4CON$0$0                        Accelerometer_Test
     000000C9  _CT2                               Accelerometer_Test
     000000C9  _T4CON                             Accelerometer_Test
     000000CA  G$RCAP2L$0$0                       Accelerometer_Test
     000000CA  G$TR2$0$0                          Accelerometer_Test
     000000CA  _RCAP2L                            Accelerometer_Test
     000000CA  _TR2                               Accelerometer_Test
     000000CB  G$EXEN2$0$0                        Accelerometer_Test
     000000CB  G$RCAP2H$0$0                       Accelerometer_Test
     000000CB  _EXEN2                             Accelerometer_Test
     000000CB  _RCAP2H                            Accelerometer_Test
     000000CC  G$TCLK$0$0                         Accelerometer_Test
     000000CC  G$TL2$0$0                          Accelerometer_Test
     000000CC  _TCLK                              Accelerometer_Test
     000000CC  _TL2                               Accelerometer_Test
     000000CD  G$RCLK$0$0                         Accelerometer_Test
     000000CD  G$TH2$0$0                          Accelerometer_Test
     000000CD  _RCLK                              Accelerometer_Test
     000000CD  _TH2                               Accelerometer_Test
     000000CE  G$EXF2$0$0                         Accelerometer_Test
ASxxxx Linker V03.00 + NoICE + sdld,  page 10.
Hexadecimal  [32-Bits]

Area                                    Addr        Size        Decimal Bytes (Attributes)
--------------------------------        ----        ----        ------- ----- ------------
.  .ABS.                            00000000    00000000 =           0. bytes (ABS,CON)

      Value  Global                              Global Defined In Module
      -----  --------------------------------   ------------------------
     000000CE  _EXF2                              Accelerometer_Test
     000000CF  G$SMB0CR$0$0                       Accelerometer_Test
     000000CF  G$TF2$0$0                          Accelerometer_Test
     000000CF  _SMB0CR                            Accelerometer_Test
     000000CF  _TF2                               Accelerometer_Test
     000000D0  G$P$0$0                            Accelerometer_Test
     000000D0  G$PSW$0$0                          Accelerometer_Test
     000000D0  _P                                 Accelerometer_Test
     000000D0  _PSW                               Accelerometer_Test
     000000D1  G$F1$0$0                           Accelerometer_Test
     000000D1  G$REF0CN$0$0                       Accelerometer_Test
     000000D1  _F1                                Accelerometer_Test
     000000D1  _REF0CN                            Accelerometer_Test
     000000D2  G$DAC0L$0$0                        Accelerometer_Test
     000000D2  G$OV$0$0                           Accelerometer_Test
     000000D2  _DAC0L                             Accelerometer_Test
     000000D2  _OV                                Accelerometer_Test
     000000D3  G$DAC0H$0$0                        Accelerometer_Test
     000000D3  G$RS0$0$0                          Accelerometer_Test
     000000D3  _DAC0H                             Accelerometer_Test
     000000D3  _RS0                               Accelerometer_Test
     000000D4  G$DAC0CN$0$0                       Accelerometer_Test
     000000D4  G$RS1$0$0                          Accelerometer_Test
     000000D4  _DAC0CN                            Accelerometer_Test
     000000D4  _RS1                               Accelerometer_Test
     000000D5  G$DAC1L$0$0                        Accelerometer_Test
     000000D5  G$F0$0$0                           Accelerometer_Test
     000000D5  _DAC1L                             Accelerometer_Test
     000000D5  _F0                                Accelerometer_Test
     000000D6  G$AC$0$0                           Accelerometer_Test
     000000D6  G$DAC1H$0$0                        Accelerometer_Test
     000000D6  _AC                                Accelerometer_Test
     000000D6  _DAC1H                             Accelerometer_Test
     000000D7  G$CY$0$0                           Accelerometer_Test
     000000D7  G$DAC1CN$0$0                       Accelerometer_Test
     000000D7  _CY                                Accelerometer_Test
     000000D7  _DAC1CN                            Accelerometer_Test
     000000D8  G$CCF0$0$0                         Accelerometer_Test
     000000D8  G$PCA0CN$0$0                       Accelerometer_Test
     000000D8  _CCF0                              Accelerometer_Test
     000000D8  _PCA0CN                            Accelerometer_Test
     000000D9  G$CCF1$0$0                         Accelerometer_Test
     000000D9  G$PCA0MD$0$0                       Accelerometer_Test
     000000D9  _CCF1                              Accelerometer_Test
     000000D9  _PCA0MD                            Accelerometer_Test
     000000DA  G$CCF2$0$0                         Accelerometer_Test
     000000DA  G$PCA0CPM0$0$0                     Accelerometer_Test
     000000DA  _CCF2                              Accelerometer_Test
     000000DA  _PCA0CPM0                          Accelerometer_Test
     000000DB  G$CCF3$0$0                         Accelerometer_Test
     000000DB  G$PCA0CPM1$0$0                     Accelerometer_Test
ASxxxx Linker V03.00 + NoICE + sdld,  page 11.
Hexadecimal  [32-Bits]

Area                                    Addr        Size        Decimal Bytes (Attributes)
--------------------------------        ----        ----        ------- ----- ------------
.  .ABS.                            00000000    00000000 =           0. bytes (ABS,CON)

      Value  Global                              Global Defined In Module
      -----  --------------------------------   ------------------------
     000000DB  _CCF3                              Accelerometer_Test
     000000DB  _PCA0CPM1                          Accelerometer_Test
     000000DC  G$CCF4$0$0                         Accelerometer_Test
     000000DC  G$PCA0CPM2$0$0                     Accelerometer_Test
     000000DC  _CCF4                              Accelerometer_Test
     000000DC  _PCA0CPM2                          Accelerometer_Test
     000000DD  G$PCA0CPM3$0$0                     Accelerometer_Test
     000000DD  _PCA0CPM3                          Accelerometer_Test
     000000DE  G$CR$0$0                           Accelerometer_Test
     000000DE  G$PCA0CPM4$0$0                     Accelerometer_Test
     000000DE  _CR                                Accelerometer_Test
     000000DE  _PCA0CPM4                          Accelerometer_Test
     000000DF  G$CF$0$0                           Accelerometer_Test
     000000DF  _CF                                Accelerometer_Test
     000000E0  G$ACC$0$0                          Accelerometer_Test
     000000E0  _ACC                               Accelerometer_Test
     000000E1  G$XBR0$0$0                         Accelerometer_Test
     000000E1  _XBR0                              Accelerometer_Test
     000000E2  G$XBR1$0$0                         Accelerometer_Test
     000000E2  _XBR1                              Accelerometer_Test
     000000E3  G$XBR2$0$0                         Accelerometer_Test
     000000E3  _XBR2                              Accelerometer_Test
     000000E4  G$RCAP4L$0$0                       Accelerometer_Test
     000000E4  _RCAP4L                            Accelerometer_Test
     000000E5  G$RCAP4H$0$0                       Accelerometer_Test
     000000E5  _RCAP4H                            Accelerometer_Test
     000000E6  G$EIE1$0$0                         Accelerometer_Test
     000000E6  _EIE1                              Accelerometer_Test
     000000E7  G$EIE2$0$0                         Accelerometer_Test
     000000E7  _EIE2                              Accelerometer_Test
     000000E8  G$AD0LJST$0$0                      Accelerometer_Test
     000000E8  G$ADC0CN$0$0                       Accelerometer_Test
     000000E8  G$ADLJST$0$0                       Accelerometer_Test
     000000E8  _AD0LJST                           Accelerometer_Test
     000000E8  _ADC0CN                            Accelerometer_Test
     000000E8  _ADLJST                            Accelerometer_Test
     000000E9  G$AD0WINT$0$0                      Accelerometer_Test
     000000E9  G$ADWINT$0$0                       Accelerometer_Test
     000000E9  G$PCA0L$0$0                        Accelerometer_Test
     000000E9  _AD0WINT                           Accelerometer_Test
     000000E9  _ADWINT                            Accelerometer_Test
     000000E9  _PCA0L                             Accelerometer_Test
     000000EA  G$AD0CM0$0$0                       Accelerometer_Test
     000000EA  G$ADSTM0$0$0                       Accelerometer_Test
     000000EA  G$PCA0CPL0$0$0                     Accelerometer_Test
     000000EA  _AD0CM0                            Accelerometer_Test
     000000EA  _ADSTM0                            Accelerometer_Test
     000000EA  _PCA0CPL0                          Accelerometer_Test
     000000EB  G$AD0CM1$0$0                       Accelerometer_Test
     000000EB  G$ADSTM1$0$0                       Accelerometer_Test
     000000EB  G$PCA0CPL1$0$0                     Accelerometer_Test
ASxxxx Linker V03.00 + NoICE + sdld,  page 12.
Hexadecimal  [32-Bits]

Area                                    Addr        Size        Decimal Bytes (Attributes)
--------------------------------        ----        ----        ------- ----- ------------
.  .ABS.                            00000000    00000000 =           0. bytes (ABS,CON)

      Value  Global                              Global Defined In Module
      -----  --------------------------------   ------------------------
     000000EB  _AD0CM1                            Accelerometer_Test
     000000EB  _ADSTM1                            Accelerometer_Test
     000000EB  _PCA0CPL1                          Accelerometer_Test
     000000EC  G$AD0BUSY$0$0                      Accelerometer_Test
     000000EC  G$ADBUSY$0$0                       Accelerometer_Test
     000000EC  G$PCA0CPL2$0$0                     Accelerometer_Test
     000000EC  _AD0BUSY                           Accelerometer_Test
     000000EC  _ADBUSY                            Accelerometer_Test
     000000EC  _PCA0CPL2                          Accelerometer_Test
     000000ED  G$AD0INT$0$0                       Accelerometer_Test
     000000ED  G$ADCINT$0$0                       Accelerometer_Test
     000000ED  G$PCA0CPL3$0$0                     Accelerometer_Test
     000000ED  _AD0INT                            Accelerometer_Test
     000000ED  _ADCINT                            Accelerometer_Test
     000000ED  _PCA0CPL3                          Accelerometer_Test
     000000EE  G$AD0TM$0$0                        Accelerometer_Test
     000000EE  G$ADCTM$0$0                        Accelerometer_Test
     000000EE  G$PCA0CPL4$0$0                     Accelerometer_Test
     000000EE  _AD0TM                             Accelerometer_Test
     000000EE  _ADCTM                             Accelerometer_Test
     000000EE  _PCA0CPL4                          Accelerometer_Test
     000000EF  G$AD0EN$0$0                        Accelerometer_Test
     000000EF  G$ADCEN$0$0                        Accelerometer_Test
     000000EF  G$RSTSRC$0$0                       Accelerometer_Test
     000000EF  _AD0EN                             Accelerometer_Test
     000000EF  _ADCEN                             Accelerometer_Test
     000000EF  _RSTSRC                            Accelerometer_Test
     000000F0  G$B$0$0                            Accelerometer_Test
     000000F0  _B                                 Accelerometer_Test
     000000F1  G$SCON1$0$0                        Accelerometer_Test
     000000F1  _SCON1                             Accelerometer_Test
     000000F2  G$SBUF1$0$0                        Accelerometer_Test
     000000F2  _SBUF1                             Accelerometer_Test
     000000F3  G$SADDR1$0$0                       Accelerometer_Test
     000000F3  _SADDR1                            Accelerometer_Test
     000000F4  G$TL4$0$0                          Accelerometer_Test
     000000F4  _TL4                               Accelerometer_Test
     000000F5  G$TH4$0$0                          Accelerometer_Test
     000000F5  _B_5                               _gptrget
     000000F5  _TH4                               Accelerometer_Test
     000000F6  G$EIP1$0$0                         Accelerometer_Test
     000000F6  _B_6                               _gptrget
     000000F6  _EIP1                              Accelerometer_Test
     000000F7  G$EIP2$0$0                         Accelerometer_Test
     000000F7  _B_7                               _gptrget
     000000F7  _EIP2                              Accelerometer_Test
     000000F8  G$SPI0CN$0$0                       Accelerometer_Test
     000000F8  G$SPIEN$0$0                        Accelerometer_Test
     000000F8  _SPI0CN                            Accelerometer_Test
     000000F8  _SPIEN                             Accelerometer_Test
     000000F9  G$MSTEN$0$0                        Accelerometer_Test
ASxxxx Linker V03.00 + NoICE + sdld,  page 13.
Hexadecimal  [32-Bits]

Area                                    Addr        Size        Decimal Bytes (Attributes)
--------------------------------        ----        ----        ------- ----- ------------
.  .ABS.                            00000000    00000000 =           0. bytes (ABS,CON)

      Value  Global                              Global Defined In Module
      -----  --------------------------------   ------------------------
     000000F9  G$PCA0H$0$0                        Accelerometer_Test
     000000F9  _MSTEN                             Accelerometer_Test
     000000F9  _PCA0H                             Accelerometer_Test
     000000FA  G$PCA0CPH0$0$0                     Accelerometer_Test
     000000FA  G$SLVSEL$0$0                       Accelerometer_Test
     000000FA  _PCA0CPH0                          Accelerometer_Test
     000000FA  _SLVSEL                            Accelerometer_Test
     000000FB  G$PCA0CPH1$0$0                     Accelerometer_Test
     000000FB  G$TXBSY$0$0                        Accelerometer_Test
     000000FB  _PCA0CPH1                          Accelerometer_Test
     000000FB  _TXBSY                             Accelerometer_Test
     000000FC  G$PCA0CPH2$0$0                     Accelerometer_Test
     000000FC  G$RXOVRN$0$0                       Accelerometer_Test
     000000FC  _PCA0CPH2                          Accelerometer_Test
     000000FC  _RXOVRN                            Accelerometer_Test
     000000FD  G$MODF$0$0                         Accelerometer_Test
     000000FD  G$PCA0CPH3$0$0                     Accelerometer_Test
     000000FD  _MODF                              Accelerometer_Test
     000000FD  _PCA0CPH3                          Accelerometer_Test
     000000FE  G$PCA0CPH4$0$0                     Accelerometer_Test
     000000FE  G$WCOL$0$0                         Accelerometer_Test
     000000FE  _PCA0CPH4                          Accelerometer_Test
     000000FE  _WCOL                              Accelerometer_Test
     000000FF  G$SPIF$0$0                         Accelerometer_Test
     000000FF  G$WDTCN$0$0                        Accelerometer_Test
     000000FF  _SPIF                              Accelerometer_Test
     000000FF  _WDTCN                             Accelerometer_Test
     00008C8A  G$TMR0$0$0                         Accelerometer_Test
     00008C8A  _TMR0                              Accelerometer_Test
     00008D8B  G$TMR1$0$0                         Accelerometer_Test
     00008D8B  _TMR1                              Accelerometer_Test
     00009392  G$TMR3RL$0$0                       Accelerometer_Test
     00009392  _TMR3RL                            Accelerometer_Test
     00009594  G$TMR3$0$0                         Accelerometer_Test
     00009594  _TMR3                              Accelerometer_Test
     0000BFBE  G$ADC0$0$0                         Accelerometer_Test
     0000BFBE  _ADC0                              Accelerometer_Test
     0000C5C4  G$ADC0GT$0$0                       Accelerometer_Test
     0000C5C4  _ADC0GT                            Accelerometer_Test
     0000C7C6  G$ADC0LT$0$0                       Accelerometer_Test
     0000C7C6  _ADC0LT                            Accelerometer_Test
     0000CBCA  G$RCAP2$0$0                        Accelerometer_Test
     0000CBCA  _RCAP2                             Accelerometer_Test
     0000CDCC  G$TMR2$0$0                         Accelerometer_Test
     0000CDCC  _TMR2                              Accelerometer_Test
     0000D3D2  G$DAC0$0$0                         Accelerometer_Test
     0000D3D2  _DAC0                              Accelerometer_Test
     0000D6D5  G$DAC1$0$0                         Accelerometer_Test
     0000D6D5  _DAC1                              Accelerometer_Test
     0000E5E4  G$RCAP4$0$0                        Accelerometer_Test
     0000E5E4  _RCAP4                             Accelerometer_Test
ASxxxx Linker V03.00 + NoICE + sdld,  page 14.
Hexadecimal  [32-Bits]

Area                                    Addr        Size        Decimal Bytes (Attributes)
--------------------------------        ----        ----        ------- ----- ------------
.  .ABS.                            00000000    00000000 =           0. bytes (ABS,CON)

      Value  Global                              Global Defined In Module
      -----  --------------------------------   ------------------------
     0000F5F4  G$TMR4$0$0                         Accelerometer_Test
     0000F5F4  _TMR4                              Accelerometer_Test
     0000F9E9  G$PCA0$0$0                         Accelerometer_Test
     0000F9E9  _PCA0                              Accelerometer_Test
     0000FAEA  G$PCA0CP0$0$0                      Accelerometer_Test
     0000FAEA  _PCA0CP0                           Accelerometer_Test
     0000FBEB  G$PCA0CP1$0$0                      Accelerometer_Test
     0000FBEB  _PCA0CP1                           Accelerometer_Test
     0000FCEC  G$PCA0CP2$0$0                      Accelerometer_Test
     0000FCEC  _PCA0CP2                           Accelerometer_Test
     0000FDED  G$PCA0CP3$0$0                      Accelerometer_Test
     0000FDED  _PCA0CP3                           Accelerometer_Test
     0000FEEE  G$PCA0CP4$0$0                      Accelerometer_Test
     0000FEEE  _PCA0CP4                           Accelerometer_Test

ASxxxx Linker V03.00 + NoICE + sdld,  page 15.
Hexadecimal  [32-Bits]

Area                                    Addr        Size        Decimal Bytes (Attributes)
--------------------------------        ----        ----        ------- ----- ------------
BSEG_BYTES                          00000020    00000002 =           2. bytes (REL,CON)

      Value  Global                              Global Defined In Module
      -----  --------------------------------   ------------------------
ASxxxx Linker V03.00 + NoICE + sdld,  page 16.
Hexadecimal  [32-Bits]

Area                                    Addr        Size        Decimal Bytes (Attributes)
--------------------------------        ----        ----        ------- ----- ------------
REG_BANK_0                          00000000    00000008 =           8. bytes (REL,OVR)

      Value  Global                              Global Defined In Module
      -----  --------------------------------   ------------------------
ASxxxx Linker V03.00 + NoICE + sdld,  page 17.
Hexadecimal  [32-Bits]

Area                                    Addr        Size        Decimal Bytes (Attributes)
--------------------------------        ----        ----        ------- ----- ------------
DSEG                                00000000    0000007D =         125. bytes (REL,CON)

      Value  Global                              Global Defined In Module
      -----  --------------------------------   ------------------------
     00000008  _vsprintf_PARM_2                   sprintf
     0000000B  _vsprintf_PARM_3                   sprintf
     0000000F  _bp                                _bp
     00000010  _vprintf_PARM_2                    vprintf
     00000022  LAccelerometer_Test.lcd_clear$Nu   Accelerometer_Test
     00000023  LAccelerometer_Test.lcd_clear$Cm   Accelerometer_Test
     00000025  LAccelerometer_Test.read_keypad$   Accelerometer_Test
     00000027  LAccelerometer_Test.i2c_write_da   Accelerometer_Test
     00000027  _i2c_write_data_PARM_2             Accelerometer_Test
     00000028  LAccelerometer_Test.i2c_write_da   Accelerometer_Test
     00000028  _i2c_write_data_PARM_3             Accelerometer_Test
     0000002B  LAccelerometer_Test.i2c_write_da   Accelerometer_Test
     0000002B  _i2c_write_data_PARM_4             Accelerometer_Test
     0000002C  LAccelerometer_Test.i2c_read_dat   Accelerometer_Test
     0000002C  _i2c_read_data_PARM_2              Accelerometer_Test
     0000002D  LAccelerometer_Test.i2c_read_dat   Accelerometer_Test
     0000002D  _i2c_read_data_PARM_3              Accelerometer_Test
     00000030  LAccelerometer_Test.i2c_read_dat   Accelerometer_Test
     00000030  _i2c_read_data_PARM_4              Accelerometer_Test
     00000031  LAccelerometer_Test.Accel_Init$D   Accelerometer_Test
     00000032  G$avg_gx$0$0                       Accelerometer_Test
     00000032  _avg_gx                            Accelerometer_Test
     00000034  G$avg_gy$0$0                       Accelerometer_Test
     00000034  _avg_gy                            Accelerometer_Test
     00000036  G$Counts$0$0                       Accelerometer_Test
     00000036  _Counts                            Accelerometer_Test
     00000038  G$nCounts$0$0                      Accelerometer_Test
     00000038  _nCounts                           Accelerometer_Test
     0000003A  G$a_count$0$0                      Accelerometer_Test
     0000003A  _a_count                           Accelerometer_Test
     0000003B  G$delay$0$0                        Accelerometer_Test
     0000003B  _delay                             Accelerometer_Test
     0000003C  G$new_accel$0$0                    Accelerometer_Test
     0000003C  _new_accel                         Accelerometer_Test
     0000003D  G$print_delay$0$0                  Accelerometer_Test
     0000003D  _print_delay                       Accelerometer_Test
     0000003E  G$gx$0$0                           Accelerometer_Test
     0000003E  _gx                                Accelerometer_Test
     00000040  G$gy$0$0                           Accelerometer_Test
     00000040  _gy                                Accelerometer_Test
     00000042  G$gx_adj$0$0                       Accelerometer_Test
     00000042  _gx_adj                            Accelerometer_Test
     00000043  G$gy_adj$0$0                       Accelerometer_Test
     00000043  _gy_adj                            Accelerometer_Test
     00000044  LAccelerometer_Test.status_reg_a   Accelerometer_Test
     00000046  LAccelerometer_Test.read_accel$D   Accelerometer_Test
     0000004A  LAccelerometer_Test.read_accel$a   Accelerometer_Test
     0000004B  LAccelerometer_Test.read_accel$x   Accelerometer_Test
     0000004D  LAccelerometer_Test.read_accel$y   Accelerometer_Test
     0000005B  __print_format_PARM_2              printf_large
ASxxxx Linker V03.00 + NoICE + sdld,  page 18.
Hexadecimal  [32-Bits]

Area                                    Addr        Size        Decimal Bytes (Attributes)
--------------------------------        ----        ----        ------- ----- ------------
DSEG                                00000000    0000007D =         125. bytes (REL,CON)

      Value  Global                              Global Defined In Module
      -----  --------------------------------   ------------------------
     0000005E  __print_format_PARM_3              printf_large
     00000061  __print_format_PARM_4              printf_large

ASxxxx Linker V03.00 + NoICE + sdld,  page 19.
Hexadecimal  [32-Bits]

Area                                    Addr        Size        Decimal Bytes (Attributes)
--------------------------------        ----        ----        ------- ----- ------------
OSEG                                00000011    00000006 =           6. bytes (REL,OVR)

      Value  Global                              Global Defined In Module
      -----  --------------------------------   ------------------------
     00000011  __divsint_PARM_2                   _divuint
     00000011  __divuint_PARM_2                   _divuint
     00000011  __gptrput_PARM_2                   _gptrput
     00000011  __mulint_PARM_2                    _mulint

ASxxxx Linker V03.00 + NoICE + sdld,  page 20.
Hexadecimal  [32-Bits]

Area                                    Addr        Size        Decimal Bytes (Attributes)
--------------------------------        ----        ----        ------- ----- ------------
ISEG                                00000017    00000006 =           6. bytes (REL,CON)

      Value  Global                              Global Defined In Module
      -----  --------------------------------   ------------------------
ASxxxx Linker V03.00 + NoICE + sdld,  page 21.
Hexadecimal  [32-Bits]

Area                                    Addr        Size        Decimal Bytes (Attributes)
--------------------------------        ----        ----        ------- ----- ------------
SSEG                                00000069    00000097 =         151. bytes (REL,OVR)

      Value  Global                              Global Defined In Module
      -----  --------------------------------   ------------------------
     00000069  __start__stack                     Accelerometer_Test

ASxxxx Linker V03.00 + NoICE + sdld,  page 22.
Hexadecimal  [32-Bits]

Area                                    Addr        Size        Decimal Bytes (Attributes)
--------------------------------        ----        ----        ------- ----- ------------
XSEG                                00000001    00000050 =          80. bytes (REL,CON,XDATA)

      Value  Global                              Global Defined In Module
      -----  --------------------------------   ------------------------
D:   00000001  LAccelerometer_Test.lcd_print$te   Accelerometer_Test

ASxxxx Linker V03.00 + NoICE + sdld,  page 23.
Hexadecimal  [32-Bits]

Area                                    Addr        Size        Decimal Bytes (Attributes)
--------------------------------        ----        ----        ------- ----- ------------
HOME                                00000000    00000051 =          81. bytes (REL,CON,CODE)

      Value  Global                              Global Defined In Module
      -----  --------------------------------   ------------------------
C:   00000000  A$Accelerometer_Test$1079          Accelerometer_Test
C:   00000003  A$Accelerometer_Test$1080          Accelerometer_Test
C:   0000000B  A$Accelerometer_Test$1082          Accelerometer_Test
C:   00000013  A$Accelerometer_Test$1084          Accelerometer_Test
C:   0000001B  A$Accelerometer_Test$1086          Accelerometer_Test
C:   00000023  A$Accelerometer_Test$1088          Accelerometer_Test
C:   0000002B  A$Accelerometer_Test$1090          Accelerometer_Test
C:   00000033  A$Accelerometer_Test$1092          Accelerometer_Test
C:   0000003B  A$Accelerometer_Test$1094          Accelerometer_Test
C:   00000043  A$Accelerometer_Test$1096          Accelerometer_Test
C:   0000004B  A$Accelerometer_Test$1098          Accelerometer_Test
C:   0000004E  A$Accelerometer_Test$1161          Accelerometer_Test
C:   0000004E  __sdcc_program_startup             Accelerometer_Test

ASxxxx Linker V03.00 + NoICE + sdld,  page 24.
Hexadecimal  [32-Bits]

Area                                    Addr        Size        Decimal Bytes (Attributes)
--------------------------------        ----        ----        ------- ----- ------------
GSINIT0                             00000051    00000003 =           3. bytes (REL,CON,CODE)

      Value  Global                              Global Defined In Module
      -----  --------------------------------   ------------------------
C:   00000051  __sdcc_gsinit_startup              

ASxxxx Linker V03.00 + NoICE + sdld,  page 25.
Hexadecimal  [32-Bits]

Area                                    Addr        Size        Decimal Bytes (Attributes)
--------------------------------        ----        ----        ------- ----- ------------
GSINIT2                             00000054    0000000A =          10. bytes (REL,CON,CODE)

      Value  Global                              Global Defined In Module
      -----  --------------------------------   ------------------------
ASxxxx Linker V03.00 + NoICE + sdld,  page 26.
Hexadecimal  [32-Bits]

Area                                    Addr        Size        Decimal Bytes (Attributes)
--------------------------------        ----        ----        ------- ----- ------------
GSINIT3                             0000005E    00000022 =          34. bytes (REL,CON,CODE)

      Value  Global                              Global Defined In Module
      -----  --------------------------------   ------------------------
C:   0000005E  __mcs51_genXINIT                   

ASxxxx Linker V03.00 + NoICE + sdld,  page 27.
Hexadecimal  [32-Bits]

Area                                    Addr        Size        Decimal Bytes (Attributes)
--------------------------------        ----        ----        ------- ----- ------------
GSINIT4                             00000080    0000002A =          42. bytes (REL,CON,CODE)

      Value  Global                              Global Defined In Module
      -----  --------------------------------   ------------------------
C:   00000080  __mcs51_genRAMCLEAR                
C:   00000086  __mcs51_genXRAMCLEAR               

ASxxxx Linker V03.00 + NoICE + sdld,  page 28.
Hexadecimal  [32-Bits]

Area                                    Addr        Size        Decimal Bytes (Attributes)
--------------------------------        ----        ----        ------- ----- ------------
GSINIT                              000000AA    0000001D =          29. bytes (REL,CON,CODE)

      Value  Global                              Global Defined In Module
      -----  --------------------------------   ------------------------
C:   000000AA  A$Accelerometer_Test$1114          Accelerometer_Test
C:   000000AA  C$Accelerometer_Test.c$27$1$136    Accelerometer_Test
C:   000000AB  A$Accelerometer_Test$1115          Accelerometer_Test
C:   000000AD  A$Accelerometer_Test$1116          Accelerometer_Test
C:   000000AF  A$Accelerometer_Test$1119          Accelerometer_Test
C:   000000AF  C$Accelerometer_Test.c$28$1$136    Accelerometer_Test
C:   000000B1  A$Accelerometer_Test$1120          Accelerometer_Test
C:   000000B3  A$Accelerometer_Test$1124          Accelerometer_Test
C:   000000B3  C$Accelerometer_Test.c$31$1$136    Accelerometer_Test
C:   000000B5  A$Accelerometer_Test$1128          Accelerometer_Test
C:   000000B5  C$Accelerometer_Test.c$32$1$136    Accelerometer_Test
C:   000000B7  A$Accelerometer_Test$1132          Accelerometer_Test
C:   000000B7  C$Accelerometer_Test.c$33$1$136    Accelerometer_Test
C:   000000B9  A$Accelerometer_Test$1136          Accelerometer_Test
C:   000000B9  C$Accelerometer_Test.c$36$1$136    Accelerometer_Test
C:   000000BB  A$Accelerometer_Test$1139          Accelerometer_Test
C:   000000BB  C$Accelerometer_Test.c$37$1$136    Accelerometer_Test
C:   000000BD  A$Accelerometer_Test$1140          Accelerometer_Test
C:   000000BF  A$Accelerometer_Test$1143          Accelerometer_Test
C:   000000BF  C$Accelerometer_Test.c$38$1$136    Accelerometer_Test
C:   000000C1  A$Accelerometer_Test$1144          Accelerometer_Test
C:   000000C3  A$Accelerometer_Test$1148          Accelerometer_Test
C:   000000C3  C$Accelerometer_Test.c$39$1$136    Accelerometer_Test
C:   000000C5  A$Accelerometer_Test$1152          Accelerometer_Test
C:   000000C5  C$Accelerometer_Test.c$40$1$136    Accelerometer_Test

ASxxxx Linker V03.00 + NoICE + sdld,  page 29.
Hexadecimal  [32-Bits]

Area                                    Addr        Size        Decimal Bytes (Attributes)
--------------------------------        ----        ----        ------- ----- ------------
GSFINAL                             000000C7    00000003 =           3. bytes (REL,CON,CODE)

      Value  Global                              Global Defined In Module
      -----  --------------------------------   ------------------------
C:   000000C7  A$Accelerometer_Test$1154          Accelerometer_Test

ASxxxx Linker V03.00 + NoICE + sdld,  page 30.
Hexadecimal  [32-Bits]

Area                                    Addr        Size        Decimal Bytes (Attributes)
--------------------------------        ----        ----        ------- ----- ------------
CSEG                                000000CA    00000EA8 =        3752. bytes (REL,CON,CODE)

      Value  Global                              Global Defined In Module
      -----  --------------------------------   ------------------------
C:   000000CA  A$Accelerometer_Test$1189          Accelerometer_Test
C:   000000CA  C$c8051_SDCC.h$42$0$0              Accelerometer_Test
C:   000000CA  C$c8051_SDCC.h$46$1$31             Accelerometer_Test
C:   000000CA  G$SYSCLK_Init$0$0                  Accelerometer_Test
C:   000000CA  _SYSCLK_Init                       Accelerometer_Test
C:   000000CD  A$Accelerometer_Test$1192          Accelerometer_Test
C:   000000CD  C$c8051_SDCC.h$49$1$31             Accelerometer_Test
C:   000000CF  A$Accelerometer_Test$1193          Accelerometer_Test
C:   000000D1  A$Accelerometer_Test$1195          Accelerometer_Test
C:   000000D2  A$Accelerometer_Test$1196          Accelerometer_Test
C:   000000D5  A$Accelerometer_Test$1197          Accelerometer_Test
C:   000000D6  A$Accelerometer_Test$1199          Accelerometer_Test
C:   000000D7  A$Accelerometer_Test$1200          Accelerometer_Test
C:   000000D8  A$Accelerometer_Test$1201          Accelerometer_Test
C:   000000DA  A$Accelerometer_Test$1205          Accelerometer_Test
C:   000000DA  C$c8051_SDCC.h$51$1$31             Accelerometer_Test
C:   000000DC  A$Accelerometer_Test$1206          Accelerometer_Test
C:   000000DF  A$Accelerometer_Test$1209          Accelerometer_Test
C:   000000DF  C$c8051_SDCC.h$53$1$31             Accelerometer_Test
C:   000000E2  A$Accelerometer_Test$1212          Accelerometer_Test
C:   000000E2  C$c8051_SDCC.h$56$1$31             Accelerometer_Test
C:   000000E2  XG$SYSCLK_Init$0$0                 Accelerometer_Test
C:   000000E3  A$Accelerometer_Test$1225          Accelerometer_Test
C:   000000E3  C$c8051_SDCC.h$64$1$31             Accelerometer_Test
C:   000000E3  C$c8051_SDCC.h$66$1$33             Accelerometer_Test
C:   000000E3  G$UART0_Init$0$0                   Accelerometer_Test
C:   000000E3  _UART0_Init                        Accelerometer_Test
C:   000000E6  A$Accelerometer_Test$1228          Accelerometer_Test
C:   000000E6  C$c8051_SDCC.h$67$1$33             Accelerometer_Test
C:   000000E9  A$Accelerometer_Test$1231          Accelerometer_Test
C:   000000E9  C$c8051_SDCC.h$68$1$33             Accelerometer_Test
C:   000000EC  A$Accelerometer_Test$1234          Accelerometer_Test
C:   000000EC  C$c8051_SDCC.h$69$1$33             Accelerometer_Test
C:   000000EE  A$Accelerometer_Test$1237          Accelerometer_Test
C:   000000EE  C$c8051_SDCC.h$70$1$33             Accelerometer_Test
C:   000000F1  A$Accelerometer_Test$1240          Accelerometer_Test
C:   000000F1  C$c8051_SDCC.h$71$1$33             Accelerometer_Test
C:   000000F4  A$Accelerometer_Test$1243          Accelerometer_Test
C:   000000F4  C$c8051_SDCC.h$73$1$33             Accelerometer_Test
C:   000000F6  A$Accelerometer_Test$1246          Accelerometer_Test
C:   000000F6  C$c8051_SDCC.h$74$1$33             Accelerometer_Test
C:   000000F9  A$Accelerometer_Test$1249          Accelerometer_Test
C:   000000F9  C$c8051_SDCC.h$75$1$33             Accelerometer_Test
C:   000000F9  XG$UART0_Init$0$0                  Accelerometer_Test
C:   000000FA  A$Accelerometer_Test$1262          Accelerometer_Test
C:   000000FA  C$c8051_SDCC.h$83$1$33             Accelerometer_Test
C:   000000FA  C$c8051_SDCC.h$85$1$35             Accelerometer_Test
C:   000000FA  G$Sys_Init$0$0                     Accelerometer_Test
C:   000000FA  _Sys_Init                          Accelerometer_Test
C:   000000FD  A$Accelerometer_Test$1265          Accelerometer_Test
ASxxxx Linker V03.00 + NoICE + sdld,  page 31.
Hexadecimal  [32-Bits]

Area                                    Addr        Size        Decimal Bytes (Attributes)
--------------------------------        ----        ----        ------- ----- ------------
CSEG                                000000CA    00000EA8 =        3752. bytes (REL,CON,CODE)

      Value  Global                              Global Defined In Module
      -----  --------------------------------   ------------------------
C:   000000FD  C$c8051_SDCC.h$86$1$35             Accelerometer_Test
C:   00000100  A$Accelerometer_Test$1268          Accelerometer_Test
C:   00000100  C$c8051_SDCC.h$88$1$35             Accelerometer_Test
C:   00000103  A$Accelerometer_Test$1271          Accelerometer_Test
C:   00000103  C$c8051_SDCC.h$89$1$35             Accelerometer_Test
C:   00000106  A$Accelerometer_Test$1274          Accelerometer_Test
C:   00000106  C$c8051_SDCC.h$91$1$35             Accelerometer_Test
C:   00000109  A$Accelerometer_Test$1277          Accelerometer_Test
C:   00000109  C$c8051_SDCC.h$92$1$35             Accelerometer_Test
C:   0000010C  A$Accelerometer_Test$1280          Accelerometer_Test
C:   0000010C  C$c8051_SDCC.h$93$1$35             Accelerometer_Test
C:   0000010C  XG$Sys_Init$0$0                    Accelerometer_Test
C:   0000010D  A$Accelerometer_Test$1293          Accelerometer_Test
C:   0000010D  C$c8051_SDCC.h$98$1$35             Accelerometer_Test
C:   0000010D  G$putchar$0$0                      Accelerometer_Test
C:   0000010D  _putchar                           Accelerometer_Test
C:   0000010F  A$Accelerometer_Test$1299          Accelerometer_Test
C:   0000010F  C$c8051_SDCC.h$100$1$37            Accelerometer_Test
C:   0000010F  C$c8051_SDCC.h$101$1$37            Accelerometer_Test
C:   00000112  A$Accelerometer_Test$1300          Accelerometer_Test
C:   00000114  A$Accelerometer_Test$1304          Accelerometer_Test
C:   00000114  C$c8051_SDCC.h$102$1$37            Accelerometer_Test
C:   00000116  A$Accelerometer_Test$1307          Accelerometer_Test
C:   00000116  C$c8051_SDCC.h$103$1$37            Accelerometer_Test
C:   00000116  XG$putchar$0$0                     Accelerometer_Test
C:   00000117  A$Accelerometer_Test$1325          Accelerometer_Test
C:   00000117  C$c8051_SDCC.h$108$1$37            Accelerometer_Test
C:   00000117  C$c8051_SDCC.h$111$1$39            Accelerometer_Test
C:   00000117  C$c8051_SDCC.h$112$1$39            Accelerometer_Test
C:   00000117  G$getchar$0$0                      Accelerometer_Test
C:   00000117  _getchar                           Accelerometer_Test
C:   0000011A  A$Accelerometer_Test$1326          Accelerometer_Test
C:   0000011C  A$Accelerometer_Test$1330          Accelerometer_Test
C:   0000011C  C$c8051_SDCC.h$113$1$39            Accelerometer_Test
C:   0000011F  A$Accelerometer_Test$1333          Accelerometer_Test
C:   0000011F  C$c8051_SDCC.h$114$1$39            Accelerometer_Test
C:   00000122  A$Accelerometer_Test$1336          Accelerometer_Test
C:   00000122  C$c8051_SDCC.h$115$1$39            Accelerometer_Test
C:   00000125  A$Accelerometer_Test$1339          Accelerometer_Test
C:   00000125  C$c8051_SDCC.h$116$1$39            Accelerometer_Test
C:   00000125  XG$getchar$0$0                     Accelerometer_Test
C:   00000126  A$Accelerometer_Test$1356          Accelerometer_Test
C:   00000126  C$i2c.h$81$1$39                    Accelerometer_Test
C:   00000126  G$lcd_print$0$0                    Accelerometer_Test
C:   00000126  _lcd_print                         Accelerometer_Test
C:   00000128  A$Accelerometer_Test$1357          Accelerometer_Test
C:   0000012B  A$Accelerometer_Test$1360          Accelerometer_Test
C:   0000012B  C$i2c.h$87$1$73                    Accelerometer_Test
C:   0000012D  A$Accelerometer_Test$1361          Accelerometer_Test
C:   0000012F  A$Accelerometer_Test$1362          Accelerometer_Test
C:   00000130  A$Accelerometer_Test$1363          Accelerometer_Test
ASxxxx Linker V03.00 + NoICE + sdld,  page 32.
Hexadecimal  [32-Bits]

Area                                    Addr        Size        Decimal Bytes (Attributes)
--------------------------------        ----        ----        ------- ----- ------------
CSEG                                000000CA    00000EA8 =        3752. bytes (REL,CON,CODE)

      Value  Global                              Global Defined In Module
      -----  --------------------------------   ------------------------
C:   00000132  A$Accelerometer_Test$1364          Accelerometer_Test
C:   00000133  A$Accelerometer_Test$1365          Accelerometer_Test
C:   00000135  A$Accelerometer_Test$1366          Accelerometer_Test
C:   00000136  A$Accelerometer_Test$1367          Accelerometer_Test
C:   00000138  A$Accelerometer_Test$1368          Accelerometer_Test
C:   0000013B  A$Accelerometer_Test$1369          Accelerometer_Test
C:   0000013D  A$Accelerometer_Test$1370          Accelerometer_Test
C:   00000140  A$Accelerometer_Test$1371          Accelerometer_Test
C:   00000142  A$Accelerometer_Test$1372          Accelerometer_Test
C:   00000144  A$Accelerometer_Test$1373          Accelerometer_Test
C:   00000146  A$Accelerometer_Test$1377          Accelerometer_Test
C:   00000146  C$i2c.h$89$2$74                    Accelerometer_Test
C:   00000148  A$Accelerometer_Test$1378          Accelerometer_Test
C:   0000014A  A$Accelerometer_Test$1379          Accelerometer_Test
C:   0000014B  A$Accelerometer_Test$1380          Accelerometer_Test
C:   0000014D  A$Accelerometer_Test$1383          Accelerometer_Test
C:   0000014D  C$i2c.h$90$1$73                    Accelerometer_Test
C:   0000014F  A$Accelerometer_Test$1384          Accelerometer_Test
C:   00000151  A$Accelerometer_Test$1385          Accelerometer_Test
C:   00000152  A$Accelerometer_Test$1386          Accelerometer_Test
C:   00000154  A$Accelerometer_Test$1387          Accelerometer_Test
C:   00000155  A$Accelerometer_Test$1388          Accelerometer_Test
C:   00000157  A$Accelerometer_Test$1389          Accelerometer_Test
C:   00000158  A$Accelerometer_Test$1390          Accelerometer_Test
C:   0000015A  A$Accelerometer_Test$1391          Accelerometer_Test
C:   0000015D  A$Accelerometer_Test$1392          Accelerometer_Test
C:   00000160  A$Accelerometer_Test$1393          Accelerometer_Test
C:   00000163  A$Accelerometer_Test$1396          Accelerometer_Test
C:   00000163  C$i2c.h$93$1$73                    Accelerometer_Test
C:   00000166  A$Accelerometer_Test$1397          Accelerometer_Test
C:   00000169  A$Accelerometer_Test$1398          Accelerometer_Test
C:   0000016C  A$Accelerometer_Test$1399          Accelerometer_Test
C:   0000016E  A$Accelerometer_Test$1402          Accelerometer_Test
C:   00000170  A$Accelerometer_Test$1404          Accelerometer_Test
C:   00000171  A$Accelerometer_Test$1405          Accelerometer_Test
C:   00000172  A$Accelerometer_Test$1406          Accelerometer_Test
C:   00000173  A$Accelerometer_Test$1407          Accelerometer_Test
C:   00000175  A$Accelerometer_Test$1410          Accelerometer_Test
C:   00000175  C$i2c.h$96$2$76                    Accelerometer_Test
C:   00000176  A$Accelerometer_Test$1411          Accelerometer_Test
C:   00000178  A$Accelerometer_Test$1412          Accelerometer_Test
C:   0000017A  A$Accelerometer_Test$1413          Accelerometer_Test
C:   0000017B  A$Accelerometer_Test$1414          Accelerometer_Test
C:   0000017D  A$Accelerometer_Test$1415          Accelerometer_Test
C:   0000017F  A$Accelerometer_Test$1416          Accelerometer_Test
C:   00000180  A$Accelerometer_Test$1417          Accelerometer_Test
C:   00000181  A$Accelerometer_Test$1418          Accelerometer_Test
C:   00000184  A$Accelerometer_Test$1419          Accelerometer_Test
C:   00000185  A$Accelerometer_Test$1420          Accelerometer_Test
C:   00000187  A$Accelerometer_Test$1421          Accelerometer_Test
C:   00000189  A$Accelerometer_Test$1422          Accelerometer_Test
ASxxxx Linker V03.00 + NoICE + sdld,  page 33.
Hexadecimal  [32-Bits]

Area                                    Addr        Size        Decimal Bytes (Attributes)
--------------------------------        ----        ----        ------- ----- ------------
CSEG                                000000CA    00000EA8 =        3752. bytes (REL,CON,CODE)

      Value  Global                              Global Defined In Module
      -----  --------------------------------   ------------------------
C:   0000018A  A$Accelerometer_Test$1423          Accelerometer_Test
C:   0000018C  A$Accelerometer_Test$1424          Accelerometer_Test
C:   0000018E  A$Accelerometer_Test$1425          Accelerometer_Test
C:   00000190  A$Accelerometer_Test$1426          Accelerometer_Test
C:   00000191  A$Accelerometer_Test$1430          Accelerometer_Test
C:   00000191  C$i2c.h$94$1$73                    Accelerometer_Test
C:   00000192  A$Accelerometer_Test$1431          Accelerometer_Test
C:   00000194  A$Accelerometer_Test$1435          Accelerometer_Test
C:   00000194  C$i2c.h$99$1$73                    Accelerometer_Test
C:   00000197  A$Accelerometer_Test$1436          Accelerometer_Test
C:   0000019A  A$Accelerometer_Test$1437          Accelerometer_Test
C:   0000019D  A$Accelerometer_Test$1438          Accelerometer_Test
C:   000001A0  A$Accelerometer_Test$1439          Accelerometer_Test
C:   000001A2  A$Accelerometer_Test$1440          Accelerometer_Test
C:   000001A5  A$Accelerometer_Test$1441          Accelerometer_Test
C:   000001A8  A$Accelerometer_Test$1443          Accelerometer_Test
C:   000001AA  A$Accelerometer_Test$1446          Accelerometer_Test
C:   000001AA  C$i2c.h$100$1$73                   Accelerometer_Test
C:   000001AA  XG$lcd_print$0$0                   Accelerometer_Test
C:   000001AB  A$Accelerometer_Test$1462          Accelerometer_Test
C:   000001AB  C$i2c.h$103$1$73                   Accelerometer_Test
C:   000001AB  C$i2c.h$105$1$73                   Accelerometer_Test
C:   000001AB  G$lcd_clear$0$0                    Accelerometer_Test
C:   000001AB  _lcd_clear                         Accelerometer_Test
C:   000001AE  A$Accelerometer_Test$1466          Accelerometer_Test
C:   000001AE  C$i2c.h$107$1$77                   Accelerometer_Test
C:   000001B0  A$Accelerometer_Test$1467          Accelerometer_Test
C:   000001B2  A$Accelerometer_Test$1468          Accelerometer_Test
C:   000001B4  A$Accelerometer_Test$1469          Accelerometer_Test
C:   000001B7  A$Accelerometer_Test$1470          Accelerometer_Test
C:   000001BA  A$Accelerometer_Test$1471          Accelerometer_Test
C:   000001BD  A$Accelerometer_Test$1472          Accelerometer_Test
C:   000001C0  A$Accelerometer_Test$1473          Accelerometer_Test
C:   000001C3  A$Accelerometer_Test$1474          Accelerometer_Test
C:   000001C6  A$Accelerometer_Test$1475          Accelerometer_Test
C:   000001C9  A$Accelerometer_Test$1476          Accelerometer_Test
C:   000001CB  A$Accelerometer_Test$1480          Accelerometer_Test
C:   000001CB  C$i2c.h$109$1$77                   Accelerometer_Test
C:   000001CE  A$Accelerometer_Test$1483          Accelerometer_Test
C:   000001CE  C$i2c.h$110$1$77                   Accelerometer_Test
C:   000001D1  A$Accelerometer_Test$1484          Accelerometer_Test
C:   000001D4  A$Accelerometer_Test$1485          Accelerometer_Test
C:   000001D7  A$Accelerometer_Test$1486          Accelerometer_Test
C:   000001DA  A$Accelerometer_Test$1487          Accelerometer_Test
C:   000001DD  A$Accelerometer_Test$1488          Accelerometer_Test
C:   000001E0  A$Accelerometer_Test$1489          Accelerometer_Test
C:   000001E3  A$Accelerometer_Test$1492          Accelerometer_Test
C:   000001E3  C$i2c.h$111$1$77                   Accelerometer_Test
C:   000001E3  XG$lcd_clear$0$0                   Accelerometer_Test
C:   000001E4  A$Accelerometer_Test$1508          Accelerometer_Test
C:   000001E4  C$i2c.h$114$1$77                   Accelerometer_Test
ASxxxx Linker V03.00 + NoICE + sdld,  page 34.
Hexadecimal  [32-Bits]

Area                                    Addr        Size        Decimal Bytes (Attributes)
[...]
C:   00000691  A$Accelerometer_Test$2581          Accelerometer_Test
C:   00000692  A$Accelerometer_Test$2582          Accelerometer_Test
C:   00000695  A$Accelerometer_Test$2583          Accelerometer_Test
C:   00000697  A$Accelerometer_Test$2588          Accelerometer_Test
C:   00000697  C$Accelerometer_Test.c$129$2$126   Accelerometer_Test
C:   00000699  A$Accelerometer_Test$2591          Accelerometer_Test
C:   00000699  C$Accelerometer_Test.c$130$2$126   Accelerometer_Test
C:   0000069B  A$Accelerometer_Test$2594          Accelerometer_Test
C:   0000069B  C$Accelerometer_Test.c$131$2$126   Accelerometer_Test
C:   0000069D  A$Accelerometer_Test$2595          Accelerometer_Test
C:   0000069F  A$Accelerometer_Test$2596          Accelerometer_Test
C:   000006A1  A$Accelerometer_Test$2599          Accelerometer_Test
C:   000006A1  C$Accelerometer_Test.c$133$3$128   Accelerometer_Test
C:   000006A4  A$Accelerometer_Test$2602          Accelerometer_Test
C:   000006A4  C$Accelerometer_Test.c$134$3$128   Accelerometer_Test
C:   000006A7  A$Accelerometer_Test$2603          Accelerometer_Test
C:   000006A9  A$Accelerometer_Test$2607          Accelerometer_Test
C:   000006A9  C$Accelerometer_Test.c$137$1$125   Accelerometer_Test
C:   000006AC  A$Accelerometer_Test$2609          Accelerometer_Test
C:   000006AE  A$Accelerometer_Test$2610          Accelerometer_Test
C:   000006B0  A$Accelerometer_Test$2613          Accelerometer_Test
C:   000006B0  C$Accelerometer_Test.c$138$1$125   Accelerometer_Test
C:   000006B0  XG$PCA_ISR$0$0                     Accelerometer_Test
C:   000006B1  A$Accelerometer_Test$2630          Accelerometer_Test
C:   000006B1  C$Accelerometer_Test.c$148$1$125   Accelerometer_Test
C:   000006B1  C$Accelerometer_Test.c$152$1$130   Accelerometer_Test
C:   000006B1  G$accelerometer_adjustment$0$0     Accelerometer_Test
C:   000006B1  _accelerometer_adjustment          Accelerometer_Test
C:   000006B4  A$Accelerometer_Test$2633          Accelerometer_Test
C:   000006B4  C$Accelerometer_Test.c$153$1$130   Accelerometer_Test
C:   000006B7  A$Accelerometer_Test$2636          Accelerometer_Test
C:   000006B7  C$Accelerometer_Test.c$154$1$130   Accelerometer_Test
C:   000006B7  XG$accelerometer_adjustment$0$0    Accelerometer_Test
C:   000006B8  A$Accelerometer_Test$2652          Accelerometer_Test
C:   000006B8  C$Accelerometer_Test.c$156$1$130   Accelerometer_Test
C:   000006B8  C$Accelerometer_Test.c$160$1$132   Accelerometer_Test
C:   000006B8  G$status_reg_a$0$0                 Accelerometer_Test
C:   000006B8  _status_reg_a                      Accelerometer_Test
C:   000006BB  A$Accelerometer_Test$2653          Accelerometer_Test
C:   000006BE  A$Accelerometer_Test$2654          Accelerometer_Test
C:   000006C1  A$Accelerometer_Test$2655          Accelerometer_Test
C:   000006C4  A$Accelerometer_Test$2656          Accelerometer_Test
ASxxxx Linker V03.00 + NoICE + sdld,  page 50.
Hexadecimal  [32-Bits]

Area                                    Addr        Size        Decimal Bytes (Attributes)
--------------------------------        ----        ----        ------- ----- ------------
CSEG                                000000CA    00000EA8 =        3752. bytes (REL,CON,CODE)

      Value  Global                              Global Defined In Module
      -----  --------------------------------   ------------------------
C:   000006C7  A$Accelerometer_Test$2657          Accelerometer_Test
C:   000006CA  A$Accelerometer_Test$2658          Accelerometer_Test
C:   000006CD  A$Accelerometer_Test$2661          Accelerometer_Test
C:   000006CD  C$Accelerometer_Test.c$161$1$132   Accelerometer_Test
C:   000006CF  A$Accelerometer_Test$2662          Accelerometer_Test
C:   000006D1  A$Accelerometer_Test$2663          Accelerometer_Test
C:   000006D3  A$Accelerometer_Test$2664          Accelerometer_Test
C:   000006D5  A$Accelerometer_Test$2667          Accelerometer_Test
C:   000006D5  C$Accelerometer_Test.c$164$2$133   Accelerometer_Test
C:   000006D8  A$Accelerometer_Test$2668          Accelerometer_Test
C:   000006DA  A$Accelerometer_Test$2672          Accelerometer_Test
C:   000006DA  C$Accelerometer_Test.c$170$2$134   Accelerometer_Test
C:   000006DD  A$Accelerometer_Test$2676          Accelerometer_Test
C:   000006DD  C$Accelerometer_Test.c$173$1$132   Accelerometer_Test
C:   000006DD  XG$status_reg_a$0$0                Accelerometer_Test
C:   000006DE  A$Accelerometer_Test$2696          Accelerometer_Test
C:   000006DE  C$Accelerometer_Test.c$175$1$132   Accelerometer_Test
C:   000006DE  C$Accelerometer_Test.c$178$1$132   Accelerometer_Test
C:   000006DE  G$read_accel$0$0                   Accelerometer_Test
C:   000006DE  _read_accel                        Accelerometer_Test
C:   000006E1  A$Accelerometer_Test$2703          Accelerometer_Test
C:   000006E1  C$Accelerometer_Test.c$184$1$136   Accelerometer_Test
C:   000006E1  C$Accelerometer_Test.c$185$1$136   Accelerometer_Test
C:   000006E1  C$Accelerometer_Test.c$187$1$136   Accelerometer_Test
C:   000006E2  A$Accelerometer_Test$2704          Accelerometer_Test
C:   000006E4  A$Accelerometer_Test$2705          Accelerometer_Test
C:   000006E5  A$Accelerometer_Test$2706          Accelerometer_Test
C:   000006E7  A$Accelerometer_Test$2707          Accelerometer_Test
C:   000006E9  A$Accelerometer_Test$2710          Accelerometer_Test
C:   000006E9  C$Accelerometer_Test.c$188$1$136   Accelerometer_Test
C:   000006EB  A$Accelerometer_Test$2711          Accelerometer_Test
C:   000006ED  A$Accelerometer_Test$2714          Accelerometer_Test
C:   000006EF  A$Accelerometer_Test$2715          Accelerometer_Test
C:   000006F1  A$Accelerometer_Test$2716          Accelerometer_Test
C:   000006F3  A$Accelerometer_Test$2720          Accelerometer_Test
C:   000006F3  C$Accelerometer_Test.c$196$2$137   Accelerometer_Test
C:   000006F5  A$Accelerometer_Test$2721          Accelerometer_Test
C:   000006F7  A$Accelerometer_Test$2722          Accelerometer_Test
C:   000006F9  A$Accelerometer_Test$2723          Accelerometer_Test
C:   000006FC  A$Accelerometer_Test$2724          Accelerometer_Test
C:   000006FE  A$Accelerometer_Test$2725          Accelerometer_Test
C:   00000700  A$Accelerometer_Test$2726          Accelerometer_Test
C:   00000702  A$Accelerometer_Test$2727          Accelerometer_Test
C:   00000704  A$Accelerometer_Test$2728          Accelerometer_Test
C:   00000706  A$Accelerometer_Test$2729          Accelerometer_Test
C:   00000709  A$Accelerometer_Test$2733          Accelerometer_Test
C:   00000709  C$Accelerometer_Test.c$200$3$138   Accelerometer_Test
C:   0000070C  A$Accelerometer_Test$2734          Accelerometer_Test
C:   0000070F  A$Accelerometer_Test$2735          Accelerometer_Test
C:   00000712  A$Accelerometer_Test$2736          Accelerometer_Test
C:   00000715  A$Accelerometer_Test$2737          Accelerometer_Test
ASxxxx Linker V03.00 + NoICE + sdld,  page 51.
Hexadecimal  [32-Bits]

Area                                    Addr        Size        Decimal Bytes (Attributes)
--------------------------------        ----        ----        ------- ----- ------------
CSEG                                000000CA    00000EA8 =        3752. bytes (REL,CON,CODE)

      Value  Global                              Global Defined In Module
      -----  --------------------------------   ------------------------
C:   00000718  A$Accelerometer_Test$2738          Accelerometer_Test
C:   0000071B  A$Accelerometer_Test$2739          Accelerometer_Test
C:   0000071D  A$Accelerometer_Test$2740          Accelerometer_Test
C:   0000071F  A$Accelerometer_Test$2741          Accelerometer_Test
C:   00000721  A$Accelerometer_Test$2742          Accelerometer_Test
C:   00000724  A$Accelerometer_Test$2743          Accelerometer_Test
C:   00000726  A$Accelerometer_Test$2744          Accelerometer_Test
C:   00000728  A$Accelerometer_Test$2745          Accelerometer_Test
C:   0000072A  A$Accelerometer_Test$2748          Accelerometer_Test
C:   0000072A  C$Accelerometer_Test.c$205$3$138   Accelerometer_Test
C:   0000072C  A$Accelerometer_Test$2749          Accelerometer_Test
C:   0000072E  A$Accelerometer_Test$2750          Accelerometer_Test
C:   0000072F  A$Accelerometer_Test$2751          Accelerometer_Test
C:   00000731  A$Accelerometer_Test$2752          Accelerometer_Test
C:   00000733  A$Accelerometer_Test$2753          Accelerometer_Test
C:   00000735  A$Accelerometer_Test$2754          Accelerometer_Test
C:   00000737  A$Accelerometer_Test$2755          Accelerometer_Test
C:   00000738  A$Accelerometer_Test$2756          Accelerometer_Test
C:   00000739  A$Accelerometer_Test$2757          Accelerometer_Test
C:   0000073B  A$Accelerometer_Test$2758          Accelerometer_Test
C:   0000073C  A$Accelerometer_Test$2759          Accelerometer_Test
C:   0000073E  A$Accelerometer_Test$2760          Accelerometer_Test
C:   00000740  A$Accelerometer_Test$2761          Accelerometer_Test
C:   00000742  A$Accelerometer_Test$2762          Accelerometer_Test
C:   00000744  A$Accelerometer_Test$2763          Accelerometer_Test
C:   00000746  A$Accelerometer_Test$2764          Accelerometer_Test
C:   00000748  A$Accelerometer_Test$2765          Accelerometer_Test
C:   0000074A  A$Accelerometer_Test$2766          Accelerometer_Test
C:   0000074D  A$Accelerometer_Test$2767          Accelerometer_Test
C:   0000074F  A$Accelerometer_Test$2769          Accelerometer_Test
C:   00000751  A$Accelerometer_Test$2772          Accelerometer_Test
C:   00000751  C$Accelerometer_Test.c$206$3$138   Accelerometer_Test
C:   00000753  A$Accelerometer_Test$2773          Accelerometer_Test
C:   00000755  A$Accelerometer_Test$2774          Accelerometer_Test
C:   00000756  A$Accelerometer_Test$2775          Accelerometer_Test
C:   00000758  A$Accelerometer_Test$2776          Accelerometer_Test
C:   0000075A  A$Accelerometer_Test$2777          Accelerometer_Test
C:   0000075C  A$Accelerometer_Test$2778          Accelerometer_Test
C:   0000075E  A$Accelerometer_Test$2779          Accelerometer_Test
C:   0000075F  A$Accelerometer_Test$2780          Accelerometer_Test
C:   00000760  A$Accelerometer_Test$2781          Accelerometer_Test
C:   00000762  A$Accelerometer_Test$2782          Accelerometer_Test
C:   00000763  A$Accelerometer_Test$2783          Accelerometer_Test
C:   00000765  A$Accelerometer_Test$2784          Accelerometer_Test
C:   00000767  A$Accelerometer_Test$2785          Accelerometer_Test
C:   00000769  A$Accelerometer_Test$2786          Accelerometer_Test
C:   0000076B  A$Accelerometer_Test$2787          Accelerometer_Test
C:   0000076D  A$Accelerometer_Test$2788          Accelerometer_Test
C:   0000076F  A$Accelerometer_Test$2789          Accelerometer_Test
C:   00000771  A$Accelerometer_Test$2790          Accelerometer_Test
C:   00000774  A$Accelerometer_Test$2791          Accelerometer_Test
ASxxxx Linker V03.00 + NoICE + sdld,  page 52.
Hexadecimal  [32-Bits]

Area                                    Addr        Size        Decimal Bytes (Attributes)
--------------------------------        ----        ----        ------- ----- ------------
CSEG                                000000CA    00000EA8 =        3752. bytes (REL,CON,CODE)

      Value  Global                              Global Defined In Module
      -----  --------------------------------   ------------------------
C:   00000776  A$Accelerometer_Test$2793          Accelerometer_Test
C:   00000778  A$Accelerometer_Test$2796          Accelerometer_Test
C:   00000778  C$Accelerometer_Test.c$215$3$138   Accelerometer_Test
C:   0000077A  A$Accelerometer_Test$2797          Accelerometer_Test
C:   0000077C  A$Accelerometer_Test$2798          Accelerometer_Test
C:   0000077D  A$Accelerometer_Test$2799          Accelerometer_Test
C:   0000077F  A$Accelerometer_Test$2800          Accelerometer_Test
C:   00000781  A$Accelerometer_Test$2801          Accelerometer_Test
C:   00000782  A$Accelerometer_Test$2802          Accelerometer_Test
C:   00000784  A$Accelerometer_Test$2803          Accelerometer_Test
C:   00000786  A$Accelerometer_Test$2806          Accelerometer_Test
C:   00000786  C$Accelerometer_Test.c$216$3$138   Accelerometer_Test
C:   00000788  A$Accelerometer_Test$2807          Accelerometer_Test
C:   0000078A  A$Accelerometer_Test$2808          Accelerometer_Test
C:   0000078B  A$Accelerometer_Test$2809          Accelerometer_Test
C:   0000078D  A$Accelerometer_Test$2810          Accelerometer_Test
C:   0000078F  A$Accelerometer_Test$2811          Accelerometer_Test
C:   00000790  A$Accelerometer_Test$2812          Accelerometer_Test
C:   00000792  A$Accelerometer_Test$2813          Accelerometer_Test
C:   00000794  A$Accelerometer_Test$2816          Accelerometer_Test
C:   00000794  C$Accelerometer_Test.c$217$3$138   Accelerometer_Test
C:   00000795  A$Accelerometer_Test$2820          Accelerometer_Test
C:   00000795  C$Accelerometer_Test.c$190$1$136   Accelerometer_Test
C:   00000796  A$Accelerometer_Test$2821          Accelerometer_Test
C:   00000799  A$Accelerometer_Test$2822          Accelerometer_Test
C:   0000079A  A$Accelerometer_Test$2824          Accelerometer_Test
C:   0000079B  A$Accelerometer_Test$2825          Accelerometer_Test
C:   0000079C  A$Accelerometer_Test$2826          Accelerometer_Test
C:   0000079E  A$Accelerometer_Test$2827          Accelerometer_Test
C:   0000079F  A$Accelerometer_Test$2828          Accelerometer_Test
C:   000007A1  A$Accelerometer_Test$2829          Accelerometer_Test
C:   000007A3  A$Accelerometer_Test$2830          Accelerometer_Test
C:   000007A5  A$Accelerometer_Test$2831          Accelerometer_Test
C:   000007A8  A$Accelerometer_Test$2835          Accelerometer_Test
C:   000007A8  C$Accelerometer_Test.c$236$1$136   Accelerometer_Test
C:   000007AA  A$Accelerometer_Test$2836          Accelerometer_Test
C:   000007AB  A$Accelerometer_Test$2837          Accelerometer_Test
C:   000007AD  A$Accelerometer_Test$2840          Accelerometer_Test
C:   000007AD  C$Accelerometer_Test.c$238$2$139   Accelerometer_Test
C:   000007AF  A$Accelerometer_Test$2841          Accelerometer_Test
C:   000007B1  A$Accelerometer_Test$2842          Accelerometer_Test
C:   000007B3  A$Accelerometer_Test$2843          Accelerometer_Test
C:   000007B6  A$Accelerometer_Test$2844          Accelerometer_Test
C:   000007B9  A$Accelerometer_Test$2845          Accelerometer_Test
C:   000007BB  A$Accelerometer_Test$2846          Accelerometer_Test
C:   000007BD  A$Accelerometer_Test$2847          Accelerometer_Test
C:   000007C0  A$Accelerometer_Test$2848          Accelerometer_Test
C:   000007C3  A$Accelerometer_Test$2849          Accelerometer_Test
C:   000007C6  A$Accelerometer_Test$2850          Accelerometer_Test
C:   000007C8  A$Accelerometer_Test$2851          Accelerometer_Test
C:   000007CA  A$Accelerometer_Test$2854          Accelerometer_Test
ASxxxx Linker V03.00 + NoICE + sdld,  page 53.
Hexadecimal  [32-Bits]

Area                                    Addr        Size        Decimal Bytes (Attributes)
--------------------------------        ----        ----        ------- ----- ------------
CSEG                                000000CA    00000EA8 =        3752. bytes (REL,CON,CODE)

      Value  Global                              Global Defined In Module
      -----  --------------------------------   ------------------------
C:   000007CA  C$Accelerometer_Test.c$239$1$136   Accelerometer_Test
C:   000007CC  A$Accelerometer_Test$2855          Accelerometer_Test
C:   000007CE  A$Accelerometer_Test$2856          Accelerometer_Test
C:   000007D1  A$Accelerometer_Test$2857          Accelerometer_Test
C:   000007D4  A$Accelerometer_Test$2858          Accelerometer_Test
C:   000007D7  A$Accelerometer_Test$2859          Accelerometer_Test
C:   000007DA  A$Accelerometer_Test$2860          Accelerometer_Test
C:   000007DD  A$Accelerometer_Test$2864          Accelerometer_Test
C:   000007DD  C$Accelerometer_Test.c$241$1$136   Accelerometer_Test
C:   000007DD  XG$read_accel$0$0                  Accelerometer_Test
C:   000007DE  __divuint                          _divuint
C:   00000807  __gptrput                          _gptrput
C:   00000822  __mulint                           _mulint
C:   00000822  __mulint_dummy                     _mulint
C:   000008AF  _vsprintf                          sprintf
C:   000008EC  _sprintf                           sprintf
C:   00000945  _vprintf                           vprintf
C:   0000095E  _printf                            vprintf
C:   00000A30  __print_format                     printf_large
C:   00000F3A  _strlen                            _strlen
C:   00000F52  __gptrget                          _gptrget
C:   00000F6E  __sdcc_external_startup            _startup
ASxxxx Linker V03.00 + NoICE + sdld,  page 54.
Hexadecimal  [32-Bits]

Area                                    Addr        Size        Decimal Bytes (Attributes)
--------------------------------        ----        ----        ------- ----- ------------
CONST                               00000F72    00000096 =         150. bytes (REL,CON,CODE)

      Value  Global                              Global Defined In Module
      -----  --------------------------------   ------------------------
C:   00000F72  FAccelerometer_Test$__str_0$0$0    Accelerometer_Test
C:   00000F88  FAccelerometer_Test$__str_1$0$0    Accelerometer_Test
C:   00000F98  FAccelerometer_Test$__str_2$0$0    Accelerometer_Test
C:   00000F9B  FAccelerometer_Test$__str_3$0$0    Accelerometer_Test
C:   00000FA4  FAccelerometer_Test$__str_4$0$0    Accelerometer_Test
C:   00000FCF  FAccelerometer_Test$__str_5$0$0    Accelerometer_Test
C:   00000FE6  FAccelerometer_Test$__str_6$0$0    Accelerometer_Test
C:   00000FF1  FAccelerometer_Test$__str_7$0$0    Accelerometer_Test

ASxxxx Linker V03.00 + NoICE + sdld,  page 55.

Files Linked                              [ module(s) ]

C:\Users\rutmas\Documents\LITEC\LITEC\Lab 5\Lab 5\Accelerometer Testing\Accelerometer_Test.rel
                                          [  ]


Libraries Linked                          [ object file ]

C:\Program Files (x86)\SDCC\bin\..\lib\small/libint.lib
                                          [ _divuint.rel ]
C:\Program Files (x86)\SDCC\bin\..\lib\small/mcs51.lib
                                          [ crtclear.rel ]
C:\Program Files (x86)\SDCC\bin\..\lib\small/mcs51.lib
                                          [ crtxinit.rel ]
C:\Program Files (x86)\SDCC\bin\..\lib\small/libsdcc.lib
                                          [ _gptrput.rel ]
C:\Program Files (x86)\SDCC\bin\..\lib\small/libint.lib
                                          [ _mulint.rel ]
C:\Program Files (x86)\SDCC\bin\..\lib\small/libsdcc.lib
                                          [ sprintf.rel ]
C:\Program Files (x86)\SDCC\bin\..\lib\small/mcs51.lib
                                          [ crtxclear.rel ]
C:\Program Files (x86)\SDCC\bin\..\lib\small/libsdcc.lib
                                          [ _bp.rel ]
C:\Program Files (x86)\SDCC\bin\..\lib\small/libsdcc.lib
                                          [ vprintf.rel ]
C:\Program Files (x86)\SDCC\bin\..\lib\small/libsdcc.lib
                                          [ printf_large.rel ]
C:\Program Files (x86)\SDCC\bin\..\lib\small/libsdcc.lib
                                          [ _strlen.rel ]
C:\Program Files (x86)\SDCC\bin\..\lib\small/mcs51.lib
                                          [ crtstart.rel ]
C:\Program Files (x86)\SDCC\bin\..\lib\small/libsdcc.lib
                                          [ _gptrget.rel ]
C:\Program Files (x86)\SDCC\bin\..\lib\small/libsdcc.lib
                                          [ _startup.rel ]

ASxxxx Linker V03.00 + NoICE + sdld,  page 56.

User Base Address Definitions

HOME = 0x0000
XSEG = 0x0001
PSEG = 0x0001
ISEG = 0x0000
BSEG = 0x0000

